Vivado Simulator 2020.2
Copyright 1986-1999, 2001-2020 Xilinx, Inc. All Rights Reserved.
Running: D:/Xilinx/Vivado/2020.2/bin/unwrapped/win64.o/xelab.exe -wto e2772c57ebb04fd29a57e7b676a0993a --incr --debug typical --relax --mt 2 -L xil_defaultlib -L unisims_ver -L unimacro_ver -L secureip --snapshot Counter4b_tb_behav xil_defaultlib.Counter4b_tb xil_defaultlib.glbl -log elaborate.log 
Using 2 slave threads.
Starting static elaboration
Pass Through NonSizing Optimizer
Completed static elaboration
Starting simulation data flow analysis
WARNING: [XSIM 43-4099] "C:/Users/Littlebanbrick/Desktop/DLD/Experiments/Lab_A/Counter4b/Counter4b/verilog/circuit/Counter4b.v" Line 9. Module Counter4b doesn't have a timescale but at least one module in design has a timescale.
WARNING: [XSIM 43-4099] "C:/Users/Littlebanbrick/Desktop/DLD/Experiments/Lab_A/Counter4b/Counter4b/verilog/gates/NOR_GATE.v" Line 9. Module NOR_GATE(BubblesMask=65'b0) doesn't have a timescale but at least one module in design has a timescale.
WARNING: [XSIM 43-4099] "C:/Users/Littlebanbrick/Desktop/DLD/Experiments/Lab_A/Counter4b/Counter4b/verilog/gates/NOR_GATE_3_INPUTS.v" Line 9. Module NOR_GATE_3_INPUTS(BubblesMask=65'b0) doesn't have a timescale but at least one module in design has a timescale.
WARNING: [XSIM 43-4099] "C:/Users/Littlebanbrick/Desktop/DLD/Experiments/Lab_A/Counter4b/Counter4b/verilog/gates/XOR_GATE_ONEHOT.v" Line 9. Module XOR_GATE_ONEHOT(BubblesMask=65'b0) doesn't have a timescale but at least one module in design has a timescale.
WARNING: [XSIM 43-4099] "C:/Users/Littlebanbrick/Desktop/DLD/Experiments/Lab_A/Counter4b/Counter4b/verilog/gates/XOR_GATE_ONEHOT.v" Line 9. Module XOR_GATE_ONEHOT(BubblesMask=65'b0) doesn't have a timescale but at least one module in design has a timescale.
WARNING: [XSIM 43-4099] "C:/Users/Littlebanbrick/Desktop/DLD/Experiments/Lab_A/Counter4b/Counter4b/verilog/gates/XOR_GATE_ONEHOT.v" Line 9. Module XOR_GATE_ONEHOT(BubblesMask=65'b0) doesn't have a timescale but at least one module in design has a timescale.
WARNING: [XSIM 43-4099] "C:/Users/Littlebanbrick/Desktop/DLD/Experiments/Lab_A/Counter4b/Counter4b/verilog/gates/NOR_GATE_4_INPUTS.v" Line 9. Module NOR_GATE_4_INPUTS(BubblesMask=65'b0) doesn't have a timescale but at least one module in design has a timescale.
WARNING: [XSIM 43-4099] "C:/Users/Littlebanbrick/Desktop/DLD/Experiments/Lab_A/Counter4b/Counter4b/verilog/circuit/FD.v" Line 1. Module FD doesn't have a timescale but at least one module in design has a timescale.
WARNING: [XSIM 43-4099] "C:/Users/Littlebanbrick/Desktop/DLD/Experiments/Lab_A/Counter4b/Counter4b/verilog/circuit/FD.v" Line 1. Module FD doesn't have a timescale but at least one module in design has a timescale.
WARNING: [XSIM 43-4099] "C:/Users/Littlebanbrick/Desktop/DLD/Experiments/Lab_A/Counter4b/Counter4b/verilog/circuit/FD.v" Line 1. Module FD doesn't have a timescale but at least one module in design has a timescale.
WARNING: [XSIM 43-4099] "C:/Users/Littlebanbrick/Desktop/DLD/Experiments/Lab_A/Counter4b/Counter4b/verilog/circuit/FD.v" Line 1. Module FD doesn't have a timescale but at least one module in design has a timescale.
WARNING: [XSIM 43-4099] "C:/Users/Littlebanbrick/Desktop/DLD/Experiments/Lab_A/Counter4b/Counter4b/verilog/circuit/Counter4b.v" Line 9. Module Counter4b doesn't have a timescale but at least one module in design has a timescale.
WARNING: [XSIM 43-4099] "C:/Users/Littlebanbrick/Desktop/DLD/Experiments/Lab_A/Counter4b/Counter4b/verilog/gates/NOR_GATE.v" Line 9. Module NOR_GATE(BubblesMask=65'b0) doesn't have a timescale but at least one module in design has a timescale.
WARNING: [XSIM 43-4099] "C:/Users/Littlebanbrick/Desktop/DLD/Experiments/Lab_A/Counter4b/Counter4b/verilog/gates/NOR_GATE_3_INPUTS.v" Line 9. Module NOR_GATE_3_INPUTS(BubblesMask=65'b0) doesn't have a timescale but at least one module in design has a timescale.
WARNING: [XSIM 43-4099] "C:/Users/Littlebanbrick/Desktop/DLD/Experiments/Lab_A/Counter4b/Counter4b/verilog/gates/XOR_GATE_ONEHOT.v" Line 9. Module XOR_GATE_ONEHOT(BubblesMask=65'b0) doesn't have a timescale but at least one module in design has a timescale.
WARNING: [XSIM 43-4099] "C:/Users/Littlebanbrick/Desktop/DLD/Experiments/Lab_A/Counter4b/Counter4b/verilog/gates/XOR_GATE_ONEHOT.v" Line 9. Module XOR_GATE_ONEHOT(BubblesMask=65'b0) doesn't have a timescale but at least one module in design has a timescale.
WARNING: [XSIM 43-4099] "C:/Users/Littlebanbrick/Desktop/DLD/Experiments/Lab_A/Counter4b/Counter4b/verilog/gates/XOR_GATE_ONEHOT.v" Line 9. Module XOR_GATE_ONEHOT(BubblesMask=65'b0) doesn't have a timescale but at least one module in design has a timescale.
WARNING: [XSIM 43-4099] "C:/Users/Littlebanbrick/Desktop/DLD/Experiments/Lab_A/Counter4b/Counter4b/verilog/gates/NOR_GATE_4_INPUTS.v" Line 9. Module NOR_GATE_4_INPUTS(BubblesMask=65'b0) doesn't have a timescale but at least one module in design has a timescale.
WARNING: [XSIM 43-4099] "C:/Users/Littlebanbrick/Desktop/DLD/Experiments/Lab_A/Counter4b/Counter4b/verilog/circuit/FD.v" Line 1. Module FD doesn't have a timescale but at least one module in design has a timescale.
WARNING: [XSIM 43-4099] "C:/Users/Littlebanbrick/Desktop/DLD/Experiments/Lab_A/Counter4b/Counter4b/verilog/circuit/FD.v" Line 1. Module FD doesn't have a timescale but at least one module in design has a timescale.
WARNING: [XSIM 43-4099] "C:/Users/Littlebanbrick/Desktop/DLD/Experiments/Lab_A/Counter4b/Counter4b/verilog/circuit/FD.v" Line 1. Module FD doesn't have a timescale but at least one module in design has a timescale.
WARNING: [XSIM 43-4099] "C:/Users/Littlebanbrick/Desktop/DLD/Experiments/Lab_A/Counter4b/Counter4b/verilog/circuit/FD.v" Line 1. Module FD doesn't have a timescale but at least one module in design has a timescale.
Completed simulation data flow analysis
Time Resolution for simulation is 1ps
Compiling module xil_defaultlib.NOR_GATE(BubblesMask=65'b0)
Compiling module xil_defaultlib.NOR_GATE_3_INPUTS(BubblesMask=65...
Compiling module xil_defaultlib.XOR_GATE_ONEHOT(BubblesMask=65'b...
Compiling module xil_defaultlib.NOR_GATE_4_INPUTS(BubblesMask=65...
Compiling module xil_defaultlib.FD
Compiling module xil_defaultlib.Counter4b
Compiling module xil_defaultlib.Counter4b_tb
Compiling module xil_defaultlib.glbl
Built simulation snapshot Counter4b_tb_behav
