Vivado Simulator 2020.2
Copyright 1986-1999, 2001-2020 Xilinx, Inc. All Rights Reserved.
Running: D:/Xilinx/Vivado/2020.2/bin/unwrapped/win64.o/xelab.exe -wto a6b3a1ba5bc148c2bad71cb0cfa51f67 --incr --debug typical --relax --mt 2 -L xil_defaultlib -L unisims_ver -L unimacro_ver -L secureip --snapshot AddSub4b_tb_behav xil_defaultlib.AddSub4b_tb xil_defaultlib.glbl -log elaborate.log 
Using 2 slave threads.
Starting static elaboration
Pass Through NonSizing Optimizer
Completed static elaboration
Starting simulation data flow analysis
WARNING: [XSIM 43-4099] "C:/Users/Littlebanbrick/Desktop/DLD/Experiments/8th_experiment/AddSub4b/AddSub4b/verilog/circuit/AddSub4b.v" Line 9. Module AddSub4b doesn't have a timescale but at least one module in design has a timescale.
WARNING: [XSIM 43-4099] "C:/Users/Littlebanbrick/Desktop/DLD/Experiments/8th_experiment/AddSub4b/AddSub4b/verilog/gates/XOR_GATE_ONEHOT.v" Line 9. Module XOR_GATE_ONEHOT(BubblesMask=65'b0) doesn't have a timescale but at least one module in design has a timescale.
WARNING: [XSIM 43-4099] "C:/Users/Littlebanbrick/Desktop/DLD/Experiments/8th_experiment/AddSub4b/AddSub4b/verilog/gates/XOR_GATE_ONEHOT.v" Line 9. Module XOR_GATE_ONEHOT(BubblesMask=65'b0) doesn't have a timescale but at least one module in design has a timescale.
WARNING: [XSIM 43-4099] "C:/Users/Littlebanbrick/Desktop/DLD/Experiments/8th_experiment/AddSub4b/AddSub4b/verilog/gates/XOR_GATE_ONEHOT.v" Line 9. Module XOR_GATE_ONEHOT(BubblesMask=65'b0) doesn't have a timescale but at least one module in design has a timescale.
WARNING: [XSIM 43-4099] "C:/Users/Littlebanbrick/Desktop/DLD/Experiments/8th_experiment/AddSub4b/AddSub4b/verilog/gates/XOR_GATE_ONEHOT.v" Line 9. Module XOR_GATE_ONEHOT(BubblesMask=65'b0) doesn't have a timescale but at least one module in design has a timescale.
WARNING: [XSIM 43-4099] "C:/Users/Littlebanbrick/Desktop/DLD/Experiments/8th_experiment/AddSub4b/AddSub4b/verilog/gates/XOR_GATE_ONEHOT.v" Line 9. Module XOR_GATE_ONEHOT(BubblesMask=65'b0) doesn't have a timescale but at least one module in design has a timescale.
WARNING: [XSIM 43-4099] "C:/Users/Littlebanbrick/Desktop/DLD/Experiments/8th_experiment/AddSub4b/AddSub4b/verilog/circuit/Adder1b.v" Line 9. Module Adder1b doesn't have a timescale but at least one module in design has a timescale.
WARNING: [XSIM 43-4099] "C:/Users/Littlebanbrick/Desktop/DLD/Experiments/8th_experiment/AddSub4b/AddSub4b/verilog/gates/AND_GATE.v" Line 9. Module AND_GATE(BubblesMask=65'b0) doesn't have a timescale but at least one module in design has a timescale.
WARNING: [XSIM 43-4099] "C:/Users/Littlebanbrick/Desktop/DLD/Experiments/8th_experiment/AddSub4b/AddSub4b/verilog/gates/AND_GATE.v" Line 9. Module AND_GATE(BubblesMask=65'b0) doesn't have a timescale but at least one module in design has a timescale.
WARNING: [XSIM 43-4099] "C:/Users/Littlebanbrick/Desktop/DLD/Experiments/8th_experiment/AddSub4b/AddSub4b/verilog/gates/AND_GATE.v" Line 9. Module AND_GATE(BubblesMask=65'b0) doesn't have a timescale but at least one module in design has a timescale.
WARNING: [XSIM 43-4099] "C:/Users/Littlebanbrick/Desktop/DLD/Experiments/8th_experiment/AddSub4b/AddSub4b/verilog/gates/XOR_GATE_ONEHOT.v" Line 9. Module XOR_GATE_ONEHOT(BubblesMask=65'b0) doesn't have a timescale but at least one module in design has a timescale.
WARNING: [XSIM 43-4099] "C:/Users/Littlebanbrick/Desktop/DLD/Experiments/8th_experiment/AddSub4b/AddSub4b/verilog/gates/XOR_GATE_ONEHOT.v" Line 9. Module XOR_GATE_ONEHOT(BubblesMask=65'b0) doesn't have a timescale but at least one module in design has a timescale.
WARNING: [XSIM 43-4099] "C:/Users/Littlebanbrick/Desktop/DLD/Experiments/8th_experiment/AddSub4b/AddSub4b/verilog/gates/XOR_GATE_3_INPUTS_ONEHOT.v" Line 9. Module XOR_GATE_3_INPUTS_ONEHOT(BubblesMask=65'b0) doesn't have a timescale but at least one module in design has a timescale.
WARNING: [XSIM 43-4099] "C:/Users/Littlebanbrick/Desktop/DLD/Experiments/8th_experiment/AddSub4b/AddSub4b/verilog/circuit/Adder1b.v" Line 9. Module Adder1b doesn't have a timescale but at least one module in design has a timescale.
WARNING: [XSIM 43-4099] "C:/Users/Littlebanbrick/Desktop/DLD/Experiments/8th_experiment/AddSub4b/AddSub4b/verilog/gates/AND_GATE.v" Line 9. Module AND_GATE(BubblesMask=65'b0) doesn't have a timescale but at least one module in design has a timescale.
WARNING: [XSIM 43-4099] "C:/Users/Littlebanbrick/Desktop/DLD/Experiments/8th_experiment/AddSub4b/AddSub4b/verilog/gates/AND_GATE.v" Line 9. Module AND_GATE(BubblesMask=65'b0) doesn't have a timescale but at least one module in design has a timescale.
WARNING: [XSIM 43-4099] "C:/Users/Littlebanbrick/Desktop/DLD/Experiments/8th_experiment/AddSub4b/AddSub4b/verilog/gates/AND_GATE.v" Line 9. Module AND_GATE(BubblesMask=65'b0) doesn't have a timescale but at least one module in design has a timescale.
WARNING: [XSIM 43-4099] "C:/Users/Littlebanbrick/Desktop/DLD/Experiments/8th_experiment/AddSub4b/AddSub4b/verilog/gates/XOR_GATE_ONEHOT.v" Line 9. Module XOR_GATE_ONEHOT(BubblesMask=65'b0) doesn't have a timescale but at least one module in design has a timescale.
WARNING: [XSIM 43-4099] "C:/Users/Littlebanbrick/Desktop/DLD/Experiments/8th_experiment/AddSub4b/AddSub4b/verilog/gates/XOR_GATE_ONEHOT.v" Line 9. Module XOR_GATE_ONEHOT(BubblesMask=65'b0) doesn't have a timescale but at least one module in design has a timescale.
WARNING: [XSIM 43-4099] "C:/Users/Littlebanbrick/Desktop/DLD/Experiments/8th_experiment/AddSub4b/AddSub4b/verilog/gates/XOR_GATE_3_INPUTS_ONEHOT.v" Line 9. Module XOR_GATE_3_INPUTS_ONEHOT(BubblesMask=65'b0) doesn't have a timescale but at least one module in design has a timescale.
WARNING: [XSIM 43-4099] "C:/Users/Littlebanbrick/Desktop/DLD/Experiments/8th_experiment/AddSub4b/AddSub4b/verilog/circuit/Adder1b.v" Line 9. Module Adder1b doesn't have a timescale but at least one module in design has a timescale.
WARNING: [XSIM 43-4099] "C:/Users/Littlebanbrick/Desktop/DLD/Experiments/8th_experiment/AddSub4b/AddSub4b/verilog/gates/AND_GATE.v" Line 9. Module AND_GATE(BubblesMask=65'b0) doesn't have a timescale but at least one module in design has a timescale.
WARNING: [XSIM 43-4099] "C:/Users/Littlebanbrick/Desktop/DLD/Experiments/8th_experiment/AddSub4b/AddSub4b/verilog/gates/AND_GATE.v" Line 9. Module AND_GATE(BubblesMask=65'b0) doesn't have a timescale but at least one module in design has a timescale.
WARNING: [XSIM 43-4099] "C:/Users/Littlebanbrick/Desktop/DLD/Experiments/8th_experiment/AddSub4b/AddSub4b/verilog/gates/AND_GATE.v" Line 9. Module AND_GATE(BubblesMask=65'b0) doesn't have a timescale but at least one module in design has a timescale.
WARNING: [XSIM 43-4099] "C:/Users/Littlebanbrick/Desktop/DLD/Experiments/8th_experiment/AddSub4b/AddSub4b/verilog/gates/XOR_GATE_ONEHOT.v" Line 9. Module XOR_GATE_ONEHOT(BubblesMask=65'b0) doesn't have a timescale but at least one module in design has a timescale.
WARNING: [XSIM 43-4099] "C:/Users/Littlebanbrick/Desktop/DLD/Experiments/8th_experiment/AddSub4b/AddSub4b/verilog/gates/XOR_GATE_ONEHOT.v" Line 9. Module XOR_GATE_ONEHOT(BubblesMask=65'b0) doesn't have a timescale but at least one module in design has a timescale.
WARNING: [XSIM 43-4099] "C:/Users/Littlebanbrick/Desktop/DLD/Experiments/8th_experiment/AddSub4b/AddSub4b/verilog/gates/XOR_GATE_3_INPUTS_ONEHOT.v" Line 9. Module XOR_GATE_3_INPUTS_ONEHOT(BubblesMask=65'b0) doesn't have a timescale but at least one module in design has a timescale.
WARNING: [XSIM 43-4099] "C:/Users/Littlebanbrick/Desktop/DLD/Experiments/8th_experiment/AddSub4b/AddSub4b/verilog/circuit/Adder1b.v" Line 9. Module Adder1b doesn't have a timescale but at least one module in design has a timescale.
WARNING: [XSIM 43-4099] "C:/Users/Littlebanbrick/Desktop/DLD/Experiments/8th_experiment/AddSub4b/AddSub4b/verilog/gates/AND_GATE.v" Line 9. Module AND_GATE(BubblesMask=65'b0) doesn't have a timescale but at least one module in design has a timescale.
WARNING: [XSIM 43-4099] "C:/Users/Littlebanbrick/Desktop/DLD/Experiments/8th_experiment/AddSub4b/AddSub4b/verilog/gates/AND_GATE.v" Line 9. Module AND_GATE(BubblesMask=65'b0) doesn't have a timescale but at least one module in design has a timescale.
WARNING: [XSIM 43-4099] "C:/Users/Littlebanbrick/Desktop/DLD/Experiments/8th_experiment/AddSub4b/AddSub4b/verilog/gates/AND_GATE.v" Line 9. Module AND_GATE(BubblesMask=65'b0) doesn't have a timescale but at least one module in design has a timescale.
WARNING: [XSIM 43-4099] "C:/Users/Littlebanbrick/Desktop/DLD/Experiments/8th_experiment/AddSub4b/AddSub4b/verilog/gates/XOR_GATE_ONEHOT.v" Line 9. Module XOR_GATE_ONEHOT(BubblesMask=65'b0) doesn't have a timescale but at least one module in design has a timescale.
WARNING: [XSIM 43-4099] "C:/Users/Littlebanbrick/Desktop/DLD/Experiments/8th_experiment/AddSub4b/AddSub4b/verilog/gates/XOR_GATE_ONEHOT.v" Line 9. Module XOR_GATE_ONEHOT(BubblesMask=65'b0) doesn't have a timescale but at least one module in design has a timescale.
WARNING: [XSIM 43-4099] "C:/Users/Littlebanbrick/Desktop/DLD/Experiments/8th_experiment/AddSub4b/AddSub4b/verilog/gates/XOR_GATE_3_INPUTS_ONEHOT.v" Line 9. Module XOR_GATE_3_INPUTS_ONEHOT(BubblesMask=65'b0) doesn't have a timescale but at least one module in design has a timescale.
WARNING: [XSIM 43-4099] "C:/Users/Littlebanbrick/Desktop/DLD/Experiments/8th_experiment/AddSub4b/AddSub4b/verilog/circuit/AddSub4b.v" Line 9. Module AddSub4b doesn't have a timescale but at least one module in design has a timescale.
WARNING: [XSIM 43-4099] "C:/Users/Littlebanbrick/Desktop/DLD/Experiments/8th_experiment/AddSub4b/AddSub4b/verilog/gates/XOR_GATE_ONEHOT.v" Line 9. Module XOR_GATE_ONEHOT(BubblesMask=65'b0) doesn't have a timescale but at least one module in design has a timescale.
WARNING: [XSIM 43-4099] "C:/Users/Littlebanbrick/Desktop/DLD/Experiments/8th_experiment/AddSub4b/AddSub4b/verilog/gates/XOR_GATE_ONEHOT.v" Line 9. Module XOR_GATE_ONEHOT(BubblesMask=65'b0) doesn't have a timescale but at least one module in design has a timescale.
WARNING: [XSIM 43-4099] "C:/Users/Littlebanbrick/Desktop/DLD/Experiments/8th_experiment/AddSub4b/AddSub4b/verilog/gates/XOR_GATE_ONEHOT.v" Line 9. Module XOR_GATE_ONEHOT(BubblesMask=65'b0) doesn't have a timescale but at least one module in design has a timescale.
WARNING: [XSIM 43-4099] "C:/Users/Littlebanbrick/Desktop/DLD/Experiments/8th_experiment/AddSub4b/AddSub4b/verilog/gates/XOR_GATE_ONEHOT.v" Line 9. Module XOR_GATE_ONEHOT(BubblesMask=65'b0) doesn't have a timescale but at least one module in design has a timescale.
WARNING: [XSIM 43-4099] "C:/Users/Littlebanbrick/Desktop/DLD/Experiments/8th_experiment/AddSub4b/AddSub4b/verilog/gates/XOR_GATE_ONEHOT.v" Line 9. Module XOR_GATE_ONEHOT(BubblesMask=65'b0) doesn't have a timescale but at least one module in design has a timescale.
WARNING: [XSIM 43-4099] "C:/Users/Littlebanbrick/Desktop/DLD/Experiments/8th_experiment/AddSub4b/AddSub4b/verilog/circuit/Adder1b.v" Line 9. Module Adder1b doesn't have a timescale but at least one module in design has a timescale.
WARNING: [XSIM 43-4099] "C:/Users/Littlebanbrick/Desktop/DLD/Experiments/8th_experiment/AddSub4b/AddSub4b/verilog/gates/AND_GATE.v" Line 9. Module AND_GATE(BubblesMask=65'b0) doesn't have a timescale but at least one module in design has a timescale.
WARNING: [XSIM 43-4099] "C:/Users/Littlebanbrick/Desktop/DLD/Experiments/8th_experiment/AddSub4b/AddSub4b/verilog/gates/AND_GATE.v" Line 9. Module AND_GATE(BubblesMask=65'b0) doesn't have a timescale but at least one module in design has a timescale.
WARNING: [XSIM 43-4099] "C:/Users/Littlebanbrick/Desktop/DLD/Experiments/8th_experiment/AddSub4b/AddSub4b/verilog/gates/AND_GATE.v" Line 9. Module AND_GATE(BubblesMask=65'b0) doesn't have a timescale but at least one module in design has a timescale.
WARNING: [XSIM 43-4099] "C:/Users/Littlebanbrick/Desktop/DLD/Experiments/8th_experiment/AddSub4b/AddSub4b/verilog/gates/XOR_GATE_ONEHOT.v" Line 9. Module XOR_GATE_ONEHOT(BubblesMask=65'b0) doesn't have a timescale but at least one module in design has a timescale.
WARNING: [XSIM 43-4099] "C:/Users/Littlebanbrick/Desktop/DLD/Experiments/8th_experiment/AddSub4b/AddSub4b/verilog/gates/XOR_GATE_ONEHOT.v" Line 9. Module XOR_GATE_ONEHOT(BubblesMask=65'b0) doesn't have a timescale but at least one module in design has a timescale.
WARNING: [XSIM 43-4099] "C:/Users/Littlebanbrick/Desktop/DLD/Experiments/8th_experiment/AddSub4b/AddSub4b/verilog/gates/XOR_GATE_3_INPUTS_ONEHOT.v" Line 9. Module XOR_GATE_3_INPUTS_ONEHOT(BubblesMask=65'b0) doesn't have a timescale but at least one module in design has a timescale.
WARNING: [XSIM 43-4099] "C:/Users/Littlebanbrick/Desktop/DLD/Experiments/8th_experiment/AddSub4b/AddSub4b/verilog/circuit/Adder1b.v" Line 9. Module Adder1b doesn't have a timescale but at least one module in design has a timescale.
WARNING: [XSIM 43-4099] "C:/Users/Littlebanbrick/Desktop/DLD/Experiments/8th_experiment/AddSub4b/AddSub4b/verilog/gates/AND_GATE.v" Line 9. Module AND_GATE(BubblesMask=65'b0) doesn't have a timescale but at least one module in design has a timescale.
WARNING: [XSIM 43-4099] "C:/Users/Littlebanbrick/Desktop/DLD/Experiments/8th_experiment/AddSub4b/AddSub4b/verilog/gates/AND_GATE.v" Line 9. Module AND_GATE(BubblesMask=65'b0) doesn't have a timescale but at least one module in design has a timescale.
WARNING: [XSIM 43-4099] "C:/Users/Littlebanbrick/Desktop/DLD/Experiments/8th_experiment/AddSub4b/AddSub4b/verilog/gates/AND_GATE.v" Line 9. Module AND_GATE(BubblesMask=65'b0) doesn't have a timescale but at least one module in design has a timescale.
WARNING: [XSIM 43-4099] "C:/Users/Littlebanbrick/Desktop/DLD/Experiments/8th_experiment/AddSub4b/AddSub4b/verilog/gates/XOR_GATE_ONEHOT.v" Line 9. Module XOR_GATE_ONEHOT(BubblesMask=65'b0) doesn't have a timescale but at least one module in design has a timescale.
WARNING: [XSIM 43-4099] "C:/Users/Littlebanbrick/Desktop/DLD/Experiments/8th_experiment/AddSub4b/AddSub4b/verilog/gates/XOR_GATE_ONEHOT.v" Line 9. Module XOR_GATE_ONEHOT(BubblesMask=65'b0) doesn't have a timescale but at least one module in design has a timescale.
WARNING: [XSIM 43-4099] "C:/Users/Littlebanbrick/Desktop/DLD/Experiments/8th_experiment/AddSub4b/AddSub4b/verilog/gates/XOR_GATE_3_INPUTS_ONEHOT.v" Line 9. Module XOR_GATE_3_INPUTS_ONEHOT(BubblesMask=65'b0) doesn't have a timescale but at least one module in design has a timescale.
WARNING: [XSIM 43-4099] "C:/Users/Littlebanbrick/Desktop/DLD/Experiments/8th_experiment/AddSub4b/AddSub4b/verilog/circuit/Adder1b.v" Line 9. Module Adder1b doesn't have a timescale but at least one module in design has a timescale.
WARNING: [XSIM 43-4099] "C:/Users/Littlebanbrick/Desktop/DLD/Experiments/8th_experiment/AddSub4b/AddSub4b/verilog/gates/AND_GATE.v" Line 9. Module AND_GATE(BubblesMask=65'b0) doesn't have a timescale but at least one module in design has a timescale.
WARNING: [XSIM 43-4099] "C:/Users/Littlebanbrick/Desktop/DLD/Experiments/8th_experiment/AddSub4b/AddSub4b/verilog/gates/AND_GATE.v" Line 9. Module AND_GATE(BubblesMask=65'b0) doesn't have a timescale but at least one module in design has a timescale.
WARNING: [XSIM 43-4099] "C:/Users/Littlebanbrick/Desktop/DLD/Experiments/8th_experiment/AddSub4b/AddSub4b/verilog/gates/AND_GATE.v" Line 9. Module AND_GATE(BubblesMask=65'b0) doesn't have a timescale but at least one module in design has a timescale.
WARNING: [XSIM 43-4099] "C:/Users/Littlebanbrick/Desktop/DLD/Experiments/8th_experiment/AddSub4b/AddSub4b/verilog/gates/XOR_GATE_ONEHOT.v" Line 9. Module XOR_GATE_ONEHOT(BubblesMask=65'b0) doesn't have a timescale but at least one module in design has a timescale.
WARNING: [XSIM 43-4099] "C:/Users/Littlebanbrick/Desktop/DLD/Experiments/8th_experiment/AddSub4b/AddSub4b/verilog/gates/XOR_GATE_ONEHOT.v" Line 9. Module XOR_GATE_ONEHOT(BubblesMask=65'b0) doesn't have a timescale but at least one module in design has a timescale.
WARNING: [XSIM 43-4099] "C:/Users/Littlebanbrick/Desktop/DLD/Experiments/8th_experiment/AddSub4b/AddSub4b/verilog/gates/XOR_GATE_3_INPUTS_ONEHOT.v" Line 9. Module XOR_GATE_3_INPUTS_ONEHOT(BubblesMask=65'b0) doesn't have a timescale but at least one module in design has a timescale.
WARNING: [XSIM 43-4099] "C:/Users/Littlebanbrick/Desktop/DLD/Experiments/8th_experiment/AddSub4b/AddSub4b/verilog/circuit/Adder1b.v" Line 9. Module Adder1b doesn't have a timescale but at least one module in design has a timescale.
WARNING: [XSIM 43-4099] "C:/Users/Littlebanbrick/Desktop/DLD/Experiments/8th_experiment/AddSub4b/AddSub4b/verilog/gates/AND_GATE.v" Line 9. Module AND_GATE(BubblesMask=65'b0) doesn't have a timescale but at least one module in design has a timescale.
WARNING: [XSIM 43-4099] "C:/Users/Littlebanbrick/Desktop/DLD/Experiments/8th_experiment/AddSub4b/AddSub4b/verilog/gates/AND_GATE.v" Line 9. Module AND_GATE(BubblesMask=65'b0) doesn't have a timescale but at least one module in design has a timescale.
WARNING: [XSIM 43-4099] "C:/Users/Littlebanbrick/Desktop/DLD/Experiments/8th_experiment/AddSub4b/AddSub4b/verilog/gates/AND_GATE.v" Line 9. Module AND_GATE(BubblesMask=65'b0) doesn't have a timescale but at least one module in design has a timescale.
WARNING: [XSIM 43-4099] "C:/Users/Littlebanbrick/Desktop/DLD/Experiments/8th_experiment/AddSub4b/AddSub4b/verilog/gates/XOR_GATE_ONEHOT.v" Line 9. Module XOR_GATE_ONEHOT(BubblesMask=65'b0) doesn't have a timescale but at least one module in design has a timescale.
WARNING: [XSIM 43-4099] "C:/Users/Littlebanbrick/Desktop/DLD/Experiments/8th_experiment/AddSub4b/AddSub4b/verilog/gates/XOR_GATE_ONEHOT.v" Line 9. Module XOR_GATE_ONEHOT(BubblesMask=65'b0) doesn't have a timescale but at least one module in design has a timescale.
WARNING: [XSIM 43-4099] "C:/Users/Littlebanbrick/Desktop/DLD/Experiments/8th_experiment/AddSub4b/AddSub4b/verilog/gates/XOR_GATE_3_INPUTS_ONEHOT.v" Line 9. Module XOR_GATE_3_INPUTS_ONEHOT(BubblesMask=65'b0) doesn't have a timescale but at least one module in design has a timescale.
Completed simulation data flow analysis
Time Resolution for simulation is 1ps
Compiling module xil_defaultlib.XOR_GATE_ONEHOT(BubblesMask=65'b...
Compiling module xil_defaultlib.AND_GATE(BubblesMask=65'b0)
Compiling module xil_defaultlib.XOR_GATE_3_INPUTS_ONEHOT(Bubbles...
Compiling module xil_defaultlib.Adder1b
Compiling module xil_defaultlib.AddSub4b
Compiling module xil_defaultlib.AddSub4b_tb
Compiling module xil_defaultlib.glbl
Built simulation snapshot AddSub4b_tb_behav
