#-----------------------------------------------------------
# Vivado v2020.2 (64-bit)
# SW Build 3064766 on Wed Nov 18 09:12:45 MST 2020
# IP Build 3064653 on Wed Nov 18 14:17:31 MST 2020
# Start of session at: Thu May  7 15:29:07 2026
# Process ID: 13256
# Current directory: C:/Users/Littlebanbrick/Desktop/DLD/Experiments/9th_experiment/GatedDLatch
# Command line: vivado.exe -gui_launcher_event rodinguilauncherevent28776 C:\Users\Littlebanbrick\Desktop\DLD\Experiments\9th_experiment\GatedDLatch\GatedDLatch.xpr
# Log file: C:/Users/Littlebanbrick/Desktop/DLD/Experiments/9th_experiment/GatedDLatch/vivado.log
# Journal file: C:/Users/Littlebanbrick/Desktop/DLD/Experiments/9th_experiment/GatedDLatch\vivado.jou
#-----------------------------------------------------------
start_gui
open_project C:/Users/Littlebanbrick/Desktop/DLD/Experiments/9th_experiment/GatedDLatch/GatedDLatch.xpr
WARNING: [filemgmt 56-3] Default IP Output Path : Could not find the directory 'C:/Users/Littlebanbrick/Desktop/DLD/Experiments/9th_experiment/GatedDLatch/GatedDLatch.gen/sources_1'.
Scanning sources...
Finished scanning sources
INFO: [IP_Flow 19-234] Refreshing IP repositories
INFO: [IP_Flow 19-1704] No user IP repositories specified
INFO: [IP_Flow 19-2313] Loaded Vivado IP repository 'D:/Xilinx/Vivado/2020.2/data/ip'.
update_compile_order -fileset sources_1
launch_simulation
Command: launch_simulation 
INFO: [Vivado 12-5682] Launching behavioral simulation in 'C:/Users/Littlebanbrick/Desktop/DLD/Experiments/9th_experiment/GatedDLatch/GatedDLatch.sim/sim_1/behav/xsim'
INFO: [SIM-utils-51] Simulation object is 'sim_1'
INFO: [SIM-utils-54] Inspecting design source files for 'GatedDLatch_tb' in fileset 'sim_1'...
INFO: [USF-XSim-97] Finding global include files...
INFO: [USF-XSim-98] Fetching design files from 'sim_1'...
INFO: [USF-XSim-2] XSim::Compile design
INFO: [USF-XSim-61] Executing 'COMPILE and ANALYZE' step in 'C:/Users/Littlebanbrick/Desktop/DLD/Experiments/9th_experiment/GatedDLatch/GatedDLatch.sim/sim_1/behav/xsim'
"xvlog --incr --relax -prj GatedDLatch_tb_vlog.prj"
INFO: [VRFC 10-2263] Analyzing Verilog file "C:/Users/Littlebanbrick/Desktop/DLD/Experiments/9th_experiment/GatedDLatch/verilog/circuit/GatedDLatch.v" into library xil_defaultlib
INFO: [VRFC 10-311] analyzing module GatedDLatch
INFO: [VRFC 10-2263] Analyzing Verilog file "C:/Users/Littlebanbrick/Desktop/DLD/Experiments/9th_experiment/GatedDLatch/verilog/gates/NAND_GATE.v" into library xil_defaultlib
INFO: [VRFC 10-311] analyzing module NAND_GATE
INFO: [VRFC 10-2263] Analyzing Verilog file "C:/Users/Littlebanbrick/Desktop/DLD/Experiments/9th_experiment/GatedDLatch/GatedDLatch.srcs/sim_1/new/main_tb.v" into library xil_defaultlib
INFO: [VRFC 10-311] analyzing module GatedDLatch_tb
INFO: [USF-XSim-69] 'compile' step finished in '2' seconds
INFO: [USF-XSim-3] XSim::Elaborate design
INFO: [USF-XSim-61] Executing 'ELABORATE' step in 'C:/Users/Littlebanbrick/Desktop/DLD/Experiments/9th_experiment/GatedDLatch/GatedDLatch.sim/sim_1/behav/xsim'
"xelab -wto bb098367e6604fe48a1c24e49adf45f0 --incr --debug typical --relax --mt 2 -L xil_defaultlib -L unisims_ver -L unimacro_ver -L secureip --snapshot GatedDLatch_tb_behav xil_defaultlib.GatedDLatch_tb xil_defaultlib.glbl -log elaborate.log"
Vivado Simulator 2020.2
Copyright 1986-1999, 2001-2020 Xilinx, Inc. All Rights Reserved.
Running: D:/Xilinx/Vivado/2020.2/bin/unwrapped/win64.o/xelab.exe -wto bb098367e6604fe48a1c24e49adf45f0 --incr --debug typical --relax --mt 2 -L xil_defaultlib -L unisims_ver -L unimacro_ver -L secureip --snapshot GatedDLatch_tb_behav xil_defaultlib.GatedDLatch_tb xil_defaultlib.glbl -log elaborate.log 
Using 2 slave threads.
Starting static elaboration
Pass Through NonSizing Optimizer
Completed static elaboration
Starting simulation data flow analysis
WARNING: [XSIM 43-4099] "C:/Users/Littlebanbrick/Desktop/DLD/Experiments/9th_experiment/GatedDLatch/verilog/circuit/GatedDLatch.v" Line 9. Module GatedDLatch doesn't have a timescale but at least one module in design has a timescale.
WARNING: [XSIM 43-4099] "C:/Users/Littlebanbrick/Desktop/DLD/Experiments/9th_experiment/GatedDLatch/verilog/gates/NAND_GATE.v" Line 9. Module NAND_GATE(BubblesMask=65'b0) doesn't have a timescale but at least one module in design has a timescale.
WARNING: [XSIM 43-4099] "C:/Users/Littlebanbrick/Desktop/DLD/Experiments/9th_experiment/GatedDLatch/verilog/gates/NAND_GATE.v" Line 9. Module NAND_GATE(BubblesMask=65'b0) doesn't have a timescale but at least one module in design has a timescale.
WARNING: [XSIM 43-4099] "C:/Users/Littlebanbrick/Desktop/DLD/Experiments/9th_experiment/GatedDLatch/verilog/gates/NAND_GATE.v" Line 9. Module NAND_GATE(BubblesMask=65'b0) doesn't have a timescale but at least one module in design has a timescale.
WARNING: [XSIM 43-4099] "C:/Users/Littlebanbrick/Desktop/DLD/Experiments/9th_experiment/GatedDLatch/verilog/gates/NAND_GATE.v" Line 9. Module NAND_GATE(BubblesMask=65'b0) doesn't have a timescale but at least one module in design has a timescale.
WARNING: [XSIM 43-4099] "C:/Users/Littlebanbrick/Desktop/DLD/Experiments/9th_experiment/GatedDLatch/verilog/circuit/GatedDLatch.v" Line 9. Module GatedDLatch doesn't have a timescale but at least one module in design has a timescale.
WARNING: [XSIM 43-4099] "C:/Users/Littlebanbrick/Desktop/DLD/Experiments/9th_experiment/GatedDLatch/verilog/gates/NAND_GATE.v" Line 9. Module NAND_GATE(BubblesMask=65'b0) doesn't have a timescale but at least one module in design has a timescale.
WARNING: [XSIM 43-4099] "C:/Users/Littlebanbrick/Desktop/DLD/Experiments/9th_experiment/GatedDLatch/verilog/gates/NAND_GATE.v" Line 9. Module NAND_GATE(BubblesMask=65'b0) doesn't have a timescale but at least one module in design has a timescale.
WARNING: [XSIM 43-4099] "C:/Users/Littlebanbrick/Desktop/DLD/Experiments/9th_experiment/GatedDLatch/verilog/gates/NAND_GATE.v" Line 9. Module NAND_GATE(BubblesMask=65'b0) doesn't have a timescale but at least one module in design has a timescale.
WARNING: [XSIM 43-4099] "C:/Users/Littlebanbrick/Desktop/DLD/Experiments/9th_experiment/GatedDLatch/verilog/gates/NAND_GATE.v" Line 9. Module NAND_GATE(BubblesMask=65'b0) doesn't have a timescale but at least one module in design has a timescale.
Completed simulation data flow analysis
Time Resolution for simulation is 1ps
Compiling module xil_defaultlib.NAND_GATE(BubblesMask=65'b0)
Compiling module xil_defaultlib.GatedDLatch
Compiling module xil_defaultlib.GatedDLatch_tb
Compiling module xil_defaultlib.glbl
Built simulation snapshot GatedDLatch_tb_behav
INFO: [USF-XSim-69] 'elaborate' step finished in '1' seconds
INFO: [USF-XSim-4] XSim::Simulate design
INFO: [USF-XSim-61] Executing 'SIMULATE' step in 'C:/Users/Littlebanbrick/Desktop/DLD/Experiments/9th_experiment/GatedDLatch/GatedDLatch.sim/sim_1/behav/xsim'
INFO: [USF-XSim-98] *** Running xsim
   with args "GatedDLatch_tb_behav -key {Behavioral:sim_1:Functional:GatedDLatch_tb} -tclbatch {GatedDLatch_tb.tcl} -log {simulate.log}"
INFO: [USF-XSim-8] Loading simulator feature
Vivado Simulator 2020.2
Time resolution is 1 ps
source GatedDLatch_tb.tcl
# set curr_wave [current_wave_config]
# if { [string length $curr_wave] == 0 } {
#   if { [llength [get_objects]] > 0} {
#     add_wave /
#     set_property needs_save false [current_wave_config]
#   } else {
#      send_msg_id Add_Wave-1 WARNING "No top level signals found. Simulator will start without a wave window. If you want to open a wave window go to 'File->New Waveform Configuration' or type 'create_wave_config' in the TCL console."
#   }
# }
# run 1000ns
$finish called at time : 220 ns : File "C:/Users/Littlebanbrick/Desktop/DLD/Experiments/9th_experiment/GatedDLatch/GatedDLatch.srcs/sim_1/new/main_tb.v" Line 80
INFO: [USF-XSim-96] XSim completed. Design snapshot 'GatedDLatch_tb_behav' loaded.
INFO: [USF-XSim-97] XSim simulation ran for 1000ns
launch_simulation: Time (s): cpu = 00:00:05 ; elapsed = 00:00:05 . Memory (MB): peak = 1099.125 ; gain = 0.000
close_sim
INFO: [Simtcl 6-16] Simulation closed
exit
INFO: [Common 17-206] Exiting Vivado at Thu May  7 15:30:17 2026...
