Copyright 1986-2020 Xilinx, Inc. All Rights Reserved.
--------------------------------------------------------------------------------------------------------------------------------------------------------------------------------------------------------
| Tool Version : Vivado v.2020.2 (win64) Build 3064766 Wed Nov 18 09:12:45 MST 2020
| Date         : Fri Jun  5 12:50:44 2026
| Host         : Littlebanbrick running 64-bit major release  (build 9200)
| Command      : report_timing_summary -max_paths 10 -file Marquee_top_timing_summary_routed.rpt -pb Marquee_top_timing_summary_routed.pb -rpx Marquee_top_timing_summary_routed.rpx -warn_on_violation
| Design       : Marquee_top
| Device       : 7k160t-ffg676
| Speed File   : -2L  PRODUCTION 1.12 2017-02-17
--------------------------------------------------------------------------------------------------------------------------------------------------------------------------------------------------------

Timing Summary Report

------------------------------------------------------------------------------------------------
| Timer Settings
| --------------
------------------------------------------------------------------------------------------------

  Enable Multi Corner Analysis               :  Yes
  Enable Pessimism Removal                   :  Yes
  Pessimism Removal Resolution               :  Nearest Common Node
  Enable Input Delay Default Clock           :  No
  Enable Preset / Clear Arcs                 :  No
  Disable Flight Delays                      :  No
  Ignore I/O Paths                           :  No
  Timing Early Launch at Borrowing Latches   :  No
  Borrow Time for Max Delay Exceptions       :  Yes
  Merge Timing Exceptions                    :  Yes

  Corner  Analyze    Analyze    
  Name    Max Paths  Min Paths  
  ------  ---------  ---------  
  Slow    Yes        Yes        
  Fast    Yes        Yes        



check_timing report

Table of Contents
-----------------
1. checking no_clock (16)
2. checking constant_clock (0)
3. checking pulse_width_clock (0)
4. checking unconstrained_internal_endpoints (16)
5. checking no_input_delay (2)
6. checking no_output_delay (19)
7. checking multiple_clock (0)
8. checking generated_clocks (0)
9. checking loops (0)
10. checking partial_input_delay (0)
11. checking partial_output_delay (0)
12. checking latch_loops (0)

1. checking no_clock (16)
-------------------------
 There are 4 register/latch pins with no clock driven by root clock pin: SW[0] (HIGH)

 There are 4 register/latch pins with no clock driven by root clock pin: SW[1] (HIGH)

 There are 8 register/latch pins with no clock driven by root clock pin: clk_div/clk_1s_reg/Q (HIGH)


2. checking constant_clock (0)
------------------------------
 There are 0 register/latch pins with constant_clock.


3. checking pulse_width_clock (0)
---------------------------------
 There are 0 register/latch pins which need pulse_width check


4. checking unconstrained_internal_endpoints (16)
-------------------------------------------------
 There are 16 pins that are not constrained for maximum delay. (HIGH)

 There are 0 pins that are not constrained for maximum delay due to constant clock.


5. checking no_input_delay (2)
------------------------------
 There are 2 input ports with no input delay specified. (HIGH)

 There are 0 input ports with no input delay but user has a false path constraint.


6. checking no_output_delay (19)
--------------------------------
 There are 19 ports with no output delay specified. (HIGH)

 There are 0 ports with no output delay but user has a false path constraint

 There are 0 ports with no output delay but with a timing clock defined on it or propagating through it


7. checking multiple_clock (0)
------------------------------
 There are 0 register/latch pins with multiple clocks.


8. checking generated_clocks (0)
--------------------------------
 There are 0 generated clocks that are not connected to a clock source.


9. checking loops (0)
---------------------
 There are 0 combinational loops in the design.


10. checking partial_input_delay (0)
------------------------------------
 There are 0 input ports with partial input delay specified.


11. checking partial_output_delay (0)
-------------------------------------
 There are 0 ports with partial output delay specified.


12. checking latch_loops (0)
----------------------------
 There are 0 combinational latch loops in the design through latch input



------------------------------------------------------------------------------------------------
| Design Timing Summary
| ---------------------
------------------------------------------------------------------------------------------------

    WNS(ns)      TNS(ns)  TNS Failing Endpoints  TNS Total Endpoints      WHS(ns)      THS(ns)  THS Failing Endpoints  THS Total Endpoints     WPWS(ns)     TPWS(ns)  TPWS Failing Endpoints  TPWS Total Endpoints  
    -------      -------  ---------------------  -------------------      -------      -------  ---------------------  -------------------     --------     --------  ----------------------  --------------------  
      7.166        0.000                      0                   71        0.200        0.000                      0                   71        4.650        0.000                       0                    47  


All user specified timing constraints are met.


------------------------------------------------------------------------------------------------
| Clock Summary
| -------------
------------------------------------------------------------------------------------------------

Clock  Waveform(ns)       Period(ns)      Frequency(MHz)
-----  ------------       ----------      --------------
clk    {0.000 5.000}      10.000          100.000         


------------------------------------------------------------------------------------------------
| Intra Clock Table
| -----------------
------------------------------------------------------------------------------------------------

Clock             WNS(ns)      TNS(ns)  TNS Failing Endpoints  TNS Total Endpoints      WHS(ns)      THS(ns)  THS Failing Endpoints  THS Total Endpoints     WPWS(ns)     TPWS(ns)  TPWS Failing Endpoints  TPWS Total Endpoints  
-----             -------      -------  ---------------------  -------------------      -------      -------  ---------------------  -------------------     --------     --------  ----------------------  --------------------  
clk                 7.166        0.000                      0                   71        0.200        0.000                      0                   71        4.650        0.000                       0                    47  


------------------------------------------------------------------------------------------------
| Inter Clock Table
| -----------------
------------------------------------------------------------------------------------------------

From Clock    To Clock          WNS(ns)      TNS(ns)  TNS Failing Endpoints  TNS Total Endpoints      WHS(ns)      THS(ns)  THS Failing Endpoints  THS Total Endpoints  
----------    --------          -------      -------  ---------------------  -------------------      -------      -------  ---------------------  -------------------  


------------------------------------------------------------------------------------------------
| Other Path Groups Table
| -----------------------
------------------------------------------------------------------------------------------------

Path Group    From Clock    To Clock          WNS(ns)      TNS(ns)  TNS Failing Endpoints  TNS Total Endpoints      WHS(ns)      THS(ns)  THS Failing Endpoints  THS Total Endpoints  
----------    ----------    --------          -------      -------  ---------------------  -------------------      -------      -------  ---------------------  -------------------  


------------------------------------------------------------------------------------------------
| Timing Details
| --------------
------------------------------------------------------------------------------------------------


---------------------------------------------------------------------------------------------------
From Clock:  clk
  To Clock:  clk

Setup :            0  Failing Endpoints,  Worst Slack        7.166ns,  Total Violation        0.000ns
Hold  :            0  Failing Endpoints,  Worst Slack        0.200ns,  Total Violation        0.000ns
PW    :            0  Failing Endpoints,  Worst Slack        4.650ns,  Total Violation        0.000ns
---------------------------------------------------------------------------------------------------


Max Delay Paths
--------------------------------------------------------------------------------------
Slack (MET) :             7.166ns  (required time - arrival time)
  Source:                 clk_div/cnt_reg[0]/C
                            (rising edge-triggered cell FDRE clocked by clk  {rise@0.000ns fall@5.000ns period=10.000ns})
  Destination:            clk_div/cnt_reg[25]/R
                            (rising edge-triggered cell FDRE clocked by clk  {rise@0.000ns fall@5.000ns period=10.000ns})
  Path Group:             clk
  Path Type:              Setup (Max at Slow Process Corner)
  Requirement:            10.000ns  (clk rise@10.000ns - clk rise@0.000ns)
  Data Path Delay:        2.465ns  (logic 0.345ns (13.995%)  route 2.120ns (86.005%))
  Logic Levels:           2  (LUT6=2)
  Clock Path Skew:        -0.029ns (DCD - SCD + CPR)
    Destination Clock Delay (DCD):    4.305ns = ( 14.305 - 10.000 ) 
    Source Clock Delay      (SCD):    4.686ns
    Clock Pessimism Removal (CPR):    0.352ns
  Clock Uncertainty:      0.035ns  ((TSJ^2 + TIJ^2)^1/2 + DJ) / 2 + PE
    Total System Jitter     (TSJ):    0.071ns
    Total Input Jitter      (TIJ):    0.000ns
    Discrete Jitter          (DJ):    0.000ns
    Phase Error              (PE):    0.000ns

    Location             Delay type                Incr(ns)  Path(ns)    Netlist Resource(s)
  -------------------------------------------------------------------    -------------------
                         (clock clk rise edge)        0.000     0.000 r  
    AC18                                              0.000     0.000 r  clk (IN)
                         net (fo=0)                   0.000     0.000    clk
    AC18                 IBUF (Prop_ibuf_I_O)         0.639     0.639 r  clk_IBUF_inst/O
                         net (fo=1, routed)           2.283     2.922    clk_IBUF
    BUFGCTRL_X0Y0        BUFG (Prop_bufg_I_O)         0.093     3.015 r  clk_IBUF_BUFG_inst/O
                         net (fo=46, routed)          1.671     4.686    clk_div/clk_IBUF_BUFG
    SLICE_X6Y18          FDRE                                         r  clk_div/cnt_reg[0]/C
  -------------------------------------------------------------------    -------------------
    SLICE_X6Y18          FDRE (Prop_fdre_C_Q)         0.259     4.945 r  clk_div/cnt_reg[0]/Q
                         net (fo=3, routed)           0.670     5.615    clk_div/cnt[0]
    SLICE_X6Y23          LUT6 (Prop_lut6_I5_O)        0.043     5.658 f  clk_div/cnt[25]_i_8/O
                         net (fo=1, routed)           0.618     6.276    clk_div/cnt[25]_i_8_n_0
    SLICE_X6Y20          LUT6 (Prop_lut6_I5_O)        0.043     6.319 r  clk_div/cnt[25]_i_2/O
                         net (fo=26, routed)          0.832     7.151    clk_div/clk_1s
    SLICE_X7Y24          FDRE                                         r  clk_div/cnt_reg[25]/R
  -------------------------------------------------------------------    -------------------

                         (clock clk rise edge)       10.000    10.000 r  
    AC18                                              0.000    10.000 r  clk (IN)
                         net (fo=0)                   0.000    10.000    clk
    AC18                 IBUF (Prop_ibuf_I_O)         0.533    10.533 r  clk_IBUF_inst/O
                         net (fo=1, routed)           2.159    12.692    clk_IBUF
    BUFGCTRL_X0Y0        BUFG (Prop_bufg_I_O)         0.083    12.775 r  clk_IBUF_BUFG_inst/O
                         net (fo=46, routed)          1.530    14.305    clk_div/clk_IBUF_BUFG
    SLICE_X7Y24          FDRE                                         r  clk_div/cnt_reg[25]/C
                         clock pessimism              0.352    14.657    
                         clock uncertainty           -0.035    14.622    
    SLICE_X7Y24          FDRE (Setup_fdre_C_R)       -0.304    14.318    clk_div/cnt_reg[25]
  -------------------------------------------------------------------
                         required time                         14.318    
                         arrival time                          -7.151    
  -------------------------------------------------------------------
                         slack                                  7.166    

Slack (MET) :             7.184ns  (required time - arrival time)
  Source:                 clk_div/cnt_reg[0]/C
                            (rising edge-triggered cell FDRE clocked by clk  {rise@0.000ns fall@5.000ns period=10.000ns})
  Destination:            clk_div/clk_1s_reg/D
                            (rising edge-triggered cell FDRE clocked by clk  {rise@0.000ns fall@5.000ns period=10.000ns})
  Path Group:             clk
  Path Type:              Setup (Max at Slow Process Corner)
  Requirement:            10.000ns  (clk rise@10.000ns - clk rise@0.000ns)
  Data Path Delay:        2.796ns  (logic 0.388ns (13.879%)  route 2.408ns (86.121%))
  Logic Levels:           3  (LUT2=1 LUT6=2)
  Clock Path Skew:        -0.049ns (DCD - SCD + CPR)
    Destination Clock Delay (DCD):    4.307ns = ( 14.307 - 10.000 ) 
    Source Clock Delay      (SCD):    4.686ns
    Clock Pessimism Removal (CPR):    0.330ns
  Clock Uncertainty:      0.035ns  ((TSJ^2 + TIJ^2)^1/2 + DJ) / 2 + PE
    Total System Jitter     (TSJ):    0.071ns
    Total Input Jitter      (TIJ):    0.000ns
    Discrete Jitter          (DJ):    0.000ns
    Phase Error              (PE):    0.000ns

    Location             Delay type                Incr(ns)  Path(ns)    Netlist Resource(s)
  -------------------------------------------------------------------    -------------------
                         (clock clk rise edge)        0.000     0.000 r  
    AC18                                              0.000     0.000 r  clk (IN)
                         net (fo=0)                   0.000     0.000    clk
    AC18                 IBUF (Prop_ibuf_I_O)         0.639     0.639 r  clk_IBUF_inst/O
                         net (fo=1, routed)           2.283     2.922    clk_IBUF
    BUFGCTRL_X0Y0        BUFG (Prop_bufg_I_O)         0.093     3.015 r  clk_IBUF_BUFG_inst/O
                         net (fo=46, routed)          1.671     4.686    clk_div/clk_IBUF_BUFG
    SLICE_X6Y18          FDRE                                         r  clk_div/cnt_reg[0]/C
  -------------------------------------------------------------------    -------------------
    SLICE_X6Y18          FDRE (Prop_fdre_C_Q)         0.259     4.945 r  clk_div/cnt_reg[0]/Q
                         net (fo=3, routed)           0.670     5.615    clk_div/cnt[0]
    SLICE_X6Y23          LUT6 (Prop_lut6_I5_O)        0.043     5.658 f  clk_div/cnt[25]_i_8/O
                         net (fo=1, routed)           0.618     6.276    clk_div/cnt[25]_i_8_n_0
    SLICE_X6Y20          LUT6 (Prop_lut6_I5_O)        0.043     6.319 r  clk_div/cnt[25]_i_2/O
                         net (fo=26, routed)          1.120     7.439    clk_div/clk_1s
    SLICE_X2Y24          LUT2 (Prop_lut2_I0_O)        0.043     7.482 r  clk_div/clk_1s_i_1/O
                         net (fo=1, routed)           0.000     7.482    clk_div/clk_1s_i_1_n_0
    SLICE_X2Y24          FDRE                                         r  clk_div/clk_1s_reg/D
  -------------------------------------------------------------------    -------------------

                         (clock clk rise edge)       10.000    10.000 r  
    AC18                                              0.000    10.000 r  clk (IN)
                         net (fo=0)                   0.000    10.000    clk
    AC18                 IBUF (Prop_ibuf_I_O)         0.533    10.533 r  clk_IBUF_inst/O
                         net (fo=1, routed)           2.159    12.692    clk_IBUF
    BUFGCTRL_X0Y0        BUFG (Prop_bufg_I_O)         0.083    12.775 r  clk_IBUF_BUFG_inst/O
                         net (fo=46, routed)          1.532    14.307    clk_div/clk_IBUF_BUFG
    SLICE_X2Y24          FDRE                                         r  clk_div/clk_1s_reg/C
                         clock pessimism              0.330    14.637    
                         clock uncertainty           -0.035    14.602    
    SLICE_X2Y24          FDRE (Setup_fdre_C_D)        0.064    14.666    clk_div/clk_1s_reg
  -------------------------------------------------------------------
                         required time                         14.666    
                         arrival time                          -7.482    
  -------------------------------------------------------------------
                         slack                                  7.184    

Slack (MET) :             7.257ns  (required time - arrival time)
  Source:                 clk_div/cnt_reg[0]/C
                            (rising edge-triggered cell FDRE clocked by clk  {rise@0.000ns fall@5.000ns period=10.000ns})
  Destination:            clk_div/cnt_reg[21]/R
                            (rising edge-triggered cell FDRE clocked by clk  {rise@0.000ns fall@5.000ns period=10.000ns})
  Path Group:             clk
  Path Type:              Setup (Max at Slow Process Corner)
  Requirement:            10.000ns  (clk rise@10.000ns - clk rise@0.000ns)
  Data Path Delay:        2.376ns  (logic 0.345ns (14.522%)  route 2.031ns (85.478%))
  Logic Levels:           2  (LUT6=2)
  Clock Path Skew:        -0.028ns (DCD - SCD + CPR)
    Destination Clock Delay (DCD):    4.306ns = ( 14.306 - 10.000 ) 
    Source Clock Delay      (SCD):    4.686ns
    Clock Pessimism Removal (CPR):    0.352ns
  Clock Uncertainty:      0.035ns  ((TSJ^2 + TIJ^2)^1/2 + DJ) / 2 + PE
    Total System Jitter     (TSJ):    0.071ns
    Total Input Jitter      (TIJ):    0.000ns
    Discrete Jitter          (DJ):    0.000ns
    Phase Error              (PE):    0.000ns

    Location             Delay type                Incr(ns)  Path(ns)    Netlist Resource(s)
  -------------------------------------------------------------------    -------------------
                         (clock clk rise edge)        0.000     0.000 r  
    AC18                                              0.000     0.000 r  clk (IN)
                         net (fo=0)                   0.000     0.000    clk
    AC18                 IBUF (Prop_ibuf_I_O)         0.639     0.639 r  clk_IBUF_inst/O
                         net (fo=1, routed)           2.283     2.922    clk_IBUF
    BUFGCTRL_X0Y0        BUFG (Prop_bufg_I_O)         0.093     3.015 r  clk_IBUF_BUFG_inst/O
                         net (fo=46, routed)          1.671     4.686    clk_div/clk_IBUF_BUFG
    SLICE_X6Y18          FDRE                                         r  clk_div/cnt_reg[0]/C
  -------------------------------------------------------------------    -------------------
    SLICE_X6Y18          FDRE (Prop_fdre_C_Q)         0.259     4.945 r  clk_div/cnt_reg[0]/Q
                         net (fo=3, routed)           0.670     5.615    clk_div/cnt[0]
    SLICE_X6Y23          LUT6 (Prop_lut6_I5_O)        0.043     5.658 f  clk_div/cnt[25]_i_8/O
                         net (fo=1, routed)           0.618     6.276    clk_div/cnt[25]_i_8_n_0
    SLICE_X6Y20          LUT6 (Prop_lut6_I5_O)        0.043     6.319 r  clk_div/cnt[25]_i_2/O
                         net (fo=26, routed)          0.743     7.062    clk_div/clk_1s
    SLICE_X7Y23          FDRE                                         r  clk_div/cnt_reg[21]/R
  -------------------------------------------------------------------    -------------------

                         (clock clk rise edge)       10.000    10.000 r  
    AC18                                              0.000    10.000 r  clk (IN)
                         net (fo=0)                   0.000    10.000    clk
    AC18                 IBUF (Prop_ibuf_I_O)         0.533    10.533 r  clk_IBUF_inst/O
                         net (fo=1, routed)           2.159    12.692    clk_IBUF
    BUFGCTRL_X0Y0        BUFG (Prop_bufg_I_O)         0.083    12.775 r  clk_IBUF_BUFG_inst/O
                         net (fo=46, routed)          1.531    14.306    clk_div/clk_IBUF_BUFG
    SLICE_X7Y23          FDRE                                         r  clk_div/cnt_reg[21]/C
                         clock pessimism              0.352    14.658    
                         clock uncertainty           -0.035    14.623    
    SLICE_X7Y23          FDRE (Setup_fdre_C_R)       -0.304    14.319    clk_div/cnt_reg[21]
  -------------------------------------------------------------------
                         required time                         14.319    
                         arrival time                          -7.062    
  -------------------------------------------------------------------
                         slack                                  7.257    

Slack (MET) :             7.257ns  (required time - arrival time)
  Source:                 clk_div/cnt_reg[0]/C
                            (rising edge-triggered cell FDRE clocked by clk  {rise@0.000ns fall@5.000ns period=10.000ns})
  Destination:            clk_div/cnt_reg[22]/R
                            (rising edge-triggered cell FDRE clocked by clk  {rise@0.000ns fall@5.000ns period=10.000ns})
  Path Group:             clk
  Path Type:              Setup (Max at Slow Process Corner)
  Requirement:            10.000ns  (clk rise@10.000ns - clk rise@0.000ns)
  Data Path Delay:        2.376ns  (logic 0.345ns (14.522%)  route 2.031ns (85.478%))
  Logic Levels:           2  (LUT6=2)
  Clock Path Skew:        -0.028ns (DCD - SCD + CPR)
    Destination Clock Delay (DCD):    4.306ns = ( 14.306 - 10.000 ) 
    Source Clock Delay      (SCD):    4.686ns
    Clock Pessimism Removal (CPR):    0.352ns
  Clock Uncertainty:      0.035ns  ((TSJ^2 + TIJ^2)^1/2 + DJ) / 2 + PE
    Total System Jitter     (TSJ):    0.071ns
    Total Input Jitter      (TIJ):    0.000ns
    Discrete Jitter          (DJ):    0.000ns
    Phase Error              (PE):    0.000ns

    Location             Delay type                Incr(ns)  Path(ns)    Netlist Resource(s)
  -------------------------------------------------------------------    -------------------
                         (clock clk rise edge)        0.000     0.000 r  
    AC18                                              0.000     0.000 r  clk (IN)
                         net (fo=0)                   0.000     0.000    clk
    AC18                 IBUF (Prop_ibuf_I_O)         0.639     0.639 r  clk_IBUF_inst/O
                         net (fo=1, routed)           2.283     2.922    clk_IBUF
    BUFGCTRL_X0Y0        BUFG (Prop_bufg_I_O)         0.093     3.015 r  clk_IBUF_BUFG_inst/O
                         net (fo=46, routed)          1.671     4.686    clk_div/clk_IBUF_BUFG
    SLICE_X6Y18          FDRE                                         r  clk_div/cnt_reg[0]/C
  -------------------------------------------------------------------    -------------------
    SLICE_X6Y18          FDRE (Prop_fdre_C_Q)         0.259     4.945 r  clk_div/cnt_reg[0]/Q
                         net (fo=3, routed)           0.670     5.615    clk_div/cnt[0]
    SLICE_X6Y23          LUT6 (Prop_lut6_I5_O)        0.043     5.658 f  clk_div/cnt[25]_i_8/O
                         net (fo=1, routed)           0.618     6.276    clk_div/cnt[25]_i_8_n_0
    SLICE_X6Y20          LUT6 (Prop_lut6_I5_O)        0.043     6.319 r  clk_div/cnt[25]_i_2/O
                         net (fo=26, routed)          0.743     7.062    clk_div/clk_1s
    SLICE_X7Y23          FDRE                                         r  clk_div/cnt_reg[22]/R
  -------------------------------------------------------------------    -------------------

                         (clock clk rise edge)       10.000    10.000 r  
    AC18                                              0.000    10.000 r  clk (IN)
                         net (fo=0)                   0.000    10.000    clk
    AC18                 IBUF (Prop_ibuf_I_O)         0.533    10.533 r  clk_IBUF_inst/O
                         net (fo=1, routed)           2.159    12.692    clk_IBUF
    BUFGCTRL_X0Y0        BUFG (Prop_bufg_I_O)         0.083    12.775 r  clk_IBUF_BUFG_inst/O
                         net (fo=46, routed)          1.531    14.306    clk_div/clk_IBUF_BUFG
    SLICE_X7Y23          FDRE                                         r  clk_div/cnt_reg[22]/C
                         clock pessimism              0.352    14.658    
                         clock uncertainty           -0.035    14.623    
    SLICE_X7Y23          FDRE (Setup_fdre_C_R)       -0.304    14.319    clk_div/cnt_reg[22]
  -------------------------------------------------------------------
                         required time                         14.319    
                         arrival time                          -7.062    
  -------------------------------------------------------------------
                         slack                                  7.257    

Slack (MET) :             7.257ns  (required time - arrival time)
  Source:                 clk_div/cnt_reg[0]/C
                            (rising edge-triggered cell FDRE clocked by clk  {rise@0.000ns fall@5.000ns period=10.000ns})
  Destination:            clk_div/cnt_reg[23]/R
                            (rising edge-triggered cell FDRE clocked by clk  {rise@0.000ns fall@5.000ns period=10.000ns})
  Path Group:             clk
  Path Type:              Setup (Max at Slow Process Corner)
  Requirement:            10.000ns  (clk rise@10.000ns - clk rise@0.000ns)
  Data Path Delay:        2.376ns  (logic 0.345ns (14.522%)  route 2.031ns (85.478%))
  Logic Levels:           2  (LUT6=2)
  Clock Path Skew:        -0.028ns (DCD - SCD + CPR)
    Destination Clock Delay (DCD):    4.306ns = ( 14.306 - 10.000 ) 
    Source Clock Delay      (SCD):    4.686ns
    Clock Pessimism Removal (CPR):    0.352ns
  Clock Uncertainty:      0.035ns  ((TSJ^2 + TIJ^2)^1/2 + DJ) / 2 + PE
    Total System Jitter     (TSJ):    0.071ns
    Total Input Jitter      (TIJ):    0.000ns
    Discrete Jitter          (DJ):    0.000ns
    Phase Error              (PE):    0.000ns

    Location             Delay type                Incr(ns)  Path(ns)    Netlist Resource(s)
  -------------------------------------------------------------------    -------------------
                         (clock clk rise edge)        0.000     0.000 r  
    AC18                                              0.000     0.000 r  clk (IN)
                         net (fo=0)                   0.000     0.000    clk
    AC18                 IBUF (Prop_ibuf_I_O)         0.639     0.639 r  clk_IBUF_inst/O
                         net (fo=1, routed)           2.283     2.922    clk_IBUF
    BUFGCTRL_X0Y0        BUFG (Prop_bufg_I_O)         0.093     3.015 r  clk_IBUF_BUFG_inst/O
                         net (fo=46, routed)          1.671     4.686    clk_div/clk_IBUF_BUFG
    SLICE_X6Y18          FDRE                                         r  clk_div/cnt_reg[0]/C
  -------------------------------------------------------------------    -------------------
    SLICE_X6Y18          FDRE (Prop_fdre_C_Q)         0.259     4.945 r  clk_div/cnt_reg[0]/Q
                         net (fo=3, routed)           0.670     5.615    clk_div/cnt[0]
    SLICE_X6Y23          LUT6 (Prop_lut6_I5_O)        0.043     5.658 f  clk_div/cnt[25]_i_8/O
                         net (fo=1, routed)           0.618     6.276    clk_div/cnt[25]_i_8_n_0
    SLICE_X6Y20          LUT6 (Prop_lut6_I5_O)        0.043     6.319 r  clk_div/cnt[25]_i_2/O
                         net (fo=26, routed)          0.743     7.062    clk_div/clk_1s
    SLICE_X7Y23          FDRE                                         r  clk_div/cnt_reg[23]/R
  -------------------------------------------------------------------    -------------------

                         (clock clk rise edge)       10.000    10.000 r  
    AC18                                              0.000    10.000 r  clk (IN)
                         net (fo=0)                   0.000    10.000    clk
    AC18                 IBUF (Prop_ibuf_I_O)         0.533    10.533 r  clk_IBUF_inst/O
                         net (fo=1, routed)           2.159    12.692    clk_IBUF
    BUFGCTRL_X0Y0        BUFG (Prop_bufg_I_O)         0.083    12.775 r  clk_IBUF_BUFG_inst/O
                         net (fo=46, routed)          1.531    14.306    clk_div/clk_IBUF_BUFG
    SLICE_X7Y23          FDRE                                         r  clk_div/cnt_reg[23]/C
                         clock pessimism              0.352    14.658    
                         clock uncertainty           -0.035    14.623    
    SLICE_X7Y23          FDRE (Setup_fdre_C_R)       -0.304    14.319    clk_div/cnt_reg[23]
  -------------------------------------------------------------------
                         required time                         14.319    
                         arrival time                          -7.062    
  -------------------------------------------------------------------
                         slack                                  7.257    

Slack (MET) :             7.257ns  (required time - arrival time)
  Source:                 clk_div/cnt_reg[0]/C
                            (rising edge-triggered cell FDRE clocked by clk  {rise@0.000ns fall@5.000ns period=10.000ns})
  Destination:            clk_div/cnt_reg[24]/R
                            (rising edge-triggered cell FDRE clocked by clk  {rise@0.000ns fall@5.000ns period=10.000ns})
  Path Group:             clk
  Path Type:              Setup (Max at Slow Process Corner)
  Requirement:            10.000ns  (clk rise@10.000ns - clk rise@0.000ns)
  Data Path Delay:        2.376ns  (logic 0.345ns (14.522%)  route 2.031ns (85.478%))
  Logic Levels:           2  (LUT6=2)
  Clock Path Skew:        -0.028ns (DCD - SCD + CPR)
    Destination Clock Delay (DCD):    4.306ns = ( 14.306 - 10.000 ) 
    Source Clock Delay      (SCD):    4.686ns
    Clock Pessimism Removal (CPR):    0.352ns
  Clock Uncertainty:      0.035ns  ((TSJ^2 + TIJ^2)^1/2 + DJ) / 2 + PE
    Total System Jitter     (TSJ):    0.071ns
    Total Input Jitter      (TIJ):    0.000ns
    Discrete Jitter          (DJ):    0.000ns
    Phase Error              (PE):    0.000ns

    Location             Delay type                Incr(ns)  Path(ns)    Netlist Resource(s)
  -------------------------------------------------------------------    -------------------
                         (clock clk rise edge)        0.000     0.000 r  
    AC18                                              0.000     0.000 r  clk (IN)
                         net (fo=0)                   0.000     0.000    clk
    AC18                 IBUF (Prop_ibuf_I_O)         0.639     0.639 r  clk_IBUF_inst/O
                         net (fo=1, routed)           2.283     2.922    clk_IBUF
    BUFGCTRL_X0Y0        BUFG (Prop_bufg_I_O)         0.093     3.015 r  clk_IBUF_BUFG_inst/O
                         net (fo=46, routed)          1.671     4.686    clk_div/clk_IBUF_BUFG
    SLICE_X6Y18          FDRE                                         r  clk_div/cnt_reg[0]/C
  -------------------------------------------------------------------    -------------------
    SLICE_X6Y18          FDRE (Prop_fdre_C_Q)         0.259     4.945 r  clk_div/cnt_reg[0]/Q
                         net (fo=3, routed)           0.670     5.615    clk_div/cnt[0]
    SLICE_X6Y23          LUT6 (Prop_lut6_I5_O)        0.043     5.658 f  clk_div/cnt[25]_i_8/O
                         net (fo=1, routed)           0.618     6.276    clk_div/cnt[25]_i_8_n_0
    SLICE_X6Y20          LUT6 (Prop_lut6_I5_O)        0.043     6.319 r  clk_div/cnt[25]_i_2/O
                         net (fo=26, routed)          0.743     7.062    clk_div/clk_1s
    SLICE_X7Y23          FDRE                                         r  clk_div/cnt_reg[24]/R
  -------------------------------------------------------------------    -------------------

                         (clock clk rise edge)       10.000    10.000 r  
    AC18                                              0.000    10.000 r  clk (IN)
                         net (fo=0)                   0.000    10.000    clk
    AC18                 IBUF (Prop_ibuf_I_O)         0.533    10.533 r  clk_IBUF_inst/O
                         net (fo=1, routed)           2.159    12.692    clk_IBUF
    BUFGCTRL_X0Y0        BUFG (Prop_bufg_I_O)         0.083    12.775 r  clk_IBUF_BUFG_inst/O
                         net (fo=46, routed)          1.531    14.306    clk_div/clk_IBUF_BUFG
    SLICE_X7Y23          FDRE                                         r  clk_div/cnt_reg[24]/C
                         clock pessimism              0.352    14.658    
                         clock uncertainty           -0.035    14.623    
    SLICE_X7Y23          FDRE (Setup_fdre_C_R)       -0.304    14.319    clk_div/cnt_reg[24]
  -------------------------------------------------------------------
                         required time                         14.319    
                         arrival time                          -7.062    
  -------------------------------------------------------------------
                         slack                                  7.257    

Slack (MET) :             7.347ns  (required time - arrival time)
  Source:                 clk_div/cnt_reg[0]/C
                            (rising edge-triggered cell FDRE clocked by clk  {rise@0.000ns fall@5.000ns period=10.000ns})
  Destination:            clk_div/cnt_reg[17]/R
                            (rising edge-triggered cell FDRE clocked by clk  {rise@0.000ns fall@5.000ns period=10.000ns})
  Path Group:             clk
  Path Type:              Setup (Max at Slow Process Corner)
  Requirement:            10.000ns  (clk rise@10.000ns - clk rise@0.000ns)
  Data Path Delay:        2.286ns  (logic 0.345ns (15.090%)  route 1.941ns (84.910%))
  Logic Levels:           2  (LUT6=2)
  Clock Path Skew:        -0.027ns (DCD - SCD + CPR)
    Destination Clock Delay (DCD):    4.307ns = ( 14.307 - 10.000 ) 
    Source Clock Delay      (SCD):    4.686ns
    Clock Pessimism Removal (CPR):    0.352ns
  Clock Uncertainty:      0.035ns  ((TSJ^2 + TIJ^2)^1/2 + DJ) / 2 + PE
    Total System Jitter     (TSJ):    0.071ns
    Total Input Jitter      (TIJ):    0.000ns
    Discrete Jitter          (DJ):    0.000ns
    Phase Error              (PE):    0.000ns

    Location             Delay type                Incr(ns)  Path(ns)    Netlist Resource(s)
  -------------------------------------------------------------------    -------------------
                         (clock clk rise edge)        0.000     0.000 r  
    AC18                                              0.000     0.000 r  clk (IN)
                         net (fo=0)                   0.000     0.000    clk
    AC18                 IBUF (Prop_ibuf_I_O)         0.639     0.639 r  clk_IBUF_inst/O
                         net (fo=1, routed)           2.283     2.922    clk_IBUF
    BUFGCTRL_X0Y0        BUFG (Prop_bufg_I_O)         0.093     3.015 r  clk_IBUF_BUFG_inst/O
                         net (fo=46, routed)          1.671     4.686    clk_div/clk_IBUF_BUFG
    SLICE_X6Y18          FDRE                                         r  clk_div/cnt_reg[0]/C
  -------------------------------------------------------------------    -------------------
    SLICE_X6Y18          FDRE (Prop_fdre_C_Q)         0.259     4.945 r  clk_div/cnt_reg[0]/Q
                         net (fo=3, routed)           0.670     5.615    clk_div/cnt[0]
    SLICE_X6Y23          LUT6 (Prop_lut6_I5_O)        0.043     5.658 f  clk_div/cnt[25]_i_8/O
                         net (fo=1, routed)           0.618     6.276    clk_div/cnt[25]_i_8_n_0
    SLICE_X6Y20          LUT6 (Prop_lut6_I5_O)        0.043     6.319 r  clk_div/cnt[25]_i_2/O
                         net (fo=26, routed)          0.653     6.972    clk_div/clk_1s
    SLICE_X7Y22          FDRE                                         r  clk_div/cnt_reg[17]/R
  -------------------------------------------------------------------    -------------------

                         (clock clk rise edge)       10.000    10.000 r  
    AC18                                              0.000    10.000 r  clk (IN)
                         net (fo=0)                   0.000    10.000    clk
    AC18                 IBUF (Prop_ibuf_I_O)         0.533    10.533 r  clk_IBUF_inst/O
                         net (fo=1, routed)           2.159    12.692    clk_IBUF
    BUFGCTRL_X0Y0        BUFG (Prop_bufg_I_O)         0.083    12.775 r  clk_IBUF_BUFG_inst/O
                         net (fo=46, routed)          1.532    14.307    clk_div/clk_IBUF_BUFG
    SLICE_X7Y22          FDRE                                         r  clk_div/cnt_reg[17]/C
                         clock pessimism              0.352    14.659    
                         clock uncertainty           -0.035    14.624    
    SLICE_X7Y22          FDRE (Setup_fdre_C_R)       -0.304    14.320    clk_div/cnt_reg[17]
  -------------------------------------------------------------------
                         required time                         14.320    
                         arrival time                          -6.972    
  -------------------------------------------------------------------
                         slack                                  7.347    

Slack (MET) :             7.347ns  (required time - arrival time)
  Source:                 clk_div/cnt_reg[0]/C
                            (rising edge-triggered cell FDRE clocked by clk  {rise@0.000ns fall@5.000ns period=10.000ns})
  Destination:            clk_div/cnt_reg[18]/R
                            (rising edge-triggered cell FDRE clocked by clk  {rise@0.000ns fall@5.000ns period=10.000ns})
  Path Group:             clk
  Path Type:              Setup (Max at Slow Process Corner)
  Requirement:            10.000ns  (clk rise@10.000ns - clk rise@0.000ns)
  Data Path Delay:        2.286ns  (logic 0.345ns (15.090%)  route 1.941ns (84.910%))
  Logic Levels:           2  (LUT6=2)
  Clock Path Skew:        -0.027ns (DCD - SCD + CPR)
    Destination Clock Delay (DCD):    4.307ns = ( 14.307 - 10.000 ) 
    Source Clock Delay      (SCD):    4.686ns
    Clock Pessimism Removal (CPR):    0.352ns
  Clock Uncertainty:      0.035ns  ((TSJ^2 + TIJ^2)^1/2 + DJ) / 2 + PE
    Total System Jitter     (TSJ):    0.071ns
    Total Input Jitter      (TIJ):    0.000ns
    Discrete Jitter          (DJ):    0.000ns
    Phase Error              (PE):    0.000ns

    Location             Delay type                Incr(ns)  Path(ns)    Netlist Resource(s)
  -------------------------------------------------------------------    -------------------
                         (clock clk rise edge)        0.000     0.000 r  
    AC18                                              0.000     0.000 r  clk (IN)
                         net (fo=0)                   0.000     0.000    clk
    AC18                 IBUF (Prop_ibuf_I_O)         0.639     0.639 r  clk_IBUF_inst/O
                         net (fo=1, routed)           2.283     2.922    clk_IBUF
    BUFGCTRL_X0Y0        BUFG (Prop_bufg_I_O)         0.093     3.015 r  clk_IBUF_BUFG_inst/O
                         net (fo=46, routed)          1.671     4.686    clk_div/clk_IBUF_BUFG
    SLICE_X6Y18          FDRE                                         r  clk_div/cnt_reg[0]/C
  -------------------------------------------------------------------    -------------------
    SLICE_X6Y18          FDRE (Prop_fdre_C_Q)         0.259     4.945 r  clk_div/cnt_reg[0]/Q
                         net (fo=3, routed)           0.670     5.615    clk_div/cnt[0]
    SLICE_X6Y23          LUT6 (Prop_lut6_I5_O)        0.043     5.658 f  clk_div/cnt[25]_i_8/O
                         net (fo=1, routed)           0.618     6.276    clk_div/cnt[25]_i_8_n_0
    SLICE_X6Y20          LUT6 (Prop_lut6_I5_O)        0.043     6.319 r  clk_div/cnt[25]_i_2/O
                         net (fo=26, routed)          0.653     6.972    clk_div/clk_1s
    SLICE_X7Y22          FDRE                                         r  clk_div/cnt_reg[18]/R
  -------------------------------------------------------------------    -------------------

                         (clock clk rise edge)       10.000    10.000 r  
    AC18                                              0.000    10.000 r  clk (IN)
                         net (fo=0)                   0.000    10.000    clk
    AC18                 IBUF (Prop_ibuf_I_O)         0.533    10.533 r  clk_IBUF_inst/O
                         net (fo=1, routed)           2.159    12.692    clk_IBUF
    BUFGCTRL_X0Y0        BUFG (Prop_bufg_I_O)         0.083    12.775 r  clk_IBUF_BUFG_inst/O
                         net (fo=46, routed)          1.532    14.307    clk_div/clk_IBUF_BUFG
    SLICE_X7Y22          FDRE                                         r  clk_div/cnt_reg[18]/C
                         clock pessimism              0.352    14.659    
                         clock uncertainty           -0.035    14.624    
    SLICE_X7Y22          FDRE (Setup_fdre_C_R)       -0.304    14.320    clk_div/cnt_reg[18]
  -------------------------------------------------------------------
                         required time                         14.320    
                         arrival time                          -6.972    
  -------------------------------------------------------------------
                         slack                                  7.347    

Slack (MET) :             7.347ns  (required time - arrival time)
  Source:                 clk_div/cnt_reg[0]/C
                            (rising edge-triggered cell FDRE clocked by clk  {rise@0.000ns fall@5.000ns period=10.000ns})
  Destination:            clk_div/cnt_reg[19]/R
                            (rising edge-triggered cell FDRE clocked by clk  {rise@0.000ns fall@5.000ns period=10.000ns})
  Path Group:             clk
  Path Type:              Setup (Max at Slow Process Corner)
  Requirement:            10.000ns  (clk rise@10.000ns - clk rise@0.000ns)
  Data Path Delay:        2.286ns  (logic 0.345ns (15.090%)  route 1.941ns (84.910%))
  Logic Levels:           2  (LUT6=2)
  Clock Path Skew:        -0.027ns (DCD - SCD + CPR)
    Destination Clock Delay (DCD):    4.307ns = ( 14.307 - 10.000 ) 
    Source Clock Delay      (SCD):    4.686ns
    Clock Pessimism Removal (CPR):    0.352ns
  Clock Uncertainty:      0.035ns  ((TSJ^2 + TIJ^2)^1/2 + DJ) / 2 + PE
    Total System Jitter     (TSJ):    0.071ns
    Total Input Jitter      (TIJ):    0.000ns
    Discrete Jitter          (DJ):    0.000ns
    Phase Error              (PE):    0.000ns

    Location             Delay type                Incr(ns)  Path(ns)    Netlist Resource(s)
  -------------------------------------------------------------------    -------------------
                         (clock clk rise edge)        0.000     0.000 r  
    AC18                                              0.000     0.000 r  clk (IN)
                         net (fo=0)                   0.000     0.000    clk
    AC18                 IBUF (Prop_ibuf_I_O)         0.639     0.639 r  clk_IBUF_inst/O
                         net (fo=1, routed)           2.283     2.922    clk_IBUF
    BUFGCTRL_X0Y0        BUFG (Prop_bufg_I_O)         0.093     3.015 r  clk_IBUF_BUFG_inst/O
                         net (fo=46, routed)          1.671     4.686    clk_div/clk_IBUF_BUFG
    SLICE_X6Y18          FDRE                                         r  clk_div/cnt_reg[0]/C
  -------------------------------------------------------------------    -------------------
    SLICE_X6Y18          FDRE (Prop_fdre_C_Q)         0.259     4.945 r  clk_div/cnt_reg[0]/Q
                         net (fo=3, routed)           0.670     5.615    clk_div/cnt[0]
    SLICE_X6Y23          LUT6 (Prop_lut6_I5_O)        0.043     5.658 f  clk_div/cnt[25]_i_8/O
                         net (fo=1, routed)           0.618     6.276    clk_div/cnt[25]_i_8_n_0
    SLICE_X6Y20          LUT6 (Prop_lut6_I5_O)        0.043     6.319 r  clk_div/cnt[25]_i_2/O
                         net (fo=26, routed)          0.653     6.972    clk_div/clk_1s
    SLICE_X7Y22          FDRE                                         r  clk_div/cnt_reg[19]/R
  -------------------------------------------------------------------    -------------------

                         (clock clk rise edge)       10.000    10.000 r  
    AC18                                              0.000    10.000 r  clk (IN)
                         net (fo=0)                   0.000    10.000    clk
    AC18                 IBUF (Prop_ibuf_I_O)         0.533    10.533 r  clk_IBUF_inst/O
                         net (fo=1, routed)           2.159    12.692    clk_IBUF
    BUFGCTRL_X0Y0        BUFG (Prop_bufg_I_O)         0.083    12.775 r  clk_IBUF_BUFG_inst/O
                         net (fo=46, routed)          1.532    14.307    clk_div/clk_IBUF_BUFG
    SLICE_X7Y22          FDRE                                         r  clk_div/cnt_reg[19]/C
                         clock pessimism              0.352    14.659    
                         clock uncertainty           -0.035    14.624    
    SLICE_X7Y22          FDRE (Setup_fdre_C_R)       -0.304    14.320    clk_div/cnt_reg[19]
  -------------------------------------------------------------------
                         required time                         14.320    
                         arrival time                          -6.972    
  -------------------------------------------------------------------
                         slack                                  7.347    

Slack (MET) :             7.347ns  (required time - arrival time)
  Source:                 clk_div/cnt_reg[0]/C
                            (rising edge-triggered cell FDRE clocked by clk  {rise@0.000ns fall@5.000ns period=10.000ns})
  Destination:            clk_div/cnt_reg[20]/R
                            (rising edge-triggered cell FDRE clocked by clk  {rise@0.000ns fall@5.000ns period=10.000ns})
  Path Group:             clk
  Path Type:              Setup (Max at Slow Process Corner)
  Requirement:            10.000ns  (clk rise@10.000ns - clk rise@0.000ns)
  Data Path Delay:        2.286ns  (logic 0.345ns (15.090%)  route 1.941ns (84.910%))
  Logic Levels:           2  (LUT6=2)
  Clock Path Skew:        -0.027ns (DCD - SCD + CPR)
    Destination Clock Delay (DCD):    4.307ns = ( 14.307 - 10.000 ) 
    Source Clock Delay      (SCD):    4.686ns
    Clock Pessimism Removal (CPR):    0.352ns
  Clock Uncertainty:      0.035ns  ((TSJ^2 + TIJ^2)^1/2 + DJ) / 2 + PE
    Total System Jitter     (TSJ):    0.071ns
    Total Input Jitter      (TIJ):    0.000ns
    Discrete Jitter          (DJ):    0.000ns
    Phase Error              (PE):    0.000ns

    Location             Delay type                Incr(ns)  Path(ns)    Netlist Resource(s)
  -------------------------------------------------------------------    -------------------
                         (clock clk rise edge)        0.000     0.000 r  
    AC18                                              0.000     0.000 r  clk (IN)
                         net (fo=0)                   0.000     0.000    clk
    AC18                 IBUF (Prop_ibuf_I_O)         0.639     0.639 r  clk_IBUF_inst/O
                         net (fo=1, routed)           2.283     2.922    clk_IBUF
    BUFGCTRL_X0Y0        BUFG (Prop_bufg_I_O)         0.093     3.015 r  clk_IBUF_BUFG_inst/O
                         net (fo=46, routed)          1.671     4.686    clk_div/clk_IBUF_BUFG
    SLICE_X6Y18          FDRE                                         r  clk_div/cnt_reg[0]/C
  -------------------------------------------------------------------    -------------------
    SLICE_X6Y18          FDRE (Prop_fdre_C_Q)         0.259     4.945 r  clk_div/cnt_reg[0]/Q
                         net (fo=3, routed)           0.670     5.615    clk_div/cnt[0]
    SLICE_X6Y23          LUT6 (Prop_lut6_I5_O)        0.043     5.658 f  clk_div/cnt[25]_i_8/O
                         net (fo=1, routed)           0.618     6.276    clk_div/cnt[25]_i_8_n_0
    SLICE_X6Y20          LUT6 (Prop_lut6_I5_O)        0.043     6.319 r  clk_div/cnt[25]_i_2/O
                         net (fo=26, routed)          0.653     6.972    clk_div/clk_1s
    SLICE_X7Y22          FDRE                                         r  clk_div/cnt_reg[20]/R
  -------------------------------------------------------------------    -------------------

                         (clock clk rise edge)       10.000    10.000 r  
    AC18                                              0.000    10.000 r  clk (IN)
                         net (fo=0)                   0.000    10.000    clk
    AC18                 IBUF (Prop_ibuf_I_O)         0.533    10.533 r  clk_IBUF_inst/O
                         net (fo=1, routed)           2.159    12.692    clk_IBUF
    BUFGCTRL_X0Y0        BUFG (Prop_bufg_I_O)         0.083    12.775 r  clk_IBUF_BUFG_inst/O
                         net (fo=46, routed)          1.532    14.307    clk_div/clk_IBUF_BUFG
    SLICE_X7Y22          FDRE                                         r  clk_div/cnt_reg[20]/C
                         clock pessimism              0.352    14.659    
                         clock uncertainty           -0.035    14.624    
    SLICE_X7Y22          FDRE (Setup_fdre_C_R)       -0.304    14.320    clk_div/cnt_reg[20]
  -------------------------------------------------------------------
                         required time                         14.320    
                         arrival time                          -6.972    
  -------------------------------------------------------------------
                         slack                                  7.347    





Min Delay Paths
--------------------------------------------------------------------------------------
Slack (MET) :             0.200ns  (arrival time - required time)
  Source:                 u_display/clkdiv_inst/div_res_reg[3]/C
                            (rising edge-triggered cell FDRE clocked by clk  {rise@0.000ns fall@5.000ns period=10.000ns})
  Destination:            u_display/clkdiv_inst/div_res_reg[3]/D
                            (rising edge-triggered cell FDRE clocked by clk  {rise@0.000ns fall@5.000ns period=10.000ns})
  Path Group:             clk
  Path Type:              Hold (Min at Fast Process Corner)
  Requirement:            0.000ns  (clk rise@0.000ns - clk rise@0.000ns)
  Data Path Delay:        0.271ns  (logic 0.177ns (65.390%)  route 0.094ns (34.610%))
  Logic Levels:           1  (CARRY4=1)
  Clock Path Skew:        0.000ns (DCD - SCD - CPR)
    Destination Clock Delay (DCD):    2.435ns
    Source Clock Delay      (SCD):    1.958ns
    Clock Pessimism Removal (CPR):    0.477ns

    Location             Delay type                Incr(ns)  Path(ns)    Netlist Resource(s)
  -------------------------------------------------------------------    -------------------
                         (clock clk rise edge)        0.000     0.000 r  
    AC18                                              0.000     0.000 r  clk (IN)
                         net (fo=0)                   0.000     0.000    clk
    AC18                 IBUF (Prop_ibuf_I_O)         0.146     0.146 r  clk_IBUF_inst/O
                         net (fo=1, routed)           1.074     1.220    clk_IBUF
    BUFGCTRL_X0Y0        BUFG (Prop_bufg_I_O)         0.026     1.246 r  clk_IBUF_BUFG_inst/O
                         net (fo=46, routed)          0.712     1.958    u_display/clkdiv_inst/clk
    SLICE_X1Y16          FDRE                                         r  u_display/clkdiv_inst/div_res_reg[3]/C
  -------------------------------------------------------------------    -------------------
    SLICE_X1Y16          FDRE (Prop_fdre_C_Q)         0.100     2.058 r  u_display/clkdiv_inst/div_res_reg[3]/Q
                         net (fo=1, routed)           0.094     2.151    u_display/clkdiv_inst/div_res_reg_n_0_[3]
    SLICE_X1Y16          CARRY4 (Prop_carry4_S[3]_O[3])
                                                      0.077     2.228 r  u_display/clkdiv_inst/div_res_reg[0]_i_1/O[3]
                         net (fo=1, routed)           0.000     2.228    u_display/clkdiv_inst/div_res_reg[0]_i_1_n_4
    SLICE_X1Y16          FDRE                                         r  u_display/clkdiv_inst/div_res_reg[3]/D
  -------------------------------------------------------------------    -------------------

                         (clock clk rise edge)        0.000     0.000 r  
    AC18                                              0.000     0.000 r  clk (IN)
                         net (fo=0)                   0.000     0.000    clk
    AC18                 IBUF (Prop_ibuf_I_O)         0.312     0.312 r  clk_IBUF_inst/O
                         net (fo=1, routed)           1.143     1.455    clk_IBUF
    BUFGCTRL_X0Y0        BUFG (Prop_bufg_I_O)         0.030     1.485 r  clk_IBUF_BUFG_inst/O
                         net (fo=46, routed)          0.950     2.435    u_display/clkdiv_inst/clk
    SLICE_X1Y16          FDRE                                         r  u_display/clkdiv_inst/div_res_reg[3]/C
                         clock pessimism             -0.477     1.958    
    SLICE_X1Y16          FDRE (Hold_fdre_C_D)         0.071     2.029    u_display/clkdiv_inst/div_res_reg[3]
  -------------------------------------------------------------------
                         required time                         -2.029    
                         arrival time                           2.228    
  -------------------------------------------------------------------
                         slack                                  0.200    

Slack (MET) :             0.200ns  (arrival time - required time)
  Source:                 u_display/clkdiv_inst/div_res_reg[11]/C
                            (rising edge-triggered cell FDRE clocked by clk  {rise@0.000ns fall@5.000ns period=10.000ns})
  Destination:            u_display/clkdiv_inst/div_res_reg[11]/D
                            (rising edge-triggered cell FDRE clocked by clk  {rise@0.000ns fall@5.000ns period=10.000ns})
  Path Group:             clk
  Path Type:              Hold (Min at Fast Process Corner)
  Requirement:            0.000ns  (clk rise@0.000ns - clk rise@0.000ns)
  Data Path Delay:        0.271ns  (logic 0.177ns (65.390%)  route 0.094ns (34.610%))
  Logic Levels:           1  (CARRY4=1)
  Clock Path Skew:        0.000ns (DCD - SCD - CPR)
    Destination Clock Delay (DCD):    2.433ns
    Source Clock Delay      (SCD):    1.956ns
    Clock Pessimism Removal (CPR):    0.477ns

    Location             Delay type                Incr(ns)  Path(ns)    Netlist Resource(s)
  -------------------------------------------------------------------    -------------------
                         (clock clk rise edge)        0.000     0.000 r  
    AC18                                              0.000     0.000 r  clk (IN)
                         net (fo=0)                   0.000     0.000    clk
    AC18                 IBUF (Prop_ibuf_I_O)         0.146     0.146 r  clk_IBUF_inst/O
                         net (fo=1, routed)           1.074     1.220    clk_IBUF
    BUFGCTRL_X0Y0        BUFG (Prop_bufg_I_O)         0.026     1.246 r  clk_IBUF_BUFG_inst/O
                         net (fo=46, routed)          0.710     1.956    u_display/clkdiv_inst/clk
    SLICE_X1Y18          FDRE                                         r  u_display/clkdiv_inst/div_res_reg[11]/C
  -------------------------------------------------------------------    -------------------
    SLICE_X1Y18          FDRE (Prop_fdre_C_Q)         0.100     2.056 r  u_display/clkdiv_inst/div_res_reg[11]/Q
                         net (fo=1, routed)           0.094     2.149    u_display/clkdiv_inst/div_res_reg_n_0_[11]
    SLICE_X1Y18          CARRY4 (Prop_carry4_S[3]_O[3])
                                                      0.077     2.226 r  u_display/clkdiv_inst/div_res_reg[8]_i_1/O[3]
                         net (fo=1, routed)           0.000     2.226    u_display/clkdiv_inst/div_res_reg[8]_i_1_n_4
    SLICE_X1Y18          FDRE                                         r  u_display/clkdiv_inst/div_res_reg[11]/D
  -------------------------------------------------------------------    -------------------

                         (clock clk rise edge)        0.000     0.000 r  
    AC18                                              0.000     0.000 r  clk (IN)
                         net (fo=0)                   0.000     0.000    clk
    AC18                 IBUF (Prop_ibuf_I_O)         0.312     0.312 r  clk_IBUF_inst/O
                         net (fo=1, routed)           1.143     1.455    clk_IBUF
    BUFGCTRL_X0Y0        BUFG (Prop_bufg_I_O)         0.030     1.485 r  clk_IBUF_BUFG_inst/O
                         net (fo=46, routed)          0.948     2.433    u_display/clkdiv_inst/clk
    SLICE_X1Y18          FDRE                                         r  u_display/clkdiv_inst/div_res_reg[11]/C
                         clock pessimism             -0.477     1.956    
    SLICE_X1Y18          FDRE (Hold_fdre_C_D)         0.071     2.027    u_display/clkdiv_inst/div_res_reg[11]
  -------------------------------------------------------------------
                         required time                         -2.027    
                         arrival time                           2.226    
  -------------------------------------------------------------------
                         slack                                  0.200    

Slack (MET) :             0.200ns  (arrival time - required time)
  Source:                 u_display/clkdiv_inst/div_res_reg[15]/C
                            (rising edge-triggered cell FDRE clocked by clk  {rise@0.000ns fall@5.000ns period=10.000ns})
  Destination:            u_display/clkdiv_inst/div_res_reg[15]/D
                            (rising edge-triggered cell FDRE clocked by clk  {rise@0.000ns fall@5.000ns period=10.000ns})
  Path Group:             clk
  Path Type:              Hold (Min at Fast Process Corner)
  Requirement:            0.000ns  (clk rise@0.000ns - clk rise@0.000ns)
  Data Path Delay:        0.271ns  (logic 0.177ns (65.390%)  route 0.094ns (34.610%))
  Logic Levels:           1  (CARRY4=1)
  Clock Path Skew:        0.000ns (DCD - SCD - CPR)
    Destination Clock Delay (DCD):    2.432ns
    Source Clock Delay      (SCD):    1.955ns
    Clock Pessimism Removal (CPR):    0.477ns

    Location             Delay type                Incr(ns)  Path(ns)    Netlist Resource(s)
  -------------------------------------------------------------------    -------------------
                         (clock clk rise edge)        0.000     0.000 r  
    AC18                                              0.000     0.000 r  clk (IN)
                         net (fo=0)                   0.000     0.000    clk
    AC18                 IBUF (Prop_ibuf_I_O)         0.146     0.146 r  clk_IBUF_inst/O
                         net (fo=1, routed)           1.074     1.220    clk_IBUF
    BUFGCTRL_X0Y0        BUFG (Prop_bufg_I_O)         0.026     1.246 r  clk_IBUF_BUFG_inst/O
                         net (fo=46, routed)          0.709     1.955    u_display/clkdiv_inst/clk
    SLICE_X1Y19          FDRE                                         r  u_display/clkdiv_inst/div_res_reg[15]/C
  -------------------------------------------------------------------    -------------------
    SLICE_X1Y19          FDRE (Prop_fdre_C_Q)         0.100     2.055 r  u_display/clkdiv_inst/div_res_reg[15]/Q
                         net (fo=1, routed)           0.094     2.148    u_display/clkdiv_inst/div_res_reg_n_0_[15]
    SLICE_X1Y19          CARRY4 (Prop_carry4_S[3]_O[3])
                                                      0.077     2.225 r  u_display/clkdiv_inst/div_res_reg[12]_i_1/O[3]
                         net (fo=1, routed)           0.000     2.225    u_display/clkdiv_inst/div_res_reg[12]_i_1_n_4
    SLICE_X1Y19          FDRE                                         r  u_display/clkdiv_inst/div_res_reg[15]/D
  -------------------------------------------------------------------    -------------------

                         (clock clk rise edge)        0.000     0.000 r  
    AC18                                              0.000     0.000 r  clk (IN)
                         net (fo=0)                   0.000     0.000    clk
    AC18                 IBUF (Prop_ibuf_I_O)         0.312     0.312 r  clk_IBUF_inst/O
                         net (fo=1, routed)           1.143     1.455    clk_IBUF
    BUFGCTRL_X0Y0        BUFG (Prop_bufg_I_O)         0.030     1.485 r  clk_IBUF_BUFG_inst/O
                         net (fo=46, routed)          0.947     2.432    u_display/clkdiv_inst/clk
    SLICE_X1Y19          FDRE                                         r  u_display/clkdiv_inst/div_res_reg[15]/C
                         clock pessimism             -0.477     1.955    
    SLICE_X1Y19          FDRE (Hold_fdre_C_D)         0.071     2.026    u_display/clkdiv_inst/div_res_reg[15]
  -------------------------------------------------------------------
                         required time                         -2.026    
                         arrival time                           2.225    
  -------------------------------------------------------------------
                         slack                                  0.200    

Slack (MET) :             0.200ns  (arrival time - required time)
  Source:                 u_display/clkdiv_inst/div_res_reg[7]/C
                            (rising edge-triggered cell FDRE clocked by clk  {rise@0.000ns fall@5.000ns period=10.000ns})
  Destination:            u_display/clkdiv_inst/div_res_reg[7]/D
                            (rising edge-triggered cell FDRE clocked by clk  {rise@0.000ns fall@5.000ns period=10.000ns})
  Path Group:             clk
  Path Type:              Hold (Min at Fast Process Corner)
  Requirement:            0.000ns  (clk rise@0.000ns - clk rise@0.000ns)
  Data Path Delay:        0.271ns  (logic 0.177ns (65.390%)  route 0.094ns (34.610%))
  Logic Levels:           1  (CARRY4=1)
  Clock Path Skew:        0.000ns (DCD - SCD - CPR)
    Destination Clock Delay (DCD):    2.434ns
    Source Clock Delay      (SCD):    1.957ns
    Clock Pessimism Removal (CPR):    0.477ns

    Location             Delay type                Incr(ns)  Path(ns)    Netlist Resource(s)
  -------------------------------------------------------------------    -------------------
                         (clock clk rise edge)        0.000     0.000 r  
    AC18                                              0.000     0.000 r  clk (IN)
                         net (fo=0)                   0.000     0.000    clk
    AC18                 IBUF (Prop_ibuf_I_O)         0.146     0.146 r  clk_IBUF_inst/O
                         net (fo=1, routed)           1.074     1.220    clk_IBUF
    BUFGCTRL_X0Y0        BUFG (Prop_bufg_I_O)         0.026     1.246 r  clk_IBUF_BUFG_inst/O
                         net (fo=46, routed)          0.711     1.957    u_display/clkdiv_inst/clk
    SLICE_X1Y17          FDRE                                         r  u_display/clkdiv_inst/div_res_reg[7]/C
  -------------------------------------------------------------------    -------------------
    SLICE_X1Y17          FDRE (Prop_fdre_C_Q)         0.100     2.057 r  u_display/clkdiv_inst/div_res_reg[7]/Q
                         net (fo=1, routed)           0.094     2.150    u_display/clkdiv_inst/div_res_reg_n_0_[7]
    SLICE_X1Y17          CARRY4 (Prop_carry4_S[3]_O[3])
                                                      0.077     2.227 r  u_display/clkdiv_inst/div_res_reg[4]_i_1/O[3]
                         net (fo=1, routed)           0.000     2.227    u_display/clkdiv_inst/div_res_reg[4]_i_1_n_4
    SLICE_X1Y17          FDRE                                         r  u_display/clkdiv_inst/div_res_reg[7]/D
  -------------------------------------------------------------------    -------------------

                         (clock clk rise edge)        0.000     0.000 r  
    AC18                                              0.000     0.000 r  clk (IN)
                         net (fo=0)                   0.000     0.000    clk
    AC18                 IBUF (Prop_ibuf_I_O)         0.312     0.312 r  clk_IBUF_inst/O
                         net (fo=1, routed)           1.143     1.455    clk_IBUF
    BUFGCTRL_X0Y0        BUFG (Prop_bufg_I_O)         0.030     1.485 r  clk_IBUF_BUFG_inst/O
                         net (fo=46, routed)          0.949     2.434    u_display/clkdiv_inst/clk
    SLICE_X1Y17          FDRE                                         r  u_display/clkdiv_inst/div_res_reg[7]/C
                         clock pessimism             -0.477     1.957    
    SLICE_X1Y17          FDRE (Hold_fdre_C_D)         0.071     2.028    u_display/clkdiv_inst/div_res_reg[7]
  -------------------------------------------------------------------
                         required time                         -2.028    
                         arrival time                           2.227    
  -------------------------------------------------------------------
                         slack                                  0.200    

Slack (MET) :             0.205ns  (arrival time - required time)
  Source:                 clk_div/cnt_reg[0]/C
                            (rising edge-triggered cell FDRE clocked by clk  {rise@0.000ns fall@5.000ns period=10.000ns})
  Destination:            clk_div/cnt_reg[0]/D
                            (rising edge-triggered cell FDRE clocked by clk  {rise@0.000ns fall@5.000ns period=10.000ns})
  Path Group:             clk
  Path Type:              Hold (Min at Fast Process Corner)
  Requirement:            0.000ns  (clk rise@0.000ns - clk rise@0.000ns)
  Data Path Delay:        0.292ns  (logic 0.146ns (50.030%)  route 0.146ns (49.970%))
  Logic Levels:           1  (LUT1=1)
  Clock Path Skew:        0.000ns (DCD - SCD - CPR)
    Destination Clock Delay (DCD):    2.432ns
    Source Clock Delay      (SCD):    1.955ns
    Clock Pessimism Removal (CPR):    0.477ns

    Location             Delay type                Incr(ns)  Path(ns)    Netlist Resource(s)
  -------------------------------------------------------------------    -------------------
                         (clock clk rise edge)        0.000     0.000 r  
    AC18                                              0.000     0.000 r  clk (IN)
                         net (fo=0)                   0.000     0.000    clk
    AC18                 IBUF (Prop_ibuf_I_O)         0.146     0.146 r  clk_IBUF_inst/O
                         net (fo=1, routed)           1.074     1.220    clk_IBUF
    BUFGCTRL_X0Y0        BUFG (Prop_bufg_I_O)         0.026     1.246 r  clk_IBUF_BUFG_inst/O
                         net (fo=46, routed)          0.709     1.955    clk_div/clk_IBUF_BUFG
    SLICE_X6Y18          FDRE                                         r  clk_div/cnt_reg[0]/C
  -------------------------------------------------------------------    -------------------
    SLICE_X6Y18          FDRE (Prop_fdre_C_Q)         0.118     2.073 f  clk_div/cnt_reg[0]/Q
                         net (fo=3, routed)           0.146     2.219    clk_div/cnt[0]
    SLICE_X6Y18          LUT1 (Prop_lut1_I0_O)        0.028     2.247 r  clk_div/cnt[0]_i_1/O
                         net (fo=1, routed)           0.000     2.247    clk_div/cnt_0[0]
    SLICE_X6Y18          FDRE                                         r  clk_div/cnt_reg[0]/D
  -------------------------------------------------------------------    -------------------

                         (clock clk rise edge)        0.000     0.000 r  
    AC18                                              0.000     0.000 r  clk (IN)
                         net (fo=0)                   0.000     0.000    clk
    AC18                 IBUF (Prop_ibuf_I_O)         0.312     0.312 r  clk_IBUF_inst/O
                         net (fo=1, routed)           1.143     1.455    clk_IBUF
    BUFGCTRL_X0Y0        BUFG (Prop_bufg_I_O)         0.030     1.485 r  clk_IBUF_BUFG_inst/O
                         net (fo=46, routed)          0.947     2.432    clk_div/clk_IBUF_BUFG
    SLICE_X6Y18          FDRE                                         r  clk_div/cnt_reg[0]/C
                         clock pessimism             -0.477     1.955    
    SLICE_X6Y18          FDRE (Hold_fdre_C_D)         0.087     2.042    clk_div/cnt_reg[0]
  -------------------------------------------------------------------
                         required time                         -2.042    
                         arrival time                           2.247    
  -------------------------------------------------------------------
                         slack                                  0.205    

Slack (MET) :             0.206ns  (arrival time - required time)
  Source:                 u_display/clkdiv_inst/div_res_reg[12]/C
                            (rising edge-triggered cell FDRE clocked by clk  {rise@0.000ns fall@5.000ns period=10.000ns})
  Destination:            u_display/clkdiv_inst/div_res_reg[12]/D
                            (rising edge-triggered cell FDRE clocked by clk  {rise@0.000ns fall@5.000ns period=10.000ns})
  Path Group:             clk
  Path Type:              Hold (Min at Fast Process Corner)
  Requirement:            0.000ns  (clk rise@0.000ns - clk rise@0.000ns)
  Data Path Delay:        0.277ns  (logic 0.183ns (66.140%)  route 0.094ns (33.860%))
  Logic Levels:           1  (CARRY4=1)
  Clock Path Skew:        0.000ns (DCD - SCD - CPR)
    Destination Clock Delay (DCD):    2.432ns
    Source Clock Delay      (SCD):    1.955ns
    Clock Pessimism Removal (CPR):    0.477ns

    Location             Delay type                Incr(ns)  Path(ns)    Netlist Resource(s)
  -------------------------------------------------------------------    -------------------
                         (clock clk rise edge)        0.000     0.000 r  
    AC18                                              0.000     0.000 r  clk (IN)
                         net (fo=0)                   0.000     0.000    clk
    AC18                 IBUF (Prop_ibuf_I_O)         0.146     0.146 r  clk_IBUF_inst/O
                         net (fo=1, routed)           1.074     1.220    clk_IBUF
    BUFGCTRL_X0Y0        BUFG (Prop_bufg_I_O)         0.026     1.246 r  clk_IBUF_BUFG_inst/O
                         net (fo=46, routed)          0.709     1.955    u_display/clkdiv_inst/clk
    SLICE_X1Y19          FDRE                                         r  u_display/clkdiv_inst/div_res_reg[12]/C
  -------------------------------------------------------------------    -------------------
    SLICE_X1Y19          FDRE (Prop_fdre_C_Q)         0.100     2.055 r  u_display/clkdiv_inst/div_res_reg[12]/Q
                         net (fo=1, routed)           0.094     2.148    u_display/clkdiv_inst/div_res_reg_n_0_[12]
    SLICE_X1Y19          CARRY4 (Prop_carry4_S[0]_O[0])
                                                      0.083     2.231 r  u_display/clkdiv_inst/div_res_reg[12]_i_1/O[0]
                         net (fo=1, routed)           0.000     2.231    u_display/clkdiv_inst/div_res_reg[12]_i_1_n_7
    SLICE_X1Y19          FDRE                                         r  u_display/clkdiv_inst/div_res_reg[12]/D
  -------------------------------------------------------------------    -------------------

                         (clock clk rise edge)        0.000     0.000 r  
    AC18                                              0.000     0.000 r  clk (IN)
                         net (fo=0)                   0.000     0.000    clk
    AC18                 IBUF (Prop_ibuf_I_O)         0.312     0.312 r  clk_IBUF_inst/O
                         net (fo=1, routed)           1.143     1.455    clk_IBUF
    BUFGCTRL_X0Y0        BUFG (Prop_bufg_I_O)         0.030     1.485 r  clk_IBUF_BUFG_inst/O
                         net (fo=46, routed)          0.947     2.432    u_display/clkdiv_inst/clk
    SLICE_X1Y19          FDRE                                         r  u_display/clkdiv_inst/div_res_reg[12]/C
                         clock pessimism             -0.477     1.955    
    SLICE_X1Y19          FDRE (Hold_fdre_C_D)         0.071     2.026    u_display/clkdiv_inst/div_res_reg[12]
  -------------------------------------------------------------------
                         required time                         -2.026    
                         arrival time                           2.231    
  -------------------------------------------------------------------
                         slack                                  0.206    

Slack (MET) :             0.206ns  (arrival time - required time)
  Source:                 u_display/clkdiv_inst/div_res_reg[16]/C
                            (rising edge-triggered cell FDRE clocked by clk  {rise@0.000ns fall@5.000ns period=10.000ns})
  Destination:            u_display/clkdiv_inst/div_res_reg[16]/D
                            (rising edge-triggered cell FDRE clocked by clk  {rise@0.000ns fall@5.000ns period=10.000ns})
  Path Group:             clk
  Path Type:              Hold (Min at Fast Process Corner)
  Requirement:            0.000ns  (clk rise@0.000ns - clk rise@0.000ns)
  Data Path Delay:        0.277ns  (logic 0.183ns (66.140%)  route 0.094ns (33.860%))
  Logic Levels:           1  (CARRY4=1)
  Clock Path Skew:        0.000ns (DCD - SCD - CPR)
    Destination Clock Delay (DCD):    2.431ns
    Source Clock Delay      (SCD):    1.954ns
    Clock Pessimism Removal (CPR):    0.477ns

    Location             Delay type                Incr(ns)  Path(ns)    Netlist Resource(s)
  -------------------------------------------------------------------    -------------------
                         (clock clk rise edge)        0.000     0.000 r  
    AC18                                              0.000     0.000 r  clk (IN)
                         net (fo=0)                   0.000     0.000    clk
    AC18                 IBUF (Prop_ibuf_I_O)         0.146     0.146 r  clk_IBUF_inst/O
                         net (fo=1, routed)           1.074     1.220    clk_IBUF
    BUFGCTRL_X0Y0        BUFG (Prop_bufg_I_O)         0.026     1.246 r  clk_IBUF_BUFG_inst/O
                         net (fo=46, routed)          0.708     1.954    u_display/clkdiv_inst/clk
    SLICE_X1Y20          FDRE                                         r  u_display/clkdiv_inst/div_res_reg[16]/C
  -------------------------------------------------------------------    -------------------
    SLICE_X1Y20          FDRE (Prop_fdre_C_Q)         0.100     2.054 r  u_display/clkdiv_inst/div_res_reg[16]/Q
                         net (fo=1, routed)           0.094     2.147    u_display/clkdiv_inst/div_res_reg_n_0_[16]
    SLICE_X1Y20          CARRY4 (Prop_carry4_S[0]_O[0])
                                                      0.083     2.230 r  u_display/clkdiv_inst/div_res_reg[16]_i_1/O[0]
                         net (fo=1, routed)           0.000     2.230    u_display/clkdiv_inst/div_res_reg[16]_i_1_n_7
    SLICE_X1Y20          FDRE                                         r  u_display/clkdiv_inst/div_res_reg[16]/D
  -------------------------------------------------------------------    -------------------

                         (clock clk rise edge)        0.000     0.000 r  
    AC18                                              0.000     0.000 r  clk (IN)
                         net (fo=0)                   0.000     0.000    clk
    AC18                 IBUF (Prop_ibuf_I_O)         0.312     0.312 r  clk_IBUF_inst/O
                         net (fo=1, routed)           1.143     1.455    clk_IBUF
    BUFGCTRL_X0Y0        BUFG (Prop_bufg_I_O)         0.030     1.485 r  clk_IBUF_BUFG_inst/O
                         net (fo=46, routed)          0.946     2.431    u_display/clkdiv_inst/clk
    SLICE_X1Y20          FDRE                                         r  u_display/clkdiv_inst/div_res_reg[16]/C
                         clock pessimism             -0.477     1.954    
    SLICE_X1Y20          FDRE (Hold_fdre_C_D)         0.071     2.025    u_display/clkdiv_inst/div_res_reg[16]
  -------------------------------------------------------------------
                         required time                         -2.025    
                         arrival time                           2.230    
  -------------------------------------------------------------------
                         slack                                  0.206    

Slack (MET) :             0.206ns  (arrival time - required time)
  Source:                 u_display/clkdiv_inst/div_res_reg[4]/C
                            (rising edge-triggered cell FDRE clocked by clk  {rise@0.000ns fall@5.000ns period=10.000ns})
  Destination:            u_display/clkdiv_inst/div_res_reg[4]/D
                            (rising edge-triggered cell FDRE clocked by clk  {rise@0.000ns fall@5.000ns period=10.000ns})
  Path Group:             clk
  Path Type:              Hold (Min at Fast Process Corner)
  Requirement:            0.000ns  (clk rise@0.000ns - clk rise@0.000ns)
  Data Path Delay:        0.277ns  (logic 0.183ns (66.140%)  route 0.094ns (33.860%))
  Logic Levels:           1  (CARRY4=1)
  Clock Path Skew:        0.000ns (DCD - SCD - CPR)
    Destination Clock Delay (DCD):    2.434ns
    Source Clock Delay      (SCD):    1.957ns
    Clock Pessimism Removal (CPR):    0.477ns

    Location             Delay type                Incr(ns)  Path(ns)    Netlist Resource(s)
  -------------------------------------------------------------------    -------------------
                         (clock clk rise edge)        0.000     0.000 r  
    AC18                                              0.000     0.000 r  clk (IN)
                         net (fo=0)                   0.000     0.000    clk
    AC18                 IBUF (Prop_ibuf_I_O)         0.146     0.146 r  clk_IBUF_inst/O
                         net (fo=1, routed)           1.074     1.220    clk_IBUF
    BUFGCTRL_X0Y0        BUFG (Prop_bufg_I_O)         0.026     1.246 r  clk_IBUF_BUFG_inst/O
                         net (fo=46, routed)          0.711     1.957    u_display/clkdiv_inst/clk
    SLICE_X1Y17          FDRE                                         r  u_display/clkdiv_inst/div_res_reg[4]/C
  -------------------------------------------------------------------    -------------------
    SLICE_X1Y17          FDRE (Prop_fdre_C_Q)         0.100     2.057 r  u_display/clkdiv_inst/div_res_reg[4]/Q
                         net (fo=1, routed)           0.094     2.150    u_display/clkdiv_inst/div_res_reg_n_0_[4]
    SLICE_X1Y17          CARRY4 (Prop_carry4_S[0]_O[0])
                                                      0.083     2.233 r  u_display/clkdiv_inst/div_res_reg[4]_i_1/O[0]
                         net (fo=1, routed)           0.000     2.233    u_display/clkdiv_inst/div_res_reg[4]_i_1_n_7
    SLICE_X1Y17          FDRE                                         r  u_display/clkdiv_inst/div_res_reg[4]/D
  -------------------------------------------------------------------    -------------------

                         (clock clk rise edge)        0.000     0.000 r  
    AC18                                              0.000     0.000 r  clk (IN)
                         net (fo=0)                   0.000     0.000    clk
    AC18                 IBUF (Prop_ibuf_I_O)         0.312     0.312 r  clk_IBUF_inst/O
                         net (fo=1, routed)           1.143     1.455    clk_IBUF
    BUFGCTRL_X0Y0        BUFG (Prop_bufg_I_O)         0.030     1.485 r  clk_IBUF_BUFG_inst/O
                         net (fo=46, routed)          0.949     2.434    u_display/clkdiv_inst/clk
    SLICE_X1Y17          FDRE                                         r  u_display/clkdiv_inst/div_res_reg[4]/C
                         clock pessimism             -0.477     1.957    
    SLICE_X1Y17          FDRE (Hold_fdre_C_D)         0.071     2.028    u_display/clkdiv_inst/div_res_reg[4]
  -------------------------------------------------------------------
                         required time                         -2.028    
                         arrival time                           2.233    
  -------------------------------------------------------------------
                         slack                                  0.206    

Slack (MET) :             0.206ns  (arrival time - required time)
  Source:                 u_display/clkdiv_inst/div_res_reg[8]/C
                            (rising edge-triggered cell FDRE clocked by clk  {rise@0.000ns fall@5.000ns period=10.000ns})
  Destination:            u_display/clkdiv_inst/div_res_reg[8]/D
                            (rising edge-triggered cell FDRE clocked by clk  {rise@0.000ns fall@5.000ns period=10.000ns})
  Path Group:             clk
  Path Type:              Hold (Min at Fast Process Corner)
  Requirement:            0.000ns  (clk rise@0.000ns - clk rise@0.000ns)
  Data Path Delay:        0.277ns  (logic 0.183ns (66.140%)  route 0.094ns (33.860%))
  Logic Levels:           1  (CARRY4=1)
  Clock Path Skew:        0.000ns (DCD - SCD - CPR)
    Destination Clock Delay (DCD):    2.433ns
    Source Clock Delay      (SCD):    1.956ns
    Clock Pessimism Removal (CPR):    0.477ns

    Location             Delay type                Incr(ns)  Path(ns)    Netlist Resource(s)
  -------------------------------------------------------------------    -------------------
                         (clock clk rise edge)        0.000     0.000 r  
    AC18                                              0.000     0.000 r  clk (IN)
                         net (fo=0)                   0.000     0.000    clk
    AC18                 IBUF (Prop_ibuf_I_O)         0.146     0.146 r  clk_IBUF_inst/O
                         net (fo=1, routed)           1.074     1.220    clk_IBUF
    BUFGCTRL_X0Y0        BUFG (Prop_bufg_I_O)         0.026     1.246 r  clk_IBUF_BUFG_inst/O
                         net (fo=46, routed)          0.710     1.956    u_display/clkdiv_inst/clk
    SLICE_X1Y18          FDRE                                         r  u_display/clkdiv_inst/div_res_reg[8]/C
  -------------------------------------------------------------------    -------------------
    SLICE_X1Y18          FDRE (Prop_fdre_C_Q)         0.100     2.056 r  u_display/clkdiv_inst/div_res_reg[8]/Q
                         net (fo=1, routed)           0.094     2.149    u_display/clkdiv_inst/div_res_reg_n_0_[8]
    SLICE_X1Y18          CARRY4 (Prop_carry4_S[0]_O[0])
                                                      0.083     2.232 r  u_display/clkdiv_inst/div_res_reg[8]_i_1/O[0]
                         net (fo=1, routed)           0.000     2.232    u_display/clkdiv_inst/div_res_reg[8]_i_1_n_7
    SLICE_X1Y18          FDRE                                         r  u_display/clkdiv_inst/div_res_reg[8]/D
  -------------------------------------------------------------------    -------------------

                         (clock clk rise edge)        0.000     0.000 r  
    AC18                                              0.000     0.000 r  clk (IN)
                         net (fo=0)                   0.000     0.000    clk
    AC18                 IBUF (Prop_ibuf_I_O)         0.312     0.312 r  clk_IBUF_inst/O
                         net (fo=1, routed)           1.143     1.455    clk_IBUF
    BUFGCTRL_X0Y0        BUFG (Prop_bufg_I_O)         0.030     1.485 r  clk_IBUF_BUFG_inst/O
                         net (fo=46, routed)          0.948     2.433    u_display/clkdiv_inst/clk
    SLICE_X1Y18          FDRE                                         r  u_display/clkdiv_inst/div_res_reg[8]/C
                         clock pessimism             -0.477     1.956    
    SLICE_X1Y18          FDRE (Hold_fdre_C_D)         0.071     2.027    u_display/clkdiv_inst/div_res_reg[8]
  -------------------------------------------------------------------
                         required time                         -2.027    
                         arrival time                           2.232    
  -------------------------------------------------------------------
                         slack                                  0.206    

Slack (MET) :             0.209ns  (arrival time - required time)
  Source:                 clk_div/cnt_reg[12]/C
                            (rising edge-triggered cell FDRE clocked by clk  {rise@0.000ns fall@5.000ns period=10.000ns})
  Destination:            clk_div/cnt_reg[12]/D
                            (rising edge-triggered cell FDRE clocked by clk  {rise@0.000ns fall@5.000ns period=10.000ns})
  Path Group:             clk
  Path Type:              Hold (Min at Fast Process Corner)
  Requirement:            0.000ns  (clk rise@0.000ns - clk rise@0.000ns)
  Data Path Delay:        0.280ns  (logic 0.177ns (63.166%)  route 0.103ns (36.834%))
  Logic Levels:           1  (CARRY4=1)
  Clock Path Skew:        0.000ns (DCD - SCD - CPR)
    Destination Clock Delay (DCD):    2.430ns
    Source Clock Delay      (SCD):    1.953ns
    Clock Pessimism Removal (CPR):    0.477ns

    Location             Delay type                Incr(ns)  Path(ns)    Netlist Resource(s)
  -------------------------------------------------------------------    -------------------
                         (clock clk rise edge)        0.000     0.000 r  
    AC18                                              0.000     0.000 r  clk (IN)
                         net (fo=0)                   0.000     0.000    clk
    AC18                 IBUF (Prop_ibuf_I_O)         0.146     0.146 r  clk_IBUF_inst/O
                         net (fo=1, routed)           1.074     1.220    clk_IBUF
    BUFGCTRL_X0Y0        BUFG (Prop_bufg_I_O)         0.026     1.246 r  clk_IBUF_BUFG_inst/O
                         net (fo=46, routed)          0.707     1.953    clk_div/clk_IBUF_BUFG
    SLICE_X7Y20          FDRE                                         r  clk_div/cnt_reg[12]/C
  -------------------------------------------------------------------    -------------------
    SLICE_X7Y20          FDRE (Prop_fdre_C_Q)         0.100     2.053 r  clk_div/cnt_reg[12]/Q
                         net (fo=2, routed)           0.103     2.156    clk_div/cnt[12]
    SLICE_X7Y20          CARRY4 (Prop_carry4_S[3]_O[3])
                                                      0.077     2.233 r  clk_div/cnt0_carry__1/O[3]
                         net (fo=1, routed)           0.000     2.233    clk_div/data0[12]
    SLICE_X7Y20          FDRE                                         r  clk_div/cnt_reg[12]/D
  -------------------------------------------------------------------    -------------------

                         (clock clk rise edge)        0.000     0.000 r  
    AC18                                              0.000     0.000 r  clk (IN)
                         net (fo=0)                   0.000     0.000    clk
    AC18                 IBUF (Prop_ibuf_I_O)         0.312     0.312 r  clk_IBUF_inst/O
                         net (fo=1, routed)           1.143     1.455    clk_IBUF
    BUFGCTRL_X0Y0        BUFG (Prop_bufg_I_O)         0.030     1.485 r  clk_IBUF_BUFG_inst/O
                         net (fo=46, routed)          0.945     2.430    clk_div/clk_IBUF_BUFG
    SLICE_X7Y20          FDRE                                         r  clk_div/cnt_reg[12]/C
                         clock pessimism             -0.477     1.953    
    SLICE_X7Y20          FDRE (Hold_fdre_C_D)         0.071     2.024    clk_div/cnt_reg[12]
  -------------------------------------------------------------------
                         required time                         -2.024    
                         arrival time                           2.233    
  -------------------------------------------------------------------
                         slack                                  0.209    





Pulse Width Checks
--------------------------------------------------------------------------------------
Clock Name:         clk
Waveform(ns):       { 0.000 5.000 }
Period(ns):         10.000
Sources:            { clk }

Check Type        Corner  Lib Pin  Reference Pin  Required(ns)  Actual(ns)  Slack(ns)  Location       Pin
Min Period        n/a     BUFG/I   n/a            1.408         10.000      8.591      BUFGCTRL_X0Y0  clk_IBUF_BUFG_inst/I
Min Period        n/a     FDRE/C   n/a            0.700         10.000      9.300      SLICE_X2Y24    clk_div/clk_1s_reg/C
Min Period        n/a     FDRE/C   n/a            0.700         10.000      9.300      SLICE_X6Y18    clk_div/cnt_reg[0]/C
Min Period        n/a     FDRE/C   n/a            0.700         10.000      9.300      SLICE_X7Y20    clk_div/cnt_reg[10]/C
Min Period        n/a     FDRE/C   n/a            0.700         10.000      9.300      SLICE_X7Y20    clk_div/cnt_reg[11]/C
Min Period        n/a     FDRE/C   n/a            0.700         10.000      9.300      SLICE_X7Y20    clk_div/cnt_reg[12]/C
Min Period        n/a     FDRE/C   n/a            0.700         10.000      9.300      SLICE_X7Y21    clk_div/cnt_reg[13]/C
Min Period        n/a     FDRE/C   n/a            0.700         10.000      9.300      SLICE_X7Y21    clk_div/cnt_reg[14]/C
Min Period        n/a     FDRE/C   n/a            0.700         10.000      9.300      SLICE_X7Y21    clk_div/cnt_reg[15]/C
Min Period        n/a     FDRE/C   n/a            0.700         10.000      9.300      SLICE_X7Y21    clk_div/cnt_reg[16]/C
Low Pulse Width   Slow    FDRE/C   n/a            0.350         5.000       4.650      SLICE_X1Y16    u_display/clkdiv_inst/div_res_reg[0]/C
Low Pulse Width   Slow    FDRE/C   n/a            0.350         5.000       4.650      SLICE_X1Y16    u_display/clkdiv_inst/div_res_reg[1]/C
Low Pulse Width   Slow    FDRE/C   n/a            0.350         5.000       4.650      SLICE_X1Y16    u_display/clkdiv_inst/div_res_reg[2]/C
Low Pulse Width   Slow    FDRE/C   n/a            0.350         5.000       4.650      SLICE_X1Y16    u_display/clkdiv_inst/div_res_reg[3]/C
Low Pulse Width   Slow    FDRE/C   n/a            0.350         5.000       4.650      SLICE_X1Y17    u_display/clkdiv_inst/div_res_reg[4]/C
Low Pulse Width   Slow    FDRE/C   n/a            0.350         5.000       4.650      SLICE_X1Y17    u_display/clkdiv_inst/div_res_reg[5]/C
Low Pulse Width   Slow    FDRE/C   n/a            0.350         5.000       4.650      SLICE_X1Y17    u_display/clkdiv_inst/div_res_reg[6]/C
Low Pulse Width   Slow    FDRE/C   n/a            0.350         5.000       4.650      SLICE_X1Y17    u_display/clkdiv_inst/div_res_reg[7]/C
Low Pulse Width   Slow    FDRE/C   n/a            0.350         5.000       4.650      SLICE_X1Y18    u_display/clkdiv_inst/div_res_reg[10]/C
Low Pulse Width   Slow    FDRE/C   n/a            0.350         5.000       4.650      SLICE_X1Y18    u_display/clkdiv_inst/div_res_reg[11]/C
High Pulse Width  Fast    FDRE/C   n/a            0.350         5.000       4.650      SLICE_X6Y18    clk_div/cnt_reg[0]/C
High Pulse Width  Fast    FDRE/C   n/a            0.350         5.000       4.650      SLICE_X7Y20    clk_div/cnt_reg[10]/C
High Pulse Width  Fast    FDRE/C   n/a            0.350         5.000       4.650      SLICE_X7Y20    clk_div/cnt_reg[11]/C
High Pulse Width  Fast    FDRE/C   n/a            0.350         5.000       4.650      SLICE_X7Y20    clk_div/cnt_reg[12]/C
High Pulse Width  Fast    FDRE/C   n/a            0.350         5.000       4.650      SLICE_X7Y21    clk_div/cnt_reg[13]/C
High Pulse Width  Fast    FDRE/C   n/a            0.350         5.000       4.650      SLICE_X7Y21    clk_div/cnt_reg[14]/C
High Pulse Width  Fast    FDRE/C   n/a            0.350         5.000       4.650      SLICE_X7Y21    clk_div/cnt_reg[15]/C
High Pulse Width  Fast    FDRE/C   n/a            0.350         5.000       4.650      SLICE_X7Y21    clk_div/cnt_reg[16]/C
High Pulse Width  Fast    FDRE/C   n/a            0.350         5.000       4.650      SLICE_X7Y22    clk_div/cnt_reg[17]/C
High Pulse Width  Fast    FDRE/C   n/a            0.350         5.000       4.650      SLICE_X7Y22    clk_div/cnt_reg[18]/C



