Copyright 1986-2020 Xilinx, Inc. All Rights Reserved.
--------------------------------------------------------------------------------------------------------------------------------------------------------------------------------
| Tool Version : Vivado v.2020.2 (win64) Build 3064766 Wed Nov 18 09:12:45 MST 2020
| Date         : Thu Apr 30 14:13:44 2026
| Host         : Littlebanbrick running 64-bit major release  (build 9200)
| Command      : report_timing_summary -max_paths 10 -file Top_timing_summary_routed.rpt -pb Top_timing_summary_routed.pb -rpx Top_timing_summary_routed.rpx -warn_on_violation
| Design       : Top
| Device       : 7k160t-ffg676
| Speed File   : -2L  PRODUCTION 1.12 2017-02-17
--------------------------------------------------------------------------------------------------------------------------------------------------------------------------------

Timing Summary Report

------------------------------------------------------------------------------------------------
| Timer Settings
| --------------
------------------------------------------------------------------------------------------------

  Enable Multi Corner Analysis               :  Yes
  Enable Pessimism Removal                   :  Yes
  Pessimism Removal Resolution               :  Nearest Common Node
  Enable Input Delay Default Clock           :  No
  Enable Preset / Clear Arcs                 :  No
  Disable Flight Delays                      :  No
  Ignore I/O Paths                           :  No
  Timing Early Launch at Borrowing Latches   :  No
  Borrow Time for Max Delay Exceptions       :  Yes
  Merge Timing Exceptions                    :  Yes

  Corner  Analyze    Analyze    
  Name    Max Paths  Min Paths  
  ------  ---------  ---------  
  Slow    Yes        Yes        
  Fast    Yes        Yes        



check_timing report

Table of Contents
-----------------
1. checking no_clock (24)
2. checking constant_clock (0)
3. checking pulse_width_clock (0)
4. checking unconstrained_internal_endpoints (24)
5. checking no_input_delay (18)
6. checking no_output_delay (15)
7. checking multiple_clock (0)
8. checking generated_clocks (0)
9. checking loops (0)
10. checking partial_input_delay (0)
11. checking partial_output_delay (0)
12. checking latch_loops (0)

1. checking no_clock (24)
-------------------------
 There are 4 register/latch pins with no clock driven by root clock pin: m0/pbreg_reg/Q (HIGH)

 There are 4 register/latch pins with no clock driven by root clock pin: m1/pbreg_reg/Q (HIGH)

 There are 16 register/latch pins with no clock driven by root clock pin: m2/div_res_reg[17]/Q (HIGH)


2. checking constant_clock (0)
------------------------------
 There are 0 register/latch pins with constant_clock.


3. checking pulse_width_clock (0)
---------------------------------
 There are 0 register/latch pins which need pulse_width check


4. checking unconstrained_internal_endpoints (24)
-------------------------------------------------
 There are 24 pins that are not constrained for maximum delay. (HIGH)

 There are 0 pins that are not constrained for maximum delay due to constant clock.


5. checking no_input_delay (18)
-------------------------------
 There are 18 input ports with no input delay specified. (HIGH)

 There are 0 input ports with no input delay but user has a false path constraint.


6. checking no_output_delay (15)
--------------------------------
 There are 15 ports with no output delay specified. (HIGH)

 There are 0 ports with no output delay but user has a false path constraint

 There are 0 ports with no output delay but with a timing clock defined on it or propagating through it


7. checking multiple_clock (0)
------------------------------
 There are 0 register/latch pins with multiple clocks.


8. checking generated_clocks (0)
--------------------------------
 There are 0 generated clocks that are not connected to a clock source.


9. checking loops (0)
---------------------
 There are 0 combinational loops in the design.


10. checking partial_input_delay (0)
------------------------------------
 There are 0 input ports with partial input delay specified.


11. checking partial_output_delay (0)
-------------------------------------
 There are 0 ports with partial output delay specified.


12. checking latch_loops (0)
----------------------------
 There are 0 combinational latch loops in the design through latch input



------------------------------------------------------------------------------------------------
| Design Timing Summary
| ---------------------
------------------------------------------------------------------------------------------------

    WNS(ns)      TNS(ns)  TNS Failing Endpoints  TNS Total Endpoints      WHS(ns)      THS(ns)  THS Failing Endpoints  THS Total Endpoints     WPWS(ns)     TPWS(ns)  TPWS Failing Endpoints  TPWS Total Endpoints  
    -------      -------  ---------------------  -------------------      -------      -------  ---------------------  -------------------     --------     --------  ----------------------  --------------------  
      7.703        0.000                      0                  176        0.113        0.000                      0                  176        4.600        0.000                       0                   103  


All user specified timing constraints are met.


------------------------------------------------------------------------------------------------
| Clock Summary
| -------------
------------------------------------------------------------------------------------------------

Clock  Waveform(ns)       Period(ns)      Frequency(MHz)
-----  ------------       ----------      --------------
clk    {0.000 5.000}      10.000          100.000         


------------------------------------------------------------------------------------------------
| Intra Clock Table
| -----------------
------------------------------------------------------------------------------------------------

Clock             WNS(ns)      TNS(ns)  TNS Failing Endpoints  TNS Total Endpoints      WHS(ns)      THS(ns)  THS Failing Endpoints  THS Total Endpoints     WPWS(ns)     TPWS(ns)  TPWS Failing Endpoints  TPWS Total Endpoints  
-----             -------      -------  ---------------------  -------------------      -------      -------  ---------------------  -------------------     --------     --------  ----------------------  --------------------  
clk                 7.703        0.000                      0                  176        0.113        0.000                      0                  176        4.600        0.000                       0                   103  


------------------------------------------------------------------------------------------------
| Inter Clock Table
| -----------------
------------------------------------------------------------------------------------------------

From Clock    To Clock          WNS(ns)      TNS(ns)  TNS Failing Endpoints  TNS Total Endpoints      WHS(ns)      THS(ns)  THS Failing Endpoints  THS Total Endpoints  
----------    --------          -------      -------  ---------------------  -------------------      -------      -------  ---------------------  -------------------  


------------------------------------------------------------------------------------------------
| Other Path Groups Table
| -----------------------
------------------------------------------------------------------------------------------------

Path Group    From Clock    To Clock          WNS(ns)      TNS(ns)  TNS Failing Endpoints  TNS Total Endpoints      WHS(ns)      THS(ns)  THS Failing Endpoints  THS Total Endpoints  
----------    ----------    --------          -------      -------  ---------------------  -------------------      -------      -------  ---------------------  -------------------  


------------------------------------------------------------------------------------------------
| Timing Details
| --------------
------------------------------------------------------------------------------------------------


---------------------------------------------------------------------------------------------------
From Clock:  clk
  To Clock:  clk

Setup :            0  Failing Endpoints,  Worst Slack        7.703ns,  Total Violation        0.000ns
Hold  :            0  Failing Endpoints,  Worst Slack        0.113ns,  Total Violation        0.000ns
PW    :            0  Failing Endpoints,  Worst Slack        4.600ns,  Total Violation        0.000ns
---------------------------------------------------------------------------------------------------


Max Delay Paths
--------------------------------------------------------------------------------------
Slack (MET) :             7.703ns  (required time - arrival time)
  Source:                 m7/M2/shift_count_reg[0]/C
                            (rising edge-triggered cell FDCE clocked by clk  {rise@0.000ns fall@5.000ns period=10.000ns})
  Destination:            m7/M2/buffer_reg[25]/CE
                            (rising edge-triggered cell FDRE clocked by clk  {rise@0.000ns fall@5.000ns period=10.000ns})
  Path Group:             clk
  Path Type:              Setup (Max at Slow Process Corner)
  Requirement:            10.000ns  (clk rise@10.000ns - clk rise@0.000ns)
  Data Path Delay:        2.038ns  (logic 0.309ns (15.160%)  route 1.729ns (84.840%))
  Logic Levels:           2  (LUT5=1 LUT6=1)
  Clock Path Skew:        -0.045ns (DCD - SCD + CPR)
    Destination Clock Delay (DCD):    4.148ns = ( 14.148 - 10.000 ) 
    Source Clock Delay      (SCD):    4.521ns
    Clock Pessimism Removal (CPR):    0.328ns
  Clock Uncertainty:      0.035ns  ((TSJ^2 + TIJ^2)^1/2 + DJ) / 2 + PE
    Total System Jitter     (TSJ):    0.071ns
    Total Input Jitter      (TIJ):    0.000ns
    Discrete Jitter          (DJ):    0.000ns
    Phase Error              (PE):    0.000ns

    Location             Delay type                Incr(ns)  Path(ns)    Netlist Resource(s)
  -------------------------------------------------------------------    -------------------
                         (clock clk rise edge)        0.000     0.000 r  
    AC18                                              0.000     0.000 r  clk (IN)
                         net (fo=0)                   0.000     0.000    clk
    AC18                 IBUF (Prop_ibuf_I_O)         0.639     0.639 r  clk_IBUF_inst/O
                         net (fo=1, routed)           2.283     2.922    clk_IBUF
    BUFGCTRL_X0Y0        BUFG (Prop_bufg_I_O)         0.093     3.015 r  clk_IBUF_BUFG_inst/O
                         net (fo=102, routed)         1.506     4.521    m7/M2/clk
    SLICE_X0Y86          FDCE                                         r  m7/M2/shift_count_reg[0]/C
  -------------------------------------------------------------------    -------------------
    SLICE_X0Y86          FDCE (Prop_fdce_C_Q)         0.223     4.744 f  m7/M2/shift_count_reg[0]/Q
                         net (fo=7, routed)           0.474     5.218    m7/M2/shift_count_reg_n_0_[0]
    SLICE_X0Y86          LUT6 (Prop_lut6_I3_O)        0.043     5.261 r  m7/M2/FSM_sequential_state[1]_i_3/O
                         net (fo=4, routed)           0.457     5.718    m7/M2/FSM_sequential_state[1]_i_3_n_0
    SLICE_X1Y84          LUT5 (Prop_lut5_I4_O)        0.043     5.761 r  m7/M2/buffer[63]_i_1/O
                         net (fo=64, routed)          0.798     6.559    m7/M2/buffer[63]_i_1_n_0
    SLICE_X6Y90          FDRE                                         r  m7/M2/buffer_reg[25]/CE
  -------------------------------------------------------------------    -------------------

                         (clock clk rise edge)       10.000    10.000 r  
    AC18                                              0.000    10.000 r  clk (IN)
                         net (fo=0)                   0.000    10.000    clk
    AC18                 IBUF (Prop_ibuf_I_O)         0.533    10.533 r  clk_IBUF_inst/O
                         net (fo=1, routed)           2.159    12.692    clk_IBUF
    BUFGCTRL_X0Y0        BUFG (Prop_bufg_I_O)         0.083    12.775 r  clk_IBUF_BUFG_inst/O
                         net (fo=102, routed)         1.373    14.148    m7/M2/clk
    SLICE_X6Y90          FDRE                                         r  m7/M2/buffer_reg[25]/C
                         clock pessimism              0.328    14.476    
                         clock uncertainty           -0.035    14.441    
    SLICE_X6Y90          FDRE (Setup_fdre_C_CE)      -0.178    14.263    m7/M2/buffer_reg[25]
  -------------------------------------------------------------------
                         required time                         14.263    
                         arrival time                          -6.559    
  -------------------------------------------------------------------
                         slack                                  7.703    

Slack (MET) :             7.703ns  (required time - arrival time)
  Source:                 m7/M2/shift_count_reg[0]/C
                            (rising edge-triggered cell FDCE clocked by clk  {rise@0.000ns fall@5.000ns period=10.000ns})
  Destination:            m7/M2/buffer_reg[26]/CE
                            (rising edge-triggered cell FDRE clocked by clk  {rise@0.000ns fall@5.000ns period=10.000ns})
  Path Group:             clk
  Path Type:              Setup (Max at Slow Process Corner)
  Requirement:            10.000ns  (clk rise@10.000ns - clk rise@0.000ns)
  Data Path Delay:        2.038ns  (logic 0.309ns (15.160%)  route 1.729ns (84.840%))
  Logic Levels:           2  (LUT5=1 LUT6=1)
  Clock Path Skew:        -0.045ns (DCD - SCD + CPR)
    Destination Clock Delay (DCD):    4.148ns = ( 14.148 - 10.000 ) 
    Source Clock Delay      (SCD):    4.521ns
    Clock Pessimism Removal (CPR):    0.328ns
  Clock Uncertainty:      0.035ns  ((TSJ^2 + TIJ^2)^1/2 + DJ) / 2 + PE
    Total System Jitter     (TSJ):    0.071ns
    Total Input Jitter      (TIJ):    0.000ns
    Discrete Jitter          (DJ):    0.000ns
    Phase Error              (PE):    0.000ns

    Location             Delay type                Incr(ns)  Path(ns)    Netlist Resource(s)
  -------------------------------------------------------------------    -------------------
                         (clock clk rise edge)        0.000     0.000 r  
    AC18                                              0.000     0.000 r  clk (IN)
                         net (fo=0)                   0.000     0.000    clk
    AC18                 IBUF (Prop_ibuf_I_O)         0.639     0.639 r  clk_IBUF_inst/O
                         net (fo=1, routed)           2.283     2.922    clk_IBUF
    BUFGCTRL_X0Y0        BUFG (Prop_bufg_I_O)         0.093     3.015 r  clk_IBUF_BUFG_inst/O
                         net (fo=102, routed)         1.506     4.521    m7/M2/clk
    SLICE_X0Y86          FDCE                                         r  m7/M2/shift_count_reg[0]/C
  -------------------------------------------------------------------    -------------------
    SLICE_X0Y86          FDCE (Prop_fdce_C_Q)         0.223     4.744 f  m7/M2/shift_count_reg[0]/Q
                         net (fo=7, routed)           0.474     5.218    m7/M2/shift_count_reg_n_0_[0]
    SLICE_X0Y86          LUT6 (Prop_lut6_I3_O)        0.043     5.261 r  m7/M2/FSM_sequential_state[1]_i_3/O
                         net (fo=4, routed)           0.457     5.718    m7/M2/FSM_sequential_state[1]_i_3_n_0
    SLICE_X1Y84          LUT5 (Prop_lut5_I4_O)        0.043     5.761 r  m7/M2/buffer[63]_i_1/O
                         net (fo=64, routed)          0.798     6.559    m7/M2/buffer[63]_i_1_n_0
    SLICE_X6Y90          FDRE                                         r  m7/M2/buffer_reg[26]/CE
  -------------------------------------------------------------------    -------------------

                         (clock clk rise edge)       10.000    10.000 r  
    AC18                                              0.000    10.000 r  clk (IN)
                         net (fo=0)                   0.000    10.000    clk
    AC18                 IBUF (Prop_ibuf_I_O)         0.533    10.533 r  clk_IBUF_inst/O
                         net (fo=1, routed)           2.159    12.692    clk_IBUF
    BUFGCTRL_X0Y0        BUFG (Prop_bufg_I_O)         0.083    12.775 r  clk_IBUF_BUFG_inst/O
                         net (fo=102, routed)         1.373    14.148    m7/M2/clk
    SLICE_X6Y90          FDRE                                         r  m7/M2/buffer_reg[26]/C
                         clock pessimism              0.328    14.476    
                         clock uncertainty           -0.035    14.441    
    SLICE_X6Y90          FDRE (Setup_fdre_C_CE)      -0.178    14.263    m7/M2/buffer_reg[26]
  -------------------------------------------------------------------
                         required time                         14.263    
                         arrival time                          -6.559    
  -------------------------------------------------------------------
                         slack                                  7.703    

Slack (MET) :             7.703ns  (required time - arrival time)
  Source:                 m7/M2/shift_count_reg[0]/C
                            (rising edge-triggered cell FDCE clocked by clk  {rise@0.000ns fall@5.000ns period=10.000ns})
  Destination:            m7/M2/buffer_reg[29]/CE
                            (rising edge-triggered cell FDRE clocked by clk  {rise@0.000ns fall@5.000ns period=10.000ns})
  Path Group:             clk
  Path Type:              Setup (Max at Slow Process Corner)
  Requirement:            10.000ns  (clk rise@10.000ns - clk rise@0.000ns)
  Data Path Delay:        2.038ns  (logic 0.309ns (15.160%)  route 1.729ns (84.840%))
  Logic Levels:           2  (LUT5=1 LUT6=1)
  Clock Path Skew:        -0.045ns (DCD - SCD + CPR)
    Destination Clock Delay (DCD):    4.148ns = ( 14.148 - 10.000 ) 
    Source Clock Delay      (SCD):    4.521ns
    Clock Pessimism Removal (CPR):    0.328ns
  Clock Uncertainty:      0.035ns  ((TSJ^2 + TIJ^2)^1/2 + DJ) / 2 + PE
    Total System Jitter     (TSJ):    0.071ns
    Total Input Jitter      (TIJ):    0.000ns
    Discrete Jitter          (DJ):    0.000ns
    Phase Error              (PE):    0.000ns

    Location             Delay type                Incr(ns)  Path(ns)    Netlist Resource(s)
  -------------------------------------------------------------------    -------------------
                         (clock clk rise edge)        0.000     0.000 r  
    AC18                                              0.000     0.000 r  clk (IN)
                         net (fo=0)                   0.000     0.000    clk
    AC18                 IBUF (Prop_ibuf_I_O)         0.639     0.639 r  clk_IBUF_inst/O
                         net (fo=1, routed)           2.283     2.922    clk_IBUF
    BUFGCTRL_X0Y0        BUFG (Prop_bufg_I_O)         0.093     3.015 r  clk_IBUF_BUFG_inst/O
                         net (fo=102, routed)         1.506     4.521    m7/M2/clk
    SLICE_X0Y86          FDCE                                         r  m7/M2/shift_count_reg[0]/C
  -------------------------------------------------------------------    -------------------
    SLICE_X0Y86          FDCE (Prop_fdce_C_Q)         0.223     4.744 f  m7/M2/shift_count_reg[0]/Q
                         net (fo=7, routed)           0.474     5.218    m7/M2/shift_count_reg_n_0_[0]
    SLICE_X0Y86          LUT6 (Prop_lut6_I3_O)        0.043     5.261 r  m7/M2/FSM_sequential_state[1]_i_3/O
                         net (fo=4, routed)           0.457     5.718    m7/M2/FSM_sequential_state[1]_i_3_n_0
    SLICE_X1Y84          LUT5 (Prop_lut5_I4_O)        0.043     5.761 r  m7/M2/buffer[63]_i_1/O
                         net (fo=64, routed)          0.798     6.559    m7/M2/buffer[63]_i_1_n_0
    SLICE_X6Y90          FDRE                                         r  m7/M2/buffer_reg[29]/CE
  -------------------------------------------------------------------    -------------------

                         (clock clk rise edge)       10.000    10.000 r  
    AC18                                              0.000    10.000 r  clk (IN)
                         net (fo=0)                   0.000    10.000    clk
    AC18                 IBUF (Prop_ibuf_I_O)         0.533    10.533 r  clk_IBUF_inst/O
                         net (fo=1, routed)           2.159    12.692    clk_IBUF
    BUFGCTRL_X0Y0        BUFG (Prop_bufg_I_O)         0.083    12.775 r  clk_IBUF_BUFG_inst/O
                         net (fo=102, routed)         1.373    14.148    m7/M2/clk
    SLICE_X6Y90          FDRE                                         r  m7/M2/buffer_reg[29]/C
                         clock pessimism              0.328    14.476    
                         clock uncertainty           -0.035    14.441    
    SLICE_X6Y90          FDRE (Setup_fdre_C_CE)      -0.178    14.263    m7/M2/buffer_reg[29]
  -------------------------------------------------------------------
                         required time                         14.263    
                         arrival time                          -6.559    
  -------------------------------------------------------------------
                         slack                                  7.703    

Slack (MET) :             7.703ns  (required time - arrival time)
  Source:                 m7/M2/shift_count_reg[0]/C
                            (rising edge-triggered cell FDCE clocked by clk  {rise@0.000ns fall@5.000ns period=10.000ns})
  Destination:            m7/M2/buffer_reg[30]/CE
                            (rising edge-triggered cell FDRE clocked by clk  {rise@0.000ns fall@5.000ns period=10.000ns})
  Path Group:             clk
  Path Type:              Setup (Max at Slow Process Corner)
  Requirement:            10.000ns  (clk rise@10.000ns - clk rise@0.000ns)
  Data Path Delay:        2.038ns  (logic 0.309ns (15.160%)  route 1.729ns (84.840%))
  Logic Levels:           2  (LUT5=1 LUT6=1)
  Clock Path Skew:        -0.045ns (DCD - SCD + CPR)
    Destination Clock Delay (DCD):    4.148ns = ( 14.148 - 10.000 ) 
    Source Clock Delay      (SCD):    4.521ns
    Clock Pessimism Removal (CPR):    0.328ns
  Clock Uncertainty:      0.035ns  ((TSJ^2 + TIJ^2)^1/2 + DJ) / 2 + PE
    Total System Jitter     (TSJ):    0.071ns
    Total Input Jitter      (TIJ):    0.000ns
    Discrete Jitter          (DJ):    0.000ns
    Phase Error              (PE):    0.000ns

    Location             Delay type                Incr(ns)  Path(ns)    Netlist Resource(s)
  -------------------------------------------------------------------    -------------------
                         (clock clk rise edge)        0.000     0.000 r  
    AC18                                              0.000     0.000 r  clk (IN)
                         net (fo=0)                   0.000     0.000    clk
    AC18                 IBUF (Prop_ibuf_I_O)         0.639     0.639 r  clk_IBUF_inst/O
                         net (fo=1, routed)           2.283     2.922    clk_IBUF
    BUFGCTRL_X0Y0        BUFG (Prop_bufg_I_O)         0.093     3.015 r  clk_IBUF_BUFG_inst/O
                         net (fo=102, routed)         1.506     4.521    m7/M2/clk
    SLICE_X0Y86          FDCE                                         r  m7/M2/shift_count_reg[0]/C
  -------------------------------------------------------------------    -------------------
    SLICE_X0Y86          FDCE (Prop_fdce_C_Q)         0.223     4.744 f  m7/M2/shift_count_reg[0]/Q
                         net (fo=7, routed)           0.474     5.218    m7/M2/shift_count_reg_n_0_[0]
    SLICE_X0Y86          LUT6 (Prop_lut6_I3_O)        0.043     5.261 r  m7/M2/FSM_sequential_state[1]_i_3/O
                         net (fo=4, routed)           0.457     5.718    m7/M2/FSM_sequential_state[1]_i_3_n_0
    SLICE_X1Y84          LUT5 (Prop_lut5_I4_O)        0.043     5.761 r  m7/M2/buffer[63]_i_1/O
                         net (fo=64, routed)          0.798     6.559    m7/M2/buffer[63]_i_1_n_0
    SLICE_X6Y90          FDRE                                         r  m7/M2/buffer_reg[30]/CE
  -------------------------------------------------------------------    -------------------

                         (clock clk rise edge)       10.000    10.000 r  
    AC18                                              0.000    10.000 r  clk (IN)
                         net (fo=0)                   0.000    10.000    clk
    AC18                 IBUF (Prop_ibuf_I_O)         0.533    10.533 r  clk_IBUF_inst/O
                         net (fo=1, routed)           2.159    12.692    clk_IBUF
    BUFGCTRL_X0Y0        BUFG (Prop_bufg_I_O)         0.083    12.775 r  clk_IBUF_BUFG_inst/O
                         net (fo=102, routed)         1.373    14.148    m7/M2/clk
    SLICE_X6Y90          FDRE                                         r  m7/M2/buffer_reg[30]/C
                         clock pessimism              0.328    14.476    
                         clock uncertainty           -0.035    14.441    
    SLICE_X6Y90          FDRE (Setup_fdre_C_CE)      -0.178    14.263    m7/M2/buffer_reg[30]
  -------------------------------------------------------------------
                         required time                         14.263    
                         arrival time                          -6.559    
  -------------------------------------------------------------------
                         slack                                  7.703    

Slack (MET) :             7.782ns  (required time - arrival time)
  Source:                 m7/M2/shift_count_reg[0]/C
                            (rising edge-triggered cell FDCE clocked by clk  {rise@0.000ns fall@5.000ns period=10.000ns})
  Destination:            m7/M2/buffer_reg[24]/CE
                            (rising edge-triggered cell FDRE clocked by clk  {rise@0.000ns fall@5.000ns period=10.000ns})
  Path Group:             clk
  Path Type:              Setup (Max at Slow Process Corner)
  Requirement:            10.000ns  (clk rise@10.000ns - clk rise@0.000ns)
  Data Path Delay:        1.958ns  (logic 0.309ns (15.778%)  route 1.649ns (84.222%))
  Logic Levels:           2  (LUT5=1 LUT6=1)
  Clock Path Skew:        -0.046ns (DCD - SCD + CPR)
    Destination Clock Delay (DCD):    4.147ns = ( 14.147 - 10.000 ) 
    Source Clock Delay      (SCD):    4.521ns
    Clock Pessimism Removal (CPR):    0.328ns
  Clock Uncertainty:      0.035ns  ((TSJ^2 + TIJ^2)^1/2 + DJ) / 2 + PE
    Total System Jitter     (TSJ):    0.071ns
    Total Input Jitter      (TIJ):    0.000ns
    Discrete Jitter          (DJ):    0.000ns
    Phase Error              (PE):    0.000ns

    Location             Delay type                Incr(ns)  Path(ns)    Netlist Resource(s)
  -------------------------------------------------------------------    -------------------
                         (clock clk rise edge)        0.000     0.000 r  
    AC18                                              0.000     0.000 r  clk (IN)
                         net (fo=0)                   0.000     0.000    clk
    AC18                 IBUF (Prop_ibuf_I_O)         0.639     0.639 r  clk_IBUF_inst/O
                         net (fo=1, routed)           2.283     2.922    clk_IBUF
    BUFGCTRL_X0Y0        BUFG (Prop_bufg_I_O)         0.093     3.015 r  clk_IBUF_BUFG_inst/O
                         net (fo=102, routed)         1.506     4.521    m7/M2/clk
    SLICE_X0Y86          FDCE                                         r  m7/M2/shift_count_reg[0]/C
  -------------------------------------------------------------------    -------------------
    SLICE_X0Y86          FDCE (Prop_fdce_C_Q)         0.223     4.744 f  m7/M2/shift_count_reg[0]/Q
                         net (fo=7, routed)           0.474     5.218    m7/M2/shift_count_reg_n_0_[0]
    SLICE_X0Y86          LUT6 (Prop_lut6_I3_O)        0.043     5.261 r  m7/M2/FSM_sequential_state[1]_i_3/O
                         net (fo=4, routed)           0.457     5.718    m7/M2/FSM_sequential_state[1]_i_3_n_0
    SLICE_X1Y84          LUT5 (Prop_lut5_I4_O)        0.043     5.761 r  m7/M2/buffer[63]_i_1/O
                         net (fo=64, routed)          0.718     6.480    m7/M2/buffer[63]_i_1_n_0
    SLICE_X6Y89          FDRE                                         r  m7/M2/buffer_reg[24]/CE
  -------------------------------------------------------------------    -------------------

                         (clock clk rise edge)       10.000    10.000 r  
    AC18                                              0.000    10.000 r  clk (IN)
                         net (fo=0)                   0.000    10.000    clk
    AC18                 IBUF (Prop_ibuf_I_O)         0.533    10.533 r  clk_IBUF_inst/O
                         net (fo=1, routed)           2.159    12.692    clk_IBUF
    BUFGCTRL_X0Y0        BUFG (Prop_bufg_I_O)         0.083    12.775 r  clk_IBUF_BUFG_inst/O
                         net (fo=102, routed)         1.372    14.147    m7/M2/clk
    SLICE_X6Y89          FDRE                                         r  m7/M2/buffer_reg[24]/C
                         clock pessimism              0.328    14.475    
                         clock uncertainty           -0.035    14.440    
    SLICE_X6Y89          FDRE (Setup_fdre_C_CE)      -0.178    14.262    m7/M2/buffer_reg[24]
  -------------------------------------------------------------------
                         required time                         14.262    
                         arrival time                          -6.480    
  -------------------------------------------------------------------
                         slack                                  7.782    

Slack (MET) :             7.782ns  (required time - arrival time)
  Source:                 m7/M2/shift_count_reg[0]/C
                            (rising edge-triggered cell FDCE clocked by clk  {rise@0.000ns fall@5.000ns period=10.000ns})
  Destination:            m7/M2/buffer_reg[34]/CE
                            (rising edge-triggered cell FDRE clocked by clk  {rise@0.000ns fall@5.000ns period=10.000ns})
  Path Group:             clk
  Path Type:              Setup (Max at Slow Process Corner)
  Requirement:            10.000ns  (clk rise@10.000ns - clk rise@0.000ns)
  Data Path Delay:        1.958ns  (logic 0.309ns (15.778%)  route 1.649ns (84.222%))
  Logic Levels:           2  (LUT5=1 LUT6=1)
  Clock Path Skew:        -0.046ns (DCD - SCD + CPR)
    Destination Clock Delay (DCD):    4.147ns = ( 14.147 - 10.000 ) 
    Source Clock Delay      (SCD):    4.521ns
    Clock Pessimism Removal (CPR):    0.328ns
  Clock Uncertainty:      0.035ns  ((TSJ^2 + TIJ^2)^1/2 + DJ) / 2 + PE
    Total System Jitter     (TSJ):    0.071ns
    Total Input Jitter      (TIJ):    0.000ns
    Discrete Jitter          (DJ):    0.000ns
    Phase Error              (PE):    0.000ns

    Location             Delay type                Incr(ns)  Path(ns)    Netlist Resource(s)
  -------------------------------------------------------------------    -------------------
                         (clock clk rise edge)        0.000     0.000 r  
    AC18                                              0.000     0.000 r  clk (IN)
                         net (fo=0)                   0.000     0.000    clk
    AC18                 IBUF (Prop_ibuf_I_O)         0.639     0.639 r  clk_IBUF_inst/O
                         net (fo=1, routed)           2.283     2.922    clk_IBUF
    BUFGCTRL_X0Y0        BUFG (Prop_bufg_I_O)         0.093     3.015 r  clk_IBUF_BUFG_inst/O
                         net (fo=102, routed)         1.506     4.521    m7/M2/clk
    SLICE_X0Y86          FDCE                                         r  m7/M2/shift_count_reg[0]/C
  -------------------------------------------------------------------    -------------------
    SLICE_X0Y86          FDCE (Prop_fdce_C_Q)         0.223     4.744 f  m7/M2/shift_count_reg[0]/Q
                         net (fo=7, routed)           0.474     5.218    m7/M2/shift_count_reg_n_0_[0]
    SLICE_X0Y86          LUT6 (Prop_lut6_I3_O)        0.043     5.261 r  m7/M2/FSM_sequential_state[1]_i_3/O
                         net (fo=4, routed)           0.457     5.718    m7/M2/FSM_sequential_state[1]_i_3_n_0
    SLICE_X1Y84          LUT5 (Prop_lut5_I4_O)        0.043     5.761 r  m7/M2/buffer[63]_i_1/O
                         net (fo=64, routed)          0.718     6.480    m7/M2/buffer[63]_i_1_n_0
    SLICE_X6Y89          FDRE                                         r  m7/M2/buffer_reg[34]/CE
  -------------------------------------------------------------------    -------------------

                         (clock clk rise edge)       10.000    10.000 r  
    AC18                                              0.000    10.000 r  clk (IN)
                         net (fo=0)                   0.000    10.000    clk
    AC18                 IBUF (Prop_ibuf_I_O)         0.533    10.533 r  clk_IBUF_inst/O
                         net (fo=1, routed)           2.159    12.692    clk_IBUF
    BUFGCTRL_X0Y0        BUFG (Prop_bufg_I_O)         0.083    12.775 r  clk_IBUF_BUFG_inst/O
                         net (fo=102, routed)         1.372    14.147    m7/M2/clk
    SLICE_X6Y89          FDRE                                         r  m7/M2/buffer_reg[34]/C
                         clock pessimism              0.328    14.475    
                         clock uncertainty           -0.035    14.440    
    SLICE_X6Y89          FDRE (Setup_fdre_C_CE)      -0.178    14.262    m7/M2/buffer_reg[34]
  -------------------------------------------------------------------
                         required time                         14.262    
                         arrival time                          -6.480    
  -------------------------------------------------------------------
                         slack                                  7.782    

Slack (MET) :             7.786ns  (required time - arrival time)
  Source:                 m7/M2/shift_count_reg[0]/C
                            (rising edge-triggered cell FDCE clocked by clk  {rise@0.000ns fall@5.000ns period=10.000ns})
  Destination:            m7/M2/buffer_reg[20]/CE
                            (rising edge-triggered cell FDRE clocked by clk  {rise@0.000ns fall@5.000ns period=10.000ns})
  Path Group:             clk
  Path Type:              Setup (Max at Slow Process Corner)
  Requirement:            10.000ns  (clk rise@10.000ns - clk rise@0.000ns)
  Data Path Delay:        1.931ns  (logic 0.309ns (16.000%)  route 1.622ns (84.000%))
  Logic Levels:           2  (LUT5=1 LUT6=1)
  Clock Path Skew:        -0.046ns (DCD - SCD + CPR)
    Destination Clock Delay (DCD):    4.147ns = ( 14.147 - 10.000 ) 
    Source Clock Delay      (SCD):    4.521ns
    Clock Pessimism Removal (CPR):    0.328ns
  Clock Uncertainty:      0.035ns  ((TSJ^2 + TIJ^2)^1/2 + DJ) / 2 + PE
    Total System Jitter     (TSJ):    0.071ns
    Total Input Jitter      (TIJ):    0.000ns
    Discrete Jitter          (DJ):    0.000ns
    Phase Error              (PE):    0.000ns

    Location             Delay type                Incr(ns)  Path(ns)    Netlist Resource(s)
  -------------------------------------------------------------------    -------------------
                         (clock clk rise edge)        0.000     0.000 r  
    AC18                                              0.000     0.000 r  clk (IN)
                         net (fo=0)                   0.000     0.000    clk
    AC18                 IBUF (Prop_ibuf_I_O)         0.639     0.639 r  clk_IBUF_inst/O
                         net (fo=1, routed)           2.283     2.922    clk_IBUF
    BUFGCTRL_X0Y0        BUFG (Prop_bufg_I_O)         0.093     3.015 r  clk_IBUF_BUFG_inst/O
                         net (fo=102, routed)         1.506     4.521    m7/M2/clk
    SLICE_X0Y86          FDCE                                         r  m7/M2/shift_count_reg[0]/C
  -------------------------------------------------------------------    -------------------
    SLICE_X0Y86          FDCE (Prop_fdce_C_Q)         0.223     4.744 f  m7/M2/shift_count_reg[0]/Q
                         net (fo=7, routed)           0.474     5.218    m7/M2/shift_count_reg_n_0_[0]
    SLICE_X0Y86          LUT6 (Prop_lut6_I3_O)        0.043     5.261 r  m7/M2/FSM_sequential_state[1]_i_3/O
                         net (fo=4, routed)           0.457     5.718    m7/M2/FSM_sequential_state[1]_i_3_n_0
    SLICE_X1Y84          LUT5 (Prop_lut5_I4_O)        0.043     5.761 r  m7/M2/buffer[63]_i_1/O
                         net (fo=64, routed)          0.691     6.453    m7/M2/buffer[63]_i_1_n_0
    SLICE_X4Y89          FDRE                                         r  m7/M2/buffer_reg[20]/CE
  -------------------------------------------------------------------    -------------------

                         (clock clk rise edge)       10.000    10.000 r  
    AC18                                              0.000    10.000 r  clk (IN)
                         net (fo=0)                   0.000    10.000    clk
    AC18                 IBUF (Prop_ibuf_I_O)         0.533    10.533 r  clk_IBUF_inst/O
                         net (fo=1, routed)           2.159    12.692    clk_IBUF
    BUFGCTRL_X0Y0        BUFG (Prop_bufg_I_O)         0.083    12.775 r  clk_IBUF_BUFG_inst/O
                         net (fo=102, routed)         1.372    14.147    m7/M2/clk
    SLICE_X4Y89          FDRE                                         r  m7/M2/buffer_reg[20]/C
                         clock pessimism              0.328    14.475    
                         clock uncertainty           -0.035    14.440    
    SLICE_X4Y89          FDRE (Setup_fdre_C_CE)      -0.201    14.239    m7/M2/buffer_reg[20]
  -------------------------------------------------------------------
                         required time                         14.239    
                         arrival time                          -6.453    
  -------------------------------------------------------------------
                         slack                                  7.786    

Slack (MET) :             7.786ns  (required time - arrival time)
  Source:                 m7/M2/shift_count_reg[0]/C
                            (rising edge-triggered cell FDCE clocked by clk  {rise@0.000ns fall@5.000ns period=10.000ns})
  Destination:            m7/M2/buffer_reg[21]/CE
                            (rising edge-triggered cell FDRE clocked by clk  {rise@0.000ns fall@5.000ns period=10.000ns})
  Path Group:             clk
  Path Type:              Setup (Max at Slow Process Corner)
  Requirement:            10.000ns  (clk rise@10.000ns - clk rise@0.000ns)
  Data Path Delay:        1.931ns  (logic 0.309ns (16.000%)  route 1.622ns (84.000%))
  Logic Levels:           2  (LUT5=1 LUT6=1)
  Clock Path Skew:        -0.046ns (DCD - SCD + CPR)
    Destination Clock Delay (DCD):    4.147ns = ( 14.147 - 10.000 ) 
    Source Clock Delay      (SCD):    4.521ns
    Clock Pessimism Removal (CPR):    0.328ns
  Clock Uncertainty:      0.035ns  ((TSJ^2 + TIJ^2)^1/2 + DJ) / 2 + PE
    Total System Jitter     (TSJ):    0.071ns
    Total Input Jitter      (TIJ):    0.000ns
    Discrete Jitter          (DJ):    0.000ns
    Phase Error              (PE):    0.000ns

    Location             Delay type                Incr(ns)  Path(ns)    Netlist Resource(s)
  -------------------------------------------------------------------    -------------------
                         (clock clk rise edge)        0.000     0.000 r  
    AC18                                              0.000     0.000 r  clk (IN)
                         net (fo=0)                   0.000     0.000    clk
    AC18                 IBUF (Prop_ibuf_I_O)         0.639     0.639 r  clk_IBUF_inst/O
                         net (fo=1, routed)           2.283     2.922    clk_IBUF
    BUFGCTRL_X0Y0        BUFG (Prop_bufg_I_O)         0.093     3.015 r  clk_IBUF_BUFG_inst/O
                         net (fo=102, routed)         1.506     4.521    m7/M2/clk
    SLICE_X0Y86          FDCE                                         r  m7/M2/shift_count_reg[0]/C
  -------------------------------------------------------------------    -------------------
    SLICE_X0Y86          FDCE (Prop_fdce_C_Q)         0.223     4.744 f  m7/M2/shift_count_reg[0]/Q
                         net (fo=7, routed)           0.474     5.218    m7/M2/shift_count_reg_n_0_[0]
    SLICE_X0Y86          LUT6 (Prop_lut6_I3_O)        0.043     5.261 r  m7/M2/FSM_sequential_state[1]_i_3/O
                         net (fo=4, routed)           0.457     5.718    m7/M2/FSM_sequential_state[1]_i_3_n_0
    SLICE_X1Y84          LUT5 (Prop_lut5_I4_O)        0.043     5.761 r  m7/M2/buffer[63]_i_1/O
                         net (fo=64, routed)          0.691     6.453    m7/M2/buffer[63]_i_1_n_0
    SLICE_X4Y89          FDRE                                         r  m7/M2/buffer_reg[21]/CE
  -------------------------------------------------------------------    -------------------

                         (clock clk rise edge)       10.000    10.000 r  
    AC18                                              0.000    10.000 r  clk (IN)
                         net (fo=0)                   0.000    10.000    clk
    AC18                 IBUF (Prop_ibuf_I_O)         0.533    10.533 r  clk_IBUF_inst/O
                         net (fo=1, routed)           2.159    12.692    clk_IBUF
    BUFGCTRL_X0Y0        BUFG (Prop_bufg_I_O)         0.083    12.775 r  clk_IBUF_BUFG_inst/O
                         net (fo=102, routed)         1.372    14.147    m7/M2/clk
    SLICE_X4Y89          FDRE                                         r  m7/M2/buffer_reg[21]/C
                         clock pessimism              0.328    14.475    
                         clock uncertainty           -0.035    14.440    
    SLICE_X4Y89          FDRE (Setup_fdre_C_CE)      -0.201    14.239    m7/M2/buffer_reg[21]
  -------------------------------------------------------------------
                         required time                         14.239    
                         arrival time                          -6.453    
  -------------------------------------------------------------------
                         slack                                  7.786    

Slack (MET) :             7.786ns  (required time - arrival time)
  Source:                 m7/M2/shift_count_reg[0]/C
                            (rising edge-triggered cell FDCE clocked by clk  {rise@0.000ns fall@5.000ns period=10.000ns})
  Destination:            m7/M2/buffer_reg[22]/CE
                            (rising edge-triggered cell FDRE clocked by clk  {rise@0.000ns fall@5.000ns period=10.000ns})
  Path Group:             clk
  Path Type:              Setup (Max at Slow Process Corner)
  Requirement:            10.000ns  (clk rise@10.000ns - clk rise@0.000ns)
  Data Path Delay:        1.931ns  (logic 0.309ns (16.000%)  route 1.622ns (84.000%))
  Logic Levels:           2  (LUT5=1 LUT6=1)
  Clock Path Skew:        -0.046ns (DCD - SCD + CPR)
    Destination Clock Delay (DCD):    4.147ns = ( 14.147 - 10.000 ) 
    Source Clock Delay      (SCD):    4.521ns
    Clock Pessimism Removal (CPR):    0.328ns
  Clock Uncertainty:      0.035ns  ((TSJ^2 + TIJ^2)^1/2 + DJ) / 2 + PE
    Total System Jitter     (TSJ):    0.071ns
    Total Input Jitter      (TIJ):    0.000ns
    Discrete Jitter          (DJ):    0.000ns
    Phase Error              (PE):    0.000ns

    Location             Delay type                Incr(ns)  Path(ns)    Netlist Resource(s)
  -------------------------------------------------------------------    -------------------
                         (clock clk rise edge)        0.000     0.000 r  
    AC18                                              0.000     0.000 r  clk (IN)
                         net (fo=0)                   0.000     0.000    clk
    AC18                 IBUF (Prop_ibuf_I_O)         0.639     0.639 r  clk_IBUF_inst/O
                         net (fo=1, routed)           2.283     2.922    clk_IBUF
    BUFGCTRL_X0Y0        BUFG (Prop_bufg_I_O)         0.093     3.015 r  clk_IBUF_BUFG_inst/O
                         net (fo=102, routed)         1.506     4.521    m7/M2/clk
    SLICE_X0Y86          FDCE                                         r  m7/M2/shift_count_reg[0]/C
  -------------------------------------------------------------------    -------------------
    SLICE_X0Y86          FDCE (Prop_fdce_C_Q)         0.223     4.744 f  m7/M2/shift_count_reg[0]/Q
                         net (fo=7, routed)           0.474     5.218    m7/M2/shift_count_reg_n_0_[0]
    SLICE_X0Y86          LUT6 (Prop_lut6_I3_O)        0.043     5.261 r  m7/M2/FSM_sequential_state[1]_i_3/O
                         net (fo=4, routed)           0.457     5.718    m7/M2/FSM_sequential_state[1]_i_3_n_0
    SLICE_X1Y84          LUT5 (Prop_lut5_I4_O)        0.043     5.761 r  m7/M2/buffer[63]_i_1/O
                         net (fo=64, routed)          0.691     6.453    m7/M2/buffer[63]_i_1_n_0
    SLICE_X4Y89          FDRE                                         r  m7/M2/buffer_reg[22]/CE
  -------------------------------------------------------------------    -------------------

                         (clock clk rise edge)       10.000    10.000 r  
    AC18                                              0.000    10.000 r  clk (IN)
                         net (fo=0)                   0.000    10.000    clk
    AC18                 IBUF (Prop_ibuf_I_O)         0.533    10.533 r  clk_IBUF_inst/O
                         net (fo=1, routed)           2.159    12.692    clk_IBUF
    BUFGCTRL_X0Y0        BUFG (Prop_bufg_I_O)         0.083    12.775 r  clk_IBUF_BUFG_inst/O
                         net (fo=102, routed)         1.372    14.147    m7/M2/clk
    SLICE_X4Y89          FDRE                                         r  m7/M2/buffer_reg[22]/C
                         clock pessimism              0.328    14.475    
                         clock uncertainty           -0.035    14.440    
    SLICE_X4Y89          FDRE (Setup_fdre_C_CE)      -0.201    14.239    m7/M2/buffer_reg[22]
  -------------------------------------------------------------------
                         required time                         14.239    
                         arrival time                          -6.453    
  -------------------------------------------------------------------
                         slack                                  7.786    

Slack (MET) :             7.786ns  (required time - arrival time)
  Source:                 m7/M2/shift_count_reg[0]/C
                            (rising edge-triggered cell FDCE clocked by clk  {rise@0.000ns fall@5.000ns period=10.000ns})
  Destination:            m7/M2/buffer_reg[23]/CE
                            (rising edge-triggered cell FDRE clocked by clk  {rise@0.000ns fall@5.000ns period=10.000ns})
  Path Group:             clk
  Path Type:              Setup (Max at Slow Process Corner)
  Requirement:            10.000ns  (clk rise@10.000ns - clk rise@0.000ns)
  Data Path Delay:        1.931ns  (logic 0.309ns (16.000%)  route 1.622ns (84.000%))
  Logic Levels:           2  (LUT5=1 LUT6=1)
  Clock Path Skew:        -0.046ns (DCD - SCD + CPR)
    Destination Clock Delay (DCD):    4.147ns = ( 14.147 - 10.000 ) 
    Source Clock Delay      (SCD):    4.521ns
    Clock Pessimism Removal (CPR):    0.328ns
  Clock Uncertainty:      0.035ns  ((TSJ^2 + TIJ^2)^1/2 + DJ) / 2 + PE
    Total System Jitter     (TSJ):    0.071ns
    Total Input Jitter      (TIJ):    0.000ns
    Discrete Jitter          (DJ):    0.000ns
    Phase Error              (PE):    0.000ns

    Location             Delay type                Incr(ns)  Path(ns)    Netlist Resource(s)
  -------------------------------------------------------------------    -------------------
                         (clock clk rise edge)        0.000     0.000 r  
    AC18                                              0.000     0.000 r  clk (IN)
                         net (fo=0)                   0.000     0.000    clk
    AC18                 IBUF (Prop_ibuf_I_O)         0.639     0.639 r  clk_IBUF_inst/O
                         net (fo=1, routed)           2.283     2.922    clk_IBUF
    BUFGCTRL_X0Y0        BUFG (Prop_bufg_I_O)         0.093     3.015 r  clk_IBUF_BUFG_inst/O
                         net (fo=102, routed)         1.506     4.521    m7/M2/clk
    SLICE_X0Y86          FDCE                                         r  m7/M2/shift_count_reg[0]/C
  -------------------------------------------------------------------    -------------------
    SLICE_X0Y86          FDCE (Prop_fdce_C_Q)         0.223     4.744 f  m7/M2/shift_count_reg[0]/Q
                         net (fo=7, routed)           0.474     5.218    m7/M2/shift_count_reg_n_0_[0]
    SLICE_X0Y86          LUT6 (Prop_lut6_I3_O)        0.043     5.261 r  m7/M2/FSM_sequential_state[1]_i_3/O
                         net (fo=4, routed)           0.457     5.718    m7/M2/FSM_sequential_state[1]_i_3_n_0
    SLICE_X1Y84          LUT5 (Prop_lut5_I4_O)        0.043     5.761 r  m7/M2/buffer[63]_i_1/O
                         net (fo=64, routed)          0.691     6.453    m7/M2/buffer[63]_i_1_n_0
    SLICE_X4Y89          FDRE                                         r  m7/M2/buffer_reg[23]/CE
  -------------------------------------------------------------------    -------------------

                         (clock clk rise edge)       10.000    10.000 r  
    AC18                                              0.000    10.000 r  clk (IN)
                         net (fo=0)                   0.000    10.000    clk
    AC18                 IBUF (Prop_ibuf_I_O)         0.533    10.533 r  clk_IBUF_inst/O
                         net (fo=1, routed)           2.159    12.692    clk_IBUF
    BUFGCTRL_X0Y0        BUFG (Prop_bufg_I_O)         0.083    12.775 r  clk_IBUF_BUFG_inst/O
                         net (fo=102, routed)         1.372    14.147    m7/M2/clk
    SLICE_X4Y89          FDRE                                         r  m7/M2/buffer_reg[23]/C
                         clock pessimism              0.328    14.475    
                         clock uncertainty           -0.035    14.440    
    SLICE_X4Y89          FDRE (Setup_fdre_C_CE)      -0.201    14.239    m7/M2/buffer_reg[23]
  -------------------------------------------------------------------
                         required time                         14.239    
                         arrival time                          -6.453    
  -------------------------------------------------------------------
                         slack                                  7.786    





Min Delay Paths
--------------------------------------------------------------------------------------
Slack (MET) :             0.113ns  (arrival time - required time)
  Source:                 m7/M2/buffer_reg[37]/C
                            (rising edge-triggered cell FDRE clocked by clk  {rise@0.000ns fall@5.000ns period=10.000ns})
  Destination:            m7/M2/buffer_reg[36]/D
                            (rising edge-triggered cell FDRE clocked by clk  {rise@0.000ns fall@5.000ns period=10.000ns})
  Path Group:             clk
  Path Type:              Hold (Min at Fast Process Corner)
  Requirement:            0.000ns  (clk rise@0.000ns - clk rise@0.000ns)
  Data Path Delay:        0.211ns  (logic 0.128ns (60.799%)  route 0.083ns (39.201%))
  Logic Levels:           1  (LUT4=1)
  Clock Path Skew:        0.011ns (DCD - SCD - CPR)
    Destination Clock Delay (DCD):    2.365ns
    Source Clock Delay      (SCD):    1.907ns
    Clock Pessimism Removal (CPR):    0.447ns

    Location             Delay type                Incr(ns)  Path(ns)    Netlist Resource(s)
  -------------------------------------------------------------------    -------------------
                         (clock clk rise edge)        0.000     0.000 r  
    AC18                                              0.000     0.000 r  clk (IN)
                         net (fo=0)                   0.000     0.000    clk
    AC18                 IBUF (Prop_ibuf_I_O)         0.146     0.146 r  clk_IBUF_inst/O
                         net (fo=1, routed)           1.074     1.220    clk_IBUF
    BUFGCTRL_X0Y0        BUFG (Prop_bufg_I_O)         0.026     1.246 r  clk_IBUF_BUFG_inst/O
                         net (fo=102, routed)         0.661     1.907    m7/M2/clk
    SLICE_X7Y87          FDRE                                         r  m7/M2/buffer_reg[37]/C
  -------------------------------------------------------------------    -------------------
    SLICE_X7Y87          FDRE (Prop_fdre_C_Q)         0.100     2.007 r  m7/M2/buffer_reg[37]/Q
                         net (fo=1, routed)           0.083     2.089    m7/M2/in10[36]
    SLICE_X6Y87          LUT4 (Prop_lut4_I1_O)        0.028     2.117 r  m7/M2/buffer[36]_i_1/O
                         net (fo=1, routed)           0.000     2.117    m7/M2/buffer[36]
    SLICE_X6Y87          FDRE                                         r  m7/M2/buffer_reg[36]/D
  -------------------------------------------------------------------    -------------------

                         (clock clk rise edge)        0.000     0.000 r  
    AC18                                              0.000     0.000 r  clk (IN)
                         net (fo=0)                   0.000     0.000    clk
    AC18                 IBUF (Prop_ibuf_I_O)         0.312     0.312 r  clk_IBUF_inst/O
                         net (fo=1, routed)           1.143     1.455    clk_IBUF
    BUFGCTRL_X0Y0        BUFG (Prop_bufg_I_O)         0.030     1.485 r  clk_IBUF_BUFG_inst/O
                         net (fo=102, routed)         0.880     2.365    m7/M2/clk
    SLICE_X6Y87          FDRE                                         r  m7/M2/buffer_reg[36]/C
                         clock pessimism             -0.447     1.918    
    SLICE_X6Y87          FDRE (Hold_fdre_C_D)         0.087     2.005    m7/M2/buffer_reg[36]
  -------------------------------------------------------------------
                         required time                         -2.005    
                         arrival time                           2.117    
  -------------------------------------------------------------------
                         slack                                  0.113    

Slack (MET) :             0.144ns  (arrival time - required time)
  Source:                 m7/M2/buffer_reg[45]/C
                            (rising edge-triggered cell FDRE clocked by clk  {rise@0.000ns fall@5.000ns period=10.000ns})
  Destination:            m7/M2/buffer_reg[44]/D
                            (rising edge-triggered cell FDRE clocked by clk  {rise@0.000ns fall@5.000ns period=10.000ns})
  Path Group:             clk
  Path Type:              Hold (Min at Fast Process Corner)
  Requirement:            0.000ns  (clk rise@0.000ns - clk rise@0.000ns)
  Data Path Delay:        0.218ns  (logic 0.128ns (58.801%)  route 0.090ns (41.199%))
  Logic Levels:           1  (LUT4=1)
  Clock Path Skew:        0.013ns (DCD - SCD - CPR)
    Destination Clock Delay (DCD):    2.364ns
    Source Clock Delay      (SCD):    1.906ns
    Clock Pessimism Removal (CPR):    0.445ns

    Location             Delay type                Incr(ns)  Path(ns)    Netlist Resource(s)
  -------------------------------------------------------------------    -------------------
                         (clock clk rise edge)        0.000     0.000 r  
    AC18                                              0.000     0.000 r  clk (IN)
                         net (fo=0)                   0.000     0.000    clk
    AC18                 IBUF (Prop_ibuf_I_O)         0.146     0.146 r  clk_IBUF_inst/O
                         net (fo=1, routed)           1.074     1.220    clk_IBUF
    BUFGCTRL_X0Y0        BUFG (Prop_bufg_I_O)         0.026     1.246 r  clk_IBUF_BUFG_inst/O
                         net (fo=102, routed)         0.660     1.906    m7/M2/clk
    SLICE_X5Y86          FDRE                                         r  m7/M2/buffer_reg[45]/C
  -------------------------------------------------------------------    -------------------
    SLICE_X5Y86          FDRE (Prop_fdre_C_Q)         0.100     2.006 r  m7/M2/buffer_reg[45]/Q
                         net (fo=1, routed)           0.090     2.095    m7/M2/in10[44]
    SLICE_X7Y86          LUT4 (Prop_lut4_I1_O)        0.028     2.123 r  m7/M2/buffer[44]_i_1/O
                         net (fo=1, routed)           0.000     2.123    m7/M2/buffer[44]
    SLICE_X7Y86          FDRE                                         r  m7/M2/buffer_reg[44]/D
  -------------------------------------------------------------------    -------------------

                         (clock clk rise edge)        0.000     0.000 r  
    AC18                                              0.000     0.000 r  clk (IN)
                         net (fo=0)                   0.000     0.000    clk
    AC18                 IBUF (Prop_ibuf_I_O)         0.312     0.312 r  clk_IBUF_inst/O
                         net (fo=1, routed)           1.143     1.455    clk_IBUF
    BUFGCTRL_X0Y0        BUFG (Prop_bufg_I_O)         0.030     1.485 r  clk_IBUF_BUFG_inst/O
                         net (fo=102, routed)         0.879     2.364    m7/M2/clk
    SLICE_X7Y86          FDRE                                         r  m7/M2/buffer_reg[44]/C
                         clock pessimism             -0.445     1.919    
    SLICE_X7Y86          FDRE (Hold_fdre_C_D)         0.061     1.980    m7/M2/buffer_reg[44]
  -------------------------------------------------------------------
                         required time                         -1.980    
                         arrival time                           2.123    
  -------------------------------------------------------------------
                         slack                                  0.144    

Slack (MET) :             0.145ns  (arrival time - required time)
  Source:                 m2/div_res_reg[20]/C
                            (rising edge-triggered cell FDRE clocked by clk  {rise@0.000ns fall@5.000ns period=10.000ns})
  Destination:            m7/M2/start_reg[0]/D
                            (rising edge-triggered cell FDRE clocked by clk  {rise@0.000ns fall@5.000ns period=10.000ns})
  Path Group:             clk
  Path Type:              Hold (Min at Fast Process Corner)
  Requirement:            0.000ns  (clk rise@0.000ns - clk rise@0.000ns)
  Data Path Delay:        0.213ns  (logic 0.100ns (46.979%)  route 0.113ns (53.021%))
  Logic Levels:           0  
  Clock Path Skew:        0.031ns (DCD - SCD - CPR)
    Destination Clock Delay (DCD):    2.363ns
    Source Clock Delay      (SCD):    1.905ns
    Clock Pessimism Removal (CPR):    0.427ns

    Location             Delay type                Incr(ns)  Path(ns)    Netlist Resource(s)
  -------------------------------------------------------------------    -------------------
                         (clock clk rise edge)        0.000     0.000 r  
    AC18                                              0.000     0.000 r  clk (IN)
                         net (fo=0)                   0.000     0.000    clk
    AC18                 IBUF (Prop_ibuf_I_O)         0.146     0.146 r  clk_IBUF_inst/O
                         net (fo=1, routed)           1.074     1.220    clk_IBUF
    BUFGCTRL_X0Y0        BUFG (Prop_bufg_I_O)         0.026     1.246 r  clk_IBUF_BUFG_inst/O
                         net (fo=102, routed)         0.659     1.905    m2/clk
    SLICE_X4Y83          FDRE                                         r  m2/div_res_reg[20]/C
  -------------------------------------------------------------------    -------------------
    SLICE_X4Y83          FDRE (Prop_fdre_C_Q)         0.100     2.005 r  m2/div_res_reg[20]/Q
                         net (fo=2, routed)           0.113     2.118    m7/M2/Serial
    SLICE_X2Y83          FDRE                                         r  m7/M2/start_reg[0]/D
  -------------------------------------------------------------------    -------------------

                         (clock clk rise edge)        0.000     0.000 r  
    AC18                                              0.000     0.000 r  clk (IN)
                         net (fo=0)                   0.000     0.000    clk
    AC18                 IBUF (Prop_ibuf_I_O)         0.312     0.312 r  clk_IBUF_inst/O
                         net (fo=1, routed)           1.143     1.455    clk_IBUF
    BUFGCTRL_X0Y0        BUFG (Prop_bufg_I_O)         0.030     1.485 r  clk_IBUF_BUFG_inst/O
                         net (fo=102, routed)         0.878     2.363    m7/M2/clk
    SLICE_X2Y83          FDRE                                         r  m7/M2/start_reg[0]/C
                         clock pessimism             -0.427     1.936    
    SLICE_X2Y83          FDRE (Hold_fdre_C_D)         0.037     1.973    m7/M2/start_reg[0]
  -------------------------------------------------------------------
                         required time                         -1.973    
                         arrival time                           2.118    
  -------------------------------------------------------------------
                         slack                                  0.145    

Slack (MET) :             0.152ns  (arrival time - required time)
  Source:                 m7/M2/buffer_reg[11]/C
                            (rising edge-triggered cell FDRE clocked by clk  {rise@0.000ns fall@5.000ns period=10.000ns})
  Destination:            m7/M2/buffer_reg[10]/D
                            (rising edge-triggered cell FDRE clocked by clk  {rise@0.000ns fall@5.000ns period=10.000ns})
  Path Group:             clk
  Path Type:              Hold (Min at Fast Process Corner)
  Requirement:            0.000ns  (clk rise@0.000ns - clk rise@0.000ns)
  Data Path Delay:        0.223ns  (logic 0.146ns (65.609%)  route 0.077ns (34.391%))
  Logic Levels:           1  (LUT4=1)
  Clock Path Skew:        0.011ns (DCD - SCD - CPR)
    Destination Clock Delay (DCD):    2.368ns
    Source Clock Delay      (SCD):    1.909ns
    Clock Pessimism Removal (CPR):    0.448ns

    Location             Delay type                Incr(ns)  Path(ns)    Netlist Resource(s)
  -------------------------------------------------------------------    -------------------
                         (clock clk rise edge)        0.000     0.000 r  
    AC18                                              0.000     0.000 r  clk (IN)
                         net (fo=0)                   0.000     0.000    clk
    AC18                 IBUF (Prop_ibuf_I_O)         0.146     0.146 r  clk_IBUF_inst/O
                         net (fo=1, routed)           1.074     1.220    clk_IBUF
    BUFGCTRL_X0Y0        BUFG (Prop_bufg_I_O)         0.026     1.246 r  clk_IBUF_BUFG_inst/O
                         net (fo=102, routed)         0.663     1.909    m7/M2/clk
    SLICE_X2Y89          FDRE                                         r  m7/M2/buffer_reg[11]/C
  -------------------------------------------------------------------    -------------------
    SLICE_X2Y89          FDRE (Prop_fdre_C_Q)         0.118     2.027 r  m7/M2/buffer_reg[11]/Q
                         net (fo=1, routed)           0.077     2.103    m7/M2/in10[10]
    SLICE_X3Y89          LUT4 (Prop_lut4_I1_O)        0.028     2.131 r  m7/M2/buffer[10]_i_1/O
                         net (fo=1, routed)           0.000     2.131    m7/M2/buffer[10]
    SLICE_X3Y89          FDRE                                         r  m7/M2/buffer_reg[10]/D
  -------------------------------------------------------------------    -------------------

                         (clock clk rise edge)        0.000     0.000 r  
    AC18                                              0.000     0.000 r  clk (IN)
                         net (fo=0)                   0.000     0.000    clk
    AC18                 IBUF (Prop_ibuf_I_O)         0.312     0.312 r  clk_IBUF_inst/O
                         net (fo=1, routed)           1.143     1.455    clk_IBUF
    BUFGCTRL_X0Y0        BUFG (Prop_bufg_I_O)         0.030     1.485 r  clk_IBUF_BUFG_inst/O
                         net (fo=102, routed)         0.883     2.368    m7/M2/clk
    SLICE_X3Y89          FDRE                                         r  m7/M2/buffer_reg[10]/C
                         clock pessimism             -0.448     1.920    
    SLICE_X3Y89          FDRE (Hold_fdre_C_D)         0.060     1.980    m7/M2/buffer_reg[10]
  -------------------------------------------------------------------
                         required time                         -1.980    
                         arrival time                           2.131    
  -------------------------------------------------------------------
                         slack                                  0.152    

Slack (MET) :             0.152ns  (arrival time - required time)
  Source:                 m7/M2/buffer_reg[6]/C
                            (rising edge-triggered cell FDRE clocked by clk  {rise@0.000ns fall@5.000ns period=10.000ns})
  Destination:            m7/M2/buffer_reg[5]/D
                            (rising edge-triggered cell FDRE clocked by clk  {rise@0.000ns fall@5.000ns period=10.000ns})
  Path Group:             clk
  Path Type:              Hold (Min at Fast Process Corner)
  Requirement:            0.000ns  (clk rise@0.000ns - clk rise@0.000ns)
  Data Path Delay:        0.250ns  (logic 0.128ns (51.296%)  route 0.122ns (48.704%))
  Logic Levels:           1  (LUT3=1)
  Clock Path Skew:        0.011ns (DCD - SCD - CPR)
    Destination Clock Delay (DCD):    2.366ns
    Source Clock Delay      (SCD):    1.908ns
    Clock Pessimism Removal (CPR):    0.447ns

    Location             Delay type                Incr(ns)  Path(ns)    Netlist Resource(s)
  -------------------------------------------------------------------    -------------------
                         (clock clk rise edge)        0.000     0.000 r  
    AC18                                              0.000     0.000 r  clk (IN)
                         net (fo=0)                   0.000     0.000    clk
    AC18                 IBUF (Prop_ibuf_I_O)         0.146     0.146 r  clk_IBUF_inst/O
                         net (fo=1, routed)           1.074     1.220    clk_IBUF
    BUFGCTRL_X0Y0        BUFG (Prop_bufg_I_O)         0.026     1.246 r  clk_IBUF_BUFG_inst/O
                         net (fo=102, routed)         0.662     1.908    m7/M2/clk
    SLICE_X3Y87          FDRE                                         r  m7/M2/buffer_reg[6]/C
  -------------------------------------------------------------------    -------------------
    SLICE_X3Y87          FDRE (Prop_fdre_C_Q)         0.100     2.008 r  m7/M2/buffer_reg[6]/Q
                         net (fo=1, routed)           0.122     2.129    m7/M2/in10[5]
    SLICE_X2Y87          LUT3 (Prop_lut3_I1_O)        0.028     2.157 r  m7/M2/buffer[5]_i_1/O
                         net (fo=1, routed)           0.000     2.157    m7/M2/buffer[5]
    SLICE_X2Y87          FDRE                                         r  m7/M2/buffer_reg[5]/D
  -------------------------------------------------------------------    -------------------

                         (clock clk rise edge)        0.000     0.000 r  
    AC18                                              0.000     0.000 r  clk (IN)
                         net (fo=0)                   0.000     0.000    clk
    AC18                 IBUF (Prop_ibuf_I_O)         0.312     0.312 r  clk_IBUF_inst/O
                         net (fo=1, routed)           1.143     1.455    clk_IBUF
    BUFGCTRL_X0Y0        BUFG (Prop_bufg_I_O)         0.030     1.485 r  clk_IBUF_BUFG_inst/O
                         net (fo=102, routed)         0.881     2.366    m7/M2/clk
    SLICE_X2Y87          FDRE                                         r  m7/M2/buffer_reg[5]/C
                         clock pessimism             -0.447     1.919    
    SLICE_X2Y87          FDRE (Hold_fdre_C_D)         0.087     2.006    m7/M2/buffer_reg[5]
  -------------------------------------------------------------------
                         required time                         -2.006    
                         arrival time                           2.157    
  -------------------------------------------------------------------
                         slack                                  0.152    

Slack (MET) :             0.153ns  (arrival time - required time)
  Source:                 m7/M2/buffer_reg[61]/C
                            (rising edge-triggered cell FDRE clocked by clk  {rise@0.000ns fall@5.000ns period=10.000ns})
  Destination:            m7/M2/buffer_reg[60]/D
                            (rising edge-triggered cell FDRE clocked by clk  {rise@0.000ns fall@5.000ns period=10.000ns})
  Path Group:             clk
  Path Type:              Hold (Min at Fast Process Corner)
  Requirement:            0.000ns  (clk rise@0.000ns - clk rise@0.000ns)
  Data Path Delay:        0.224ns  (logic 0.146ns (65.316%)  route 0.078ns (34.684%))
  Logic Levels:           1  (LUT4=1)
  Clock Path Skew:        0.011ns (DCD - SCD - CPR)
    Destination Clock Delay (DCD):    2.365ns
    Source Clock Delay      (SCD):    1.907ns
    Clock Pessimism Removal (CPR):    0.447ns

    Location             Delay type                Incr(ns)  Path(ns)    Netlist Resource(s)
  -------------------------------------------------------------------    -------------------
                         (clock clk rise edge)        0.000     0.000 r  
    AC18                                              0.000     0.000 r  clk (IN)
                         net (fo=0)                   0.000     0.000    clk
    AC18                 IBUF (Prop_ibuf_I_O)         0.146     0.146 r  clk_IBUF_inst/O
                         net (fo=1, routed)           1.074     1.220    clk_IBUF
    BUFGCTRL_X0Y0        BUFG (Prop_bufg_I_O)         0.026     1.246 r  clk_IBUF_BUFG_inst/O
                         net (fo=102, routed)         0.661     1.907    m7/M2/clk
    SLICE_X2Y86          FDRE                                         r  m7/M2/buffer_reg[61]/C
  -------------------------------------------------------------------    -------------------
    SLICE_X2Y86          FDRE (Prop_fdre_C_Q)         0.118     2.025 r  m7/M2/buffer_reg[61]/Q
                         net (fo=1, routed)           0.078     2.102    m7/M2/in10[60]
    SLICE_X3Y86          LUT4 (Prop_lut4_I1_O)        0.028     2.130 r  m7/M2/buffer[60]_i_1/O
                         net (fo=1, routed)           0.000     2.130    m7/M2/buffer[60]
    SLICE_X3Y86          FDRE                                         r  m7/M2/buffer_reg[60]/D
  -------------------------------------------------------------------    -------------------

                         (clock clk rise edge)        0.000     0.000 r  
    AC18                                              0.000     0.000 r  clk (IN)
                         net (fo=0)                   0.000     0.000    clk
    AC18                 IBUF (Prop_ibuf_I_O)         0.312     0.312 r  clk_IBUF_inst/O
                         net (fo=1, routed)           1.143     1.455    clk_IBUF
    BUFGCTRL_X0Y0        BUFG (Prop_bufg_I_O)         0.030     1.485 r  clk_IBUF_BUFG_inst/O
                         net (fo=102, routed)         0.880     2.365    m7/M2/clk
    SLICE_X3Y86          FDRE                                         r  m7/M2/buffer_reg[60]/C
                         clock pessimism             -0.447     1.918    
    SLICE_X3Y86          FDRE (Hold_fdre_C_D)         0.060     1.978    m7/M2/buffer_reg[60]
  -------------------------------------------------------------------
                         required time                         -1.978    
                         arrival time                           2.130    
  -------------------------------------------------------------------
                         slack                                  0.153    

Slack (MET) :             0.162ns  (arrival time - required time)
  Source:                 m7/M2/buffer_reg[4]/C
                            (rising edge-triggered cell FDRE clocked by clk  {rise@0.000ns fall@5.000ns period=10.000ns})
  Destination:            m7/M2/buffer_reg[3]/D
                            (rising edge-triggered cell FDRE clocked by clk  {rise@0.000ns fall@5.000ns period=10.000ns})
  Path Group:             clk
  Path Type:              Hold (Min at Fast Process Corner)
  Requirement:            0.000ns  (clk rise@0.000ns - clk rise@0.000ns)
  Data Path Delay:        0.236ns  (logic 0.146ns (61.947%)  route 0.090ns (38.053%))
  Logic Levels:           1  (LUT4=1)
  Clock Path Skew:        0.013ns (DCD - SCD - CPR)
    Destination Clock Delay (DCD):    2.366ns
    Source Clock Delay      (SCD):    1.908ns
    Clock Pessimism Removal (CPR):    0.445ns

    Location             Delay type                Incr(ns)  Path(ns)    Netlist Resource(s)
  -------------------------------------------------------------------    -------------------
                         (clock clk rise edge)        0.000     0.000 r  
    AC18                                              0.000     0.000 r  clk (IN)
                         net (fo=0)                   0.000     0.000    clk
    AC18                 IBUF (Prop_ibuf_I_O)         0.146     0.146 r  clk_IBUF_inst/O
                         net (fo=1, routed)           1.074     1.220    clk_IBUF
    BUFGCTRL_X0Y0        BUFG (Prop_bufg_I_O)         0.026     1.246 r  clk_IBUF_BUFG_inst/O
                         net (fo=102, routed)         0.662     1.908    m7/M2/clk
    SLICE_X2Y87          FDRE                                         r  m7/M2/buffer_reg[4]/C
  -------------------------------------------------------------------    -------------------
    SLICE_X2Y87          FDRE (Prop_fdre_C_Q)         0.118     2.026 r  m7/M2/buffer_reg[4]/Q
                         net (fo=1, routed)           0.090     2.115    m7/M2/in10[3]
    SLICE_X1Y87          LUT4 (Prop_lut4_I1_O)        0.028     2.143 r  m7/M2/buffer[3]_i_1/O
                         net (fo=1, routed)           0.000     2.143    m7/M2/buffer[3]
    SLICE_X1Y87          FDRE                                         r  m7/M2/buffer_reg[3]/D
  -------------------------------------------------------------------    -------------------

                         (clock clk rise edge)        0.000     0.000 r  
    AC18                                              0.000     0.000 r  clk (IN)
                         net (fo=0)                   0.000     0.000    clk
    AC18                 IBUF (Prop_ibuf_I_O)         0.312     0.312 r  clk_IBUF_inst/O
                         net (fo=1, routed)           1.143     1.455    clk_IBUF
    BUFGCTRL_X0Y0        BUFG (Prop_bufg_I_O)         0.030     1.485 r  clk_IBUF_BUFG_inst/O
                         net (fo=102, routed)         0.881     2.366    m7/M2/clk
    SLICE_X1Y87          FDRE                                         r  m7/M2/buffer_reg[3]/C
                         clock pessimism             -0.445     1.921    
    SLICE_X1Y87          FDRE (Hold_fdre_C_D)         0.061     1.982    m7/M2/buffer_reg[3]
  -------------------------------------------------------------------
                         required time                         -1.982    
                         arrival time                           2.143    
  -------------------------------------------------------------------
                         slack                                  0.162    

Slack (MET) :             0.163ns  (arrival time - required time)
  Source:                 m7/M2/shift_count_reg[0]/C
                            (rising edge-triggered cell FDCE clocked by clk  {rise@0.000ns fall@5.000ns period=10.000ns})
  Destination:            m7/M2/shift_count_reg[3]/D
                            (rising edge-triggered cell FDCE clocked by clk  {rise@0.000ns fall@5.000ns period=10.000ns})
  Path Group:             clk
  Path Type:              Hold (Min at Fast Process Corner)
  Requirement:            0.000ns  (clk rise@0.000ns - clk rise@0.000ns)
  Data Path Delay:        0.249ns  (logic 0.133ns (53.428%)  route 0.116ns (46.572%))
  Logic Levels:           1  (LUT5=1)
  Clock Path Skew:        0.011ns (DCD - SCD - CPR)
    Destination Clock Delay (DCD):    2.365ns
    Source Clock Delay      (SCD):    1.907ns
    Clock Pessimism Removal (CPR):    0.447ns

    Location             Delay type                Incr(ns)  Path(ns)    Netlist Resource(s)
  -------------------------------------------------------------------    -------------------
                         (clock clk rise edge)        0.000     0.000 r  
    AC18                                              0.000     0.000 r  clk (IN)
                         net (fo=0)                   0.000     0.000    clk
    AC18                 IBUF (Prop_ibuf_I_O)         0.146     0.146 r  clk_IBUF_inst/O
                         net (fo=1, routed)           1.074     1.220    clk_IBUF
    BUFGCTRL_X0Y0        BUFG (Prop_bufg_I_O)         0.026     1.246 r  clk_IBUF_BUFG_inst/O
                         net (fo=102, routed)         0.661     1.907    m7/M2/clk
    SLICE_X0Y86          FDCE                                         r  m7/M2/shift_count_reg[0]/C
  -------------------------------------------------------------------    -------------------
    SLICE_X0Y86          FDCE (Prop_fdce_C_Q)         0.100     2.007 r  m7/M2/shift_count_reg[0]/Q
                         net (fo=7, routed)           0.116     2.123    m7/M2/shift_count_reg_n_0_[0]
    SLICE_X1Y86          LUT5 (Prop_lut5_I2_O)        0.033     2.156 r  m7/M2/shift_count[3]_i_1/O
                         net (fo=1, routed)           0.000     2.156    m7/M2/shift_count[3]
    SLICE_X1Y86          FDCE                                         r  m7/M2/shift_count_reg[3]/D
  -------------------------------------------------------------------    -------------------

                         (clock clk rise edge)        0.000     0.000 r  
    AC18                                              0.000     0.000 r  clk (IN)
                         net (fo=0)                   0.000     0.000    clk
    AC18                 IBUF (Prop_ibuf_I_O)         0.312     0.312 r  clk_IBUF_inst/O
                         net (fo=1, routed)           1.143     1.455    clk_IBUF
    BUFGCTRL_X0Y0        BUFG (Prop_bufg_I_O)         0.030     1.485 r  clk_IBUF_BUFG_inst/O
                         net (fo=102, routed)         0.880     2.365    m7/M2/clk
    SLICE_X1Y86          FDCE                                         r  m7/M2/shift_count_reg[3]/C
                         clock pessimism             -0.447     1.918    
    SLICE_X1Y86          FDCE (Hold_fdce_C_D)         0.075     1.993    m7/M2/shift_count_reg[3]
  -------------------------------------------------------------------
                         required time                         -1.993    
                         arrival time                           2.156    
  -------------------------------------------------------------------
                         slack                                  0.163    

Slack (MET) :             0.172ns  (arrival time - required time)
  Source:                 m7/M2/shift_count_reg[0]/C
                            (rising edge-triggered cell FDCE clocked by clk  {rise@0.000ns fall@5.000ns period=10.000ns})
  Destination:            m7/M2/shift_count_reg[1]/D
                            (rising edge-triggered cell FDCE clocked by clk  {rise@0.000ns fall@5.000ns period=10.000ns})
  Path Group:             clk
  Path Type:              Hold (Min at Fast Process Corner)
  Requirement:            0.000ns  (clk rise@0.000ns - clk rise@0.000ns)
  Data Path Delay:        0.243ns  (logic 0.128ns (52.689%)  route 0.115ns (47.311%))
  Logic Levels:           1  (LUT3=1)
  Clock Path Skew:        0.011ns (DCD - SCD - CPR)
    Destination Clock Delay (DCD):    2.365ns
    Source Clock Delay      (SCD):    1.907ns
    Clock Pessimism Removal (CPR):    0.447ns

    Location             Delay type                Incr(ns)  Path(ns)    Netlist Resource(s)
  -------------------------------------------------------------------    -------------------
                         (clock clk rise edge)        0.000     0.000 r  
    AC18                                              0.000     0.000 r  clk (IN)
                         net (fo=0)                   0.000     0.000    clk
    AC18                 IBUF (Prop_ibuf_I_O)         0.146     0.146 r  clk_IBUF_inst/O
                         net (fo=1, routed)           1.074     1.220    clk_IBUF
    BUFGCTRL_X0Y0        BUFG (Prop_bufg_I_O)         0.026     1.246 r  clk_IBUF_BUFG_inst/O
                         net (fo=102, routed)         0.661     1.907    m7/M2/clk
    SLICE_X0Y86          FDCE                                         r  m7/M2/shift_count_reg[0]/C
  -------------------------------------------------------------------    -------------------
    SLICE_X0Y86          FDCE (Prop_fdce_C_Q)         0.100     2.007 r  m7/M2/shift_count_reg[0]/Q
                         net (fo=7, routed)           0.115     2.122    m7/M2/shift_count_reg_n_0_[0]
    SLICE_X1Y86          LUT3 (Prop_lut3_I1_O)        0.028     2.150 r  m7/M2/shift_count[1]_i_1/O
                         net (fo=1, routed)           0.000     2.150    m7/M2/shift_count[1]
    SLICE_X1Y86          FDCE                                         r  m7/M2/shift_count_reg[1]/D
  -------------------------------------------------------------------    -------------------

                         (clock clk rise edge)        0.000     0.000 r  
    AC18                                              0.000     0.000 r  clk (IN)
                         net (fo=0)                   0.000     0.000    clk
    AC18                 IBUF (Prop_ibuf_I_O)         0.312     0.312 r  clk_IBUF_inst/O
                         net (fo=1, routed)           1.143     1.455    clk_IBUF
    BUFGCTRL_X0Y0        BUFG (Prop_bufg_I_O)         0.030     1.485 r  clk_IBUF_BUFG_inst/O
                         net (fo=102, routed)         0.880     2.365    m7/M2/clk
    SLICE_X1Y86          FDCE                                         r  m7/M2/shift_count_reg[1]/C
                         clock pessimism             -0.447     1.918    
    SLICE_X1Y86          FDCE (Hold_fdce_C_D)         0.060     1.978    m7/M2/shift_count_reg[1]
  -------------------------------------------------------------------
                         required time                         -1.978    
                         arrival time                           2.150    
  -------------------------------------------------------------------
                         slack                                  0.172    

Slack (MET) :             0.173ns  (arrival time - required time)
  Source:                 m7/M2/buffer_reg[46]/C
                            (rising edge-triggered cell FDRE clocked by clk  {rise@0.000ns fall@5.000ns period=10.000ns})
  Destination:            m7/M2/buffer_reg[45]/D
                            (rising edge-triggered cell FDRE clocked by clk  {rise@0.000ns fall@5.000ns period=10.000ns})
  Path Group:             clk
  Path Type:              Hold (Min at Fast Process Corner)
  Requirement:            0.000ns  (clk rise@0.000ns - clk rise@0.000ns)
  Data Path Delay:        0.244ns  (logic 0.128ns (52.507%)  route 0.116ns (47.493%))
  Logic Levels:           1  (LUT4=1)
  Clock Path Skew:        0.011ns (DCD - SCD - CPR)
    Destination Clock Delay (DCD):    2.364ns
    Source Clock Delay      (SCD):    1.906ns
    Clock Pessimism Removal (CPR):    0.447ns

    Location             Delay type                Incr(ns)  Path(ns)    Netlist Resource(s)
  -------------------------------------------------------------------    -------------------
                         (clock clk rise edge)        0.000     0.000 r  
    AC18                                              0.000     0.000 r  clk (IN)
                         net (fo=0)                   0.000     0.000    clk
    AC18                 IBUF (Prop_ibuf_I_O)         0.146     0.146 r  clk_IBUF_inst/O
                         net (fo=1, routed)           1.074     1.220    clk_IBUF
    BUFGCTRL_X0Y0        BUFG (Prop_bufg_I_O)         0.026     1.246 r  clk_IBUF_BUFG_inst/O
                         net (fo=102, routed)         0.660     1.906    m7/M2/clk
    SLICE_X4Y86          FDRE                                         r  m7/M2/buffer_reg[46]/C
  -------------------------------------------------------------------    -------------------
    SLICE_X4Y86          FDRE (Prop_fdre_C_Q)         0.100     2.006 r  m7/M2/buffer_reg[46]/Q
                         net (fo=1, routed)           0.116     2.122    m7/M2/in10[45]
    SLICE_X5Y86          LUT4 (Prop_lut4_I1_O)        0.028     2.150 r  m7/M2/buffer[45]_i_1/O
                         net (fo=1, routed)           0.000     2.150    m7/M2/buffer[45]
    SLICE_X5Y86          FDRE                                         r  m7/M2/buffer_reg[45]/D
  -------------------------------------------------------------------    -------------------

                         (clock clk rise edge)        0.000     0.000 r  
    AC18                                              0.000     0.000 r  clk (IN)
                         net (fo=0)                   0.000     0.000    clk
    AC18                 IBUF (Prop_ibuf_I_O)         0.312     0.312 r  clk_IBUF_inst/O
                         net (fo=1, routed)           1.143     1.455    clk_IBUF
    BUFGCTRL_X0Y0        BUFG (Prop_bufg_I_O)         0.030     1.485 r  clk_IBUF_BUFG_inst/O
                         net (fo=102, routed)         0.879     2.364    m7/M2/clk
    SLICE_X5Y86          FDRE                                         r  m7/M2/buffer_reg[45]/C
                         clock pessimism             -0.447     1.917    
    SLICE_X5Y86          FDRE (Hold_fdre_C_D)         0.060     1.977    m7/M2/buffer_reg[45]
  -------------------------------------------------------------------
                         required time                         -1.977    
                         arrival time                           2.150    
  -------------------------------------------------------------------
                         slack                                  0.173    





Pulse Width Checks
--------------------------------------------------------------------------------------
Clock Name:         clk
Waveform(ns):       { 0.000 5.000 }
Period(ns):         10.000
Sources:            { clk }

Check Type        Corner  Lib Pin  Reference Pin  Required(ns)  Actual(ns)  Slack(ns)  Location       Pin
Min Period        n/a     BUFG/I   n/a            1.408         10.000      8.591      BUFGCTRL_X0Y0  clk_IBUF_BUFG_inst/I
Min Period        n/a     FDCE/C   n/a            0.750         10.000      9.250      SLICE_X0Y84    m7/M2/FSM_sequential_state_reg[1]/C
Min Period        n/a     FDRE/C   n/a            0.750         10.000      9.250      SLICE_X2Y85    m7/M2/buffer_reg[63]/C
Min Period        n/a     FDCE/C   n/a            0.750         10.000      9.250      SLICE_X1Y86    m7/M2/shift_count_reg[3]/C
Min Period        n/a     FDCE/C   n/a            0.750         10.000      9.250      SLICE_X0Y86    m7/M2/shift_count_reg[5]/C
Min Period        n/a     FDRE/C   n/a            0.700         10.000      9.300      SLICE_X4Y78    m2/div_res_reg[0]/C
Min Period        n/a     FDRE/C   n/a            0.700         10.000      9.300      SLICE_X4Y80    m2/div_res_reg[10]/C
Min Period        n/a     FDRE/C   n/a            0.700         10.000      9.300      SLICE_X4Y80    m2/div_res_reg[11]/C
Min Period        n/a     FDRE/C   n/a            0.700         10.000      9.300      SLICE_X4Y81    m2/div_res_reg[12]/C
Min Period        n/a     FDRE/C   n/a            0.700         10.000      9.300      SLICE_X4Y81    m2/div_res_reg[13]/C
Low Pulse Width   Slow    FDRE/C   n/a            0.400         5.000       4.600      SLICE_X2Y85    m7/M2/buffer_reg[63]/C
Low Pulse Width   Slow    FDCE/C   n/a            0.400         5.000       4.600      SLICE_X1Y86    m7/M2/shift_count_reg[3]/C
Low Pulse Width   Slow    FDCE/C   n/a            0.400         5.000       4.600      SLICE_X0Y86    m7/M2/shift_count_reg[5]/C
Low Pulse Width   Slow    FDCE/C   n/a            0.400         5.000       4.600      SLICE_X0Y84    m7/M2/FSM_sequential_state_reg[1]/C
Low Pulse Width   Fast    FDRE/C   n/a            0.400         5.000       4.600      SLICE_X2Y85    m7/M2/buffer_reg[63]/C
Low Pulse Width   Fast    FDCE/C   n/a            0.400         5.000       4.600      SLICE_X1Y86    m7/M2/shift_count_reg[3]/C
Low Pulse Width   Fast    FDCE/C   n/a            0.400         5.000       4.600      SLICE_X0Y86    m7/M2/shift_count_reg[5]/C
Low Pulse Width   Fast    FDCE/C   n/a            0.400         5.000       4.600      SLICE_X0Y84    m7/M2/FSM_sequential_state_reg[1]/C
Low Pulse Width   Slow    FDRE/C   n/a            0.350         5.000       4.650      SLICE_X4Y82    m2/div_res_reg[16]/C
Low Pulse Width   Slow    FDRE/C   n/a            0.350         5.000       4.650      SLICE_X4Y82    m2/div_res_reg[17]/C
High Pulse Width  Fast    FDRE/C   n/a            0.350         5.000       4.650      SLICE_X4Y80    m2/div_res_reg[10]/C
High Pulse Width  Fast    FDRE/C   n/a            0.350         5.000       4.650      SLICE_X4Y80    m2/div_res_reg[11]/C
High Pulse Width  Fast    FDRE/C   n/a            0.350         5.000       4.650      SLICE_X4Y81    m2/div_res_reg[12]/C
High Pulse Width  Fast    FDRE/C   n/a            0.350         5.000       4.650      SLICE_X4Y81    m2/div_res_reg[13]/C
High Pulse Width  Fast    FDRE/C   n/a            0.350         5.000       4.650      SLICE_X4Y81    m2/div_res_reg[14]/C
High Pulse Width  Fast    FDRE/C   n/a            0.350         5.000       4.650      SLICE_X4Y81    m2/div_res_reg[15]/C
High Pulse Width  Fast    FDRE/C   n/a            0.350         5.000       4.650      SLICE_X4Y84    m2/div_res_reg[24]/C
High Pulse Width  Fast    FDRE/C   n/a            0.350         5.000       4.650      SLICE_X4Y84    m2/div_res_reg[25]/C
High Pulse Width  Fast    FDRE/C   n/a            0.350         5.000       4.650      SLICE_X4Y79    m2/div_res_reg[4]/C
High Pulse Width  Fast    FDRE/C   n/a            0.350         5.000       4.650      SLICE_X4Y79    m2/div_res_reg[5]/C



