
*** Running vivado
    with args -log Top.vds -m64 -product Vivado -mode batch -messageDb vivado.pb -notrace -source Top.tcl



****** Vivado v2020.2 (64-bit)
  **** SW Build 3064766 on Wed Nov 18 09:12:45 MST 2020
  **** IP Build 3064653 on Wed Nov 18 14:17:31 MST 2020
    ** Copyright 1986-2020 Xilinx, Inc. All Rights Reserved.

source Top.tcl -notrace
Command: synth_design -top Top -part xc7k160tffg676-2L
Starting synth_design
Attempting to get a license for feature 'Synthesis' and/or device 'xc7k160t'
INFO: [Common 17-349] Got license for feature 'Synthesis' and/or device 'xc7k160t'
INFO: [Device 21-403] Loading part xc7k160tffg676-2L
INFO: [Synth 8-7079] Multithreading enabled for synth_design using a maximum of 2 processes.
INFO: [Synth 8-7078] Launching helper process for spawning children vivado processes
INFO: [Synth 8-7075] Helper process launched with PID 12268
WARNING: [Synth 8-6901] identifier 'ball_dx' is used before its declaration [C:/Users/Littlebanbrick/Desktop/Pong/source_code/game_logic.v:71]
WARNING: [Synth 8-6901] identifier 'ball_dy' is used before its declaration [C:/Users/Littlebanbrick/Desktop/Pong/source_code/game_logic.v:72]
WARNING: [Synth 8-6901] identifier 'wide_timer_left' is used before its declaration [C:/Users/Littlebanbrick/Desktop/Pong/source_code/game_logic.v:80]
WARNING: [Synth 8-6901] identifier 'wide_timer_right' is used before its declaration [C:/Users/Littlebanbrick/Desktop/Pong/source_code/game_logic.v:81]
WARNING: [Synth 8-6901] identifier 'wide_timer_left' is used before its declaration [C:/Users/Littlebanbrick/Desktop/Pong/source_code/game_logic.v:82]
WARNING: [Synth 8-6901] identifier 'wide_timer_right' is used before its declaration [C:/Users/Littlebanbrick/Desktop/Pong/source_code/game_logic.v:83]
WARNING: [Synth 8-6901] identifier 'wide_timer_left' is used before its declaration [C:/Users/Littlebanbrick/Desktop/Pong/source_code/game_logic.v:86]
WARNING: [Synth 8-6901] identifier 'wide_timer_right' is used before its declaration [C:/Users/Littlebanbrick/Desktop/Pong/source_code/game_logic.v:87]
WARNING: [Synth 8-6901] identifier 'ball_dx' is used before its declaration [C:/Users/Littlebanbrick/Desktop/Pong/source_code/game_logic.v:93]
---------------------------------------------------------------------------------
Starting RTL Elaboration : Time (s): cpu = 00:00:02 ; elapsed = 00:00:02 . Memory (MB): peak = 1097.258 ; gain = 0.000
---------------------------------------------------------------------------------
INFO: [Synth 8-6157] synthesizing module 'Top' [C:/Users/Littlebanbrick/Desktop/Pong/source_code/Top.v:9]
INFO: [Synth 8-6157] synthesizing module 'clk_wiz' [C:/Users/Littlebanbrick/Desktop/Pong/source_code/clk_wiz.v:5]
INFO: [Synth 8-6157] synthesizing module 'clk_wiz_0' [C:/Users/Littlebanbrick/Desktop/Pong/vivado_project/Pong/Pong.runs/synth_1/.Xil/Vivado-18264-Littlebanbrick/realtime/clk_wiz_0_stub.v:5]
INFO: [Synth 8-6155] done synthesizing module 'clk_wiz_0' (1#1) [C:/Users/Littlebanbrick/Desktop/Pong/vivado_project/Pong/Pong.runs/synth_1/.Xil/Vivado-18264-Littlebanbrick/realtime/clk_wiz_0_stub.v:5]
INFO: [Synth 8-6155] done synthesizing module 'clk_wiz' (2#1) [C:/Users/Littlebanbrick/Desktop/Pong/source_code/clk_wiz.v:5]
INFO: [Synth 8-6157] synthesizing module 'keypad_scanner' [C:/Users/Littlebanbrick/Desktop/Pong/source_code/keypad_scanner.v:17]
	Parameter ROW_PADDLE bound to: 3'b100 
	Parameter ROW_START bound to: 3'b000 
	Parameter SCAN_DELAY bound to: 5035 - type: integer 
	Parameter DEBOUNCE_CNT bound to: 8 - type: integer 
INFO: [Synth 8-6155] done synthesizing module 'keypad_scanner' (3#1) [C:/Users/Littlebanbrick/Desktop/Pong/source_code/keypad_scanner.v:17]
INFO: [Synth 8-6157] synthesizing module 'ps2_keyboard' [C:/Users/Littlebanbrick/Desktop/Pong/source_code/ps2_keyboard.v:8]
INFO: [Synth 8-155] case statement is not full and has no default [C:/Users/Littlebanbrick/Desktop/Pong/source_code/ps2_keyboard.v:144]
INFO: [Synth 8-155] case statement is not full and has no default [C:/Users/Littlebanbrick/Desktop/Pong/source_code/ps2_keyboard.v:149]
INFO: [Synth 8-6155] done synthesizing module 'ps2_keyboard' (4#1) [C:/Users/Littlebanbrick/Desktop/Pong/source_code/ps2_keyboard.v:8]
INFO: [Synth 8-6157] synthesizing module 'input_merger' [C:/Users/Littlebanbrick/Desktop/Pong/source_code/input_merger.v:5]
INFO: [Synth 8-6155] done synthesizing module 'input_merger' (5#1) [C:/Users/Littlebanbrick/Desktop/Pong/source_code/input_merger.v:5]
INFO: [Synth 8-6157] synthesizing module 'game_logic' [C:/Users/Littlebanbrick/Desktop/Pong/source_code/game_logic.v:7]
	Parameter S_IDLE bound to: 3'b000 
	Parameter S_SERVE bound to: 3'b001 
	Parameter S_PLAY bound to: 3'b010 
	Parameter S_PAUSE bound to: 3'b011 
	Parameter S_SCORE bound to: 3'b100 
	Parameter S_OVER bound to: 3'b101 
INFO: [Synth 8-6157] synthesizing module 'ai_paddle' [C:/Users/Littlebanbrick/Desktop/Pong/source_code/ai_paddle.v:10]
INFO: [Synth 8-6155] done synthesizing module 'ai_paddle' (6#1) [C:/Users/Littlebanbrick/Desktop/Pong/source_code/ai_paddle.v:10]
INFO: [Synth 8-226] default block is never used [C:/Users/Littlebanbrick/Desktop/Pong/source_code/game_logic.v:115]
INFO: [Synth 8-226] default block is never used [C:/Users/Littlebanbrick/Desktop/Pong/source_code/game_logic.v:131]
INFO: [Synth 8-6155] done synthesizing module 'game_logic' (7#1) [C:/Users/Littlebanbrick/Desktop/Pong/source_code/game_logic.v:7]
INFO: [Synth 8-6157] synthesizing module 'powerup_ctrl' [C:/Users/Littlebanbrick/Desktop/Pong/source_code/powerup_ctrl.v:10]
	Parameter LIFETIME bound to: 150 - type: integer 
	Parameter COOLDOWN_BASE bound to: 480 - type: integer 
	Parameter LANE_LEFT_X bound to: 25 - type: integer 
	Parameter LANE_RIGHT_X bound to: 615 - type: integer 
	Parameter PU_SIZE bound to: 6 - type: integer 
	Parameter S_COOLDOWN bound to: 2'b00 
	Parameter S_ACTIVE bound to: 2'b01 
INFO: [Synth 8-6155] done synthesizing module 'powerup_ctrl' (8#1) [C:/Users/Littlebanbrick/Desktop/Pong/source_code/powerup_ctrl.v:10]
INFO: [Synth 8-6157] synthesizing module 'vgac' [C:/Users/Littlebanbrick/Desktop/Pong/source_code/vgac.v:1]
INFO: [Synth 8-6155] done synthesizing module 'vgac' (9#1) [C:/Users/Littlebanbrick/Desktop/Pong/source_code/vgac.v:1]
INFO: [Synth 8-6157] synthesizing module 'vga_render' [C:/Users/Littlebanbrick/Desktop/Pong/source_code/vga_render.v:8]
	Parameter S_OVER bound to: 3'b101 
	Parameter COLOR_BLACK bound to: 12'b000000000000 
	Parameter COLOR_WHITE bound to: 12'b111111111111 
	Parameter COLOR_GRAY bound to: 12'b100010001000 
	Parameter COLOR_GREEN bound to: 12'b000011110000 
	Parameter CHAR_W bound to: 16 - type: integer 
	Parameter CHAR_H bound to: 32 - type: integer 
	Parameter GAMEOVER_W bound to: 144 - type: integer 
	Parameter GAMEOVER_H bound to: 32 - type: integer 
	Parameter GAMEOVER_X bound to: 248 - type: integer 
	Parameter GAMEOVER_Y bound to: 224 - type: integer 
INFO: [Synth 8-6155] done synthesizing module 'vga_render' (10#1) [C:/Users/Littlebanbrick/Desktop/Pong/source_code/vga_render.v:8]
INFO: [Synth 8-6157] synthesizing module 'seg_display' [C:/Users/Littlebanbrick/Desktop/Pong/source_code/seg_display.v:8]
	Parameter SEG_OFF bound to: 8'b11111111 
	Parameter SEG_E bound to: 8'b10000110 
	Parameter SEG_A bound to: 8'b10001000 
	Parameter SEG_S bound to: 8'b10010010 
	Parameter SEG_y bound to: 8'b10010001 
	Parameter SEG_H bound to: 8'b10001001 
	Parameter SEG_r bound to: 8'b10101111 
	Parameter SEG_d bound to: 8'b10100001 
	Parameter SEG_t bound to: 8'b10000111 
	Parameter SEG_U bound to: 8'b11000001 
	Parameter SEG_O bound to: 8'b11000000 
	Parameter SEG_nL bound to: 8'b10101111 
	Parameter SEG_nR bound to: 8'b10101011 
INFO: [Synth 8-226] default block is never used [C:/Users/Littlebanbrick/Desktop/Pong/source_code/seg_display.v:42]
INFO: [Synth 8-226] default block is never used [C:/Users/Littlebanbrick/Desktop/Pong/source_code/seg_display.v:42]
INFO: [Synth 8-226] default block is never used [C:/Users/Littlebanbrick/Desktop/Pong/source_code/seg_display.v:42]
INFO: [Synth 8-226] default block is never used [C:/Users/Littlebanbrick/Desktop/Pong/source_code/seg_display.v:42]
INFO: [Synth 8-6155] done synthesizing module 'seg_display' (11#1) [C:/Users/Littlebanbrick/Desktop/Pong/source_code/seg_display.v:8]
INFO: [Synth 8-6157] synthesizing module 'led_status' [C:/Users/Littlebanbrick/Desktop/Pong/source_code/led_status.v:16]
	Parameter S_IDLE bound to: 3'b000 
	Parameter S_SERVE bound to: 3'b001 
	Parameter S_PLAY bound to: 3'b010 
	Parameter S_PAUSE bound to: 3'b011 
	Parameter S_SCORE bound to: 3'b100 
	Parameter S_OVER bound to: 3'b101 
	Parameter BLINK_MAX bound to: 24'b101111101011110000100000 
INFO: [Synth 8-155] case statement is not full and has no default [C:/Users/Littlebanbrick/Desktop/Pong/source_code/led_status.v:68]
INFO: [Synth 8-6155] done synthesizing module 'led_status' (12#1) [C:/Users/Littlebanbrick/Desktop/Pong/source_code/led_status.v:16]
INFO: [Synth 8-6157] synthesizing module 'buzzer_ctrl' [C:/Users/Littlebanbrick/Desktop/Pong/source_code/buzzer_ctrl.v:7]
	Parameter HIT_HALF bound to: 12587 - type: integer 
	Parameter SCORE_HALF bound to: 8391 - type: integer 
	Parameter OVER_HALF bound to: 6293 - type: integer 
	Parameter TIMER_MAX bound to: 5035000 - type: integer 
INFO: [Synth 8-6155] done synthesizing module 'buzzer_ctrl' (13#1) [C:/Users/Littlebanbrick/Desktop/Pong/source_code/buzzer_ctrl.v:7]
INFO: [Synth 8-6155] done synthesizing module 'Top' (14#1) [C:/Users/Littlebanbrick/Desktop/Pong/source_code/Top.v:9]
---------------------------------------------------------------------------------
Finished RTL Elaboration : Time (s): cpu = 00:00:02 ; elapsed = 00:00:03 . Memory (MB): peak = 1097.258 ; gain = 0.000
---------------------------------------------------------------------------------
---------------------------------------------------------------------------------
Start Handling Custom Attributes
---------------------------------------------------------------------------------
---------------------------------------------------------------------------------
Finished Handling Custom Attributes : Time (s): cpu = 00:00:03 ; elapsed = 00:00:03 . Memory (MB): peak = 1097.258 ; gain = 0.000
---------------------------------------------------------------------------------
---------------------------------------------------------------------------------
Finished RTL Optimization Phase 1 : Time (s): cpu = 00:00:03 ; elapsed = 00:00:03 . Memory (MB): peak = 1097.258 ; gain = 0.000
---------------------------------------------------------------------------------
Netlist sorting complete. Time (s): cpu = 00:00:00 ; elapsed = 00:00:00.012 . Memory (MB): peak = 1097.258 ; gain = 0.000
INFO: [Project 1-570] Preparing netlist for logic optimization

Processing XDC Constraints
Initializing timing engine
Parsing XDC File [c:/Users/Littlebanbrick/Desktop/Pong/vivado_project/Pong/Pong.gen/sources_1/ip/clk_wiz_0/clk_wiz_0/clk_wiz_0_in_context.xdc] for cell 'u_clk_wiz/u_clk_wiz_0'
Finished Parsing XDC File [c:/Users/Littlebanbrick/Desktop/Pong/vivado_project/Pong/Pong.gen/sources_1/ip/clk_wiz_0/clk_wiz_0/clk_wiz_0_in_context.xdc] for cell 'u_clk_wiz/u_clk_wiz_0'
Parsing XDC File [C:/Users/Littlebanbrick/Desktop/Pong/constraints/pong.xdc]
Finished Parsing XDC File [C:/Users/Littlebanbrick/Desktop/Pong/constraints/pong.xdc]
INFO: [Project 1-236] Implementation specific constraints were found while reading constraint file [C:/Users/Littlebanbrick/Desktop/Pong/constraints/pong.xdc]. These constraints will be ignored for synthesis but will be used in implementation. Impacted constraints are listed in the file [.Xil/Top_propImpl.xdc].
Resolution: To avoid this warning, move constraints listed in [.Xil/Top_propImpl.xdc] to another XDC file and exclude this new file from synthesis with the used_in_synthesis property (File Properties dialog in GUI) and re-run elaboration/synthesis.
Completed Processing XDC Constraints

Netlist sorting complete. Time (s): cpu = 00:00:00 ; elapsed = 00:00:00 . Memory (MB): peak = 1200.961 ; gain = 0.000
INFO: [Project 1-111] Unisim Transformation Summary:
No Unisim elements were transformed.

Constraint Validation Runtime : Time (s): cpu = 00:00:00 ; elapsed = 00:00:00.005 . Memory (MB): peak = 1200.961 ; gain = 0.000
---------------------------------------------------------------------------------
Finished Constraint Validation : Time (s): cpu = 00:00:06 ; elapsed = 00:00:06 . Memory (MB): peak = 1200.961 ; gain = 103.703
---------------------------------------------------------------------------------
---------------------------------------------------------------------------------
Start Loading Part and Timing Information
---------------------------------------------------------------------------------
Loading part: xc7k160tffg676-2L
---------------------------------------------------------------------------------
Finished Loading Part and Timing Information : Time (s): cpu = 00:00:06 ; elapsed = 00:00:06 . Memory (MB): peak = 1200.961 ; gain = 103.703
---------------------------------------------------------------------------------
---------------------------------------------------------------------------------
Start Applying 'set_property' XDC Constraints
---------------------------------------------------------------------------------
Applied set_property IO_BUFFER_TYPE = NONE for clk. (constraint file  c:/Users/Littlebanbrick/Desktop/Pong/vivado_project/Pong/Pong.gen/sources_1/ip/clk_wiz_0/clk_wiz_0/clk_wiz_0_in_context.xdc, line 3).
Applied set_property CLOCK_BUFFER_TYPE = NONE for clk. (constraint file  c:/Users/Littlebanbrick/Desktop/Pong/vivado_project/Pong/Pong.gen/sources_1/ip/clk_wiz_0/clk_wiz_0/clk_wiz_0_in_context.xdc, line 4).
Applied set_property KEEP_HIERARCHY = SOFT for u_clk_wiz/u_clk_wiz_0. (constraint file  auto generated constraint).
---------------------------------------------------------------------------------
Finished applying 'set_property' XDC Constraints : Time (s): cpu = 00:00:06 ; elapsed = 00:00:07 . Memory (MB): peak = 1200.961 ; gain = 103.703
---------------------------------------------------------------------------------
INFO: [Synth 8-802] inferred FSM for state register 'bit_cnt_reg' in module 'ps2_keyboard'
INFO: [Synth 8-802] inferred FSM for state register 'state_reg' in module 'powerup_ctrl'
---------------------------------------------------------------------------------------------------
                   State |                     New Encoding |                Previous Encoding 
---------------------------------------------------------------------------------------------------
                 iSTATE4 |                             0000 |                             0000
                 iSTATE3 |                             0001 |                             0001
                 iSTATE1 |                             0010 |                             0010
                  iSTATE |                             0011 |                             0011
                 iSTATE0 |                             0100 |                             0100
                 iSTATE9 |                             0101 |                             0101
                 iSTATE8 |                             0110 |                             0110
                 iSTATE6 |                             0111 |                             0111
                 iSTATE7 |                             1000 |                             1000
                 iSTATE5 |                             1001 |                             1001
                 iSTATE2 |                             1010 |                             1010
---------------------------------------------------------------------------------------------------
INFO: [Synth 8-3354] encoded FSM with state register 'bit_cnt_reg' using encoding 'sequential' in module 'ps2_keyboard'
---------------------------------------------------------------------------------------------------
                   State |                     New Encoding |                Previous Encoding 
---------------------------------------------------------------------------------------------------
              S_COOLDOWN |                                0 |                               00
                S_ACTIVE |                                1 |                               01
---------------------------------------------------------------------------------------------------
INFO: [Synth 8-3354] encoded FSM with state register 'state_reg' using encoding 'sequential' in module 'powerup_ctrl'
---------------------------------------------------------------------------------
Finished RTL Optimization Phase 2 : Time (s): cpu = 00:00:07 ; elapsed = 00:00:07 . Memory (MB): peak = 1200.961 ; gain = 103.703
---------------------------------------------------------------------------------
---------------------------------------------------------------------------------
Start RTL Component Statistics 
---------------------------------------------------------------------------------
Detailed RTL Component Info : 
+---Adders : 
	   2 Input   32 Bit       Adders := 1     
	   2 Input   24 Bit       Adders := 1     
	   2 Input   20 Bit       Adders := 1     
	   2 Input   14 Bit       Adders := 1     
	   2 Input   13 Bit       Adders := 2     
	   3 Input   13 Bit       Adders := 2     
	   3 Input   12 Bit       Adders := 16    
	   2 Input   11 Bit       Adders := 13    
	   3 Input   11 Bit       Adders := 4     
	   2 Input   10 Bit       Adders := 14    
	   3 Input   10 Bit       Adders := 2     
	   2 Input    9 Bit       Adders := 6     
	   2 Input    8 Bit       Adders := 2     
	   2 Input    6 Bit       Adders := 3     
	   2 Input    4 Bit       Adders := 7     
	   3 Input    4 Bit       Adders := 1     
	   2 Input    3 Bit       Adders := 2     
	   3 Input    3 Bit       Adders := 1     
	   2 Input    2 Bit       Adders := 1     
+---Registers : 
	               24 Bit    Registers := 1     
	               20 Bit    Registers := 2     
	               19 Bit    Registers := 2     
	               14 Bit    Registers := 2     
	               13 Bit    Registers := 2     
	               11 Bit    Registers := 2     
	               10 Bit    Registers := 15    
	                9 Bit    Registers := 5     
	                8 Bit    Registers := 5     
	                6 Bit    Registers := 1     
	                5 Bit    Registers := 1     
	                4 Bit    Registers := 13    
	                3 Bit    Registers := 2     
	                2 Bit    Registers := 1     
	                1 Bit    Registers := 46    
+---Muxes : 
	   2 Input   24 Bit        Muxes := 1     
	   2 Input   20 Bit        Muxes := 3     
	   7 Input   20 Bit        Muxes := 1     
	   2 Input   19 Bit        Muxes := 1     
	   7 Input   19 Bit        Muxes := 1     
	   5 Input   19 Bit        Muxes := 1     
	   3 Input   14 Bit        Muxes := 1     
	   2 Input   14 Bit        Muxes := 3     
	   2 Input   13 Bit        Muxes := 2     
	   2 Input   12 Bit        Muxes := 5     
	   7 Input   11 Bit        Muxes := 2     
	   2 Input   11 Bit        Muxes := 4     
	   2 Input   10 Bit        Muxes := 8     
	   7 Input   10 Bit        Muxes := 2     
	   2 Input    9 Bit        Muxes := 6     
	   5 Input    9 Bit        Muxes := 1     
	  11 Input    8 Bit        Muxes := 2     
	   2 Input    8 Bit        Muxes := 2     
	  10 Input    8 Bit        Muxes := 13    
	  16 Input    8 Bit        Muxes := 7     
	   4 Input    8 Bit        Muxes := 3     
	   7 Input    8 Bit        Muxes := 1     
	  10 Input    7 Bit        Muxes := 1     
	   2 Input    6 Bit        Muxes := 3     
	   6 Input    5 Bit        Muxes := 1     
	   5 Input    5 Bit        Muxes := 1     
	  11 Input    4 Bit        Muxes := 1     
	  16 Input    4 Bit        Muxes := 1     
	   2 Input    4 Bit        Muxes := 2     
	   7 Input    4 Bit        Muxes := 2     
	   5 Input    4 Bit        Muxes := 1     
	   4 Input    4 Bit        Muxes := 1     
	   2 Input    3 Bit        Muxes := 6     
	   4 Input    3 Bit        Muxes := 1     
	   8 Input    3 Bit        Muxes := 1     
	  10 Input    3 Bit        Muxes := 1     
	   3 Input    3 Bit        Muxes := 2     
	   4 Input    2 Bit        Muxes := 1     
	   3 Input    2 Bit        Muxes := 1     
	   2 Input    2 Bit        Muxes := 1     
	   2 Input    1 Bit        Muxes := 77    
	  11 Input    1 Bit        Muxes := 1     
	   6 Input    1 Bit        Muxes := 4     
	   3 Input    1 Bit        Muxes := 4     
	   8 Input    1 Bit        Muxes := 2     
	   7 Input    1 Bit        Muxes := 14    
---------------------------------------------------------------------------------
Finished RTL Component Statistics 
---------------------------------------------------------------------------------
---------------------------------------------------------------------------------
Start Part Resource Summary
---------------------------------------------------------------------------------
Part Resources:
DSPs: 600 (col length:100)
BRAMs: 650 (col length: RAMB18 100 RAMB36 50)
---------------------------------------------------------------------------------
Finished Part Resource Summary
---------------------------------------------------------------------------------
---------------------------------------------------------------------------------
Start Cross Boundary and Area Optimization
---------------------------------------------------------------------------------
---------------------------------------------------------------------------------
Finished Cross Boundary and Area Optimization : Time (s): cpu = 00:00:14 ; elapsed = 00:00:15 . Memory (MB): peak = 1200.961 ; gain = 103.703
---------------------------------------------------------------------------------
---------------------------------------------------------------------------------
Start Applying XDC Timing Constraints
---------------------------------------------------------------------------------
---------------------------------------------------------------------------------
Finished Applying XDC Timing Constraints : Time (s): cpu = 00:00:17 ; elapsed = 00:00:18 . Memory (MB): peak = 1200.961 ; gain = 103.703
---------------------------------------------------------------------------------
---------------------------------------------------------------------------------
Start Timing Optimization
---------------------------------------------------------------------------------
---------------------------------------------------------------------------------
Finished Timing Optimization : Time (s): cpu = 00:00:20 ; elapsed = 00:00:21 . Memory (MB): peak = 1288.570 ; gain = 191.312
---------------------------------------------------------------------------------
---------------------------------------------------------------------------------
Start Technology Mapping
---------------------------------------------------------------------------------
---------------------------------------------------------------------------------
Finished Technology Mapping : Time (s): cpu = 00:00:20 ; elapsed = 00:00:21 . Memory (MB): peak = 1298.668 ; gain = 201.410
---------------------------------------------------------------------------------
---------------------------------------------------------------------------------
Start IO Insertion
---------------------------------------------------------------------------------
---------------------------------------------------------------------------------
Start Flattening Before IO Insertion
---------------------------------------------------------------------------------
---------------------------------------------------------------------------------
Finished Flattening Before IO Insertion
---------------------------------------------------------------------------------
---------------------------------------------------------------------------------
Start Final Netlist Cleanup
---------------------------------------------------------------------------------
---------------------------------------------------------------------------------
Finished Final Netlist Cleanup
---------------------------------------------------------------------------------
---------------------------------------------------------------------------------
Finished IO Insertion : Time (s): cpu = 00:00:22 ; elapsed = 00:00:23 . Memory (MB): peak = 1301.730 ; gain = 204.473
---------------------------------------------------------------------------------
---------------------------------------------------------------------------------
Start Renaming Generated Instances
---------------------------------------------------------------------------------
---------------------------------------------------------------------------------
Finished Renaming Generated Instances : Time (s): cpu = 00:00:22 ; elapsed = 00:00:23 . Memory (MB): peak = 1301.730 ; gain = 204.473
---------------------------------------------------------------------------------
---------------------------------------------------------------------------------
Start Rebuilding User Hierarchy
---------------------------------------------------------------------------------
---------------------------------------------------------------------------------
Finished Rebuilding User Hierarchy : Time (s): cpu = 00:00:22 ; elapsed = 00:00:23 . Memory (MB): peak = 1301.730 ; gain = 204.473
---------------------------------------------------------------------------------
---------------------------------------------------------------------------------
Start Renaming Generated Ports
---------------------------------------------------------------------------------
---------------------------------------------------------------------------------
Finished Renaming Generated Ports : Time (s): cpu = 00:00:22 ; elapsed = 00:00:23 . Memory (MB): peak = 1301.730 ; gain = 204.473
---------------------------------------------------------------------------------
---------------------------------------------------------------------------------
Start Handling Custom Attributes
---------------------------------------------------------------------------------
---------------------------------------------------------------------------------
Finished Handling Custom Attributes : Time (s): cpu = 00:00:22 ; elapsed = 00:00:23 . Memory (MB): peak = 1301.730 ; gain = 204.473
---------------------------------------------------------------------------------
---------------------------------------------------------------------------------
Start Renaming Generated Nets
---------------------------------------------------------------------------------
---------------------------------------------------------------------------------
Finished Renaming Generated Nets : Time (s): cpu = 00:00:22 ; elapsed = 00:00:23 . Memory (MB): peak = 1301.730 ; gain = 204.473
---------------------------------------------------------------------------------
---------------------------------------------------------------------------------
Start Writing Synthesis Report
---------------------------------------------------------------------------------

Report BlackBoxes: 
+------+--------------+----------+
|      |BlackBox name |Instances |
+------+--------------+----------+
|1     |clk_wiz_0     |         1|
+------+--------------+----------+

Report Cell Usage: 
+------+--------+------+
|      |Cell    |Count |
+------+--------+------+
|1     |clk_wiz |     1|
|2     |CARRY4  |   203|
|3     |LUT1    |    73|
|4     |LUT2    |   370|
|5     |LUT3    |   216|
|6     |LUT4    |   470|
|7     |LUT5    |   211|
|8     |LUT6    |   356|
|9     |MUXF7   |     3|
|10    |FDCE    |   378|
|11    |FDPE    |    67|
|12    |FDRE    |    99|
|13    |IBUF    |    10|
|14    |OBUF    |    40|
+------+--------+------+
---------------------------------------------------------------------------------
Finished Writing Synthesis Report : Time (s): cpu = 00:00:22 ; elapsed = 00:00:23 . Memory (MB): peak = 1301.730 ; gain = 204.473
---------------------------------------------------------------------------------
Synthesis finished with 0 errors, 0 critical warnings and 0 warnings.
Synthesis Optimization Runtime : Time (s): cpu = 00:00:18 ; elapsed = 00:00:22 . Memory (MB): peak = 1301.730 ; gain = 100.770
Synthesis Optimization Complete : Time (s): cpu = 00:00:22 ; elapsed = 00:00:23 . Memory (MB): peak = 1301.730 ; gain = 204.473
INFO: [Project 1-571] Translating synthesized netlist
Netlist sorting complete. Time (s): cpu = 00:00:00 ; elapsed = 00:00:00.010 . Memory (MB): peak = 1313.770 ; gain = 0.000
INFO: [Netlist 29-17] Analyzing 206 Unisim elements for replacement
INFO: [Netlist 29-28] Unisim Transformation completed in 0 CPU seconds
INFO: [Project 1-570] Preparing netlist for logic optimization
INFO: [Opt 31-140] Inserted 1 IBUFs to IO ports without IO buffers.
INFO: [Opt 31-138] Pushed 0 inverter(s) to 0 load pin(s).
Netlist sorting complete. Time (s): cpu = 00:00:00 ; elapsed = 00:00:00 . Memory (MB): peak = 1315.902 ; gain = 0.000
INFO: [Project 1-111] Unisim Transformation Summary:
No Unisim elements were transformed.

INFO: [Common 17-83] Releasing license: Synthesis
57 Infos, 9 Warnings, 0 Critical Warnings and 0 Errors encountered.
synth_design completed successfully
synth_design: Time (s): cpu = 00:00:26 ; elapsed = 00:00:28 . Memory (MB): peak = 1315.902 ; gain = 218.645
INFO: [Common 17-1381] The checkpoint 'C:/Users/Littlebanbrick/Desktop/Pong/vivado_project/Pong/Pong.runs/synth_1/Top.dcp' has been generated.
INFO: [runtcl-4] Executing : report_utilization -file Top_utilization_synth.rpt -pb Top_utilization_synth.pb
INFO: [Common 17-206] Exiting Vivado at Thu Jun 18 13:19:04 2026...
