Vivado Simulator 2020.2
Copyright 1986-1999, 2001-2020 Xilinx, Inc. All Rights Reserved.
Running: D:/Xilinx/Vivado/2020.2/bin/unwrapped/win64.o/xelab.exe -wto e2dcf11273de4c7f9a28fbc5fced423a --incr --debug typical --relax --mt 2 -L xil_defaultlib -L unisims_ver -L unimacro_ver -L secureip --snapshot ALU_tb_behav xil_defaultlib.ALU_tb xil_defaultlib.glbl -log elaborate.log 
Using 2 slave threads.
Starting static elaboration
Pass Through NonSizing Optimizer
Completed static elaboration
Starting simulation data flow analysis
WARNING: [XSIM 43-4099] "C:/Users/Littlebanbrick/Desktop/DLD/Experiments/8th_experiment/ALU/ALU/verilog/circuit/ALU.v" Line 9. Module ALU doesn't have a timescale but at least one module in design has a timescale.
WARNING: [XSIM 43-4099] "C:/Users/Littlebanbrick/Desktop/DLD/Experiments/8th_experiment/ALU/ALU/verilog/circuit/AddSub4b.v" Line 9. Module AddSub4b doesn't have a timescale but at least one module in design has a timescale.
WARNING: [XSIM 43-4099] "C:/Users/Littlebanbrick/Desktop/DLD/Experiments/8th_experiment/ALU/ALU/verilog/gates/XOR_GATE_ONEHOT.v" Line 9. Module XOR_GATE_ONEHOT(BubblesMask=65'b0) doesn't have a timescale but at least one module in design has a timescale.
WARNING: [XSIM 43-4099] "C:/Users/Littlebanbrick/Desktop/DLD/Experiments/8th_experiment/ALU/ALU/verilog/gates/XOR_GATE_ONEHOT.v" Line 9. Module XOR_GATE_ONEHOT(BubblesMask=65'b0) doesn't have a timescale but at least one module in design has a timescale.
WARNING: [XSIM 43-4099] "C:/Users/Littlebanbrick/Desktop/DLD/Experiments/8th_experiment/ALU/ALU/verilog/gates/XOR_GATE_ONEHOT.v" Line 9. Module XOR_GATE_ONEHOT(BubblesMask=65'b0) doesn't have a timescale but at least one module in design has a timescale.
WARNING: [XSIM 43-4099] "C:/Users/Littlebanbrick/Desktop/DLD/Experiments/8th_experiment/ALU/ALU/verilog/gates/XOR_GATE_ONEHOT.v" Line 9. Module XOR_GATE_ONEHOT(BubblesMask=65'b0) doesn't have a timescale but at least one module in design has a timescale.
WARNING: [XSIM 43-4099] "C:/Users/Littlebanbrick/Desktop/DLD/Experiments/8th_experiment/ALU/ALU/verilog/gates/XOR_GATE_ONEHOT.v" Line 9. Module XOR_GATE_ONEHOT(BubblesMask=65'b0) doesn't have a timescale but at least one module in design has a timescale.
WARNING: [XSIM 43-4099] "C:/Users/Littlebanbrick/Desktop/DLD/Experiments/8th_experiment/ALU/ALU/verilog/circuit/Adder1b.v" Line 9. Module Adder1b doesn't have a timescale but at least one module in design has a timescale.
WARNING: [XSIM 43-4099] "C:/Users/Littlebanbrick/Desktop/DLD/Experiments/8th_experiment/ALU/ALU/verilog/gates/XOR_GATE_ONEHOT.v" Line 9. Module XOR_GATE_ONEHOT(BubblesMask=65'b0) doesn't have a timescale but at least one module in design has a timescale.
WARNING: [XSIM 43-4099] "C:/Users/Littlebanbrick/Desktop/DLD/Experiments/8th_experiment/ALU/ALU/verilog/gates/XOR_GATE_3_INPUTS_ONEHOT.v" Line 9. Module XOR_GATE_3_INPUTS_ONEHOT(BubblesMask=65'b0) doesn't have a timescale but at least one module in design has a timescale.
WARNING: [XSIM 43-4099] "C:/Users/Littlebanbrick/Desktop/DLD/Experiments/8th_experiment/ALU/ALU/verilog/gates/XOR_GATE_ONEHOT.v" Line 9. Module XOR_GATE_ONEHOT(BubblesMask=65'b0) doesn't have a timescale but at least one module in design has a timescale.
WARNING: [XSIM 43-4099] "C:/Users/Littlebanbrick/Desktop/DLD/Experiments/8th_experiment/ALU/ALU/verilog/gates/AND_GATE.v" Line 9. Module AND_GATE(BubblesMask=65'b0) doesn't have a timescale but at least one module in design has a timescale.
WARNING: [XSIM 43-4099] "C:/Users/Littlebanbrick/Desktop/DLD/Experiments/8th_experiment/ALU/ALU/verilog/gates/AND_GATE.v" Line 9. Module AND_GATE(BubblesMask=65'b0) doesn't have a timescale but at least one module in design has a timescale.
WARNING: [XSIM 43-4099] "C:/Users/Littlebanbrick/Desktop/DLD/Experiments/8th_experiment/ALU/ALU/verilog/gates/AND_GATE.v" Line 9. Module AND_GATE(BubblesMask=65'b0) doesn't have a timescale but at least one module in design has a timescale.
WARNING: [XSIM 43-4099] "C:/Users/Littlebanbrick/Desktop/DLD/Experiments/8th_experiment/ALU/ALU/verilog/circuit/Adder1b.v" Line 9. Module Adder1b doesn't have a timescale but at least one module in design has a timescale.
WARNING: [XSIM 43-4099] "C:/Users/Littlebanbrick/Desktop/DLD/Experiments/8th_experiment/ALU/ALU/verilog/gates/XOR_GATE_ONEHOT.v" Line 9. Module XOR_GATE_ONEHOT(BubblesMask=65'b0) doesn't have a timescale but at least one module in design has a timescale.
WARNING: [XSIM 43-4099] "C:/Users/Littlebanbrick/Desktop/DLD/Experiments/8th_experiment/ALU/ALU/verilog/gates/XOR_GATE_3_INPUTS_ONEHOT.v" Line 9. Module XOR_GATE_3_INPUTS_ONEHOT(BubblesMask=65'b0) doesn't have a timescale but at least one module in design has a timescale.
WARNING: [XSIM 43-4099] "C:/Users/Littlebanbrick/Desktop/DLD/Experiments/8th_experiment/ALU/ALU/verilog/gates/XOR_GATE_ONEHOT.v" Line 9. Module XOR_GATE_ONEHOT(BubblesMask=65'b0) doesn't have a timescale but at least one module in design has a timescale.
WARNING: [XSIM 43-4099] "C:/Users/Littlebanbrick/Desktop/DLD/Experiments/8th_experiment/ALU/ALU/verilog/gates/AND_GATE.v" Line 9. Module AND_GATE(BubblesMask=65'b0) doesn't have a timescale but at least one module in design has a timescale.
WARNING: [XSIM 43-4099] "C:/Users/Littlebanbrick/Desktop/DLD/Experiments/8th_experiment/ALU/ALU/verilog/gates/AND_GATE.v" Line 9. Module AND_GATE(BubblesMask=65'b0) doesn't have a timescale but at least one module in design has a timescale.
WARNING: [XSIM 43-4099] "C:/Users/Littlebanbrick/Desktop/DLD/Experiments/8th_experiment/ALU/ALU/verilog/gates/AND_GATE.v" Line 9. Module AND_GATE(BubblesMask=65'b0) doesn't have a timescale but at least one module in design has a timescale.
WARNING: [XSIM 43-4099] "C:/Users/Littlebanbrick/Desktop/DLD/Experiments/8th_experiment/ALU/ALU/verilog/circuit/Adder1b.v" Line 9. Module Adder1b doesn't have a timescale but at least one module in design has a timescale.
WARNING: [XSIM 43-4099] "C:/Users/Littlebanbrick/Desktop/DLD/Experiments/8th_experiment/ALU/ALU/verilog/gates/XOR_GATE_ONEHOT.v" Line 9. Module XOR_GATE_ONEHOT(BubblesMask=65'b0) doesn't have a timescale but at least one module in design has a timescale.
WARNING: [XSIM 43-4099] "C:/Users/Littlebanbrick/Desktop/DLD/Experiments/8th_experiment/ALU/ALU/verilog/gates/XOR_GATE_3_INPUTS_ONEHOT.v" Line 9. Module XOR_GATE_3_INPUTS_ONEHOT(BubblesMask=65'b0) doesn't have a timescale but at least one module in design has a timescale.
WARNING: [XSIM 43-4099] "C:/Users/Littlebanbrick/Desktop/DLD/Experiments/8th_experiment/ALU/ALU/verilog/gates/XOR_GATE_ONEHOT.v" Line 9. Module XOR_GATE_ONEHOT(BubblesMask=65'b0) doesn't have a timescale but at least one module in design has a timescale.
WARNING: [XSIM 43-4099] "C:/Users/Littlebanbrick/Desktop/DLD/Experiments/8th_experiment/ALU/ALU/verilog/gates/AND_GATE.v" Line 9. Module AND_GATE(BubblesMask=65'b0) doesn't have a timescale but at least one module in design has a timescale.
WARNING: [XSIM 43-4099] "C:/Users/Littlebanbrick/Desktop/DLD/Experiments/8th_experiment/ALU/ALU/verilog/gates/AND_GATE.v" Line 9. Module AND_GATE(BubblesMask=65'b0) doesn't have a timescale but at least one module in design has a timescale.
WARNING: [XSIM 43-4099] "C:/Users/Littlebanbrick/Desktop/DLD/Experiments/8th_experiment/ALU/ALU/verilog/gates/AND_GATE.v" Line 9. Module AND_GATE(BubblesMask=65'b0) doesn't have a timescale but at least one module in design has a timescale.
WARNING: [XSIM 43-4099] "C:/Users/Littlebanbrick/Desktop/DLD/Experiments/8th_experiment/ALU/ALU/verilog/circuit/Adder1b.v" Line 9. Module Adder1b doesn't have a timescale but at least one module in design has a timescale.
WARNING: [XSIM 43-4099] "C:/Users/Littlebanbrick/Desktop/DLD/Experiments/8th_experiment/ALU/ALU/verilog/gates/XOR_GATE_ONEHOT.v" Line 9. Module XOR_GATE_ONEHOT(BubblesMask=65'b0) doesn't have a timescale but at least one module in design has a timescale.
WARNING: [XSIM 43-4099] "C:/Users/Littlebanbrick/Desktop/DLD/Experiments/8th_experiment/ALU/ALU/verilog/gates/XOR_GATE_3_INPUTS_ONEHOT.v" Line 9. Module XOR_GATE_3_INPUTS_ONEHOT(BubblesMask=65'b0) doesn't have a timescale but at least one module in design has a timescale.
WARNING: [XSIM 43-4099] "C:/Users/Littlebanbrick/Desktop/DLD/Experiments/8th_experiment/ALU/ALU/verilog/gates/XOR_GATE_ONEHOT.v" Line 9. Module XOR_GATE_ONEHOT(BubblesMask=65'b0) doesn't have a timescale but at least one module in design has a timescale.
WARNING: [XSIM 43-4099] "C:/Users/Littlebanbrick/Desktop/DLD/Experiments/8th_experiment/ALU/ALU/verilog/gates/AND_GATE.v" Line 9. Module AND_GATE(BubblesMask=65'b0) doesn't have a timescale but at least one module in design has a timescale.
WARNING: [XSIM 43-4099] "C:/Users/Littlebanbrick/Desktop/DLD/Experiments/8th_experiment/ALU/ALU/verilog/gates/AND_GATE.v" Line 9. Module AND_GATE(BubblesMask=65'b0) doesn't have a timescale but at least one module in design has a timescale.
WARNING: [XSIM 43-4099] "C:/Users/Littlebanbrick/Desktop/DLD/Experiments/8th_experiment/ALU/ALU/verilog/gates/AND_GATE.v" Line 9. Module AND_GATE(BubblesMask=65'b0) doesn't have a timescale but at least one module in design has a timescale.
WARNING: [XSIM 43-4099] "C:/Users/Littlebanbrick/Desktop/DLD/Experiments/8th_experiment/ALU/ALU/verilog/circuit/And2b4.v" Line 9. Module And2b4 doesn't have a timescale but at least one module in design has a timescale.
WARNING: [XSIM 43-4099] "C:/Users/Littlebanbrick/Desktop/DLD/Experiments/8th_experiment/ALU/ALU/verilog/gates/AND_GATE.v" Line 9. Module AND_GATE(BubblesMask=65'b0) doesn't have a timescale but at least one module in design has a timescale.
WARNING: [XSIM 43-4099] "C:/Users/Littlebanbrick/Desktop/DLD/Experiments/8th_experiment/ALU/ALU/verilog/gates/AND_GATE.v" Line 9. Module AND_GATE(BubblesMask=65'b0) doesn't have a timescale but at least one module in design has a timescale.
WARNING: [XSIM 43-4099] "C:/Users/Littlebanbrick/Desktop/DLD/Experiments/8th_experiment/ALU/ALU/verilog/gates/AND_GATE.v" Line 9. Module AND_GATE(BubblesMask=65'b0) doesn't have a timescale but at least one module in design has a timescale.
WARNING: [XSIM 43-4099] "C:/Users/Littlebanbrick/Desktop/DLD/Experiments/8th_experiment/ALU/ALU/verilog/gates/AND_GATE.v" Line 9. Module AND_GATE(BubblesMask=65'b0) doesn't have a timescale but at least one module in design has a timescale.
WARNING: [XSIM 43-4099] "C:/Users/Littlebanbrick/Desktop/DLD/Experiments/8th_experiment/ALU/ALU/verilog/circuit/Or2b4.v" Line 9. Module Or2b4 doesn't have a timescale but at least one module in design has a timescale.
WARNING: [XSIM 43-4099] "C:/Users/Littlebanbrick/Desktop/DLD/Experiments/8th_experiment/ALU/ALU/verilog/gates/OR_GATE.v" Line 9. Module OR_GATE(BubblesMask=65'b0) doesn't have a timescale but at least one module in design has a timescale.
WARNING: [XSIM 43-4099] "C:/Users/Littlebanbrick/Desktop/DLD/Experiments/8th_experiment/ALU/ALU/verilog/gates/OR_GATE.v" Line 9. Module OR_GATE(BubblesMask=65'b0) doesn't have a timescale but at least one module in design has a timescale.
WARNING: [XSIM 43-4099] "C:/Users/Littlebanbrick/Desktop/DLD/Experiments/8th_experiment/ALU/ALU/verilog/gates/OR_GATE.v" Line 9. Module OR_GATE(BubblesMask=65'b0) doesn't have a timescale but at least one module in design has a timescale.
WARNING: [XSIM 43-4099] "C:/Users/Littlebanbrick/Desktop/DLD/Experiments/8th_experiment/ALU/ALU/verilog/gates/OR_GATE.v" Line 9. Module OR_GATE(BubblesMask=65'b0) doesn't have a timescale but at least one module in design has a timescale.
WARNING: [XSIM 43-4099] "C:/Users/Littlebanbrick/Desktop/DLD/Experiments/8th_experiment/ALU/ALU/verilog/circuit/Mux4to1b4.v" Line 9. Module Mux4to1b4 doesn't have a timescale but at least one module in design has a timescale.
WARNING: [XSIM 43-4099] "C:/Users/Littlebanbrick/Desktop/DLD/Experiments/8th_experiment/ALU/ALU/verilog/gates/AND_GATE.v" Line 9. Module AND_GATE(BubblesMask=65'b0) doesn't have a timescale but at least one module in design has a timescale.
WARNING: [XSIM 43-4099] "C:/Users/Littlebanbrick/Desktop/DLD/Experiments/8th_experiment/ALU/ALU/verilog/gates/AND_GATE.v" Line 9. Module AND_GATE(BubblesMask=65'b0) doesn't have a timescale but at least one module in design has a timescale.
WARNING: [XSIM 43-4099] "C:/Users/Littlebanbrick/Desktop/DLD/Experiments/8th_experiment/ALU/ALU/verilog/gates/AND_GATE.v" Line 9. Module AND_GATE(BubblesMask=65'b0) doesn't have a timescale but at least one module in design has a timescale.
WARNING: [XSIM 43-4099] "C:/Users/Littlebanbrick/Desktop/DLD/Experiments/8th_experiment/ALU/ALU/verilog/gates/AND_GATE.v" Line 9. Module AND_GATE(BubblesMask=65'b0) doesn't have a timescale but at least one module in design has a timescale.
WARNING: [XSIM 43-4099] "C:/Users/Littlebanbrick/Desktop/DLD/Experiments/8th_experiment/ALU/ALU/verilog/gates/AND_GATE.v" Line 9. Module AND_GATE(BubblesMask=65'b0) doesn't have a timescale but at least one module in design has a timescale.
WARNING: [XSIM 43-4099] "C:/Users/Littlebanbrick/Desktop/DLD/Experiments/8th_experiment/ALU/ALU/verilog/gates/AND_GATE.v" Line 9. Module AND_GATE(BubblesMask=65'b0) doesn't have a timescale but at least one module in design has a timescale.
WARNING: [XSIM 43-4099] "C:/Users/Littlebanbrick/Desktop/DLD/Experiments/8th_experiment/ALU/ALU/verilog/gates/AND_GATE.v" Line 9. Module AND_GATE(BubblesMask=65'b0) doesn't have a timescale but at least one module in design has a timescale.
WARNING: [XSIM 43-4099] "C:/Users/Littlebanbrick/Desktop/DLD/Experiments/8th_experiment/ALU/ALU/verilog/gates/AND_GATE.v" Line 9. Module AND_GATE(BubblesMask=65'b0) doesn't have a timescale but at least one module in design has a timescale.
WARNING: [XSIM 43-4099] "C:/Users/Littlebanbrick/Desktop/DLD/Experiments/8th_experiment/ALU/ALU/verilog/gates/AND_GATE.v" Line 9. Module AND_GATE(BubblesMask=65'b0) doesn't have a timescale but at least one module in design has a timescale.
WARNING: [XSIM 43-4099] "C:/Users/Littlebanbrick/Desktop/DLD/Experiments/8th_experiment/ALU/ALU/verilog/gates/AND_GATE.v" Line 9. Module AND_GATE(BubblesMask=65'b0) doesn't have a timescale but at least one module in design has a timescale.
WARNING: [XSIM 43-4099] "C:/Users/Littlebanbrick/Desktop/DLD/Experiments/8th_experiment/ALU/ALU/verilog/gates/AND_GATE.v" Line 9. Module AND_GATE(BubblesMask=65'b0) doesn't have a timescale but at least one module in design has a timescale.
WARNING: [XSIM 43-4099] "C:/Users/Littlebanbrick/Desktop/DLD/Experiments/8th_experiment/ALU/ALU/verilog/gates/OR_GATE_4_INPUTS.v" Line 9. Module OR_GATE_4_INPUTS(BubblesMask=65'b0) doesn't have a timescale but at least one module in design has a timescale.
WARNING: [XSIM 43-4099] "C:/Users/Littlebanbrick/Desktop/DLD/Experiments/8th_experiment/ALU/ALU/verilog/gates/AND_GATE.v" Line 9. Module AND_GATE(BubblesMask=65'b0) doesn't have a timescale but at least one module in design has a timescale.
WARNING: [XSIM 43-4099] "C:/Users/Littlebanbrick/Desktop/DLD/Experiments/8th_experiment/ALU/ALU/verilog/gates/AND_GATE.v" Line 9. Module AND_GATE(BubblesMask=65'b0) doesn't have a timescale but at least one module in design has a timescale.
WARNING: [XSIM 43-4099] "C:/Users/Littlebanbrick/Desktop/DLD/Experiments/8th_experiment/ALU/ALU/verilog/gates/AND_GATE.v" Line 9. Module AND_GATE(BubblesMask=65'b0) doesn't have a timescale but at least one module in design has a timescale.
WARNING: [XSIM 43-4099] "C:/Users/Littlebanbrick/Desktop/DLD/Experiments/8th_experiment/ALU/ALU/verilog/gates/AND_GATE.v" Line 9. Module AND_GATE(BubblesMask=65'b0) doesn't have a timescale but at least one module in design has a timescale.
WARNING: [XSIM 43-4099] "C:/Users/Littlebanbrick/Desktop/DLD/Experiments/8th_experiment/ALU/ALU/verilog/gates/AND_GATE.v" Line 9. Module AND_GATE(BubblesMask=65'b0) doesn't have a timescale but at least one module in design has a timescale.
WARNING: [XSIM 43-4099] "C:/Users/Littlebanbrick/Desktop/DLD/Experiments/8th_experiment/ALU/ALU/verilog/gates/AND_GATE.v" Line 9. Module AND_GATE(BubblesMask=65'b0) doesn't have a timescale but at least one module in design has a timescale.
WARNING: [XSIM 43-4099] "C:/Users/Littlebanbrick/Desktop/DLD/Experiments/8th_experiment/ALU/ALU/verilog/gates/AND_GATE.v" Line 9. Module AND_GATE(BubblesMask=65'b0) doesn't have a timescale but at least one module in design has a timescale.
WARNING: [XSIM 43-4099] "C:/Users/Littlebanbrick/Desktop/DLD/Experiments/8th_experiment/ALU/ALU/verilog/gates/AND_GATE.v" Line 9. Module AND_GATE(BubblesMask=65'b0) doesn't have a timescale but at least one module in design has a timescale.
WARNING: [XSIM 43-4099] "C:/Users/Littlebanbrick/Desktop/DLD/Experiments/8th_experiment/ALU/ALU/verilog/gates/AND_GATE.v" Line 9. Module AND_GATE(BubblesMask=65'b0) doesn't have a timescale but at least one module in design has a timescale.
WARNING: [XSIM 43-4099] "C:/Users/Littlebanbrick/Desktop/DLD/Experiments/8th_experiment/ALU/ALU/verilog/gates/OR_GATE_4_INPUTS.v" Line 9. Module OR_GATE_4_INPUTS(BubblesMask=65'b0) doesn't have a timescale but at least one module in design has a timescale.
WARNING: [XSIM 43-4099] "C:/Users/Littlebanbrick/Desktop/DLD/Experiments/8th_experiment/ALU/ALU/verilog/gates/OR_GATE_4_INPUTS.v" Line 9. Module OR_GATE_4_INPUTS(BubblesMask=65'b0) doesn't have a timescale but at least one module in design has a timescale.
WARNING: [XSIM 43-4099] "C:/Users/Littlebanbrick/Desktop/DLD/Experiments/8th_experiment/ALU/ALU/verilog/gates/OR_GATE_4_INPUTS.v" Line 9. Module OR_GATE_4_INPUTS(BubblesMask=65'b0) doesn't have a timescale but at least one module in design has a timescale.
WARNING: [XSIM 43-4099] "C:/Users/Littlebanbrick/Desktop/DLD/Experiments/8th_experiment/ALU/ALU/verilog/circuit/Mux4to1.v" Line 9. Module Mux4to1 doesn't have a timescale but at least one module in design has a timescale.
WARNING: [XSIM 43-4099] "C:/Users/Littlebanbrick/Desktop/DLD/Experiments/8th_experiment/ALU/ALU/verilog/gates/AND_GATE.v" Line 9. Module AND_GATE(BubblesMask=65'b0) doesn't have a timescale but at least one module in design has a timescale.
WARNING: [XSIM 43-4099] "C:/Users/Littlebanbrick/Desktop/DLD/Experiments/8th_experiment/ALU/ALU/verilog/gates/AND_GATE.v" Line 9. Module AND_GATE(BubblesMask=65'b0) doesn't have a timescale but at least one module in design has a timescale.
WARNING: [XSIM 43-4099] "C:/Users/Littlebanbrick/Desktop/DLD/Experiments/8th_experiment/ALU/ALU/verilog/gates/OR_GATE_4_INPUTS.v" Line 9. Module OR_GATE_4_INPUTS(BubblesMask=65'b0) doesn't have a timescale but at least one module in design has a timescale.
WARNING: [XSIM 43-4099] "C:/Users/Littlebanbrick/Desktop/DLD/Experiments/8th_experiment/ALU/ALU/verilog/gates/AND_GATE.v" Line 9. Module AND_GATE(BubblesMask=65'b0) doesn't have a timescale but at least one module in design has a timescale.
WARNING: [XSIM 43-4099] "C:/Users/Littlebanbrick/Desktop/DLD/Experiments/8th_experiment/ALU/ALU/verilog/gates/AND_GATE.v" Line 9. Module AND_GATE(BubblesMask=65'b0) doesn't have a timescale but at least one module in design has a timescale.
WARNING: [XSIM 43-4099] "C:/Users/Littlebanbrick/Desktop/DLD/Experiments/8th_experiment/ALU/ALU/verilog/gates/AND_GATE.v" Line 9. Module AND_GATE(BubblesMask=65'b0) doesn't have a timescale but at least one module in design has a timescale.
WARNING: [XSIM 43-4099] "C:/Users/Littlebanbrick/Desktop/DLD/Experiments/8th_experiment/ALU/ALU/verilog/gates/AND_GATE.v" Line 9. Module AND_GATE(BubblesMask=65'b0) doesn't have a timescale but at least one module in design has a timescale.
WARNING: [XSIM 43-4099] "C:/Users/Littlebanbrick/Desktop/DLD/Experiments/8th_experiment/ALU/ALU/verilog/gates/AND_GATE.v" Line 9. Module AND_GATE(BubblesMask=65'b0) doesn't have a timescale but at least one module in design has a timescale.
WARNING: [XSIM 43-4099] "C:/Users/Littlebanbrick/Desktop/DLD/Experiments/8th_experiment/ALU/ALU/verilog/gates/AND_GATE.v" Line 9. Module AND_GATE(BubblesMask=65'b0) doesn't have a timescale but at least one module in design has a timescale.
WARNING: [XSIM 43-4099] "C:/Users/Littlebanbrick/Desktop/DLD/Experiments/8th_experiment/ALU/ALU/verilog/circuit/ALU.v" Line 9. Module ALU doesn't have a timescale but at least one module in design has a timescale.
WARNING: [XSIM 43-4099] "C:/Users/Littlebanbrick/Desktop/DLD/Experiments/8th_experiment/ALU/ALU/verilog/circuit/AddSub4b.v" Line 9. Module AddSub4b doesn't have a timescale but at least one module in design has a timescale.
WARNING: [XSIM 43-4099] "C:/Users/Littlebanbrick/Desktop/DLD/Experiments/8th_experiment/ALU/ALU/verilog/gates/XOR_GATE_ONEHOT.v" Line 9. Module XOR_GATE_ONEHOT(BubblesMask=65'b0) doesn't have a timescale but at least one module in design has a timescale.
WARNING: [XSIM 43-4099] "C:/Users/Littlebanbrick/Desktop/DLD/Experiments/8th_experiment/ALU/ALU/verilog/gates/XOR_GATE_ONEHOT.v" Line 9. Module XOR_GATE_ONEHOT(BubblesMask=65'b0) doesn't have a timescale but at least one module in design has a timescale.
WARNING: [XSIM 43-4099] "C:/Users/Littlebanbrick/Desktop/DLD/Experiments/8th_experiment/ALU/ALU/verilog/gates/XOR_GATE_ONEHOT.v" Line 9. Module XOR_GATE_ONEHOT(BubblesMask=65'b0) doesn't have a timescale but at least one module in design has a timescale.
WARNING: [XSIM 43-4099] "C:/Users/Littlebanbrick/Desktop/DLD/Experiments/8th_experiment/ALU/ALU/verilog/gates/XOR_GATE_ONEHOT.v" Line 9. Module XOR_GATE_ONEHOT(BubblesMask=65'b0) doesn't have a timescale but at least one module in design has a timescale.
WARNING: [XSIM 43-4099] "C:/Users/Littlebanbrick/Desktop/DLD/Experiments/8th_experiment/ALU/ALU/verilog/gates/XOR_GATE_ONEHOT.v" Line 9. Module XOR_GATE_ONEHOT(BubblesMask=65'b0) doesn't have a timescale but at least one module in design has a timescale.
WARNING: [XSIM 43-4099] "C:/Users/Littlebanbrick/Desktop/DLD/Experiments/8th_experiment/ALU/ALU/verilog/circuit/Adder1b.v" Line 9. Module Adder1b doesn't have a timescale but at least one module in design has a timescale.
WARNING: [XSIM 43-4099] "C:/Users/Littlebanbrick/Desktop/DLD/Experiments/8th_experiment/ALU/ALU/verilog/gates/XOR_GATE_ONEHOT.v" Line 9. Module XOR_GATE_ONEHOT(BubblesMask=65'b0) doesn't have a timescale but at least one module in design has a timescale.
WARNING: [XSIM 43-4099] "C:/Users/Littlebanbrick/Desktop/DLD/Experiments/8th_experiment/ALU/ALU/verilog/gates/XOR_GATE_3_INPUTS_ONEHOT.v" Line 9. Module XOR_GATE_3_INPUTS_ONEHOT(BubblesMask=65'b0) doesn't have a timescale but at least one module in design has a timescale.
WARNING: [XSIM 43-4099] "C:/Users/Littlebanbrick/Desktop/DLD/Experiments/8th_experiment/ALU/ALU/verilog/gates/XOR_GATE_ONEHOT.v" Line 9. Module XOR_GATE_ONEHOT(BubblesMask=65'b0) doesn't have a timescale but at least one module in design has a timescale.
WARNING: [XSIM 43-4099] "C:/Users/Littlebanbrick/Desktop/DLD/Experiments/8th_experiment/ALU/ALU/verilog/gates/AND_GATE.v" Line 9. Module AND_GATE(BubblesMask=65'b0) doesn't have a timescale but at least one module in design has a timescale.
WARNING: [XSIM 43-4099] "C:/Users/Littlebanbrick/Desktop/DLD/Experiments/8th_experiment/ALU/ALU/verilog/gates/AND_GATE.v" Line 9. Module AND_GATE(BubblesMask=65'b0) doesn't have a timescale but at least one module in design has a timescale.
WARNING: [XSIM 43-4099] "C:/Users/Littlebanbrick/Desktop/DLD/Experiments/8th_experiment/ALU/ALU/verilog/gates/AND_GATE.v" Line 9. Module AND_GATE(BubblesMask=65'b0) doesn't have a timescale but at least one module in design has a timescale.
WARNING: [XSIM 43-4099] "C:/Users/Littlebanbrick/Desktop/DLD/Experiments/8th_experiment/ALU/ALU/verilog/circuit/Adder1b.v" Line 9. Module Adder1b doesn't have a timescale but at least one module in design has a timescale.
WARNING: [XSIM 43-4099] "C:/Users/Littlebanbrick/Desktop/DLD/Experiments/8th_experiment/ALU/ALU/verilog/gates/XOR_GATE_ONEHOT.v" Line 9. Module XOR_GATE_ONEHOT(BubblesMask=65'b0) doesn't have a timescale but at least one module in design has a timescale.
WARNING: [XSIM 43-4099] "C:/Users/Littlebanbrick/Desktop/DLD/Experiments/8th_experiment/ALU/ALU/verilog/gates/XOR_GATE_3_INPUTS_ONEHOT.v" Line 9. Module XOR_GATE_3_INPUTS_ONEHOT(BubblesMask=65'b0) doesn't have a timescale but at least one module in design has a timescale.
WARNING: [XSIM 43-4099] "C:/Users/Littlebanbrick/Desktop/DLD/Experiments/8th_experiment/ALU/ALU/verilog/gates/XOR_GATE_ONEHOT.v" Line 9. Module XOR_GATE_ONEHOT(BubblesMask=65'b0) doesn't have a timescale but at least one module in design has a timescale.
WARNING: [XSIM 43-4099] "C:/Users/Littlebanbrick/Desktop/DLD/Experiments/8th_experiment/ALU/ALU/verilog/gates/AND_GATE.v" Line 9. Module AND_GATE(BubblesMask=65'b0) doesn't have a timescale but at least one module in design has a timescale.
WARNING: [XSIM 43-4099] "C:/Users/Littlebanbrick/Desktop/DLD/Experiments/8th_experiment/ALU/ALU/verilog/gates/AND_GATE.v" Line 9. Module AND_GATE(BubblesMask=65'b0) doesn't have a timescale but at least one module in design has a timescale.
INFO: [Common 17-14] Message 'XSIM 43-4099' appears 100 times and further instances of the messages will be disabled. Use the Tcl command set_msg_config to change the current settings.
Completed simulation data flow analysis
Time Resolution for simulation is 1ps
Compiling module xil_defaultlib.XOR_GATE_ONEHOT(BubblesMask=65'b...
Compiling module xil_defaultlib.XOR_GATE_3_INPUTS_ONEHOT(Bubbles...
Compiling module xil_defaultlib.AND_GATE(BubblesMask=65'b0)
Compiling module xil_defaultlib.Adder1b
Compiling module xil_defaultlib.AddSub4b
Compiling module xil_defaultlib.And2b4
Compiling module xil_defaultlib.OR_GATE(BubblesMask=65'b0)
Compiling module xil_defaultlib.Or2b4
Compiling module xil_defaultlib.OR_GATE_4_INPUTS(BubblesMask=65'...
Compiling module xil_defaultlib.Mux4to1b4
Compiling module xil_defaultlib.Mux4to1
Compiling module xil_defaultlib.ALU
Compiling module xil_defaultlib.ALU_tb
Compiling module xil_defaultlib.glbl
Built simulation snapshot ALU_tb_behav
