
*** Running vivado
    with args -log Top.vds -m64 -product Vivado -mode batch -messageDb vivado.pb -notrace -source Top.tcl



****** Vivado v2020.2 (64-bit)
  **** SW Build 3064766 on Wed Nov 18 09:12:45 MST 2020
  **** IP Build 3064653 on Wed Nov 18 14:17:31 MST 2020
    ** Copyright 1986-2020 Xilinx, Inc. All Rights Reserved.

source Top.tcl -notrace
Command: synth_design -top Top -part xc7k160tffg676-2L
Starting synth_design
Attempting to get a license for feature 'Synthesis' and/or device 'xc7k160t'
INFO: [Common 17-349] Got license for feature 'Synthesis' and/or device 'xc7k160t'
INFO: [Device 21-403] Loading part xc7k160tffg676-2L
INFO: [Synth 8-7079] Multithreading enabled for synth_design using a maximum of 2 processes.
INFO: [Synth 8-7078] Launching helper process for spawning children vivado processes
INFO: [Synth 8-7075] Helper process launched with PID 24792
---------------------------------------------------------------------------------
Starting RTL Elaboration : Time (s): cpu = 00:00:02 ; elapsed = 00:00:02 . Memory (MB): peak = 1098.137 ; gain = 0.000
---------------------------------------------------------------------------------
INFO: [Synth 8-6157] synthesizing module 'Top' [C:/Users/Littlebanbrick/Desktop/DLD/Experiments/8th_experiment/ALU/ALU.srcs/sources_1/new/Top.v:1]
INFO: [Synth 8-6157] synthesizing module 'clkdiv' [C:/Users/Littlebanbrick/Desktop/DLD/Experiments/7th_experiment/DisplayNumber/DisplayNumber/verilog/circuit/clkdiv.v:1]
INFO: [Synth 8-6155] done synthesizing module 'clkdiv' (1#1) [C:/Users/Littlebanbrick/Desktop/DLD/Experiments/7th_experiment/DisplayNumber/DisplayNumber/verilog/circuit/clkdiv.v:1]
INFO: [Synth 8-6157] synthesizing module 'pbdebounce' [C:/Users/Littlebanbrick/Desktop/DLD/Experiments/8th_experiment/ALU/ALU.srcs/sources_1/new/pbdebounce.v:1]
INFO: [Synth 8-6155] done synthesizing module 'pbdebounce' (2#1) [C:/Users/Littlebanbrick/Desktop/DLD/Experiments/8th_experiment/ALU/ALU.srcs/sources_1/new/pbdebounce.v:1]
INFO: [Synth 8-6157] synthesizing module 'CreateNumber' [C:/Users/Littlebanbrick/Desktop/DLD/Experiments/8th_experiment/ALU/ALU.srcs/sources_1/new/CreateNumber.v:11]
	Parameter INIT_HEXES bound to: 16'b1010101111001101 
INFO: [Synth 8-6157] synthesizing module 'AddSub4b' [C:/Users/Littlebanbrick/Desktop/DLD/Experiments/8th_experiment/ALU/ALU/verilog/circuit/AddSub4b.v:9]
INFO: [Synth 8-6157] synthesizing module 'XOR_GATE_ONEHOT' [C:/Users/Littlebanbrick/Desktop/DLD/Experiments/8th_experiment/ALU/ALU/verilog/gates/XOR_GATE_ONEHOT.v:9]
	Parameter BubblesMask bound to: 65'b00000000000000000000000000000000000000000000000000000000000000000 
INFO: [Synth 8-6155] done synthesizing module 'XOR_GATE_ONEHOT' (3#1) [C:/Users/Littlebanbrick/Desktop/DLD/Experiments/8th_experiment/ALU/ALU/verilog/gates/XOR_GATE_ONEHOT.v:9]
INFO: [Synth 8-6157] synthesizing module 'Adder1b' [C:/Users/Littlebanbrick/Desktop/DLD/Experiments/8th_experiment/ALU/ALU/verilog/circuit/Adder1b.v:9]
INFO: [Synth 8-6157] synthesizing module 'XOR_GATE_3_INPUTS_ONEHOT' [C:/Users/Littlebanbrick/Desktop/DLD/Experiments/8th_experiment/ALU/ALU/verilog/gates/XOR_GATE_3_INPUTS_ONEHOT.v:9]
	Parameter BubblesMask bound to: 65'b00000000000000000000000000000000000000000000000000000000000000000 
INFO: [Synth 8-6155] done synthesizing module 'XOR_GATE_3_INPUTS_ONEHOT' (4#1) [C:/Users/Littlebanbrick/Desktop/DLD/Experiments/8th_experiment/ALU/ALU/verilog/gates/XOR_GATE_3_INPUTS_ONEHOT.v:9]
INFO: [Synth 8-6157] synthesizing module 'AND_GATE' [C:/Users/Littlebanbrick/Desktop/DLD/Experiments/8th_experiment/ALU/ALU/verilog/gates/AND_GATE.v:9]
	Parameter BubblesMask bound to: 65'b00000000000000000000000000000000000000000000000000000000000000000 
INFO: [Synth 8-6155] done synthesizing module 'AND_GATE' (5#1) [C:/Users/Littlebanbrick/Desktop/DLD/Experiments/8th_experiment/ALU/ALU/verilog/gates/AND_GATE.v:9]
INFO: [Synth 8-6155] done synthesizing module 'Adder1b' (6#1) [C:/Users/Littlebanbrick/Desktop/DLD/Experiments/8th_experiment/ALU/ALU/verilog/circuit/Adder1b.v:9]
INFO: [Synth 8-6155] done synthesizing module 'AddSub4b' (7#1) [C:/Users/Littlebanbrick/Desktop/DLD/Experiments/8th_experiment/ALU/ALU/verilog/circuit/AddSub4b.v:9]
WARNING: [Synth 8-7071] port 'Cout' of module 'AddSub4b' is unconnected for instance 'a0' [C:/Users/Littlebanbrick/Desktop/DLD/Experiments/8th_experiment/ALU/ALU.srcs/sources_1/new/CreateNumber.v:23]
WARNING: [Synth 8-7023] instance 'a0' of module 'AddSub4b' has 5 connections declared, but only 4 given [C:/Users/Littlebanbrick/Desktop/DLD/Experiments/8th_experiment/ALU/ALU.srcs/sources_1/new/CreateNumber.v:23]
WARNING: [Synth 8-7071] port 'Cout' of module 'AddSub4b' is unconnected for instance 'a1' [C:/Users/Littlebanbrick/Desktop/DLD/Experiments/8th_experiment/ALU/ALU.srcs/sources_1/new/CreateNumber.v:24]
WARNING: [Synth 8-7023] instance 'a1' of module 'AddSub4b' has 5 connections declared, but only 4 given [C:/Users/Littlebanbrick/Desktop/DLD/Experiments/8th_experiment/ALU/ALU.srcs/sources_1/new/CreateNumber.v:24]
WARNING: [Synth 8-7071] port 'Cout' of module 'AddSub4b' is unconnected for instance 'a2' [C:/Users/Littlebanbrick/Desktop/DLD/Experiments/8th_experiment/ALU/ALU.srcs/sources_1/new/CreateNumber.v:25]
WARNING: [Synth 8-7023] instance 'a2' of module 'AddSub4b' has 5 connections declared, but only 4 given [C:/Users/Littlebanbrick/Desktop/DLD/Experiments/8th_experiment/ALU/ALU.srcs/sources_1/new/CreateNumber.v:25]
WARNING: [Synth 8-7071] port 'Cout' of module 'AddSub4b' is unconnected for instance 'a3' [C:/Users/Littlebanbrick/Desktop/DLD/Experiments/8th_experiment/ALU/ALU.srcs/sources_1/new/CreateNumber.v:26]
WARNING: [Synth 8-7023] instance 'a3' of module 'AddSub4b' has 5 connections declared, but only 4 given [C:/Users/Littlebanbrick/Desktop/DLD/Experiments/8th_experiment/ALU/ALU.srcs/sources_1/new/CreateNumber.v:26]
INFO: [Synth 8-6155] done synthesizing module 'CreateNumber' (8#1) [C:/Users/Littlebanbrick/Desktop/DLD/Experiments/8th_experiment/ALU/ALU.srcs/sources_1/new/CreateNumber.v:11]
INFO: [Synth 8-6157] synthesizing module 'ALU' [C:/Users/Littlebanbrick/Desktop/DLD/Experiments/8th_experiment/ALU/ALU/verilog/circuit/ALU.v:9]
INFO: [Synth 8-6157] synthesizing module 'And2b4' [C:/Users/Littlebanbrick/Desktop/DLD/Experiments/8th_experiment/ALU/ALU/verilog/circuit/And2b4.v:9]
INFO: [Synth 8-6155] done synthesizing module 'And2b4' (9#1) [C:/Users/Littlebanbrick/Desktop/DLD/Experiments/8th_experiment/ALU/ALU/verilog/circuit/And2b4.v:9]
INFO: [Synth 8-6157] synthesizing module 'Or2b4' [C:/Users/Littlebanbrick/Desktop/DLD/Experiments/8th_experiment/ALU/ALU/verilog/circuit/Or2b4.v:9]
INFO: [Synth 8-6157] synthesizing module 'OR_GATE' [C:/Users/Littlebanbrick/Desktop/DLD/Experiments/8th_experiment/ALU/ALU/verilog/gates/OR_GATE.v:9]
	Parameter BubblesMask bound to: 65'b00000000000000000000000000000000000000000000000000000000000000000 
INFO: [Synth 8-6155] done synthesizing module 'OR_GATE' (10#1) [C:/Users/Littlebanbrick/Desktop/DLD/Experiments/8th_experiment/ALU/ALU/verilog/gates/OR_GATE.v:9]
INFO: [Synth 8-6155] done synthesizing module 'Or2b4' (11#1) [C:/Users/Littlebanbrick/Desktop/DLD/Experiments/8th_experiment/ALU/ALU/verilog/circuit/Or2b4.v:9]
INFO: [Synth 8-6157] synthesizing module 'Mux4to1b4' [C:/Users/Littlebanbrick/Desktop/DLD/Experiments/8th_experiment/ALU/ALU/verilog/circuit/Mux4to1b4.v:9]
INFO: [Synth 8-6157] synthesizing module 'OR_GATE_4_INPUTS' [C:/Users/Littlebanbrick/Desktop/DLD/Experiments/8th_experiment/ALU/ALU/verilog/gates/OR_GATE_4_INPUTS.v:9]
	Parameter BubblesMask bound to: 65'b00000000000000000000000000000000000000000000000000000000000000000 
INFO: [Synth 8-6155] done synthesizing module 'OR_GATE_4_INPUTS' (12#1) [C:/Users/Littlebanbrick/Desktop/DLD/Experiments/8th_experiment/ALU/ALU/verilog/gates/OR_GATE_4_INPUTS.v:9]
INFO: [Synth 8-6155] done synthesizing module 'Mux4to1b4' (13#1) [C:/Users/Littlebanbrick/Desktop/DLD/Experiments/8th_experiment/ALU/ALU/verilog/circuit/Mux4to1b4.v:9]
INFO: [Synth 8-6157] synthesizing module 'Mux4to1' [C:/Users/Littlebanbrick/Desktop/DLD/Experiments/8th_experiment/ALU/ALU/verilog/circuit/Mux4to1.v:9]
INFO: [Synth 8-6155] done synthesizing module 'Mux4to1' (14#1) [C:/Users/Littlebanbrick/Desktop/DLD/Experiments/8th_experiment/ALU/ALU/verilog/circuit/Mux4to1.v:9]
INFO: [Synth 8-6155] done synthesizing module 'ALU' (15#1) [C:/Users/Littlebanbrick/Desktop/DLD/Experiments/8th_experiment/ALU/ALU/verilog/circuit/ALU.v:9]
INFO: [Synth 8-6157] synthesizing module 'DisplayNumber' [C:/Users/Littlebanbrick/Desktop/DLD/Experiments/7th_experiment/DisplayNumber/DisplayNumber/verilog/circuit/DisplayNumber.v:9]
INFO: [Synth 8-6157] synthesizing module 'MyMC14495' [C:/Users/Littlebanbrick/Desktop/DLD/Experiments/7th_experiment/DisplayNumber/DisplayNumber/verilog/circuit/MyMC14495.v:9]
INFO: [Synth 8-6157] synthesizing module 'AND_GATE_3_INPUTS' [C:/Users/Littlebanbrick/Desktop/DLD/Experiments/7th_experiment/DisplayNumber/DisplayNumber/verilog/gates/AND_GATE_3_INPUTS.v:9]
	Parameter BubblesMask bound to: 65'b00000000000000000000000000000000000000000000000000000000000000000 
INFO: [Synth 8-6155] done synthesizing module 'AND_GATE_3_INPUTS' (16#1) [C:/Users/Littlebanbrick/Desktop/DLD/Experiments/7th_experiment/DisplayNumber/DisplayNumber/verilog/gates/AND_GATE_3_INPUTS.v:9]
INFO: [Synth 8-6157] synthesizing module 'AND_GATE_4_INPUTS' [C:/Users/Littlebanbrick/Desktop/DLD/Experiments/7th_experiment/DisplayNumber/DisplayNumber/verilog/gates/AND_GATE_4_INPUTS.v:9]
	Parameter BubblesMask bound to: 65'b00000000000000000000000000000000000000000000000000000000000000000 
INFO: [Synth 8-6155] done synthesizing module 'AND_GATE_4_INPUTS' (17#1) [C:/Users/Littlebanbrick/Desktop/DLD/Experiments/7th_experiment/DisplayNumber/DisplayNumber/verilog/gates/AND_GATE_4_INPUTS.v:9]
INFO: [Synth 8-6157] synthesizing module 'OR_GATE_3_INPUTS' [C:/Users/Littlebanbrick/Desktop/DLD/Experiments/7th_experiment/DisplayNumber/DisplayNumber/verilog/gates/OR_GATE_3_INPUTS.v:9]
	Parameter BubblesMask bound to: 65'b00000000000000000000000000000000000000000000000000000000000000000 
INFO: [Synth 8-6155] done synthesizing module 'OR_GATE_3_INPUTS' (18#1) [C:/Users/Littlebanbrick/Desktop/DLD/Experiments/7th_experiment/DisplayNumber/DisplayNumber/verilog/gates/OR_GATE_3_INPUTS.v:9]
INFO: [Synth 8-6155] done synthesizing module 'MyMC14495' (19#1) [C:/Users/Littlebanbrick/Desktop/DLD/Experiments/7th_experiment/DisplayNumber/DisplayNumber/verilog/circuit/MyMC14495.v:9]
INFO: [Synth 8-6157] synthesizing module 'DisplaySync' [C:/Users/Littlebanbrick/Desktop/DLD/Experiments/7th_experiment/DisplayNumber/DisplayNumber/verilog/circuit/DisplaySync.v:9]
INFO: [Synth 8-6155] done synthesizing module 'DisplaySync' (20#1) [C:/Users/Littlebanbrick/Desktop/DLD/Experiments/7th_experiment/DisplayNumber/DisplayNumber/verilog/circuit/DisplaySync.v:9]
INFO: [Synth 8-6155] done synthesizing module 'DisplayNumber' (21#1) [C:/Users/Littlebanbrick/Desktop/DLD/Experiments/7th_experiment/DisplayNumber/DisplayNumber/verilog/circuit/DisplayNumber.v:9]
INFO: [Synth 8-6157] synthesizing module 'SSeg_Dev' [C:/Users/Littlebanbrick/Desktop/DLD/Experiments/8th_experiment/attachment-seg/attachment-seg/SSeg_Dev/SSeg_Dev.v:1]
INFO: [Synth 8-6157] synthesizing module 'P2S' [C:/Users/Littlebanbrick/Desktop/DLD/Experiments/8th_experiment/attachment-seg/attachment-seg/P2S_io.v:1]
	Parameter DATA_BITS bound to: 64 - type: integer 
	Parameter DATA_COUNT_BITS bound to: 6 - type: integer 
INFO: [Synth 8-6155] done synthesizing module 'P2S' (22#1) [C:/Users/Littlebanbrick/Desktop/DLD/Experiments/8th_experiment/attachment-seg/attachment-seg/P2S_io.v:1]
INFO: [Synth 8-6157] synthesizing module 'HexTo8SEG' [C:/Users/Littlebanbrick/Desktop/DLD/Experiments/8th_experiment/attachment-seg/attachment-seg/SSeg_Dev/HexTo8SEG.v:3]
INFO: [Synth 8-6157] synthesizing module 'Hex2Seg' [C:/Users/Littlebanbrick/Desktop/DLD/Experiments/8th_experiment/attachment-seg/attachment-seg/SSeg_Dev/Hex2Seg.v:3]
INFO: [Synth 8-6155] done synthesizing module 'Hex2Seg' (23#1) [C:/Users/Littlebanbrick/Desktop/DLD/Experiments/8th_experiment/attachment-seg/attachment-seg/SSeg_Dev/Hex2Seg.v:3]
INFO: [Synth 8-6155] done synthesizing module 'HexTo8SEG' (24#1) [C:/Users/Littlebanbrick/Desktop/DLD/Experiments/8th_experiment/attachment-seg/attachment-seg/SSeg_Dev/HexTo8SEG.v:3]
INFO: [Synth 8-6155] done synthesizing module 'SSeg_Dev' (25#1) [C:/Users/Littlebanbrick/Desktop/DLD/Experiments/8th_experiment/attachment-seg/attachment-seg/SSeg_Dev/SSeg_Dev.v:1]
INFO: [Synth 8-6155] done synthesizing module 'Top' (26#1) [C:/Users/Littlebanbrick/Desktop/DLD/Experiments/8th_experiment/ALU/ALU.srcs/sources_1/new/Top.v:1]
---------------------------------------------------------------------------------
Finished RTL Elaboration : Time (s): cpu = 00:00:02 ; elapsed = 00:00:02 . Memory (MB): peak = 1098.137 ; gain = 0.000
---------------------------------------------------------------------------------
---------------------------------------------------------------------------------
Start Handling Custom Attributes
---------------------------------------------------------------------------------
---------------------------------------------------------------------------------
Finished Handling Custom Attributes : Time (s): cpu = 00:00:03 ; elapsed = 00:00:03 . Memory (MB): peak = 1098.137 ; gain = 0.000
---------------------------------------------------------------------------------
---------------------------------------------------------------------------------
Finished RTL Optimization Phase 1 : Time (s): cpu = 00:00:03 ; elapsed = 00:00:03 . Memory (MB): peak = 1098.137 ; gain = 0.000
---------------------------------------------------------------------------------
Netlist sorting complete. Time (s): cpu = 00:00:00 ; elapsed = 00:00:00.004 . Memory (MB): peak = 1098.137 ; gain = 0.000
INFO: [Project 1-570] Preparing netlist for logic optimization

Processing XDC Constraints
Initializing timing engine
Parsing XDC File [C:/Users/Littlebanbrick/Desktop/DLD/Experiments/8th_experiment/ALU/ALU.srcs/constrs_1/new/constraints.xdc]
Finished Parsing XDC File [C:/Users/Littlebanbrick/Desktop/DLD/Experiments/8th_experiment/ALU/ALU.srcs/constrs_1/new/constraints.xdc]
INFO: [Project 1-236] Implementation specific constraints were found while reading constraint file [C:/Users/Littlebanbrick/Desktop/DLD/Experiments/8th_experiment/ALU/ALU.srcs/constrs_1/new/constraints.xdc]. These constraints will be ignored for synthesis but will be used in implementation. Impacted constraints are listed in the file [.Xil/Top_propImpl.xdc].
Resolution: To avoid this warning, move constraints listed in [.Xil/Top_propImpl.xdc] to another XDC file and exclude this new file from synthesis with the used_in_synthesis property (File Properties dialog in GUI) and re-run elaboration/synthesis.
Completed Processing XDC Constraints

Netlist sorting complete. Time (s): cpu = 00:00:00 ; elapsed = 00:00:00.001 . Memory (MB): peak = 1169.457 ; gain = 0.000
INFO: [Project 1-111] Unisim Transformation Summary:
No Unisim elements were transformed.

Constraint Validation Runtime : Time (s): cpu = 00:00:00 ; elapsed = 00:00:00.004 . Memory (MB): peak = 1169.457 ; gain = 0.000
---------------------------------------------------------------------------------
Finished Constraint Validation : Time (s): cpu = 00:00:05 ; elapsed = 00:00:06 . Memory (MB): peak = 1169.457 ; gain = 71.320
---------------------------------------------------------------------------------
---------------------------------------------------------------------------------
Start Loading Part and Timing Information
---------------------------------------------------------------------------------
Loading part: xc7k160tffg676-2L
---------------------------------------------------------------------------------
Finished Loading Part and Timing Information : Time (s): cpu = 00:00:05 ; elapsed = 00:00:06 . Memory (MB): peak = 1169.457 ; gain = 71.320
---------------------------------------------------------------------------------
---------------------------------------------------------------------------------
Start Applying 'set_property' XDC Constraints
---------------------------------------------------------------------------------
---------------------------------------------------------------------------------
Finished applying 'set_property' XDC Constraints : Time (s): cpu = 00:00:05 ; elapsed = 00:00:06 . Memory (MB): peak = 1169.457 ; gain = 71.320
---------------------------------------------------------------------------------
---------------------------------------------------------------------------------
Finished RTL Optimization Phase 2 : Time (s): cpu = 00:00:06 ; elapsed = 00:00:06 . Memory (MB): peak = 1169.457 ; gain = 71.320
---------------------------------------------------------------------------------
INFO: [Synth 8-223] decloning instance 'MyMC14495:/GATES_34' (AND_GATE_3_INPUTS) to 'MyMC14495:/GATES_38'
INFO: [Synth 8-223] decloning instance 'MyMC14495:/GATES_3' (AND_GATE_4_INPUTS) to 'MyMC14495:/GATES_25'
INFO: [Synth 8-223] decloning instance 'MyMC14495:/GATES_18' (AND_GATE_4_INPUTS) to 'MyMC14495:/GATES_29'
---------------------------------------------------------------------------------
Start RTL Component Statistics 
---------------------------------------------------------------------------------
Detailed RTL Component Info : 
+---Registers : 
	                8 Bit    Registers := 2     
	                4 Bit    Registers := 4     
	                1 Bit    Registers := 2     
+---Muxes : 
	   2 Input    1 Bit        Muxes := 4     
---------------------------------------------------------------------------------
Finished RTL Component Statistics 
---------------------------------------------------------------------------------
---------------------------------------------------------------------------------
Start Part Resource Summary
---------------------------------------------------------------------------------
Part Resources:
DSPs: 600 (col length:100)
BRAMs: 650 (col length: RAMB18 100 RAMB36 50)
---------------------------------------------------------------------------------
Finished Part Resource Summary
---------------------------------------------------------------------------------
---------------------------------------------------------------------------------
Start Cross Boundary and Area Optimization
---------------------------------------------------------------------------------
---------------------------------------------------------------------------------
Finished Cross Boundary and Area Optimization : Time (s): cpu = 00:00:06 ; elapsed = 00:00:07 . Memory (MB): peak = 1169.457 ; gain = 71.320
---------------------------------------------------------------------------------
---------------------------------------------------------------------------------
Start Applying XDC Timing Constraints
---------------------------------------------------------------------------------
---------------------------------------------------------------------------------
Finished Applying XDC Timing Constraints : Time (s): cpu = 00:00:09 ; elapsed = 00:00:10 . Memory (MB): peak = 1169.457 ; gain = 71.320
---------------------------------------------------------------------------------
---------------------------------------------------------------------------------
Start Timing Optimization
---------------------------------------------------------------------------------
---------------------------------------------------------------------------------
Finished Timing Optimization : Time (s): cpu = 00:00:09 ; elapsed = 00:00:10 . Memory (MB): peak = 1173.434 ; gain = 75.297
---------------------------------------------------------------------------------
---------------------------------------------------------------------------------
Start Technology Mapping
---------------------------------------------------------------------------------
---------------------------------------------------------------------------------
Finished Technology Mapping : Time (s): cpu = 00:00:09 ; elapsed = 00:00:10 . Memory (MB): peak = 1180.219 ; gain = 82.082
---------------------------------------------------------------------------------
---------------------------------------------------------------------------------
Start IO Insertion
---------------------------------------------------------------------------------
---------------------------------------------------------------------------------
Start Flattening Before IO Insertion
---------------------------------------------------------------------------------
---------------------------------------------------------------------------------
Finished Flattening Before IO Insertion
---------------------------------------------------------------------------------
---------------------------------------------------------------------------------
Start Final Netlist Cleanup
---------------------------------------------------------------------------------
---------------------------------------------------------------------------------
Finished Final Netlist Cleanup
---------------------------------------------------------------------------------
---------------------------------------------------------------------------------
Finished IO Insertion : Time (s): cpu = 00:00:11 ; elapsed = 00:00:12 . Memory (MB): peak = 1185.043 ; gain = 86.906
---------------------------------------------------------------------------------
---------------------------------------------------------------------------------
Start Renaming Generated Instances
---------------------------------------------------------------------------------
---------------------------------------------------------------------------------
Finished Renaming Generated Instances : Time (s): cpu = 00:00:11 ; elapsed = 00:00:12 . Memory (MB): peak = 1185.043 ; gain = 86.906
---------------------------------------------------------------------------------
---------------------------------------------------------------------------------
Start Rebuilding User Hierarchy
---------------------------------------------------------------------------------
---------------------------------------------------------------------------------
Finished Rebuilding User Hierarchy : Time (s): cpu = 00:00:11 ; elapsed = 00:00:12 . Memory (MB): peak = 1185.043 ; gain = 86.906
---------------------------------------------------------------------------------
---------------------------------------------------------------------------------
Start Renaming Generated Ports
---------------------------------------------------------------------------------
---------------------------------------------------------------------------------
Finished Renaming Generated Ports : Time (s): cpu = 00:00:11 ; elapsed = 00:00:12 . Memory (MB): peak = 1185.043 ; gain = 86.906
---------------------------------------------------------------------------------
---------------------------------------------------------------------------------
Start Handling Custom Attributes
---------------------------------------------------------------------------------
---------------------------------------------------------------------------------
Finished Handling Custom Attributes : Time (s): cpu = 00:00:11 ; elapsed = 00:00:12 . Memory (MB): peak = 1185.043 ; gain = 86.906
---------------------------------------------------------------------------------
---------------------------------------------------------------------------------
Start Renaming Generated Nets
---------------------------------------------------------------------------------
---------------------------------------------------------------------------------
Finished Renaming Generated Nets : Time (s): cpu = 00:00:11 ; elapsed = 00:00:12 . Memory (MB): peak = 1185.043 ; gain = 86.906
---------------------------------------------------------------------------------
---------------------------------------------------------------------------------
Start Writing Synthesis Report
---------------------------------------------------------------------------------

Report BlackBoxes: 
+------+--------------+----------+
|      |BlackBox name |Instances |
+------+--------------+----------+
|1     |P2S           |         1|
+------+--------------+----------+

Report Cell Usage: 
+------+-------+------+
|      |Cell   |Count |
+------+-------+------+
|1     |P2S    |     1|
|2     |BUFG   |     1|
|3     |CARRY4 |     7|
|4     |LUT1   |     7|
|5     |LUT2   |    10|
|6     |LUT3   |     3|
|7     |LUT4   |    15|
|8     |LUT5   |     8|
|9     |LUT6   |    31|
|10    |FDRE   |    50|
|11    |IBUF   |    19|
|12    |OBUF   |    17|
+------+-------+------+
---------------------------------------------------------------------------------
Finished Writing Synthesis Report : Time (s): cpu = 00:00:11 ; elapsed = 00:00:12 . Memory (MB): peak = 1185.043 ; gain = 86.906
---------------------------------------------------------------------------------
Synthesis finished with 0 errors, 0 critical warnings and 0 warnings.
Synthesis Optimization Runtime : Time (s): cpu = 00:00:07 ; elapsed = 00:00:10 . Memory (MB): peak = 1185.043 ; gain = 15.586
Synthesis Optimization Complete : Time (s): cpu = 00:00:11 ; elapsed = 00:00:12 . Memory (MB): peak = 1185.043 ; gain = 86.906
INFO: [Project 1-571] Translating synthesized netlist
Parsing EDIF File [C:/Users/Littlebanbrick/Desktop/DLD/Experiments/8th_experiment/attachment-seg/attachment-seg/P2S.edf]
Finished Parsing EDIF File [C:/Users/Littlebanbrick/Desktop/DLD/Experiments/8th_experiment/attachment-seg/attachment-seg/P2S.edf]
Netlist sorting complete. Time (s): cpu = 00:00:00 ; elapsed = 00:00:00 . Memory (MB): peak = 1196.996 ; gain = 0.000
INFO: [Netlist 29-17] Analyzing 7 Unisim elements for replacement
INFO: [Netlist 29-28] Unisim Transformation completed in 0 CPU seconds
INFO: [Project 1-479] Netlist was created with Vivado 2022.2
INFO: [Project 1-570] Preparing netlist for logic optimization
WARNING: [Opt 31-32] Removing redundant IBUF since it is not being driven by a top-level port. m7/M2/P_Data_IBUF[0]_inst 
Resolution: The tool has removed redundant IBUF. To resolve this warning, check for redundant IBUF in the input design.
WARNING: [Opt 31-32] Removing redundant IBUF since it is not being driven by a top-level port. m7/M2/P_Data_IBUF[10]_inst 
Resolution: The tool has removed redundant IBUF. To resolve this warning, check for redundant IBUF in the input design.
WARNING: [Opt 31-32] Removing redundant IBUF since it is not being driven by a top-level port. m7/M2/P_Data_IBUF[11]_inst 
Resolution: The tool has removed redundant IBUF. To resolve this warning, check for redundant IBUF in the input design.
WARNING: [Opt 31-32] Removing redundant IBUF since it is not being driven by a top-level port. m7/M2/P_Data_IBUF[12]_inst 
Resolution: The tool has removed redundant IBUF. To resolve this warning, check for redundant IBUF in the input design.
WARNING: [Opt 31-32] Removing redundant IBUF since it is not being driven by a top-level port. m7/M2/P_Data_IBUF[13]_inst 
Resolution: The tool has removed redundant IBUF. To resolve this warning, check for redundant IBUF in the input design.
WARNING: [Opt 31-32] Removing redundant IBUF since it is not being driven by a top-level port. m7/M2/P_Data_IBUF[14]_inst 
Resolution: The tool has removed redundant IBUF. To resolve this warning, check for redundant IBUF in the input design.
WARNING: [Opt 31-32] Removing redundant IBUF since it is not being driven by a top-level port. m7/M2/P_Data_IBUF[15]_inst 
Resolution: The tool has removed redundant IBUF. To resolve this warning, check for redundant IBUF in the input design.
WARNING: [Opt 31-32] Removing redundant IBUF since it is not being driven by a top-level port. m7/M2/P_Data_IBUF[16]_inst 
Resolution: The tool has removed redundant IBUF. To resolve this warning, check for redundant IBUF in the input design.
WARNING: [Opt 31-32] Removing redundant IBUF since it is not being driven by a top-level port. m7/M2/P_Data_IBUF[17]_inst 
Resolution: The tool has removed redundant IBUF. To resolve this warning, check for redundant IBUF in the input design.
WARNING: [Opt 31-32] Removing redundant IBUF since it is not being driven by a top-level port. m7/M2/P_Data_IBUF[18]_inst 
Resolution: The tool has removed redundant IBUF. To resolve this warning, check for redundant IBUF in the input design.
WARNING: [Opt 31-32] Removing redundant IBUF since it is not being driven by a top-level port. m7/M2/P_Data_IBUF[19]_inst 
Resolution: The tool has removed redundant IBUF. To resolve this warning, check for redundant IBUF in the input design.
WARNING: [Opt 31-32] Removing redundant IBUF since it is not being driven by a top-level port. m7/M2/P_Data_IBUF[1]_inst 
Resolution: The tool has removed redundant IBUF. To resolve this warning, check for redundant IBUF in the input design.
WARNING: [Opt 31-32] Removing redundant IBUF since it is not being driven by a top-level port. m7/M2/P_Data_IBUF[20]_inst 
Resolution: The tool has removed redundant IBUF. To resolve this warning, check for redundant IBUF in the input design.
WARNING: [Opt 31-32] Removing redundant IBUF since it is not being driven by a top-level port. m7/M2/P_Data_IBUF[21]_inst 
Resolution: The tool has removed redundant IBUF. To resolve this warning, check for redundant IBUF in the input design.
WARNING: [Opt 31-32] Removing redundant IBUF since it is not being driven by a top-level port. m7/M2/P_Data_IBUF[22]_inst 
Resolution: The tool has removed redundant IBUF. To resolve this warning, check for redundant IBUF in the input design.
WARNING: [Opt 31-32] Removing redundant IBUF since it is not being driven by a top-level port. m7/M2/P_Data_IBUF[23]_inst 
Resolution: The tool has removed redundant IBUF. To resolve this warning, check for redundant IBUF in the input design.
WARNING: [Opt 31-32] Removing redundant IBUF since it is not being driven by a top-level port. m7/M2/P_Data_IBUF[24]_inst 
Resolution: The tool has removed redundant IBUF. To resolve this warning, check for redundant IBUF in the input design.
WARNING: [Opt 31-32] Removing redundant IBUF since it is not being driven by a top-level port. m7/M2/P_Data_IBUF[25]_inst 
Resolution: The tool has removed redundant IBUF. To resolve this warning, check for redundant IBUF in the input design.
WARNING: [Opt 31-32] Removing redundant IBUF since it is not being driven by a top-level port. m7/M2/P_Data_IBUF[26]_inst 
Resolution: The tool has removed redundant IBUF. To resolve this warning, check for redundant IBUF in the input design.
WARNING: [Opt 31-32] Removing redundant IBUF since it is not being driven by a top-level port. m7/M2/P_Data_IBUF[27]_inst 
Resolution: The tool has removed redundant IBUF. To resolve this warning, check for redundant IBUF in the input design.
WARNING: [Opt 31-32] Removing redundant IBUF since it is not being driven by a top-level port. m7/M2/P_Data_IBUF[28]_inst 
Resolution: The tool has removed redundant IBUF. To resolve this warning, check for redundant IBUF in the input design.
WARNING: [Opt 31-32] Removing redundant IBUF since it is not being driven by a top-level port. m7/M2/P_Data_IBUF[29]_inst 
Resolution: The tool has removed redundant IBUF. To resolve this warning, check for redundant IBUF in the input design.
WARNING: [Opt 31-32] Removing redundant IBUF since it is not being driven by a top-level port. m7/M2/P_Data_IBUF[2]_inst 
Resolution: The tool has removed redundant IBUF. To resolve this warning, check for redundant IBUF in the input design.
WARNING: [Opt 31-32] Removing redundant IBUF since it is not being driven by a top-level port. m7/M2/P_Data_IBUF[30]_inst 
Resolution: The tool has removed redundant IBUF. To resolve this warning, check for redundant IBUF in the input design.
WARNING: [Opt 31-32] Removing redundant IBUF since it is not being driven by a top-level port. m7/M2/P_Data_IBUF[31]_inst 
Resolution: The tool has removed redundant IBUF. To resolve this warning, check for redundant IBUF in the input design.
WARNING: [Opt 31-32] Removing redundant IBUF since it is not being driven by a top-level port. m7/M2/P_Data_IBUF[32]_inst 
Resolution: The tool has removed redundant IBUF. To resolve this warning, check for redundant IBUF in the input design.
WARNING: [Opt 31-32] Removing redundant IBUF since it is not being driven by a top-level port. m7/M2/P_Data_IBUF[33]_inst 
Resolution: The tool has removed redundant IBUF. To resolve this warning, check for redundant IBUF in the input design.
WARNING: [Opt 31-32] Removing redundant IBUF since it is not being driven by a top-level port. m7/M2/P_Data_IBUF[34]_inst 
Resolution: The tool has removed redundant IBUF. To resolve this warning, check for redundant IBUF in the input design.
WARNING: [Opt 31-32] Removing redundant IBUF since it is not being driven by a top-level port. m7/M2/P_Data_IBUF[35]_inst 
Resolution: The tool has removed redundant IBUF. To resolve this warning, check for redundant IBUF in the input design.
WARNING: [Opt 31-32] Removing redundant IBUF since it is not being driven by a top-level port. m7/M2/P_Data_IBUF[36]_inst 
Resolution: The tool has removed redundant IBUF. To resolve this warning, check for redundant IBUF in the input design.
WARNING: [Opt 31-32] Removing redundant IBUF since it is not being driven by a top-level port. m7/M2/P_Data_IBUF[37]_inst 
Resolution: The tool has removed redundant IBUF. To resolve this warning, check for redundant IBUF in the input design.
WARNING: [Opt 31-32] Removing redundant IBUF since it is not being driven by a top-level port. m7/M2/P_Data_IBUF[38]_inst 
Resolution: The tool has removed redundant IBUF. To resolve this warning, check for redundant IBUF in the input design.
WARNING: [Opt 31-32] Removing redundant IBUF since it is not being driven by a top-level port. m7/M2/P_Data_IBUF[39]_inst 
Resolution: The tool has removed redundant IBUF. To resolve this warning, check for redundant IBUF in the input design.
WARNING: [Opt 31-32] Removing redundant IBUF since it is not being driven by a top-level port. m7/M2/P_Data_IBUF[3]_inst 
Resolution: The tool has removed redundant IBUF. To resolve this warning, check for redundant IBUF in the input design.
WARNING: [Opt 31-32] Removing redundant IBUF since it is not being driven by a top-level port. m7/M2/P_Data_IBUF[40]_inst 
Resolution: The tool has removed redundant IBUF. To resolve this warning, check for redundant IBUF in the input design.
WARNING: [Opt 31-32] Removing redundant IBUF since it is not being driven by a top-level port. m7/M2/P_Data_IBUF[41]_inst 
Resolution: The tool has removed redundant IBUF. To resolve this warning, check for redundant IBUF in the input design.
WARNING: [Opt 31-32] Removing redundant IBUF since it is not being driven by a top-level port. m7/M2/P_Data_IBUF[42]_inst 
Resolution: The tool has removed redundant IBUF. To resolve this warning, check for redundant IBUF in the input design.
WARNING: [Opt 31-32] Removing redundant IBUF since it is not being driven by a top-level port. m7/M2/P_Data_IBUF[43]_inst 
Resolution: The tool has removed redundant IBUF. To resolve this warning, check for redundant IBUF in the input design.
WARNING: [Opt 31-32] Removing redundant IBUF since it is not being driven by a top-level port. m7/M2/P_Data_IBUF[44]_inst 
Resolution: The tool has removed redundant IBUF. To resolve this warning, check for redundant IBUF in the input design.
WARNING: [Opt 31-32] Removing redundant IBUF since it is not being driven by a top-level port. m7/M2/P_Data_IBUF[45]_inst 
Resolution: The tool has removed redundant IBUF. To resolve this warning, check for redundant IBUF in the input design.
WARNING: [Opt 31-32] Removing redundant IBUF since it is not being driven by a top-level port. m7/M2/P_Data_IBUF[46]_inst 
Resolution: The tool has removed redundant IBUF. To resolve this warning, check for redundant IBUF in the input design.
WARNING: [Opt 31-32] Removing redundant IBUF since it is not being driven by a top-level port. m7/M2/P_Data_IBUF[47]_inst 
Resolution: The tool has removed redundant IBUF. To resolve this warning, check for redundant IBUF in the input design.
WARNING: [Opt 31-32] Removing redundant IBUF since it is not being driven by a top-level port. m7/M2/P_Data_IBUF[48]_inst 
Resolution: The tool has removed redundant IBUF. To resolve this warning, check for redundant IBUF in the input design.
WARNING: [Opt 31-32] Removing redundant IBUF since it is not being driven by a top-level port. m7/M2/P_Data_IBUF[49]_inst 
Resolution: The tool has removed redundant IBUF. To resolve this warning, check for redundant IBUF in the input design.
WARNING: [Opt 31-32] Removing redundant IBUF since it is not being driven by a top-level port. m7/M2/P_Data_IBUF[4]_inst 
Resolution: The tool has removed redundant IBUF. To resolve this warning, check for redundant IBUF in the input design.
WARNING: [Opt 31-32] Removing redundant IBUF since it is not being driven by a top-level port. m7/M2/P_Data_IBUF[50]_inst 
Resolution: The tool has removed redundant IBUF. To resolve this warning, check for redundant IBUF in the input design.
WARNING: [Opt 31-32] Removing redundant IBUF since it is not being driven by a top-level port. m7/M2/P_Data_IBUF[51]_inst 
Resolution: The tool has removed redundant IBUF. To resolve this warning, check for redundant IBUF in the input design.
WARNING: [Opt 31-32] Removing redundant IBUF since it is not being driven by a top-level port. m7/M2/P_Data_IBUF[52]_inst 
Resolution: The tool has removed redundant IBUF. To resolve this warning, check for redundant IBUF in the input design.
WARNING: [Opt 31-32] Removing redundant IBUF since it is not being driven by a top-level port. m7/M2/P_Data_IBUF[53]_inst 
Resolution: The tool has removed redundant IBUF. To resolve this warning, check for redundant IBUF in the input design.
WARNING: [Opt 31-32] Removing redundant IBUF since it is not being driven by a top-level port. m7/M2/P_Data_IBUF[54]_inst 
Resolution: The tool has removed redundant IBUF. To resolve this warning, check for redundant IBUF in the input design.
WARNING: [Opt 31-32] Removing redundant IBUF since it is not being driven by a top-level port. m7/M2/P_Data_IBUF[55]_inst 
Resolution: The tool has removed redundant IBUF. To resolve this warning, check for redundant IBUF in the input design.
WARNING: [Opt 31-32] Removing redundant IBUF since it is not being driven by a top-level port. m7/M2/P_Data_IBUF[56]_inst 
Resolution: The tool has removed redundant IBUF. To resolve this warning, check for redundant IBUF in the input design.
WARNING: [Opt 31-32] Removing redundant IBUF since it is not being driven by a top-level port. m7/M2/P_Data_IBUF[57]_inst 
Resolution: The tool has removed redundant IBUF. To resolve this warning, check for redundant IBUF in the input design.
WARNING: [Opt 31-32] Removing redundant IBUF since it is not being driven by a top-level port. m7/M2/P_Data_IBUF[58]_inst 
Resolution: The tool has removed redundant IBUF. To resolve this warning, check for redundant IBUF in the input design.
WARNING: [Opt 31-32] Removing redundant IBUF since it is not being driven by a top-level port. m7/M2/P_Data_IBUF[59]_inst 
Resolution: The tool has removed redundant IBUF. To resolve this warning, check for redundant IBUF in the input design.
WARNING: [Opt 31-32] Removing redundant IBUF since it is not being driven by a top-level port. m7/M2/P_Data_IBUF[5]_inst 
Resolution: The tool has removed redundant IBUF. To resolve this warning, check for redundant IBUF in the input design.
WARNING: [Opt 31-32] Removing redundant IBUF since it is not being driven by a top-level port. m7/M2/P_Data_IBUF[60]_inst 
Resolution: The tool has removed redundant IBUF. To resolve this warning, check for redundant IBUF in the input design.
WARNING: [Opt 31-32] Removing redundant IBUF since it is not being driven by a top-level port. m7/M2/P_Data_IBUF[61]_inst 
Resolution: The tool has removed redundant IBUF. To resolve this warning, check for redundant IBUF in the input design.
WARNING: [Opt 31-32] Removing redundant IBUF since it is not being driven by a top-level port. m7/M2/P_Data_IBUF[62]_inst 
Resolution: The tool has removed redundant IBUF. To resolve this warning, check for redundant IBUF in the input design.
WARNING: [Opt 31-32] Removing redundant IBUF since it is not being driven by a top-level port. m7/M2/P_Data_IBUF[63]_inst 
Resolution: The tool has removed redundant IBUF. To resolve this warning, check for redundant IBUF in the input design.
WARNING: [Opt 31-32] Removing redundant IBUF since it is not being driven by a top-level port. m7/M2/P_Data_IBUF[6]_inst 
Resolution: The tool has removed redundant IBUF. To resolve this warning, check for redundant IBUF in the input design.
WARNING: [Opt 31-32] Removing redundant IBUF since it is not being driven by a top-level port. m7/M2/P_Data_IBUF[7]_inst 
Resolution: The tool has removed redundant IBUF. To resolve this warning, check for redundant IBUF in the input design.
WARNING: [Opt 31-32] Removing redundant IBUF since it is not being driven by a top-level port. m7/M2/P_Data_IBUF[8]_inst 
Resolution: The tool has removed redundant IBUF. To resolve this warning, check for redundant IBUF in the input design.
WARNING: [Opt 31-32] Removing redundant IBUF since it is not being driven by a top-level port. m7/M2/P_Data_IBUF[9]_inst 
Resolution: The tool has removed redundant IBUF. To resolve this warning, check for redundant IBUF in the input design.
WARNING: [Opt 31-32] Removing redundant IBUF since it is not being driven by a top-level port. m7/M2/Serial_IBUF_inst 
Resolution: The tool has removed redundant IBUF. To resolve this warning, check for redundant IBUF in the input design.
WARNING: [Opt 31-32] Removing redundant IBUF since it is not being driven by a top-level port. m7/M2/clk_IBUF_inst 
Resolution: The tool has removed redundant IBUF. To resolve this warning, check for redundant IBUF in the input design.
WARNING: [Opt 31-32] Removing redundant IBUF since it is not being driven by a top-level port. m7/M2/rst_IBUF_inst 
Resolution: The tool has removed redundant IBUF. To resolve this warning, check for redundant IBUF in the input design.
WARNING: [Opt 31-36] Removing redundant OBUF, SEG_PEN_OBUF_inst, from the path connected to top-level port: SEG_PEN 
Resolution: The tool has removed redundant OBUF. To resolve this warning, check for redundant OBUF in the input design.
WARNING: [Opt 31-36] Removing redundant OBUF, seg_sout_OBUF_inst, from the path connected to top-level port: seg_sout 
Resolution: The tool has removed redundant OBUF. To resolve this warning, check for redundant OBUF in the input design.
WARNING: [Opt 31-36] Removing redundant OBUF, seg_clrn_OBUF_inst, from the path connected to top-level port: seg_clrn 
Resolution: The tool has removed redundant OBUF. To resolve this warning, check for redundant OBUF in the input design.
WARNING: [Opt 31-36] Removing redundant OBUF, seg_clk_OBUF_inst, from the path connected to top-level port: seg_clk 
Resolution: The tool has removed redundant OBUF. To resolve this warning, check for redundant OBUF in the input design.
INFO: [Opt 31-138] Pushed 0 inverter(s) to 0 load pin(s).
Netlist sorting complete. Time (s): cpu = 00:00:00 ; elapsed = 00:00:00.001 . Memory (MB): peak = 1207.625 ; gain = 0.000
INFO: [Project 1-111] Unisim Transformation Summary:
No Unisim elements were transformed.

INFO: [Common 17-83] Releasing license: Synthesis
71 Infos, 79 Warnings, 0 Critical Warnings and 0 Errors encountered.
synth_design completed successfully
synth_design: Time (s): cpu = 00:00:13 ; elapsed = 00:00:17 . Memory (MB): peak = 1207.625 ; gain = 109.488
INFO: [Common 17-1381] The checkpoint 'C:/Users/Littlebanbrick/Desktop/DLD/Experiments/8th_experiment/ALU/ALU.runs/synth_1/Top.dcp' has been generated.
INFO: [runtcl-4] Executing : report_utilization -file Top_utilization_synth.rpt -pb Top_utilization_synth.pb
INFO: [Common 17-206] Exiting Vivado at Thu Apr 30 14:13:12 2026...
