Copyright 1986-2020 Xilinx, Inc. All Rights Reserved.
------------------------------------------------------------------------------------
| Tool Version : Vivado v.2020.2 (win64) Build 3064766 Wed Nov 18 09:12:45 MST 2020
| Date         : Thu Jun 18 13:19:32 2026
| Host         : Littlebanbrick running 64-bit major release  (build 9200)
| Command      : report_control_sets -verbose -file Top_control_sets_placed.rpt
| Design       : Top
| Device       : xc7k160t
------------------------------------------------------------------------------------

Control Set Information

Table of Contents
-----------------
1. Summary
2. Histogram
3. Flip-Flop Distribution
4. Detailed Control Set Information

1. Summary
----------

+----------------------------------------------------------+-------+
|                          Status                          | Count |
+----------------------------------------------------------+-------+
| Total control sets                                       |    36 |
|    Minimum number of control sets                        |    36 |
|    Addition due to synthesis replication                 |     0 |
|    Addition due to physical synthesis replication        |     0 |
| Unused register locations in slices containing registers |   154 |
+----------------------------------------------------------+-------+
* Control sets can be merged at opt_design using control_set_merge or merge_equivalent_drivers
** Run report_qor_suggestions for automated merging and remapping suggestions


2. Histogram
------------

+--------------------+-------+
|       Fanout       | Count |
+--------------------+-------+
| Total control sets |    36 |
| >= 0 to < 4        |     1 |
| >= 4 to < 6        |    11 |
| >= 6 to < 8        |     3 |
| >= 8 to < 10       |     3 |
| >= 10 to < 12      |     8 |
| >= 12 to < 14      |     1 |
| >= 14 to < 16      |     0 |
| >= 16              |     9 |
+--------------------+-------+
* Control sets can be remapped at either synth_design or opt_design


3. Flip-Flop Distribution
-------------------------

+--------------+-----------------------+------------------------+-----------------+--------------+
| Clock Enable | Synchronous Set/Reset | Asynchronous Set/Reset | Total Registers | Total Slices |
+--------------+-----------------------+------------------------+-----------------+--------------+
| No           | No                    | No                     |              33 |           15 |
| No           | No                    | Yes                    |             132 |           47 |
| No           | Yes                   | No                     |              12 |            5 |
| Yes          | No                    | No                     |              60 |           21 |
| Yes          | No                    | Yes                    |             313 |          104 |
| Yes          | Yes                   | No                     |               0 |            0 |
+--------------+-----------------------+------------------------+-----------------+--------------+


4. Detailed Control Set Information
-----------------------------------

+--------------------------------------+--------------------------------------------+------------------+------------------+----------------+--------------+
|             Clock Signal             |                Enable Signal               | Set/Reset Signal | Slice Load Count | Bel Load Count | Bels / Slice |
+--------------------------------------+--------------------------------------------+------------------+------------------+----------------+--------------+
|  clk_IBUF                            |                                            |                  |                1 |              2 |         2.00 |
|  u_clk_wiz/u_clk_wiz_0/inst/clk_out1 | u_keypad/kp_left_up_0                      | rst_s2           |                4 |              4 |         1.00 |
|  u_clk_wiz/u_clk_wiz_0/inst/clk_out1 | u_keypad/db_cnt_right_down                 | rst_s2           |                1 |              4 |         4.00 |
|  u_clk_wiz/u_clk_wiz_0/inst/clk_out1 | u_keypad/db_cnt_left_down                  | rst_s2           |                1 |              4 |         4.00 |
|  u_clk_wiz/u_clk_wiz_0/inst/clk_out1 | u_game_logic/ball_dx[10]_i_1_n_0           | rst_s2           |                2 |              4 |         2.00 |
|  u_clk_wiz/u_clk_wiz_0/inst/clk_out1 | u_keypad/db_cnt_right_up                   | rst_s2           |                1 |              4 |         4.00 |
|  u_clk_wiz/u_clk_wiz_0/inst/clk_out1 | u_keypad/db_cnt_left_up                    | rst_s2           |                1 |              4 |         4.00 |
|  u_clk_wiz/u_clk_wiz_0/inst/clk_out1 | u_game_logic/score_left[3]_i_1_n_0         | rst_s2           |                1 |              4 |         4.00 |
|  u_clk_wiz/u_clk_wiz_0/inst/clk_out1 | u_game_logic/score_right[3]_i_1_n_0        | rst_s2           |                1 |              4 |         4.00 |
|  u_clk_wiz/u_clk_wiz_0/inst/clk_out1 | u_keypad/db_cnt_start                      | rst_s2           |                1 |              4 |         4.00 |
|  u_clk_wiz/u_clk_wiz_0/inst/clk_out1 | u_ps2/neg_edge_ps2_clk                     | rst_s2           |                1 |              4 |         4.00 |
|  u_clk_wiz/u_clk_wiz_0/inst/clk_out1 | u_keypad/scan_tick                         | rst_s2           |                1 |              5 |         5.00 |
|  u_clk_wiz/u_clk_wiz_0/inst/clk_out1 | u_powerup/cooldown_target[5]_i_1_n_0       | rst_s2           |                3 |              6 |         2.00 |
|  u_clk_wiz/u_clk_wiz_0/inst/clk_out1 | u_game_logic/serve_timer                   | rst_s2           |                3 |              6 |         2.00 |
|  u_clk_wiz/u_clk_wiz_0/inst/clk_out1 | u_game_logic/any_event                     | rst_s2           |                1 |              6 |         6.00 |
|  u_clk_wiz/u_clk_wiz_0/inst/clk_out1 | u_powerup/lifetime_cnt[7]_i_1_n_0          | rst_s2           |                2 |              8 |         4.00 |
|  u_clk_wiz/u_clk_wiz_0/inst/clk_out1 | u_powerup/E[0]                             | rst_s2           |                3 |              9 |         3.00 |
|  u_clk_wiz/u_clk_wiz_0/inst/clk_out1 | u_powerup/hit_left_reg_0[0]                | rst_s2           |                3 |              9 |         3.00 |
|  u_clk_wiz/u_clk_wiz_0/inst/clk_out1 | u_powerup/powerup_active3_out              | rst_s2           |                2 |             10 |         5.00 |
|  u_clk_wiz/u_clk_wiz_0/inst/clk_out1 | u_powerup/powerup_y[8]_i_1_n_0             | rst_s2           |                3 |             10 |         3.33 |
|  u_clk_wiz/u_clk_wiz_0/inst/clk_out1 | u_vgac/v_count                             | rst_s2           |                3 |             10 |         3.33 |
|  u_clk_wiz/u_clk_wiz_0/inst/clk_out1 | u_ps2/key_make_code[7]_i_1_n_0             | rst_s2           |                3 |             10 |         3.33 |
|  u_clk_wiz/u_clk_wiz_0/inst/clk_out1 | u_game_logic/paddle_left_y[9]_i_1_n_0      | rst_s2           |                3 |             10 |         3.33 |
|  u_clk_wiz/u_clk_wiz_0/inst/clk_out1 | u_game_logic/u_ai/paddle_right_y_reg[9][0] | rst_s2           |                3 |             10 |         3.33 |
|  u_clk_wiz/u_clk_wiz_0/inst/clk_out1 | u_seg/scan_tick                            | rst_s2           |                2 |             11 |         5.50 |
|  u_clk_wiz/u_clk_wiz_0/inst/clk_out1 | u_game_logic/ball_dy                       | rst_s2           |                4 |             11 |         2.75 |
|  u_clk_wiz/u_clk_wiz_0/inst/clk_out1 |                                            | u_vgac/rdn       |                5 |             12 |         2.40 |
|  u_clk_wiz/u_clk_wiz_0/inst/clk_out1 | u_game_logic/auto_threshold                | rst_s2           |                7 |             19 |         2.71 |
|  u_clk_wiz/u_clk_wiz_0/inst/clk_out1 | u_game_logic/tick_threshold[18]_i_1_n_0    | rst_s2           |                7 |             19 |         2.71 |
|  u_clk_wiz/u_clk_wiz_0/inst/clk_out1 | u_game_logic/score_timer[19]_i_1_n_0       | rst_s2           |                4 |             20 |         5.00 |
|  u_clk_wiz/u_clk_wiz_0/inst/clk_out1 | u_game_logic/ball_x[9]_i_1_n_0             | rst_s2           |                9 |             20 |         2.22 |
|  u_clk_wiz/u_clk_wiz_0/inst/clk_out1 | u_buzzer/timer[0]_i_1_n_0                  | rst_s2           |                6 |             23 |         3.83 |
|  u_clk_wiz/u_clk_wiz_0/inst/clk_out1 |                                            |                  |               14 |             31 |         2.21 |
|  u_clk_wiz/u_clk_wiz_0/inst/clk_out1 | u_game_logic/CO[0]                         | rst_s2           |               18 |             41 |         2.28 |
|  u_clk_wiz/u_clk_wiz_0/inst/clk_out1 | u_game_logic/CO[0]                         |                  |               21 |             60 |         2.86 |
|  u_clk_wiz/u_clk_wiz_0/inst/clk_out1 |                                            | rst_s2           |               47 |            132 |         2.81 |
+--------------------------------------+--------------------------------------------+------------------+------------------+----------------+--------------+


