Copyright 1986-2020 Xilinx, Inc. All Rights Reserved.
--------------------------------------------------------------------------------------------------------------------------------------------------------------------------------
| Tool Version : Vivado v.2020.2 (win64) Build 3064766 Wed Nov 18 09:12:45 MST 2020
| Date         : Thu May 21 13:26:03 2026
| Host         : Littlebanbrick running 64-bit major release  (build 9200)
| Command      : report_timing_summary -max_paths 10 -file Top_timing_summary_routed.rpt -pb Top_timing_summary_routed.pb -rpx Top_timing_summary_routed.rpx -warn_on_violation
| Design       : Top
| Device       : 7k160t-ffg676
| Speed File   : -2L  PRODUCTION 1.12 2017-02-17
--------------------------------------------------------------------------------------------------------------------------------------------------------------------------------

Timing Summary Report

------------------------------------------------------------------------------------------------
| Timer Settings
| --------------
------------------------------------------------------------------------------------------------

  Enable Multi Corner Analysis               :  Yes
  Enable Pessimism Removal                   :  Yes
  Pessimism Removal Resolution               :  Nearest Common Node
  Enable Input Delay Default Clock           :  No
  Enable Preset / Clear Arcs                 :  No
  Disable Flight Delays                      :  No
  Ignore I/O Paths                           :  No
  Timing Early Launch at Borrowing Latches   :  No
  Borrow Time for Max Delay Exceptions       :  Yes
  Merge Timing Exceptions                    :  Yes

  Corner  Analyze    Analyze    
  Name    Max Paths  Min Paths  
  ------  ---------  ---------  
  Slow    Yes        Yes        
  Fast    Yes        Yes        



check_timing report

Table of Contents
-----------------
1. checking no_clock (16)
2. checking constant_clock (0)
3. checking pulse_width_clock (0)
4. checking unconstrained_internal_endpoints (32)
5. checking no_input_delay (2)
6. checking no_output_delay (12)
7. checking multiple_clock (0)
8. checking generated_clocks (0)
9. checking loops (0)
10. checking partial_input_delay (0)
11. checking partial_output_delay (0)
12. checking latch_loops (0)

1. checking no_clock (16)
-------------------------
 There are 16 register/latch pins with no clock driven by root clock pin: clk_div_1s/clk_1s_reg/Q (HIGH)


2. checking constant_clock (0)
------------------------------
 There are 0 register/latch pins with constant_clock.


3. checking pulse_width_clock (0)
---------------------------------
 There are 0 register/latch pins which need pulse_width check


4. checking unconstrained_internal_endpoints (32)
-------------------------------------------------
 There are 32 pins that are not constrained for maximum delay. (HIGH)

 There are 0 pins that are not constrained for maximum delay due to constant clock.


5. checking no_input_delay (2)
------------------------------
 There are 2 input ports with no input delay specified. (HIGH)

 There are 0 input ports with no input delay but user has a false path constraint.


6. checking no_output_delay (12)
--------------------------------
 There are 12 ports with no output delay specified. (HIGH)

 There are 0 ports with no output delay but user has a false path constraint

 There are 0 ports with no output delay but with a timing clock defined on it or propagating through it


7. checking multiple_clock (0)
------------------------------
 There are 0 register/latch pins with multiple clocks.


8. checking generated_clocks (0)
--------------------------------
 There are 0 generated clocks that are not connected to a clock source.


9. checking loops (0)
---------------------
 There are 0 combinational loops in the design.


10. checking partial_input_delay (0)
------------------------------------
 There are 0 input ports with partial input delay specified.


11. checking partial_output_delay (0)
-------------------------------------
 There are 0 ports with partial output delay specified.


12. checking latch_loops (0)
----------------------------
 There are 0 combinational latch loops in the design through latch input



------------------------------------------------------------------------------------------------
| Design Timing Summary
| ---------------------
------------------------------------------------------------------------------------------------

    WNS(ns)      TNS(ns)  TNS Failing Endpoints  TNS Total Endpoints      WHS(ns)      THS(ns)  THS Failing Endpoints  THS Total Endpoints     WPWS(ns)     TPWS(ns)  TPWS Failing Endpoints  TPWS Total Endpoints  
    -------      -------  ---------------------  -------------------      -------      -------  ---------------------  -------------------     --------     --------  ----------------------  --------------------  
      7.318        0.000                      0                   72        0.194        0.000                      0                   72        4.650        0.000                       0                    47  


All user specified timing constraints are met.


------------------------------------------------------------------------------------------------
| Clock Summary
| -------------
------------------------------------------------------------------------------------------------

Clock  Waveform(ns)       Period(ns)      Frequency(MHz)
-----  ------------       ----------      --------------
clk    {0.000 5.000}      10.000          100.000         


------------------------------------------------------------------------------------------------
| Intra Clock Table
| -----------------
------------------------------------------------------------------------------------------------

Clock             WNS(ns)      TNS(ns)  TNS Failing Endpoints  TNS Total Endpoints      WHS(ns)      THS(ns)  THS Failing Endpoints  THS Total Endpoints     WPWS(ns)     TPWS(ns)  TPWS Failing Endpoints  TPWS Total Endpoints  
-----             -------      -------  ---------------------  -------------------      -------      -------  ---------------------  -------------------     --------     --------  ----------------------  --------------------  
clk                 7.318        0.000                      0                   72        0.194        0.000                      0                   72        4.650        0.000                       0                    47  


------------------------------------------------------------------------------------------------
| Inter Clock Table
| -----------------
------------------------------------------------------------------------------------------------

From Clock    To Clock          WNS(ns)      TNS(ns)  TNS Failing Endpoints  TNS Total Endpoints      WHS(ns)      THS(ns)  THS Failing Endpoints  THS Total Endpoints  
----------    --------          -------      -------  ---------------------  -------------------      -------      -------  ---------------------  -------------------  


------------------------------------------------------------------------------------------------
| Other Path Groups Table
| -----------------------
------------------------------------------------------------------------------------------------

Path Group    From Clock    To Clock          WNS(ns)      TNS(ns)  TNS Failing Endpoints  TNS Total Endpoints      WHS(ns)      THS(ns)  THS Failing Endpoints  THS Total Endpoints  
----------    ----------    --------          -------      -------  ---------------------  -------------------      -------      -------  ---------------------  -------------------  


------------------------------------------------------------------------------------------------
| Timing Details
| --------------
------------------------------------------------------------------------------------------------


---------------------------------------------------------------------------------------------------
From Clock:  clk
  To Clock:  clk

Setup :            0  Failing Endpoints,  Worst Slack        7.318ns,  Total Violation        0.000ns
Hold  :            0  Failing Endpoints,  Worst Slack        0.194ns,  Total Violation        0.000ns
PW    :            0  Failing Endpoints,  Worst Slack        4.650ns,  Total Violation        0.000ns
---------------------------------------------------------------------------------------------------


Max Delay Paths
--------------------------------------------------------------------------------------
Slack (MET) :             7.318ns  (required time - arrival time)
  Source:                 clk_div_1s/cnt_reg[7]/C
                            (rising edge-triggered cell FDRE clocked by clk  {rise@0.000ns fall@5.000ns period=10.000ns})
  Destination:            clk_div_1s/cnt_reg[0]/R
                            (rising edge-triggered cell FDRE clocked by clk  {rise@0.000ns fall@5.000ns period=10.000ns})
  Path Group:             clk
  Path Type:              Setup (Max at Slow Process Corner)
  Requirement:            10.000ns  (clk rise@10.000ns - clk rise@0.000ns)
  Data Path Delay:        2.343ns  (logic 0.388ns (16.557%)  route 1.955ns (83.443%))
  Logic Levels:           3  (LUT5=1 LUT6=2)
  Clock Path Skew:        -0.022ns (DCD - SCD + CPR)
    Destination Clock Delay (DCD):    4.318ns = ( 14.318 - 10.000 ) 
    Source Clock Delay      (SCD):    4.691ns
    Clock Pessimism Removal (CPR):    0.351ns
  Clock Uncertainty:      0.035ns  ((TSJ^2 + TIJ^2)^1/2 + DJ) / 2 + PE
    Total System Jitter     (TSJ):    0.071ns
    Total Input Jitter      (TIJ):    0.000ns
    Discrete Jitter          (DJ):    0.000ns
    Phase Error              (PE):    0.000ns

    Location             Delay type                Incr(ns)  Path(ns)    Netlist Resource(s)
  -------------------------------------------------------------------    -------------------
                         (clock clk rise edge)        0.000     0.000 r  
    AC18                                              0.000     0.000 r  clk (IN)
                         net (fo=0)                   0.000     0.000    clk
    AC18                 IBUF (Prop_ibuf_I_O)         0.639     0.639 r  clk_IBUF_inst/O
                         net (fo=1, routed)           2.283     2.922    clk_IBUF
    BUFGCTRL_X0Y0        BUFG (Prop_bufg_I_O)         0.093     3.015 r  clk_IBUF_BUFG_inst/O
                         net (fo=46, routed)          1.676     4.691    clk_div_1s/clk_IBUF_BUFG
    SLICE_X2Y14          FDRE                                         r  clk_div_1s/cnt_reg[7]/C
  -------------------------------------------------------------------    -------------------
    SLICE_X2Y14          FDRE (Prop_fdre_C_Q)         0.259     4.950 r  clk_div_1s/cnt_reg[7]/Q
                         net (fo=2, routed)           0.467     5.417    clk_div_1s/cnt_reg[7]
    SLICE_X4Y15          LUT5 (Prop_lut5_I3_O)        0.043     5.460 r  clk_div_1s/cnt[0]_i_6/O
                         net (fo=2, routed)           0.353     5.813    clk_div_1s/cnt[0]_i_6_n_0
    SLICE_X4Y16          LUT6 (Prop_lut6_I0_O)        0.043     5.856 f  clk_div_1s/cnt[0]_i_4/O
                         net (fo=1, routed)           0.623     6.479    clk_div_1s/cnt[0]_i_4_n_0
    SLICE_X3Y18          LUT6 (Prop_lut6_I4_O)        0.043     6.522 r  clk_div_1s/cnt[0]_i_1/O
                         net (fo=26, routed)          0.513     7.035    clk_div_1s/clear
    SLICE_X2Y13          FDRE                                         r  clk_div_1s/cnt_reg[0]/R
  -------------------------------------------------------------------    -------------------

                         (clock clk rise edge)       10.000    10.000 r  
    AC18                                              0.000    10.000 r  clk (IN)
                         net (fo=0)                   0.000    10.000    clk
    AC18                 IBUF (Prop_ibuf_I_O)         0.533    10.533 r  clk_IBUF_inst/O
                         net (fo=1, routed)           2.159    12.692    clk_IBUF
    BUFGCTRL_X0Y0        BUFG (Prop_bufg_I_O)         0.083    12.775 r  clk_IBUF_BUFG_inst/O
                         net (fo=46, routed)          1.543    14.318    clk_div_1s/clk_IBUF_BUFG
    SLICE_X2Y13          FDRE                                         r  clk_div_1s/cnt_reg[0]/C
                         clock pessimism              0.351    14.669    
                         clock uncertainty           -0.035    14.634    
    SLICE_X2Y13          FDRE (Setup_fdre_C_R)       -0.281    14.353    clk_div_1s/cnt_reg[0]
  -------------------------------------------------------------------
                         required time                         14.353    
                         arrival time                          -7.035    
  -------------------------------------------------------------------
                         slack                                  7.318    

Slack (MET) :             7.318ns  (required time - arrival time)
  Source:                 clk_div_1s/cnt_reg[7]/C
                            (rising edge-triggered cell FDRE clocked by clk  {rise@0.000ns fall@5.000ns period=10.000ns})
  Destination:            clk_div_1s/cnt_reg[1]/R
                            (rising edge-triggered cell FDRE clocked by clk  {rise@0.000ns fall@5.000ns period=10.000ns})
  Path Group:             clk
  Path Type:              Setup (Max at Slow Process Corner)
  Requirement:            10.000ns  (clk rise@10.000ns - clk rise@0.000ns)
  Data Path Delay:        2.343ns  (logic 0.388ns (16.557%)  route 1.955ns (83.443%))
  Logic Levels:           3  (LUT5=1 LUT6=2)
  Clock Path Skew:        -0.022ns (DCD - SCD + CPR)
    Destination Clock Delay (DCD):    4.318ns = ( 14.318 - 10.000 ) 
    Source Clock Delay      (SCD):    4.691ns
    Clock Pessimism Removal (CPR):    0.351ns
  Clock Uncertainty:      0.035ns  ((TSJ^2 + TIJ^2)^1/2 + DJ) / 2 + PE
    Total System Jitter     (TSJ):    0.071ns
    Total Input Jitter      (TIJ):    0.000ns
    Discrete Jitter          (DJ):    0.000ns
    Phase Error              (PE):    0.000ns

    Location             Delay type                Incr(ns)  Path(ns)    Netlist Resource(s)
  -------------------------------------------------------------------    -------------------
                         (clock clk rise edge)        0.000     0.000 r  
    AC18                                              0.000     0.000 r  clk (IN)
                         net (fo=0)                   0.000     0.000    clk
    AC18                 IBUF (Prop_ibuf_I_O)         0.639     0.639 r  clk_IBUF_inst/O
                         net (fo=1, routed)           2.283     2.922    clk_IBUF
    BUFGCTRL_X0Y0        BUFG (Prop_bufg_I_O)         0.093     3.015 r  clk_IBUF_BUFG_inst/O
                         net (fo=46, routed)          1.676     4.691    clk_div_1s/clk_IBUF_BUFG
    SLICE_X2Y14          FDRE                                         r  clk_div_1s/cnt_reg[7]/C
  -------------------------------------------------------------------    -------------------
    SLICE_X2Y14          FDRE (Prop_fdre_C_Q)         0.259     4.950 r  clk_div_1s/cnt_reg[7]/Q
                         net (fo=2, routed)           0.467     5.417    clk_div_1s/cnt_reg[7]
    SLICE_X4Y15          LUT5 (Prop_lut5_I3_O)        0.043     5.460 r  clk_div_1s/cnt[0]_i_6/O
                         net (fo=2, routed)           0.353     5.813    clk_div_1s/cnt[0]_i_6_n_0
    SLICE_X4Y16          LUT6 (Prop_lut6_I0_O)        0.043     5.856 f  clk_div_1s/cnt[0]_i_4/O
                         net (fo=1, routed)           0.623     6.479    clk_div_1s/cnt[0]_i_4_n_0
    SLICE_X3Y18          LUT6 (Prop_lut6_I4_O)        0.043     6.522 r  clk_div_1s/cnt[0]_i_1/O
                         net (fo=26, routed)          0.513     7.035    clk_div_1s/clear
    SLICE_X2Y13          FDRE                                         r  clk_div_1s/cnt_reg[1]/R
  -------------------------------------------------------------------    -------------------

                         (clock clk rise edge)       10.000    10.000 r  
    AC18                                              0.000    10.000 r  clk (IN)
                         net (fo=0)                   0.000    10.000    clk
    AC18                 IBUF (Prop_ibuf_I_O)         0.533    10.533 r  clk_IBUF_inst/O
                         net (fo=1, routed)           2.159    12.692    clk_IBUF
    BUFGCTRL_X0Y0        BUFG (Prop_bufg_I_O)         0.083    12.775 r  clk_IBUF_BUFG_inst/O
                         net (fo=46, routed)          1.543    14.318    clk_div_1s/clk_IBUF_BUFG
    SLICE_X2Y13          FDRE                                         r  clk_div_1s/cnt_reg[1]/C
                         clock pessimism              0.351    14.669    
                         clock uncertainty           -0.035    14.634    
    SLICE_X2Y13          FDRE (Setup_fdre_C_R)       -0.281    14.353    clk_div_1s/cnt_reg[1]
  -------------------------------------------------------------------
                         required time                         14.353    
                         arrival time                          -7.035    
  -------------------------------------------------------------------
                         slack                                  7.318    

Slack (MET) :             7.318ns  (required time - arrival time)
  Source:                 clk_div_1s/cnt_reg[7]/C
                            (rising edge-triggered cell FDRE clocked by clk  {rise@0.000ns fall@5.000ns period=10.000ns})
  Destination:            clk_div_1s/cnt_reg[2]/R
                            (rising edge-triggered cell FDRE clocked by clk  {rise@0.000ns fall@5.000ns period=10.000ns})
  Path Group:             clk
  Path Type:              Setup (Max at Slow Process Corner)
  Requirement:            10.000ns  (clk rise@10.000ns - clk rise@0.000ns)
  Data Path Delay:        2.343ns  (logic 0.388ns (16.557%)  route 1.955ns (83.443%))
  Logic Levels:           3  (LUT5=1 LUT6=2)
  Clock Path Skew:        -0.022ns (DCD - SCD + CPR)
    Destination Clock Delay (DCD):    4.318ns = ( 14.318 - 10.000 ) 
    Source Clock Delay      (SCD):    4.691ns
    Clock Pessimism Removal (CPR):    0.351ns
  Clock Uncertainty:      0.035ns  ((TSJ^2 + TIJ^2)^1/2 + DJ) / 2 + PE
    Total System Jitter     (TSJ):    0.071ns
    Total Input Jitter      (TIJ):    0.000ns
    Discrete Jitter          (DJ):    0.000ns
    Phase Error              (PE):    0.000ns

    Location             Delay type                Incr(ns)  Path(ns)    Netlist Resource(s)
  -------------------------------------------------------------------    -------------------
                         (clock clk rise edge)        0.000     0.000 r  
    AC18                                              0.000     0.000 r  clk (IN)
                         net (fo=0)                   0.000     0.000    clk
    AC18                 IBUF (Prop_ibuf_I_O)         0.639     0.639 r  clk_IBUF_inst/O
                         net (fo=1, routed)           2.283     2.922    clk_IBUF
    BUFGCTRL_X0Y0        BUFG (Prop_bufg_I_O)         0.093     3.015 r  clk_IBUF_BUFG_inst/O
                         net (fo=46, routed)          1.676     4.691    clk_div_1s/clk_IBUF_BUFG
    SLICE_X2Y14          FDRE                                         r  clk_div_1s/cnt_reg[7]/C
  -------------------------------------------------------------------    -------------------
    SLICE_X2Y14          FDRE (Prop_fdre_C_Q)         0.259     4.950 r  clk_div_1s/cnt_reg[7]/Q
                         net (fo=2, routed)           0.467     5.417    clk_div_1s/cnt_reg[7]
    SLICE_X4Y15          LUT5 (Prop_lut5_I3_O)        0.043     5.460 r  clk_div_1s/cnt[0]_i_6/O
                         net (fo=2, routed)           0.353     5.813    clk_div_1s/cnt[0]_i_6_n_0
    SLICE_X4Y16          LUT6 (Prop_lut6_I0_O)        0.043     5.856 f  clk_div_1s/cnt[0]_i_4/O
                         net (fo=1, routed)           0.623     6.479    clk_div_1s/cnt[0]_i_4_n_0
    SLICE_X3Y18          LUT6 (Prop_lut6_I4_O)        0.043     6.522 r  clk_div_1s/cnt[0]_i_1/O
                         net (fo=26, routed)          0.513     7.035    clk_div_1s/clear
    SLICE_X2Y13          FDRE                                         r  clk_div_1s/cnt_reg[2]/R
  -------------------------------------------------------------------    -------------------

                         (clock clk rise edge)       10.000    10.000 r  
    AC18                                              0.000    10.000 r  clk (IN)
                         net (fo=0)                   0.000    10.000    clk
    AC18                 IBUF (Prop_ibuf_I_O)         0.533    10.533 r  clk_IBUF_inst/O
                         net (fo=1, routed)           2.159    12.692    clk_IBUF
    BUFGCTRL_X0Y0        BUFG (Prop_bufg_I_O)         0.083    12.775 r  clk_IBUF_BUFG_inst/O
                         net (fo=46, routed)          1.543    14.318    clk_div_1s/clk_IBUF_BUFG
    SLICE_X2Y13          FDRE                                         r  clk_div_1s/cnt_reg[2]/C
                         clock pessimism              0.351    14.669    
                         clock uncertainty           -0.035    14.634    
    SLICE_X2Y13          FDRE (Setup_fdre_C_R)       -0.281    14.353    clk_div_1s/cnt_reg[2]
  -------------------------------------------------------------------
                         required time                         14.353    
                         arrival time                          -7.035    
  -------------------------------------------------------------------
                         slack                                  7.318    

Slack (MET) :             7.318ns  (required time - arrival time)
  Source:                 clk_div_1s/cnt_reg[7]/C
                            (rising edge-triggered cell FDRE clocked by clk  {rise@0.000ns fall@5.000ns period=10.000ns})
  Destination:            clk_div_1s/cnt_reg[3]/R
                            (rising edge-triggered cell FDRE clocked by clk  {rise@0.000ns fall@5.000ns period=10.000ns})
  Path Group:             clk
  Path Type:              Setup (Max at Slow Process Corner)
  Requirement:            10.000ns  (clk rise@10.000ns - clk rise@0.000ns)
  Data Path Delay:        2.343ns  (logic 0.388ns (16.557%)  route 1.955ns (83.443%))
  Logic Levels:           3  (LUT5=1 LUT6=2)
  Clock Path Skew:        -0.022ns (DCD - SCD + CPR)
    Destination Clock Delay (DCD):    4.318ns = ( 14.318 - 10.000 ) 
    Source Clock Delay      (SCD):    4.691ns
    Clock Pessimism Removal (CPR):    0.351ns
  Clock Uncertainty:      0.035ns  ((TSJ^2 + TIJ^2)^1/2 + DJ) / 2 + PE
    Total System Jitter     (TSJ):    0.071ns
    Total Input Jitter      (TIJ):    0.000ns
    Discrete Jitter          (DJ):    0.000ns
    Phase Error              (PE):    0.000ns

    Location             Delay type                Incr(ns)  Path(ns)    Netlist Resource(s)
  -------------------------------------------------------------------    -------------------
                         (clock clk rise edge)        0.000     0.000 r  
    AC18                                              0.000     0.000 r  clk (IN)
                         net (fo=0)                   0.000     0.000    clk
    AC18                 IBUF (Prop_ibuf_I_O)         0.639     0.639 r  clk_IBUF_inst/O
                         net (fo=1, routed)           2.283     2.922    clk_IBUF
    BUFGCTRL_X0Y0        BUFG (Prop_bufg_I_O)         0.093     3.015 r  clk_IBUF_BUFG_inst/O
                         net (fo=46, routed)          1.676     4.691    clk_div_1s/clk_IBUF_BUFG
    SLICE_X2Y14          FDRE                                         r  clk_div_1s/cnt_reg[7]/C
  -------------------------------------------------------------------    -------------------
    SLICE_X2Y14          FDRE (Prop_fdre_C_Q)         0.259     4.950 r  clk_div_1s/cnt_reg[7]/Q
                         net (fo=2, routed)           0.467     5.417    clk_div_1s/cnt_reg[7]
    SLICE_X4Y15          LUT5 (Prop_lut5_I3_O)        0.043     5.460 r  clk_div_1s/cnt[0]_i_6/O
                         net (fo=2, routed)           0.353     5.813    clk_div_1s/cnt[0]_i_6_n_0
    SLICE_X4Y16          LUT6 (Prop_lut6_I0_O)        0.043     5.856 f  clk_div_1s/cnt[0]_i_4/O
                         net (fo=1, routed)           0.623     6.479    clk_div_1s/cnt[0]_i_4_n_0
    SLICE_X3Y18          LUT6 (Prop_lut6_I4_O)        0.043     6.522 r  clk_div_1s/cnt[0]_i_1/O
                         net (fo=26, routed)          0.513     7.035    clk_div_1s/clear
    SLICE_X2Y13          FDRE                                         r  clk_div_1s/cnt_reg[3]/R
  -------------------------------------------------------------------    -------------------

                         (clock clk rise edge)       10.000    10.000 r  
    AC18                                              0.000    10.000 r  clk (IN)
                         net (fo=0)                   0.000    10.000    clk
    AC18                 IBUF (Prop_ibuf_I_O)         0.533    10.533 r  clk_IBUF_inst/O
                         net (fo=1, routed)           2.159    12.692    clk_IBUF
    BUFGCTRL_X0Y0        BUFG (Prop_bufg_I_O)         0.083    12.775 r  clk_IBUF_BUFG_inst/O
                         net (fo=46, routed)          1.543    14.318    clk_div_1s/clk_IBUF_BUFG
    SLICE_X2Y13          FDRE                                         r  clk_div_1s/cnt_reg[3]/C
                         clock pessimism              0.351    14.669    
                         clock uncertainty           -0.035    14.634    
    SLICE_X2Y13          FDRE (Setup_fdre_C_R)       -0.281    14.353    clk_div_1s/cnt_reg[3]
  -------------------------------------------------------------------
                         required time                         14.353    
                         arrival time                          -7.035    
  -------------------------------------------------------------------
                         slack                                  7.318    

Slack (MET) :             7.409ns  (required time - arrival time)
  Source:                 clk_div_1s/cnt_reg[10]/C
                            (rising edge-triggered cell FDRE clocked by clk  {rise@0.000ns fall@5.000ns period=10.000ns})
  Destination:            clk_div_1s/cnt_reg[4]/R
                            (rising edge-triggered cell FDRE clocked by clk  {rise@0.000ns fall@5.000ns period=10.000ns})
  Path Group:             clk
  Path Type:              Setup (Max at Slow Process Corner)
  Requirement:            10.000ns  (clk rise@10.000ns - clk rise@0.000ns)
  Data Path Delay:        2.253ns  (logic 0.388ns (17.222%)  route 1.865ns (82.778%))
  Logic Levels:           3  (LUT5=1 LUT6=2)
  Clock Path Skew:        -0.022ns (DCD - SCD + CPR)
    Destination Clock Delay (DCD):    4.317ns = ( 14.317 - 10.000 ) 
    Source Clock Delay      (SCD):    4.690ns
    Clock Pessimism Removal (CPR):    0.351ns
  Clock Uncertainty:      0.035ns  ((TSJ^2 + TIJ^2)^1/2 + DJ) / 2 + PE
    Total System Jitter     (TSJ):    0.071ns
    Total Input Jitter      (TIJ):    0.000ns
    Discrete Jitter          (DJ):    0.000ns
    Phase Error              (PE):    0.000ns

    Location             Delay type                Incr(ns)  Path(ns)    Netlist Resource(s)
  -------------------------------------------------------------------    -------------------
                         (clock clk rise edge)        0.000     0.000 r  
    AC18                                              0.000     0.000 r  clk (IN)
                         net (fo=0)                   0.000     0.000    clk
    AC18                 IBUF (Prop_ibuf_I_O)         0.639     0.639 r  clk_IBUF_inst/O
                         net (fo=1, routed)           2.283     2.922    clk_IBUF
    BUFGCTRL_X0Y0        BUFG (Prop_bufg_I_O)         0.093     3.015 r  clk_IBUF_BUFG_inst/O
                         net (fo=46, routed)          1.675     4.690    clk_div_1s/clk_IBUF_BUFG
    SLICE_X2Y15          FDRE                                         r  clk_div_1s/cnt_reg[10]/C
  -------------------------------------------------------------------    -------------------
    SLICE_X2Y15          FDRE (Prop_fdre_C_Q)         0.259     4.949 r  clk_div_1s/cnt_reg[10]/Q
                         net (fo=2, routed)           0.446     5.395    clk_div_1s/cnt_reg[10]
    SLICE_X4Y15          LUT5 (Prop_lut5_I0_O)        0.043     5.438 r  clk_div_1s/cnt[0]_i_6/O
                         net (fo=2, routed)           0.353     5.791    clk_div_1s/cnt[0]_i_6_n_0
    SLICE_X4Y16          LUT6 (Prop_lut6_I0_O)        0.043     5.834 f  clk_div_1s/cnt[0]_i_4/O
                         net (fo=1, routed)           0.623     6.457    clk_div_1s/cnt[0]_i_4_n_0
    SLICE_X3Y18          LUT6 (Prop_lut6_I4_O)        0.043     6.500 r  clk_div_1s/cnt[0]_i_1/O
                         net (fo=26, routed)          0.443     6.943    clk_div_1s/clear
    SLICE_X2Y14          FDRE                                         r  clk_div_1s/cnt_reg[4]/R
  -------------------------------------------------------------------    -------------------

                         (clock clk rise edge)       10.000    10.000 r  
    AC18                                              0.000    10.000 r  clk (IN)
                         net (fo=0)                   0.000    10.000    clk
    AC18                 IBUF (Prop_ibuf_I_O)         0.533    10.533 r  clk_IBUF_inst/O
                         net (fo=1, routed)           2.159    12.692    clk_IBUF
    BUFGCTRL_X0Y0        BUFG (Prop_bufg_I_O)         0.083    12.775 r  clk_IBUF_BUFG_inst/O
                         net (fo=46, routed)          1.542    14.317    clk_div_1s/clk_IBUF_BUFG
    SLICE_X2Y14          FDRE                                         r  clk_div_1s/cnt_reg[4]/C
                         clock pessimism              0.351    14.668    
                         clock uncertainty           -0.035    14.633    
    SLICE_X2Y14          FDRE (Setup_fdre_C_R)       -0.281    14.352    clk_div_1s/cnt_reg[4]
  -------------------------------------------------------------------
                         required time                         14.352    
                         arrival time                          -6.943    
  -------------------------------------------------------------------
                         slack                                  7.409    

Slack (MET) :             7.409ns  (required time - arrival time)
  Source:                 clk_div_1s/cnt_reg[10]/C
                            (rising edge-triggered cell FDRE clocked by clk  {rise@0.000ns fall@5.000ns period=10.000ns})
  Destination:            clk_div_1s/cnt_reg[5]/R
                            (rising edge-triggered cell FDRE clocked by clk  {rise@0.000ns fall@5.000ns period=10.000ns})
  Path Group:             clk
  Path Type:              Setup (Max at Slow Process Corner)
  Requirement:            10.000ns  (clk rise@10.000ns - clk rise@0.000ns)
  Data Path Delay:        2.253ns  (logic 0.388ns (17.222%)  route 1.865ns (82.778%))
  Logic Levels:           3  (LUT5=1 LUT6=2)
  Clock Path Skew:        -0.022ns (DCD - SCD + CPR)
    Destination Clock Delay (DCD):    4.317ns = ( 14.317 - 10.000 ) 
    Source Clock Delay      (SCD):    4.690ns
    Clock Pessimism Removal (CPR):    0.351ns
  Clock Uncertainty:      0.035ns  ((TSJ^2 + TIJ^2)^1/2 + DJ) / 2 + PE
    Total System Jitter     (TSJ):    0.071ns
    Total Input Jitter      (TIJ):    0.000ns
    Discrete Jitter          (DJ):    0.000ns
    Phase Error              (PE):    0.000ns

    Location             Delay type                Incr(ns)  Path(ns)    Netlist Resource(s)
  -------------------------------------------------------------------    -------------------
                         (clock clk rise edge)        0.000     0.000 r  
    AC18                                              0.000     0.000 r  clk (IN)
                         net (fo=0)                   0.000     0.000    clk
    AC18                 IBUF (Prop_ibuf_I_O)         0.639     0.639 r  clk_IBUF_inst/O
                         net (fo=1, routed)           2.283     2.922    clk_IBUF
    BUFGCTRL_X0Y0        BUFG (Prop_bufg_I_O)         0.093     3.015 r  clk_IBUF_BUFG_inst/O
                         net (fo=46, routed)          1.675     4.690    clk_div_1s/clk_IBUF_BUFG
    SLICE_X2Y15          FDRE                                         r  clk_div_1s/cnt_reg[10]/C
  -------------------------------------------------------------------    -------------------
    SLICE_X2Y15          FDRE (Prop_fdre_C_Q)         0.259     4.949 r  clk_div_1s/cnt_reg[10]/Q
                         net (fo=2, routed)           0.446     5.395    clk_div_1s/cnt_reg[10]
    SLICE_X4Y15          LUT5 (Prop_lut5_I0_O)        0.043     5.438 r  clk_div_1s/cnt[0]_i_6/O
                         net (fo=2, routed)           0.353     5.791    clk_div_1s/cnt[0]_i_6_n_0
    SLICE_X4Y16          LUT6 (Prop_lut6_I0_O)        0.043     5.834 f  clk_div_1s/cnt[0]_i_4/O
                         net (fo=1, routed)           0.623     6.457    clk_div_1s/cnt[0]_i_4_n_0
    SLICE_X3Y18          LUT6 (Prop_lut6_I4_O)        0.043     6.500 r  clk_div_1s/cnt[0]_i_1/O
                         net (fo=26, routed)          0.443     6.943    clk_div_1s/clear
    SLICE_X2Y14          FDRE                                         r  clk_div_1s/cnt_reg[5]/R
  -------------------------------------------------------------------    -------------------

                         (clock clk rise edge)       10.000    10.000 r  
    AC18                                              0.000    10.000 r  clk (IN)
                         net (fo=0)                   0.000    10.000    clk
    AC18                 IBUF (Prop_ibuf_I_O)         0.533    10.533 r  clk_IBUF_inst/O
                         net (fo=1, routed)           2.159    12.692    clk_IBUF
    BUFGCTRL_X0Y0        BUFG (Prop_bufg_I_O)         0.083    12.775 r  clk_IBUF_BUFG_inst/O
                         net (fo=46, routed)          1.542    14.317    clk_div_1s/clk_IBUF_BUFG
    SLICE_X2Y14          FDRE                                         r  clk_div_1s/cnt_reg[5]/C
                         clock pessimism              0.351    14.668    
                         clock uncertainty           -0.035    14.633    
    SLICE_X2Y14          FDRE (Setup_fdre_C_R)       -0.281    14.352    clk_div_1s/cnt_reg[5]
  -------------------------------------------------------------------
                         required time                         14.352    
                         arrival time                          -6.943    
  -------------------------------------------------------------------
                         slack                                  7.409    

Slack (MET) :             7.409ns  (required time - arrival time)
  Source:                 clk_div_1s/cnt_reg[10]/C
                            (rising edge-triggered cell FDRE clocked by clk  {rise@0.000ns fall@5.000ns period=10.000ns})
  Destination:            clk_div_1s/cnt_reg[6]/R
                            (rising edge-triggered cell FDRE clocked by clk  {rise@0.000ns fall@5.000ns period=10.000ns})
  Path Group:             clk
  Path Type:              Setup (Max at Slow Process Corner)
  Requirement:            10.000ns  (clk rise@10.000ns - clk rise@0.000ns)
  Data Path Delay:        2.253ns  (logic 0.388ns (17.222%)  route 1.865ns (82.778%))
  Logic Levels:           3  (LUT5=1 LUT6=2)
  Clock Path Skew:        -0.022ns (DCD - SCD + CPR)
    Destination Clock Delay (DCD):    4.317ns = ( 14.317 - 10.000 ) 
    Source Clock Delay      (SCD):    4.690ns
    Clock Pessimism Removal (CPR):    0.351ns
  Clock Uncertainty:      0.035ns  ((TSJ^2 + TIJ^2)^1/2 + DJ) / 2 + PE
    Total System Jitter     (TSJ):    0.071ns
    Total Input Jitter      (TIJ):    0.000ns
    Discrete Jitter          (DJ):    0.000ns
    Phase Error              (PE):    0.000ns

    Location             Delay type                Incr(ns)  Path(ns)    Netlist Resource(s)
  -------------------------------------------------------------------    -------------------
                         (clock clk rise edge)        0.000     0.000 r  
    AC18                                              0.000     0.000 r  clk (IN)
                         net (fo=0)                   0.000     0.000    clk
    AC18                 IBUF (Prop_ibuf_I_O)         0.639     0.639 r  clk_IBUF_inst/O
                         net (fo=1, routed)           2.283     2.922    clk_IBUF
    BUFGCTRL_X0Y0        BUFG (Prop_bufg_I_O)         0.093     3.015 r  clk_IBUF_BUFG_inst/O
                         net (fo=46, routed)          1.675     4.690    clk_div_1s/clk_IBUF_BUFG
    SLICE_X2Y15          FDRE                                         r  clk_div_1s/cnt_reg[10]/C
  -------------------------------------------------------------------    -------------------
    SLICE_X2Y15          FDRE (Prop_fdre_C_Q)         0.259     4.949 r  clk_div_1s/cnt_reg[10]/Q
                         net (fo=2, routed)           0.446     5.395    clk_div_1s/cnt_reg[10]
    SLICE_X4Y15          LUT5 (Prop_lut5_I0_O)        0.043     5.438 r  clk_div_1s/cnt[0]_i_6/O
                         net (fo=2, routed)           0.353     5.791    clk_div_1s/cnt[0]_i_6_n_0
    SLICE_X4Y16          LUT6 (Prop_lut6_I0_O)        0.043     5.834 f  clk_div_1s/cnt[0]_i_4/O
                         net (fo=1, routed)           0.623     6.457    clk_div_1s/cnt[0]_i_4_n_0
    SLICE_X3Y18          LUT6 (Prop_lut6_I4_O)        0.043     6.500 r  clk_div_1s/cnt[0]_i_1/O
                         net (fo=26, routed)          0.443     6.943    clk_div_1s/clear
    SLICE_X2Y14          FDRE                                         r  clk_div_1s/cnt_reg[6]/R
  -------------------------------------------------------------------    -------------------

                         (clock clk rise edge)       10.000    10.000 r  
    AC18                                              0.000    10.000 r  clk (IN)
                         net (fo=0)                   0.000    10.000    clk
    AC18                 IBUF (Prop_ibuf_I_O)         0.533    10.533 r  clk_IBUF_inst/O
                         net (fo=1, routed)           2.159    12.692    clk_IBUF
    BUFGCTRL_X0Y0        BUFG (Prop_bufg_I_O)         0.083    12.775 r  clk_IBUF_BUFG_inst/O
                         net (fo=46, routed)          1.542    14.317    clk_div_1s/clk_IBUF_BUFG
    SLICE_X2Y14          FDRE                                         r  clk_div_1s/cnt_reg[6]/C
                         clock pessimism              0.351    14.668    
                         clock uncertainty           -0.035    14.633    
    SLICE_X2Y14          FDRE (Setup_fdre_C_R)       -0.281    14.352    clk_div_1s/cnt_reg[6]
  -------------------------------------------------------------------
                         required time                         14.352    
                         arrival time                          -6.943    
  -------------------------------------------------------------------
                         slack                                  7.409    

Slack (MET) :             7.409ns  (required time - arrival time)
  Source:                 clk_div_1s/cnt_reg[10]/C
                            (rising edge-triggered cell FDRE clocked by clk  {rise@0.000ns fall@5.000ns period=10.000ns})
  Destination:            clk_div_1s/cnt_reg[7]/R
                            (rising edge-triggered cell FDRE clocked by clk  {rise@0.000ns fall@5.000ns period=10.000ns})
  Path Group:             clk
  Path Type:              Setup (Max at Slow Process Corner)
  Requirement:            10.000ns  (clk rise@10.000ns - clk rise@0.000ns)
  Data Path Delay:        2.253ns  (logic 0.388ns (17.222%)  route 1.865ns (82.778%))
  Logic Levels:           3  (LUT5=1 LUT6=2)
  Clock Path Skew:        -0.022ns (DCD - SCD + CPR)
    Destination Clock Delay (DCD):    4.317ns = ( 14.317 - 10.000 ) 
    Source Clock Delay      (SCD):    4.690ns
    Clock Pessimism Removal (CPR):    0.351ns
  Clock Uncertainty:      0.035ns  ((TSJ^2 + TIJ^2)^1/2 + DJ) / 2 + PE
    Total System Jitter     (TSJ):    0.071ns
    Total Input Jitter      (TIJ):    0.000ns
    Discrete Jitter          (DJ):    0.000ns
    Phase Error              (PE):    0.000ns

    Location             Delay type                Incr(ns)  Path(ns)    Netlist Resource(s)
  -------------------------------------------------------------------    -------------------
                         (clock clk rise edge)        0.000     0.000 r  
    AC18                                              0.000     0.000 r  clk (IN)
                         net (fo=0)                   0.000     0.000    clk
    AC18                 IBUF (Prop_ibuf_I_O)         0.639     0.639 r  clk_IBUF_inst/O
                         net (fo=1, routed)           2.283     2.922    clk_IBUF
    BUFGCTRL_X0Y0        BUFG (Prop_bufg_I_O)         0.093     3.015 r  clk_IBUF_BUFG_inst/O
                         net (fo=46, routed)          1.675     4.690    clk_div_1s/clk_IBUF_BUFG
    SLICE_X2Y15          FDRE                                         r  clk_div_1s/cnt_reg[10]/C
  -------------------------------------------------------------------    -------------------
    SLICE_X2Y15          FDRE (Prop_fdre_C_Q)         0.259     4.949 r  clk_div_1s/cnt_reg[10]/Q
                         net (fo=2, routed)           0.446     5.395    clk_div_1s/cnt_reg[10]
    SLICE_X4Y15          LUT5 (Prop_lut5_I0_O)        0.043     5.438 r  clk_div_1s/cnt[0]_i_6/O
                         net (fo=2, routed)           0.353     5.791    clk_div_1s/cnt[0]_i_6_n_0
    SLICE_X4Y16          LUT6 (Prop_lut6_I0_O)        0.043     5.834 f  clk_div_1s/cnt[0]_i_4/O
                         net (fo=1, routed)           0.623     6.457    clk_div_1s/cnt[0]_i_4_n_0
    SLICE_X3Y18          LUT6 (Prop_lut6_I4_O)        0.043     6.500 r  clk_div_1s/cnt[0]_i_1/O
                         net (fo=26, routed)          0.443     6.943    clk_div_1s/clear
    SLICE_X2Y14          FDRE                                         r  clk_div_1s/cnt_reg[7]/R
  -------------------------------------------------------------------    -------------------

                         (clock clk rise edge)       10.000    10.000 r  
    AC18                                              0.000    10.000 r  clk (IN)
                         net (fo=0)                   0.000    10.000    clk
    AC18                 IBUF (Prop_ibuf_I_O)         0.533    10.533 r  clk_IBUF_inst/O
                         net (fo=1, routed)           2.159    12.692    clk_IBUF
    BUFGCTRL_X0Y0        BUFG (Prop_bufg_I_O)         0.083    12.775 r  clk_IBUF_BUFG_inst/O
                         net (fo=46, routed)          1.542    14.317    clk_div_1s/clk_IBUF_BUFG
    SLICE_X2Y14          FDRE                                         r  clk_div_1s/cnt_reg[7]/C
                         clock pessimism              0.351    14.668    
                         clock uncertainty           -0.035    14.633    
    SLICE_X2Y14          FDRE (Setup_fdre_C_R)       -0.281    14.352    clk_div_1s/cnt_reg[7]
  -------------------------------------------------------------------
                         required time                         14.352    
                         arrival time                          -6.943    
  -------------------------------------------------------------------
                         slack                                  7.409    

Slack (MET) :             7.409ns  (required time - arrival time)
  Source:                 clk_div_1s/cnt_reg[7]/C
                            (rising edge-triggered cell FDRE clocked by clk  {rise@0.000ns fall@5.000ns period=10.000ns})
  Destination:            clk_div_1s/cnt_reg[10]/R
                            (rising edge-triggered cell FDRE clocked by clk  {rise@0.000ns fall@5.000ns period=10.000ns})
  Path Group:             clk
  Path Type:              Setup (Max at Slow Process Corner)
  Requirement:            10.000ns  (clk rise@10.000ns - clk rise@0.000ns)
  Data Path Delay:        2.250ns  (logic 0.388ns (17.241%)  route 1.862ns (82.759%))
  Logic Levels:           3  (LUT5=1 LUT6=2)
  Clock Path Skew:        -0.024ns (DCD - SCD + CPR)
    Destination Clock Delay (DCD):    4.316ns = ( 14.316 - 10.000 ) 
    Source Clock Delay      (SCD):    4.691ns
    Clock Pessimism Removal (CPR):    0.351ns
  Clock Uncertainty:      0.035ns  ((TSJ^2 + TIJ^2)^1/2 + DJ) / 2 + PE
    Total System Jitter     (TSJ):    0.071ns
    Total Input Jitter      (TIJ):    0.000ns
    Discrete Jitter          (DJ):    0.000ns
    Phase Error              (PE):    0.000ns

    Location             Delay type                Incr(ns)  Path(ns)    Netlist Resource(s)
  -------------------------------------------------------------------    -------------------
                         (clock clk rise edge)        0.000     0.000 r  
    AC18                                              0.000     0.000 r  clk (IN)
                         net (fo=0)                   0.000     0.000    clk
    AC18                 IBUF (Prop_ibuf_I_O)         0.639     0.639 r  clk_IBUF_inst/O
                         net (fo=1, routed)           2.283     2.922    clk_IBUF
    BUFGCTRL_X0Y0        BUFG (Prop_bufg_I_O)         0.093     3.015 r  clk_IBUF_BUFG_inst/O
                         net (fo=46, routed)          1.676     4.691    clk_div_1s/clk_IBUF_BUFG
    SLICE_X2Y14          FDRE                                         r  clk_div_1s/cnt_reg[7]/C
  -------------------------------------------------------------------    -------------------
    SLICE_X2Y14          FDRE (Prop_fdre_C_Q)         0.259     4.950 r  clk_div_1s/cnt_reg[7]/Q
                         net (fo=2, routed)           0.467     5.417    clk_div_1s/cnt_reg[7]
    SLICE_X4Y15          LUT5 (Prop_lut5_I3_O)        0.043     5.460 r  clk_div_1s/cnt[0]_i_6/O
                         net (fo=2, routed)           0.353     5.813    clk_div_1s/cnt[0]_i_6_n_0
    SLICE_X4Y16          LUT6 (Prop_lut6_I0_O)        0.043     5.856 f  clk_div_1s/cnt[0]_i_4/O
                         net (fo=1, routed)           0.623     6.479    clk_div_1s/cnt[0]_i_4_n_0
    SLICE_X3Y18          LUT6 (Prop_lut6_I4_O)        0.043     6.522 r  clk_div_1s/cnt[0]_i_1/O
                         net (fo=26, routed)          0.420     6.942    clk_div_1s/clear
    SLICE_X2Y15          FDRE                                         r  clk_div_1s/cnt_reg[10]/R
  -------------------------------------------------------------------    -------------------

                         (clock clk rise edge)       10.000    10.000 r  
    AC18                                              0.000    10.000 r  clk (IN)
                         net (fo=0)                   0.000    10.000    clk
    AC18                 IBUF (Prop_ibuf_I_O)         0.533    10.533 r  clk_IBUF_inst/O
                         net (fo=1, routed)           2.159    12.692    clk_IBUF
    BUFGCTRL_X0Y0        BUFG (Prop_bufg_I_O)         0.083    12.775 r  clk_IBUF_BUFG_inst/O
                         net (fo=46, routed)          1.541    14.316    clk_div_1s/clk_IBUF_BUFG
    SLICE_X2Y15          FDRE                                         r  clk_div_1s/cnt_reg[10]/C
                         clock pessimism              0.351    14.667    
                         clock uncertainty           -0.035    14.632    
    SLICE_X2Y15          FDRE (Setup_fdre_C_R)       -0.281    14.351    clk_div_1s/cnt_reg[10]
  -------------------------------------------------------------------
                         required time                         14.351    
                         arrival time                          -6.942    
  -------------------------------------------------------------------
                         slack                                  7.409    

Slack (MET) :             7.409ns  (required time - arrival time)
  Source:                 clk_div_1s/cnt_reg[7]/C
                            (rising edge-triggered cell FDRE clocked by clk  {rise@0.000ns fall@5.000ns period=10.000ns})
  Destination:            clk_div_1s/cnt_reg[11]/R
                            (rising edge-triggered cell FDRE clocked by clk  {rise@0.000ns fall@5.000ns period=10.000ns})
  Path Group:             clk
  Path Type:              Setup (Max at Slow Process Corner)
  Requirement:            10.000ns  (clk rise@10.000ns - clk rise@0.000ns)
  Data Path Delay:        2.250ns  (logic 0.388ns (17.241%)  route 1.862ns (82.759%))
  Logic Levels:           3  (LUT5=1 LUT6=2)
  Clock Path Skew:        -0.024ns (DCD - SCD + CPR)
    Destination Clock Delay (DCD):    4.316ns = ( 14.316 - 10.000 ) 
    Source Clock Delay      (SCD):    4.691ns
    Clock Pessimism Removal (CPR):    0.351ns
  Clock Uncertainty:      0.035ns  ((TSJ^2 + TIJ^2)^1/2 + DJ) / 2 + PE
    Total System Jitter     (TSJ):    0.071ns
    Total Input Jitter      (TIJ):    0.000ns
    Discrete Jitter          (DJ):    0.000ns
    Phase Error              (PE):    0.000ns

    Location             Delay type                Incr(ns)  Path(ns)    Netlist Resource(s)
  -------------------------------------------------------------------    -------------------
                         (clock clk rise edge)        0.000     0.000 r  
    AC18                                              0.000     0.000 r  clk (IN)
                         net (fo=0)                   0.000     0.000    clk
    AC18                 IBUF (Prop_ibuf_I_O)         0.639     0.639 r  clk_IBUF_inst/O
                         net (fo=1, routed)           2.283     2.922    clk_IBUF
    BUFGCTRL_X0Y0        BUFG (Prop_bufg_I_O)         0.093     3.015 r  clk_IBUF_BUFG_inst/O
                         net (fo=46, routed)          1.676     4.691    clk_div_1s/clk_IBUF_BUFG
    SLICE_X2Y14          FDRE                                         r  clk_div_1s/cnt_reg[7]/C
  -------------------------------------------------------------------    -------------------
    SLICE_X2Y14          FDRE (Prop_fdre_C_Q)         0.259     4.950 r  clk_div_1s/cnt_reg[7]/Q
                         net (fo=2, routed)           0.467     5.417    clk_div_1s/cnt_reg[7]
    SLICE_X4Y15          LUT5 (Prop_lut5_I3_O)        0.043     5.460 r  clk_div_1s/cnt[0]_i_6/O
                         net (fo=2, routed)           0.353     5.813    clk_div_1s/cnt[0]_i_6_n_0
    SLICE_X4Y16          LUT6 (Prop_lut6_I0_O)        0.043     5.856 f  clk_div_1s/cnt[0]_i_4/O
                         net (fo=1, routed)           0.623     6.479    clk_div_1s/cnt[0]_i_4_n_0
    SLICE_X3Y18          LUT6 (Prop_lut6_I4_O)        0.043     6.522 r  clk_div_1s/cnt[0]_i_1/O
                         net (fo=26, routed)          0.420     6.942    clk_div_1s/clear
    SLICE_X2Y15          FDRE                                         r  clk_div_1s/cnt_reg[11]/R
  -------------------------------------------------------------------    -------------------

                         (clock clk rise edge)       10.000    10.000 r  
    AC18                                              0.000    10.000 r  clk (IN)
                         net (fo=0)                   0.000    10.000    clk
    AC18                 IBUF (Prop_ibuf_I_O)         0.533    10.533 r  clk_IBUF_inst/O
                         net (fo=1, routed)           2.159    12.692    clk_IBUF
    BUFGCTRL_X0Y0        BUFG (Prop_bufg_I_O)         0.083    12.775 r  clk_IBUF_BUFG_inst/O
                         net (fo=46, routed)          1.541    14.316    clk_div_1s/clk_IBUF_BUFG
    SLICE_X2Y15          FDRE                                         r  clk_div_1s/cnt_reg[11]/C
                         clock pessimism              0.351    14.667    
                         clock uncertainty           -0.035    14.632    
    SLICE_X2Y15          FDRE (Setup_fdre_C_R)       -0.281    14.351    clk_div_1s/cnt_reg[11]
  -------------------------------------------------------------------
                         required time                         14.351    
                         arrival time                          -6.942    
  -------------------------------------------------------------------
                         slack                                  7.409    





Min Delay Paths
--------------------------------------------------------------------------------------
Slack (MET) :             0.194ns  (arrival time - required time)
  Source:                 clk_div_1s/cnt_reg[24]/C
                            (rising edge-triggered cell FDRE clocked by clk  {rise@0.000ns fall@5.000ns period=10.000ns})
  Destination:            clk_div_1s/clk_1s_reg/D
                            (rising edge-triggered cell FDRE clocked by clk  {rise@0.000ns fall@5.000ns period=10.000ns})
  Path Group:             clk
  Path Type:              Hold (Min at Fast Process Corner)
  Requirement:            0.000ns  (clk rise@0.000ns - clk rise@0.000ns)
  Data Path Delay:        0.267ns  (logic 0.146ns (54.764%)  route 0.121ns (45.236%))
  Logic Levels:           1  (LUT4=1)
  Clock Path Skew:        0.013ns (DCD - SCD - CPR)
    Destination Clock Delay (DCD):    2.433ns
    Source Clock Delay      (SCD):    1.955ns
    Clock Pessimism Removal (CPR):    0.465ns

    Location             Delay type                Incr(ns)  Path(ns)    Netlist Resource(s)
  -------------------------------------------------------------------    -------------------
                         (clock clk rise edge)        0.000     0.000 r  
    AC18                                              0.000     0.000 r  clk (IN)
                         net (fo=0)                   0.000     0.000    clk
    AC18                 IBUF (Prop_ibuf_I_O)         0.146     0.146 r  clk_IBUF_inst/O
                         net (fo=1, routed)           1.074     1.220    clk_IBUF
    BUFGCTRL_X0Y0        BUFG (Prop_bufg_I_O)         0.026     1.246 r  clk_IBUF_BUFG_inst/O
                         net (fo=46, routed)          0.709     1.955    clk_div_1s/clk_IBUF_BUFG
    SLICE_X2Y19          FDRE                                         r  clk_div_1s/cnt_reg[24]/C
  -------------------------------------------------------------------    -------------------
    SLICE_X2Y19          FDRE (Prop_fdre_C_Q)         0.118     2.073 r  clk_div_1s/cnt_reg[24]/Q
                         net (fo=3, routed)           0.121     2.193    clk_div_1s/cnt_reg[24]
    SLICE_X3Y18          LUT4 (Prop_lut4_I1_O)        0.028     2.221 r  clk_div_1s/clk_1s_i_1/O
                         net (fo=1, routed)           0.000     2.221    clk_div_1s/clk_1s_i_1_n_0
    SLICE_X3Y18          FDRE                                         r  clk_div_1s/clk_1s_reg/D
  -------------------------------------------------------------------    -------------------

                         (clock clk rise edge)        0.000     0.000 r  
    AC18                                              0.000     0.000 r  clk (IN)
                         net (fo=0)                   0.000     0.000    clk
    AC18                 IBUF (Prop_ibuf_I_O)         0.312     0.312 r  clk_IBUF_inst/O
                         net (fo=1, routed)           1.143     1.455    clk_IBUF
    BUFGCTRL_X0Y0        BUFG (Prop_bufg_I_O)         0.030     1.485 r  clk_IBUF_BUFG_inst/O
                         net (fo=46, routed)          0.948     2.433    clk_div_1s/clk_IBUF_BUFG
    SLICE_X3Y18          FDRE                                         r  clk_div_1s/clk_1s_reg/C
                         clock pessimism             -0.465     1.968    
    SLICE_X3Y18          FDRE (Hold_fdre_C_D)         0.060     2.028    clk_div_1s/clk_1s_reg
  -------------------------------------------------------------------
                         required time                         -2.028    
                         arrival time                           2.221    
  -------------------------------------------------------------------
                         slack                                  0.194    

Slack (MET) :             0.200ns  (arrival time - required time)
  Source:                 display/clkdiv_inst/div_res_reg[15]/C
                            (rising edge-triggered cell FDRE clocked by clk  {rise@0.000ns fall@5.000ns period=10.000ns})
  Destination:            display/clkdiv_inst/div_res_reg[15]/D
                            (rising edge-triggered cell FDRE clocked by clk  {rise@0.000ns fall@5.000ns period=10.000ns})
  Path Group:             clk
  Path Type:              Hold (Min at Fast Process Corner)
  Requirement:            0.000ns  (clk rise@0.000ns - clk rise@0.000ns)
  Data Path Delay:        0.271ns  (logic 0.177ns (65.390%)  route 0.094ns (34.610%))
  Logic Levels:           1  (CARRY4=1)
  Clock Path Skew:        0.000ns (DCD - SCD - CPR)
    Destination Clock Delay (DCD):    2.435ns
    Source Clock Delay      (SCD):    1.958ns
    Clock Pessimism Removal (CPR):    0.477ns

    Location             Delay type                Incr(ns)  Path(ns)    Netlist Resource(s)
  -------------------------------------------------------------------    -------------------
                         (clock clk rise edge)        0.000     0.000 r  
    AC18                                              0.000     0.000 r  clk (IN)
                         net (fo=0)                   0.000     0.000    clk
    AC18                 IBUF (Prop_ibuf_I_O)         0.146     0.146 r  clk_IBUF_inst/O
                         net (fo=1, routed)           1.074     1.220    clk_IBUF
    BUFGCTRL_X0Y0        BUFG (Prop_bufg_I_O)         0.026     1.246 r  clk_IBUF_BUFG_inst/O
                         net (fo=46, routed)          0.712     1.958    display/clkdiv_inst/clk_IBUF_BUFG
    SLICE_X3Y16          FDRE                                         r  display/clkdiv_inst/div_res_reg[15]/C
  -------------------------------------------------------------------    -------------------
    SLICE_X3Y16          FDRE (Prop_fdre_C_Q)         0.100     2.058 r  display/clkdiv_inst/div_res_reg[15]/Q
                         net (fo=1, routed)           0.094     2.151    display/clkdiv_inst/div_res_reg_n_0_[15]
    SLICE_X3Y16          CARRY4 (Prop_carry4_S[3]_O[3])
                                                      0.077     2.228 r  display/clkdiv_inst/div_res_reg[12]_i_1/O[3]
                         net (fo=1, routed)           0.000     2.228    display/clkdiv_inst/div_res_reg[12]_i_1_n_4
    SLICE_X3Y16          FDRE                                         r  display/clkdiv_inst/div_res_reg[15]/D
  -------------------------------------------------------------------    -------------------

                         (clock clk rise edge)        0.000     0.000 r  
    AC18                                              0.000     0.000 r  clk (IN)
                         net (fo=0)                   0.000     0.000    clk
    AC18                 IBUF (Prop_ibuf_I_O)         0.312     0.312 r  clk_IBUF_inst/O
                         net (fo=1, routed)           1.143     1.455    clk_IBUF
    BUFGCTRL_X0Y0        BUFG (Prop_bufg_I_O)         0.030     1.485 r  clk_IBUF_BUFG_inst/O
                         net (fo=46, routed)          0.950     2.435    display/clkdiv_inst/clk_IBUF_BUFG
    SLICE_X3Y16          FDRE                                         r  display/clkdiv_inst/div_res_reg[15]/C
                         clock pessimism             -0.477     1.958    
    SLICE_X3Y16          FDRE (Hold_fdre_C_D)         0.071     2.029    display/clkdiv_inst/div_res_reg[15]
  -------------------------------------------------------------------
                         required time                         -2.029    
                         arrival time                           2.228    
  -------------------------------------------------------------------
                         slack                                  0.200    

Slack (MET) :             0.200ns  (arrival time - required time)
  Source:                 display/clkdiv_inst/div_res_reg[11]/C
                            (rising edge-triggered cell FDRE clocked by clk  {rise@0.000ns fall@5.000ns period=10.000ns})
  Destination:            display/clkdiv_inst/div_res_reg[11]/D
                            (rising edge-triggered cell FDRE clocked by clk  {rise@0.000ns fall@5.000ns period=10.000ns})
  Path Group:             clk
  Path Type:              Hold (Min at Fast Process Corner)
  Requirement:            0.000ns  (clk rise@0.000ns - clk rise@0.000ns)
  Data Path Delay:        0.271ns  (logic 0.177ns (65.390%)  route 0.094ns (34.610%))
  Logic Levels:           1  (CARRY4=1)
  Clock Path Skew:        0.000ns (DCD - SCD - CPR)
    Destination Clock Delay (DCD):    2.436ns
    Source Clock Delay      (SCD):    1.959ns
    Clock Pessimism Removal (CPR):    0.477ns

    Location             Delay type                Incr(ns)  Path(ns)    Netlist Resource(s)
  -------------------------------------------------------------------    -------------------
                         (clock clk rise edge)        0.000     0.000 r  
    AC18                                              0.000     0.000 r  clk (IN)
                         net (fo=0)                   0.000     0.000    clk
    AC18                 IBUF (Prop_ibuf_I_O)         0.146     0.146 r  clk_IBUF_inst/O
                         net (fo=1, routed)           1.074     1.220    clk_IBUF
    BUFGCTRL_X0Y0        BUFG (Prop_bufg_I_O)         0.026     1.246 r  clk_IBUF_BUFG_inst/O
                         net (fo=46, routed)          0.713     1.959    display/clkdiv_inst/clk_IBUF_BUFG
    SLICE_X3Y15          FDRE                                         r  display/clkdiv_inst/div_res_reg[11]/C
  -------------------------------------------------------------------    -------------------
    SLICE_X3Y15          FDRE (Prop_fdre_C_Q)         0.100     2.059 r  display/clkdiv_inst/div_res_reg[11]/Q
                         net (fo=1, routed)           0.094     2.152    display/clkdiv_inst/div_res_reg_n_0_[11]
    SLICE_X3Y15          CARRY4 (Prop_carry4_S[3]_O[3])
                                                      0.077     2.229 r  display/clkdiv_inst/div_res_reg[8]_i_1/O[3]
                         net (fo=1, routed)           0.000     2.229    display/clkdiv_inst/div_res_reg[8]_i_1_n_4
    SLICE_X3Y15          FDRE                                         r  display/clkdiv_inst/div_res_reg[11]/D
  -------------------------------------------------------------------    -------------------

                         (clock clk rise edge)        0.000     0.000 r  
    AC18                                              0.000     0.000 r  clk (IN)
                         net (fo=0)                   0.000     0.000    clk
    AC18                 IBUF (Prop_ibuf_I_O)         0.312     0.312 r  clk_IBUF_inst/O
                         net (fo=1, routed)           1.143     1.455    clk_IBUF
    BUFGCTRL_X0Y0        BUFG (Prop_bufg_I_O)         0.030     1.485 r  clk_IBUF_BUFG_inst/O
                         net (fo=46, routed)          0.951     2.436    display/clkdiv_inst/clk_IBUF_BUFG
    SLICE_X3Y15          FDRE                                         r  display/clkdiv_inst/div_res_reg[11]/C
                         clock pessimism             -0.477     1.959    
    SLICE_X3Y15          FDRE (Hold_fdre_C_D)         0.071     2.030    display/clkdiv_inst/div_res_reg[11]
  -------------------------------------------------------------------
                         required time                         -2.030    
                         arrival time                           2.229    
  -------------------------------------------------------------------
                         slack                                  0.200    

Slack (MET) :             0.200ns  (arrival time - required time)
  Source:                 display/clkdiv_inst/div_res_reg[3]/C
                            (rising edge-triggered cell FDRE clocked by clk  {rise@0.000ns fall@5.000ns period=10.000ns})
  Destination:            display/clkdiv_inst/div_res_reg[3]/D
                            (rising edge-triggered cell FDRE clocked by clk  {rise@0.000ns fall@5.000ns period=10.000ns})
  Path Group:             clk
  Path Type:              Hold (Min at Fast Process Corner)
  Requirement:            0.000ns  (clk rise@0.000ns - clk rise@0.000ns)
  Data Path Delay:        0.271ns  (logic 0.177ns (65.390%)  route 0.094ns (34.610%))
  Logic Levels:           1  (CARRY4=1)
  Clock Path Skew:        0.000ns (DCD - SCD - CPR)
    Destination Clock Delay (DCD):    2.437ns
    Source Clock Delay      (SCD):    1.959ns
    Clock Pessimism Removal (CPR):    0.478ns

    Location             Delay type                Incr(ns)  Path(ns)    Netlist Resource(s)
  -------------------------------------------------------------------    -------------------
                         (clock clk rise edge)        0.000     0.000 r  
    AC18                                              0.000     0.000 r  clk (IN)
                         net (fo=0)                   0.000     0.000    clk
    AC18                 IBUF (Prop_ibuf_I_O)         0.146     0.146 r  clk_IBUF_inst/O
                         net (fo=1, routed)           1.074     1.220    clk_IBUF
    BUFGCTRL_X0Y0        BUFG (Prop_bufg_I_O)         0.026     1.246 r  clk_IBUF_BUFG_inst/O
                         net (fo=46, routed)          0.713     1.959    display/clkdiv_inst/clk_IBUF_BUFG
    SLICE_X3Y13          FDRE                                         r  display/clkdiv_inst/div_res_reg[3]/C
  -------------------------------------------------------------------    -------------------
    SLICE_X3Y13          FDRE (Prop_fdre_C_Q)         0.100     2.059 r  display/clkdiv_inst/div_res_reg[3]/Q
                         net (fo=1, routed)           0.094     2.152    display/clkdiv_inst/div_res_reg_n_0_[3]
    SLICE_X3Y13          CARRY4 (Prop_carry4_S[3]_O[3])
                                                      0.077     2.229 r  display/clkdiv_inst/div_res_reg[0]_i_1/O[3]
                         net (fo=1, routed)           0.000     2.229    display/clkdiv_inst/div_res_reg[0]_i_1_n_4
    SLICE_X3Y13          FDRE                                         r  display/clkdiv_inst/div_res_reg[3]/D
  -------------------------------------------------------------------    -------------------

                         (clock clk rise edge)        0.000     0.000 r  
    AC18                                              0.000     0.000 r  clk (IN)
                         net (fo=0)                   0.000     0.000    clk
    AC18                 IBUF (Prop_ibuf_I_O)         0.312     0.312 r  clk_IBUF_inst/O
                         net (fo=1, routed)           1.143     1.455    clk_IBUF
    BUFGCTRL_X0Y0        BUFG (Prop_bufg_I_O)         0.030     1.485 r  clk_IBUF_BUFG_inst/O
                         net (fo=46, routed)          0.952     2.437    display/clkdiv_inst/clk_IBUF_BUFG
    SLICE_X3Y13          FDRE                                         r  display/clkdiv_inst/div_res_reg[3]/C
                         clock pessimism             -0.478     1.959    
    SLICE_X3Y13          FDRE (Hold_fdre_C_D)         0.071     2.030    display/clkdiv_inst/div_res_reg[3]
  -------------------------------------------------------------------
                         required time                         -2.030    
                         arrival time                           2.229    
  -------------------------------------------------------------------
                         slack                                  0.200    

Slack (MET) :             0.200ns  (arrival time - required time)
  Source:                 display/clkdiv_inst/div_res_reg[7]/C
                            (rising edge-triggered cell FDRE clocked by clk  {rise@0.000ns fall@5.000ns period=10.000ns})
  Destination:            display/clkdiv_inst/div_res_reg[7]/D
                            (rising edge-triggered cell FDRE clocked by clk  {rise@0.000ns fall@5.000ns period=10.000ns})
  Path Group:             clk
  Path Type:              Hold (Min at Fast Process Corner)
  Requirement:            0.000ns  (clk rise@0.000ns - clk rise@0.000ns)
  Data Path Delay:        0.271ns  (logic 0.177ns (65.390%)  route 0.094ns (34.610%))
  Logic Levels:           1  (CARRY4=1)
  Clock Path Skew:        0.000ns (DCD - SCD - CPR)
    Destination Clock Delay (DCD):    2.437ns
    Source Clock Delay      (SCD):    1.959ns
    Clock Pessimism Removal (CPR):    0.478ns

    Location             Delay type                Incr(ns)  Path(ns)    Netlist Resource(s)
  -------------------------------------------------------------------    -------------------
                         (clock clk rise edge)        0.000     0.000 r  
    AC18                                              0.000     0.000 r  clk (IN)
                         net (fo=0)                   0.000     0.000    clk
    AC18                 IBUF (Prop_ibuf_I_O)         0.146     0.146 r  clk_IBUF_inst/O
                         net (fo=1, routed)           1.074     1.220    clk_IBUF
    BUFGCTRL_X0Y0        BUFG (Prop_bufg_I_O)         0.026     1.246 r  clk_IBUF_BUFG_inst/O
                         net (fo=46, routed)          0.713     1.959    display/clkdiv_inst/clk_IBUF_BUFG
    SLICE_X3Y14          FDRE                                         r  display/clkdiv_inst/div_res_reg[7]/C
  -------------------------------------------------------------------    -------------------
    SLICE_X3Y14          FDRE (Prop_fdre_C_Q)         0.100     2.059 r  display/clkdiv_inst/div_res_reg[7]/Q
                         net (fo=1, routed)           0.094     2.152    display/clkdiv_inst/div_res_reg_n_0_[7]
    SLICE_X3Y14          CARRY4 (Prop_carry4_S[3]_O[3])
                                                      0.077     2.229 r  display/clkdiv_inst/div_res_reg[4]_i_1/O[3]
                         net (fo=1, routed)           0.000     2.229    display/clkdiv_inst/div_res_reg[4]_i_1_n_4
    SLICE_X3Y14          FDRE                                         r  display/clkdiv_inst/div_res_reg[7]/D
  -------------------------------------------------------------------    -------------------

                         (clock clk rise edge)        0.000     0.000 r  
    AC18                                              0.000     0.000 r  clk (IN)
                         net (fo=0)                   0.000     0.000    clk
    AC18                 IBUF (Prop_ibuf_I_O)         0.312     0.312 r  clk_IBUF_inst/O
                         net (fo=1, routed)           1.143     1.455    clk_IBUF
    BUFGCTRL_X0Y0        BUFG (Prop_bufg_I_O)         0.030     1.485 r  clk_IBUF_BUFG_inst/O
                         net (fo=46, routed)          0.952     2.437    display/clkdiv_inst/clk_IBUF_BUFG
    SLICE_X3Y14          FDRE                                         r  display/clkdiv_inst/div_res_reg[7]/C
                         clock pessimism             -0.478     1.959    
    SLICE_X3Y14          FDRE (Hold_fdre_C_D)         0.071     2.030    display/clkdiv_inst/div_res_reg[7]
  -------------------------------------------------------------------
                         required time                         -2.030    
                         arrival time                           2.229    
  -------------------------------------------------------------------
                         slack                                  0.200    

Slack (MET) :             0.206ns  (arrival time - required time)
  Source:                 display/clkdiv_inst/div_res_reg[12]/C
                            (rising edge-triggered cell FDRE clocked by clk  {rise@0.000ns fall@5.000ns period=10.000ns})
  Destination:            display/clkdiv_inst/div_res_reg[12]/D
                            (rising edge-triggered cell FDRE clocked by clk  {rise@0.000ns fall@5.000ns period=10.000ns})
  Path Group:             clk
  Path Type:              Hold (Min at Fast Process Corner)
  Requirement:            0.000ns  (clk rise@0.000ns - clk rise@0.000ns)
  Data Path Delay:        0.277ns  (logic 0.183ns (66.140%)  route 0.094ns (33.860%))
  Logic Levels:           1  (CARRY4=1)
  Clock Path Skew:        0.000ns (DCD - SCD - CPR)
    Destination Clock Delay (DCD):    2.435ns
    Source Clock Delay      (SCD):    1.958ns
    Clock Pessimism Removal (CPR):    0.477ns

    Location             Delay type                Incr(ns)  Path(ns)    Netlist Resource(s)
  -------------------------------------------------------------------    -------------------
                         (clock clk rise edge)        0.000     0.000 r  
    AC18                                              0.000     0.000 r  clk (IN)
                         net (fo=0)                   0.000     0.000    clk
    AC18                 IBUF (Prop_ibuf_I_O)         0.146     0.146 r  clk_IBUF_inst/O
                         net (fo=1, routed)           1.074     1.220    clk_IBUF
    BUFGCTRL_X0Y0        BUFG (Prop_bufg_I_O)         0.026     1.246 r  clk_IBUF_BUFG_inst/O
                         net (fo=46, routed)          0.712     1.958    display/clkdiv_inst/clk_IBUF_BUFG
    SLICE_X3Y16          FDRE                                         r  display/clkdiv_inst/div_res_reg[12]/C
  -------------------------------------------------------------------    -------------------
    SLICE_X3Y16          FDRE (Prop_fdre_C_Q)         0.100     2.058 r  display/clkdiv_inst/div_res_reg[12]/Q
                         net (fo=1, routed)           0.094     2.151    display/clkdiv_inst/div_res_reg_n_0_[12]
    SLICE_X3Y16          CARRY4 (Prop_carry4_S[0]_O[0])
                                                      0.083     2.234 r  display/clkdiv_inst/div_res_reg[12]_i_1/O[0]
                         net (fo=1, routed)           0.000     2.234    display/clkdiv_inst/div_res_reg[12]_i_1_n_7
    SLICE_X3Y16          FDRE                                         r  display/clkdiv_inst/div_res_reg[12]/D
  -------------------------------------------------------------------    -------------------

                         (clock clk rise edge)        0.000     0.000 r  
    AC18                                              0.000     0.000 r  clk (IN)
                         net (fo=0)                   0.000     0.000    clk
    AC18                 IBUF (Prop_ibuf_I_O)         0.312     0.312 r  clk_IBUF_inst/O
                         net (fo=1, routed)           1.143     1.455    clk_IBUF
    BUFGCTRL_X0Y0        BUFG (Prop_bufg_I_O)         0.030     1.485 r  clk_IBUF_BUFG_inst/O
                         net (fo=46, routed)          0.950     2.435    display/clkdiv_inst/clk_IBUF_BUFG
    SLICE_X3Y16          FDRE                                         r  display/clkdiv_inst/div_res_reg[12]/C
                         clock pessimism             -0.477     1.958    
    SLICE_X3Y16          FDRE (Hold_fdre_C_D)         0.071     2.029    display/clkdiv_inst/div_res_reg[12]
  -------------------------------------------------------------------
                         required time                         -2.029    
                         arrival time                           2.234    
  -------------------------------------------------------------------
                         slack                                  0.206    

Slack (MET) :             0.206ns  (arrival time - required time)
  Source:                 display/clkdiv_inst/div_res_reg[16]/C
                            (rising edge-triggered cell FDRE clocked by clk  {rise@0.000ns fall@5.000ns period=10.000ns})
  Destination:            display/clkdiv_inst/div_res_reg[16]/D
                            (rising edge-triggered cell FDRE clocked by clk  {rise@0.000ns fall@5.000ns period=10.000ns})
  Path Group:             clk
  Path Type:              Hold (Min at Fast Process Corner)
  Requirement:            0.000ns  (clk rise@0.000ns - clk rise@0.000ns)
  Data Path Delay:        0.277ns  (logic 0.183ns (66.140%)  route 0.094ns (33.860%))
  Logic Levels:           1  (CARRY4=1)
  Clock Path Skew:        0.000ns (DCD - SCD - CPR)
    Destination Clock Delay (DCD):    2.434ns
    Source Clock Delay      (SCD):    1.957ns
    Clock Pessimism Removal (CPR):    0.477ns

    Location             Delay type                Incr(ns)  Path(ns)    Netlist Resource(s)
  -------------------------------------------------------------------    -------------------
                         (clock clk rise edge)        0.000     0.000 r  
    AC18                                              0.000     0.000 r  clk (IN)
                         net (fo=0)                   0.000     0.000    clk
    AC18                 IBUF (Prop_ibuf_I_O)         0.146     0.146 r  clk_IBUF_inst/O
                         net (fo=1, routed)           1.074     1.220    clk_IBUF
    BUFGCTRL_X0Y0        BUFG (Prop_bufg_I_O)         0.026     1.246 r  clk_IBUF_BUFG_inst/O
                         net (fo=46, routed)          0.711     1.957    display/clkdiv_inst/clk_IBUF_BUFG
    SLICE_X3Y17          FDRE                                         r  display/clkdiv_inst/div_res_reg[16]/C
  -------------------------------------------------------------------    -------------------
    SLICE_X3Y17          FDRE (Prop_fdre_C_Q)         0.100     2.057 r  display/clkdiv_inst/div_res_reg[16]/Q
                         net (fo=1, routed)           0.094     2.150    display/clkdiv_inst/div_res_reg_n_0_[16]
    SLICE_X3Y17          CARRY4 (Prop_carry4_S[0]_O[0])
                                                      0.083     2.233 r  display/clkdiv_inst/div_res_reg[16]_i_1/O[0]
                         net (fo=1, routed)           0.000     2.233    display/clkdiv_inst/div_res_reg[16]_i_1_n_7
    SLICE_X3Y17          FDRE                                         r  display/clkdiv_inst/div_res_reg[16]/D
  -------------------------------------------------------------------    -------------------

                         (clock clk rise edge)        0.000     0.000 r  
    AC18                                              0.000     0.000 r  clk (IN)
                         net (fo=0)                   0.000     0.000    clk
    AC18                 IBUF (Prop_ibuf_I_O)         0.312     0.312 r  clk_IBUF_inst/O
                         net (fo=1, routed)           1.143     1.455    clk_IBUF
    BUFGCTRL_X0Y0        BUFG (Prop_bufg_I_O)         0.030     1.485 r  clk_IBUF_BUFG_inst/O
                         net (fo=46, routed)          0.949     2.434    display/clkdiv_inst/clk_IBUF_BUFG
    SLICE_X3Y17          FDRE                                         r  display/clkdiv_inst/div_res_reg[16]/C
                         clock pessimism             -0.477     1.957    
    SLICE_X3Y17          FDRE (Hold_fdre_C_D)         0.071     2.028    display/clkdiv_inst/div_res_reg[16]
  -------------------------------------------------------------------
                         required time                         -2.028    
                         arrival time                           2.233    
  -------------------------------------------------------------------
                         slack                                  0.206    

Slack (MET) :             0.206ns  (arrival time - required time)
  Source:                 display/clkdiv_inst/div_res_reg[8]/C
                            (rising edge-triggered cell FDRE clocked by clk  {rise@0.000ns fall@5.000ns period=10.000ns})
  Destination:            display/clkdiv_inst/div_res_reg[8]/D
                            (rising edge-triggered cell FDRE clocked by clk  {rise@0.000ns fall@5.000ns period=10.000ns})
  Path Group:             clk
  Path Type:              Hold (Min at Fast Process Corner)
  Requirement:            0.000ns  (clk rise@0.000ns - clk rise@0.000ns)
  Data Path Delay:        0.277ns  (logic 0.183ns (66.140%)  route 0.094ns (33.860%))
  Logic Levels:           1  (CARRY4=1)
  Clock Path Skew:        0.000ns (DCD - SCD - CPR)
    Destination Clock Delay (DCD):    2.436ns
    Source Clock Delay      (SCD):    1.959ns
    Clock Pessimism Removal (CPR):    0.477ns

    Location             Delay type                Incr(ns)  Path(ns)    Netlist Resource(s)
  -------------------------------------------------------------------    -------------------
                         (clock clk rise edge)        0.000     0.000 r  
    AC18                                              0.000     0.000 r  clk (IN)
                         net (fo=0)                   0.000     0.000    clk
    AC18                 IBUF (Prop_ibuf_I_O)         0.146     0.146 r  clk_IBUF_inst/O
                         net (fo=1, routed)           1.074     1.220    clk_IBUF
    BUFGCTRL_X0Y0        BUFG (Prop_bufg_I_O)         0.026     1.246 r  clk_IBUF_BUFG_inst/O
                         net (fo=46, routed)          0.713     1.959    display/clkdiv_inst/clk_IBUF_BUFG
    SLICE_X3Y15          FDRE                                         r  display/clkdiv_inst/div_res_reg[8]/C
  -------------------------------------------------------------------    -------------------
    SLICE_X3Y15          FDRE (Prop_fdre_C_Q)         0.100     2.059 r  display/clkdiv_inst/div_res_reg[8]/Q
                         net (fo=1, routed)           0.094     2.152    display/clkdiv_inst/div_res_reg_n_0_[8]
    SLICE_X3Y15          CARRY4 (Prop_carry4_S[0]_O[0])
                                                      0.083     2.235 r  display/clkdiv_inst/div_res_reg[8]_i_1/O[0]
                         net (fo=1, routed)           0.000     2.235    display/clkdiv_inst/div_res_reg[8]_i_1_n_7
    SLICE_X3Y15          FDRE                                         r  display/clkdiv_inst/div_res_reg[8]/D
  -------------------------------------------------------------------    -------------------

                         (clock clk rise edge)        0.000     0.000 r  
    AC18                                              0.000     0.000 r  clk (IN)
                         net (fo=0)                   0.000     0.000    clk
    AC18                 IBUF (Prop_ibuf_I_O)         0.312     0.312 r  clk_IBUF_inst/O
                         net (fo=1, routed)           1.143     1.455    clk_IBUF
    BUFGCTRL_X0Y0        BUFG (Prop_bufg_I_O)         0.030     1.485 r  clk_IBUF_BUFG_inst/O
                         net (fo=46, routed)          0.951     2.436    display/clkdiv_inst/clk_IBUF_BUFG
    SLICE_X3Y15          FDRE                                         r  display/clkdiv_inst/div_res_reg[8]/C
                         clock pessimism             -0.477     1.959    
    SLICE_X3Y15          FDRE (Hold_fdre_C_D)         0.071     2.030    display/clkdiv_inst/div_res_reg[8]
  -------------------------------------------------------------------
                         required time                         -2.030    
                         arrival time                           2.235    
  -------------------------------------------------------------------
                         slack                                  0.206    

Slack (MET) :             0.206ns  (arrival time - required time)
  Source:                 display/clkdiv_inst/div_res_reg[4]/C
                            (rising edge-triggered cell FDRE clocked by clk  {rise@0.000ns fall@5.000ns period=10.000ns})
  Destination:            display/clkdiv_inst/div_res_reg[4]/D
                            (rising edge-triggered cell FDRE clocked by clk  {rise@0.000ns fall@5.000ns period=10.000ns})
  Path Group:             clk
  Path Type:              Hold (Min at Fast Process Corner)
  Requirement:            0.000ns  (clk rise@0.000ns - clk rise@0.000ns)
  Data Path Delay:        0.277ns  (logic 0.183ns (66.140%)  route 0.094ns (33.860%))
  Logic Levels:           1  (CARRY4=1)
  Clock Path Skew:        0.000ns (DCD - SCD - CPR)
    Destination Clock Delay (DCD):    2.437ns
    Source Clock Delay      (SCD):    1.959ns
    Clock Pessimism Removal (CPR):    0.478ns

    Location             Delay type                Incr(ns)  Path(ns)    Netlist Resource(s)
  -------------------------------------------------------------------    -------------------
                         (clock clk rise edge)        0.000     0.000 r  
    AC18                                              0.000     0.000 r  clk (IN)
                         net (fo=0)                   0.000     0.000    clk
    AC18                 IBUF (Prop_ibuf_I_O)         0.146     0.146 r  clk_IBUF_inst/O
                         net (fo=1, routed)           1.074     1.220    clk_IBUF
    BUFGCTRL_X0Y0        BUFG (Prop_bufg_I_O)         0.026     1.246 r  clk_IBUF_BUFG_inst/O
                         net (fo=46, routed)          0.713     1.959    display/clkdiv_inst/clk_IBUF_BUFG
    SLICE_X3Y14          FDRE                                         r  display/clkdiv_inst/div_res_reg[4]/C
  -------------------------------------------------------------------    -------------------
    SLICE_X3Y14          FDRE (Prop_fdre_C_Q)         0.100     2.059 r  display/clkdiv_inst/div_res_reg[4]/Q
                         net (fo=1, routed)           0.094     2.152    display/clkdiv_inst/div_res_reg_n_0_[4]
    SLICE_X3Y14          CARRY4 (Prop_carry4_S[0]_O[0])
                                                      0.083     2.235 r  display/clkdiv_inst/div_res_reg[4]_i_1/O[0]
                         net (fo=1, routed)           0.000     2.235    display/clkdiv_inst/div_res_reg[4]_i_1_n_7
    SLICE_X3Y14          FDRE                                         r  display/clkdiv_inst/div_res_reg[4]/D
  -------------------------------------------------------------------    -------------------

                         (clock clk rise edge)        0.000     0.000 r  
    AC18                                              0.000     0.000 r  clk (IN)
                         net (fo=0)                   0.000     0.000    clk
    AC18                 IBUF (Prop_ibuf_I_O)         0.312     0.312 r  clk_IBUF_inst/O
                         net (fo=1, routed)           1.143     1.455    clk_IBUF
    BUFGCTRL_X0Y0        BUFG (Prop_bufg_I_O)         0.030     1.485 r  clk_IBUF_BUFG_inst/O
                         net (fo=46, routed)          0.952     2.437    display/clkdiv_inst/clk_IBUF_BUFG
    SLICE_X3Y14          FDRE                                         r  display/clkdiv_inst/div_res_reg[4]/C
                         clock pessimism             -0.478     1.959    
    SLICE_X3Y14          FDRE (Hold_fdre_C_D)         0.071     2.030    display/clkdiv_inst/div_res_reg[4]
  -------------------------------------------------------------------
                         required time                         -2.030    
                         arrival time                           2.235    
  -------------------------------------------------------------------
                         slack                                  0.206    

Slack (MET) :             0.208ns  (arrival time - required time)
  Source:                 clk_div_1s/cnt_reg[2]/C
                            (rising edge-triggered cell FDRE clocked by clk  {rise@0.000ns fall@5.000ns period=10.000ns})
  Destination:            clk_div_1s/cnt_reg[2]/D
                            (rising edge-triggered cell FDRE clocked by clk  {rise@0.000ns fall@5.000ns period=10.000ns})
  Path Group:             clk
  Path Type:              Hold (Min at Fast Process Corner)
  Requirement:            0.000ns  (clk rise@0.000ns - clk rise@0.000ns)
  Data Path Delay:        0.300ns  (logic 0.193ns (64.346%)  route 0.107ns (35.654%))
  Logic Levels:           1  (CARRY4=1)
  Clock Path Skew:        0.000ns (DCD - SCD - CPR)
    Destination Clock Delay (DCD):    2.437ns
    Source Clock Delay      (SCD):    1.959ns
    Clock Pessimism Removal (CPR):    0.478ns

    Location             Delay type                Incr(ns)  Path(ns)    Netlist Resource(s)
  -------------------------------------------------------------------    -------------------
                         (clock clk rise edge)        0.000     0.000 r  
    AC18                                              0.000     0.000 r  clk (IN)
                         net (fo=0)                   0.000     0.000    clk
    AC18                 IBUF (Prop_ibuf_I_O)         0.146     0.146 r  clk_IBUF_inst/O
                         net (fo=1, routed)           1.074     1.220    clk_IBUF
    BUFGCTRL_X0Y0        BUFG (Prop_bufg_I_O)         0.026     1.246 r  clk_IBUF_BUFG_inst/O
                         net (fo=46, routed)          0.713     1.959    clk_div_1s/clk_IBUF_BUFG
    SLICE_X2Y13          FDRE                                         r  clk_div_1s/cnt_reg[2]/C
  -------------------------------------------------------------------    -------------------
    SLICE_X2Y13          FDRE (Prop_fdre_C_Q)         0.118     2.077 r  clk_div_1s/cnt_reg[2]/Q
                         net (fo=1, routed)           0.107     2.184    clk_div_1s/cnt_reg_n_0_[2]
    SLICE_X2Y13          CARRY4 (Prop_carry4_S[2]_O[2])
                                                      0.075     2.259 r  clk_div_1s/cnt_reg[0]_i_2/O[2]
                         net (fo=1, routed)           0.000     2.259    clk_div_1s/cnt_reg[0]_i_2_n_5
    SLICE_X2Y13          FDRE                                         r  clk_div_1s/cnt_reg[2]/D
  -------------------------------------------------------------------    -------------------

                         (clock clk rise edge)        0.000     0.000 r  
    AC18                                              0.000     0.000 r  clk (IN)
                         net (fo=0)                   0.000     0.000    clk
    AC18                 IBUF (Prop_ibuf_I_O)         0.312     0.312 r  clk_IBUF_inst/O
                         net (fo=1, routed)           1.143     1.455    clk_IBUF
    BUFGCTRL_X0Y0        BUFG (Prop_bufg_I_O)         0.030     1.485 r  clk_IBUF_BUFG_inst/O
                         net (fo=46, routed)          0.952     2.437    clk_div_1s/clk_IBUF_BUFG
    SLICE_X2Y13          FDRE                                         r  clk_div_1s/cnt_reg[2]/C
                         clock pessimism             -0.478     1.959    
    SLICE_X2Y13          FDRE (Hold_fdre_C_D)         0.092     2.051    clk_div_1s/cnt_reg[2]
  -------------------------------------------------------------------
                         required time                         -2.051    
                         arrival time                           2.259    
  -------------------------------------------------------------------
                         slack                                  0.208    





Pulse Width Checks
--------------------------------------------------------------------------------------
Clock Name:         clk
Waveform(ns):       { 0.000 5.000 }
Period(ns):         10.000
Sources:            { clk }

Check Type        Corner  Lib Pin  Reference Pin  Required(ns)  Actual(ns)  Slack(ns)  Location       Pin
Min Period        n/a     BUFG/I   n/a            1.408         10.000      8.591      BUFGCTRL_X0Y0  clk_IBUF_BUFG_inst/I
Min Period        n/a     FDRE/C   n/a            0.700         10.000      9.300      SLICE_X3Y18    clk_div_1s/clk_1s_reg/C
Min Period        n/a     FDRE/C   n/a            0.700         10.000      9.300      SLICE_X2Y13    clk_div_1s/cnt_reg[0]/C
Min Period        n/a     FDRE/C   n/a            0.700         10.000      9.300      SLICE_X2Y15    clk_div_1s/cnt_reg[10]/C
Min Period        n/a     FDRE/C   n/a            0.700         10.000      9.300      SLICE_X2Y15    clk_div_1s/cnt_reg[11]/C
Min Period        n/a     FDRE/C   n/a            0.700         10.000      9.300      SLICE_X2Y16    clk_div_1s/cnt_reg[12]/C
Min Period        n/a     FDRE/C   n/a            0.700         10.000      9.300      SLICE_X2Y16    clk_div_1s/cnt_reg[13]/C
Min Period        n/a     FDRE/C   n/a            0.700         10.000      9.300      SLICE_X2Y16    clk_div_1s/cnt_reg[14]/C
Min Period        n/a     FDRE/C   n/a            0.700         10.000      9.300      SLICE_X2Y16    clk_div_1s/cnt_reg[15]/C
Min Period        n/a     FDRE/C   n/a            0.700         10.000      9.300      SLICE_X2Y17    clk_div_1s/cnt_reg[16]/C
Low Pulse Width   Slow    FDRE/C   n/a            0.350         5.000       4.650      SLICE_X2Y16    clk_div_1s/cnt_reg[12]/C
Low Pulse Width   Slow    FDRE/C   n/a            0.350         5.000       4.650      SLICE_X2Y16    clk_div_1s/cnt_reg[13]/C
Low Pulse Width   Slow    FDRE/C   n/a            0.350         5.000       4.650      SLICE_X2Y16    clk_div_1s/cnt_reg[14]/C
Low Pulse Width   Slow    FDRE/C   n/a            0.350         5.000       4.650      SLICE_X2Y16    clk_div_1s/cnt_reg[15]/C
Low Pulse Width   Slow    FDRE/C   n/a            0.350         5.000       4.650      SLICE_X2Y17    clk_div_1s/cnt_reg[16]/C
Low Pulse Width   Slow    FDRE/C   n/a            0.350         5.000       4.650      SLICE_X2Y17    clk_div_1s/cnt_reg[17]/C
Low Pulse Width   Slow    FDRE/C   n/a            0.350         5.000       4.650      SLICE_X2Y17    clk_div_1s/cnt_reg[18]/C
Low Pulse Width   Slow    FDRE/C   n/a            0.350         5.000       4.650      SLICE_X2Y17    clk_div_1s/cnt_reg[19]/C
Low Pulse Width   Slow    FDRE/C   n/a            0.350         5.000       4.650      SLICE_X3Y16    display/clkdiv_inst/div_res_reg[12]/C
Low Pulse Width   Slow    FDRE/C   n/a            0.350         5.000       4.650      SLICE_X3Y16    display/clkdiv_inst/div_res_reg[13]/C
High Pulse Width  Fast    FDRE/C   n/a            0.350         5.000       4.650      SLICE_X3Y18    clk_div_1s/clk_1s_reg/C
High Pulse Width  Fast    FDRE/C   n/a            0.350         5.000       4.650      SLICE_X2Y16    clk_div_1s/cnt_reg[12]/C
High Pulse Width  Fast    FDRE/C   n/a            0.350         5.000       4.650      SLICE_X2Y16    clk_div_1s/cnt_reg[13]/C
High Pulse Width  Fast    FDRE/C   n/a            0.350         5.000       4.650      SLICE_X2Y16    clk_div_1s/cnt_reg[14]/C
High Pulse Width  Fast    FDRE/C   n/a            0.350         5.000       4.650      SLICE_X2Y16    clk_div_1s/cnt_reg[15]/C
High Pulse Width  Fast    FDRE/C   n/a            0.350         5.000       4.650      SLICE_X2Y17    clk_div_1s/cnt_reg[16]/C
High Pulse Width  Fast    FDRE/C   n/a            0.350         5.000       4.650      SLICE_X2Y17    clk_div_1s/cnt_reg[17]/C
High Pulse Width  Fast    FDRE/C   n/a            0.350         5.000       4.650      SLICE_X2Y17    clk_div_1s/cnt_reg[18]/C
High Pulse Width  Fast    FDRE/C   n/a            0.350         5.000       4.650      SLICE_X2Y17    clk_div_1s/cnt_reg[19]/C
High Pulse Width  Fast    FDRE/C   n/a            0.350         5.000       4.650      SLICE_X2Y18    clk_div_1s/cnt_reg[20]/C



