Copyright 1986-2020 Xilinx, Inc. All Rights Reserved.
--------------------------------------------------------------------------------------------------------------------------------------------------------------------------------
| Tool Version : Vivado v.2020.2 (win64) Build 3064766 Wed Nov 18 09:12:45 MST 2020
| Date         : Thu May 28 13:31:03 2026
| Host         : Littlebanbrick running 64-bit major release  (build 9200)
| Command      : report_timing_summary -max_paths 10 -file top_timing_summary_routed.rpt -pb top_timing_summary_routed.pb -rpx top_timing_summary_routed.rpx -warn_on_violation
| Design       : top
| Device       : 7k160t-ffg676
| Speed File   : -2L  PRODUCTION 1.12 2017-02-17
--------------------------------------------------------------------------------------------------------------------------------------------------------------------------------

Timing Summary Report

------------------------------------------------------------------------------------------------
| Timer Settings
| --------------
------------------------------------------------------------------------------------------------

  Enable Multi Corner Analysis               :  Yes
  Enable Pessimism Removal                   :  Yes
  Pessimism Removal Resolution               :  Nearest Common Node
  Enable Input Delay Default Clock           :  No
  Enable Preset / Clear Arcs                 :  No
  Disable Flight Delays                      :  No
  Ignore I/O Paths                           :  No
  Timing Early Launch at Borrowing Latches   :  No
  Borrow Time for Max Delay Exceptions       :  Yes
  Merge Timing Exceptions                    :  Yes

  Corner  Analyze    Analyze    
  Name    Max Paths  Min Paths  
  ------  ---------  ---------  
  Slow    Yes        Yes        
  Fast    Yes        Yes        



check_timing report

Table of Contents
-----------------
1. checking no_clock (48)
2. checking constant_clock (0)
3. checking pulse_width_clock (0)
4. checking unconstrained_internal_endpoints (28)
5. checking no_input_delay (1)
6. checking no_output_delay (12)
7. checking multiple_clock (0)
8. checking generated_clocks (0)
9. checking loops (0)
10. checking partial_input_delay (0)
11. checking partial_output_delay (0)
12. checking latch_loops (0)

1. checking no_clock (48)
-------------------------
 There are 16 register/latch pins with no clock driven by root clock pin: SW[0] (HIGH)

 There are 16 register/latch pins with no clock driven by root clock pin: clk_div_100ms/clk_100ms_reg/Q (HIGH)

 There are 16 register/latch pins with no clock driven by root clock pin: clk_div_10ms/clk_10ms_reg/Q (HIGH)


2. checking constant_clock (0)
------------------------------
 There are 0 register/latch pins with constant_clock.


3. checking pulse_width_clock (0)
---------------------------------
 There are 0 register/latch pins which need pulse_width check


4. checking unconstrained_internal_endpoints (28)
-------------------------------------------------
 There are 28 pins that are not constrained for maximum delay. (HIGH)

 There are 0 pins that are not constrained for maximum delay due to constant clock.


5. checking no_input_delay (1)
------------------------------
 There is 1 input port with no input delay specified. (HIGH)

 There are 0 input ports with no input delay but user has a false path constraint.


6. checking no_output_delay (12)
--------------------------------
 There are 12 ports with no output delay specified. (HIGH)

 There are 0 ports with no output delay but user has a false path constraint

 There are 0 ports with no output delay but with a timing clock defined on it or propagating through it


7. checking multiple_clock (0)
------------------------------
 There are 0 register/latch pins with multiple clocks.


8. checking generated_clocks (0)
--------------------------------
 There are 0 generated clocks that are not connected to a clock source.


9. checking loops (0)
---------------------
 There are 0 combinational loops in the design.


10. checking partial_input_delay (0)
------------------------------------
 There are 0 input ports with partial input delay specified.


11. checking partial_output_delay (0)
-------------------------------------
 There are 0 ports with partial output delay specified.


12. checking latch_loops (0)
----------------------------
 There are 0 combinational latch loops in the design through latch input



------------------------------------------------------------------------------------------------
| Design Timing Summary
| ---------------------
------------------------------------------------------------------------------------------------

    WNS(ns)      TNS(ns)  TNS Failing Endpoints  TNS Total Endpoints      WHS(ns)      THS(ns)  THS Failing Endpoints  THS Total Endpoints     WPWS(ns)     TPWS(ns)  TPWS Failing Endpoints  TPWS Total Endpoints  
    -------      -------  ---------------------  -------------------      -------      -------  ---------------------  -------------------     --------     --------  ----------------------  --------------------  
      7.521        0.000                      0                  105        0.197        0.000                      0                  105        4.650        0.000                       0                    64  


All user specified timing constraints are met.


------------------------------------------------------------------------------------------------
| Clock Summary
| -------------
------------------------------------------------------------------------------------------------

Clock  Waveform(ns)       Period(ns)      Frequency(MHz)
-----  ------------       ----------      --------------
clk    {0.000 5.000}      10.000          100.000         


------------------------------------------------------------------------------------------------
| Intra Clock Table
| -----------------
------------------------------------------------------------------------------------------------

Clock             WNS(ns)      TNS(ns)  TNS Failing Endpoints  TNS Total Endpoints      WHS(ns)      THS(ns)  THS Failing Endpoints  THS Total Endpoints     WPWS(ns)     TPWS(ns)  TPWS Failing Endpoints  TPWS Total Endpoints  
-----             -------      -------  ---------------------  -------------------      -------      -------  ---------------------  -------------------     --------     --------  ----------------------  --------------------  
clk                 7.521        0.000                      0                  105        0.197        0.000                      0                  105        4.650        0.000                       0                    64  


------------------------------------------------------------------------------------------------
| Inter Clock Table
| -----------------
------------------------------------------------------------------------------------------------

From Clock    To Clock          WNS(ns)      TNS(ns)  TNS Failing Endpoints  TNS Total Endpoints      WHS(ns)      THS(ns)  THS Failing Endpoints  THS Total Endpoints  
----------    --------          -------      -------  ---------------------  -------------------      -------      -------  ---------------------  -------------------  


------------------------------------------------------------------------------------------------
| Other Path Groups Table
| -----------------------
------------------------------------------------------------------------------------------------

Path Group    From Clock    To Clock          WNS(ns)      TNS(ns)  TNS Failing Endpoints  TNS Total Endpoints      WHS(ns)      THS(ns)  THS Failing Endpoints  THS Total Endpoints  
----------    ----------    --------          -------      -------  ---------------------  -------------------      -------      -------  ---------------------  -------------------  


------------------------------------------------------------------------------------------------
| Timing Details
| --------------
------------------------------------------------------------------------------------------------


---------------------------------------------------------------------------------------------------
From Clock:  clk
  To Clock:  clk

Setup :            0  Failing Endpoints,  Worst Slack        7.521ns,  Total Violation        0.000ns
Hold  :            0  Failing Endpoints,  Worst Slack        0.197ns,  Total Violation        0.000ns
PW    :            0  Failing Endpoints,  Worst Slack        4.650ns,  Total Violation        0.000ns
---------------------------------------------------------------------------------------------------


Max Delay Paths
--------------------------------------------------------------------------------------
Slack (MET) :             7.521ns  (required time - arrival time)
  Source:                 clk_div_100ms/counter_reg[19]/C
                            (rising edge-triggered cell FDRE clocked by clk  {rise@0.000ns fall@5.000ns period=10.000ns})
  Destination:            clk_div_100ms/counter_reg[21]/R
                            (rising edge-triggered cell FDRE clocked by clk  {rise@0.000ns fall@5.000ns period=10.000ns})
  Path Group:             clk
  Path Type:              Setup (Max at Slow Process Corner)
  Requirement:            10.000ns  (clk rise@10.000ns - clk rise@0.000ns)
  Data Path Delay:        2.138ns  (logic 0.345ns (16.135%)  route 1.793ns (83.865%))
  Logic Levels:           2  (LUT4=1 LUT6=1)
  Clock Path Skew:        -0.024ns (DCD - SCD + CPR)
    Destination Clock Delay (DCD):    4.310ns = ( 14.310 - 10.000 ) 
    Source Clock Delay      (SCD):    4.685ns
    Clock Pessimism Removal (CPR):    0.351ns
  Clock Uncertainty:      0.035ns  ((TSJ^2 + TIJ^2)^1/2 + DJ) / 2 + PE
    Total System Jitter     (TSJ):    0.071ns
    Total Input Jitter      (TIJ):    0.000ns
    Discrete Jitter          (DJ):    0.000ns
    Phase Error              (PE):    0.000ns

    Location             Delay type                Incr(ns)  Path(ns)    Netlist Resource(s)
  -------------------------------------------------------------------    -------------------
                         (clock clk rise edge)        0.000     0.000 r  
    AC18                                              0.000     0.000 r  clk (IN)
                         net (fo=0)                   0.000     0.000    clk
    AC18                 IBUF (Prop_ibuf_I_O)         0.639     0.639 r  clk_IBUF_inst/O
                         net (fo=1, routed)           2.283     2.922    clk_IBUF
    BUFGCTRL_X0Y0        BUFG (Prop_bufg_I_O)         0.093     3.015 r  clk_IBUF_BUFG_inst/O
                         net (fo=63, routed)          1.670     4.685    clk_div_100ms/clk_IBUF_BUFG
    SLICE_X2Y20          FDRE                                         r  clk_div_100ms/counter_reg[19]/C
  -------------------------------------------------------------------    -------------------
    SLICE_X2Y20          FDRE (Prop_fdre_C_Q)         0.259     4.944 r  clk_div_100ms/counter_reg[19]/Q
                         net (fo=2, routed)           0.657     5.601    clk_div_100ms/counter_reg_n_0_[19]
    SLICE_X4Y20          LUT4 (Prop_lut4_I2_O)        0.043     5.644 f  clk_div_100ms/counter[23]_i_3/O
                         net (fo=1, routed)           0.536     6.180    clk_div_100ms/counter[23]_i_3_n_0
    SLICE_X3Y18          LUT6 (Prop_lut6_I0_O)        0.043     6.223 r  clk_div_100ms/counter[23]_i_2/O
                         net (fo=24, routed)          0.600     6.823    clk_div_100ms/clk_100ms_0
    SLICE_X2Y21          FDRE                                         r  clk_div_100ms/counter_reg[21]/R
  -------------------------------------------------------------------    -------------------

                         (clock clk rise edge)       10.000    10.000 r  
    AC18                                              0.000    10.000 r  clk (IN)
                         net (fo=0)                   0.000    10.000    clk
    AC18                 IBUF (Prop_ibuf_I_O)         0.533    10.533 r  clk_IBUF_inst/O
                         net (fo=1, routed)           2.159    12.692    clk_IBUF
    BUFGCTRL_X0Y0        BUFG (Prop_bufg_I_O)         0.083    12.775 r  clk_IBUF_BUFG_inst/O
                         net (fo=63, routed)          1.535    14.310    clk_div_100ms/clk_IBUF_BUFG
    SLICE_X2Y21          FDRE                                         r  clk_div_100ms/counter_reg[21]/C
                         clock pessimism              0.351    14.661    
                         clock uncertainty           -0.035    14.626    
    SLICE_X2Y21          FDRE (Setup_fdre_C_R)       -0.281    14.345    clk_div_100ms/counter_reg[21]
  -------------------------------------------------------------------
                         required time                         14.345    
                         arrival time                          -6.823    
  -------------------------------------------------------------------
                         slack                                  7.521    

Slack (MET) :             7.521ns  (required time - arrival time)
  Source:                 clk_div_100ms/counter_reg[19]/C
                            (rising edge-triggered cell FDRE clocked by clk  {rise@0.000ns fall@5.000ns period=10.000ns})
  Destination:            clk_div_100ms/counter_reg[22]/R
                            (rising edge-triggered cell FDRE clocked by clk  {rise@0.000ns fall@5.000ns period=10.000ns})
  Path Group:             clk
  Path Type:              Setup (Max at Slow Process Corner)
  Requirement:            10.000ns  (clk rise@10.000ns - clk rise@0.000ns)
  Data Path Delay:        2.138ns  (logic 0.345ns (16.135%)  route 1.793ns (83.865%))
  Logic Levels:           2  (LUT4=1 LUT6=1)
  Clock Path Skew:        -0.024ns (DCD - SCD + CPR)
    Destination Clock Delay (DCD):    4.310ns = ( 14.310 - 10.000 ) 
    Source Clock Delay      (SCD):    4.685ns
    Clock Pessimism Removal (CPR):    0.351ns
  Clock Uncertainty:      0.035ns  ((TSJ^2 + TIJ^2)^1/2 + DJ) / 2 + PE
    Total System Jitter     (TSJ):    0.071ns
    Total Input Jitter      (TIJ):    0.000ns
    Discrete Jitter          (DJ):    0.000ns
    Phase Error              (PE):    0.000ns

    Location             Delay type                Incr(ns)  Path(ns)    Netlist Resource(s)
  -------------------------------------------------------------------    -------------------
                         (clock clk rise edge)        0.000     0.000 r  
    AC18                                              0.000     0.000 r  clk (IN)
                         net (fo=0)                   0.000     0.000    clk
    AC18                 IBUF (Prop_ibuf_I_O)         0.639     0.639 r  clk_IBUF_inst/O
                         net (fo=1, routed)           2.283     2.922    clk_IBUF
    BUFGCTRL_X0Y0        BUFG (Prop_bufg_I_O)         0.093     3.015 r  clk_IBUF_BUFG_inst/O
                         net (fo=63, routed)          1.670     4.685    clk_div_100ms/clk_IBUF_BUFG
    SLICE_X2Y20          FDRE                                         r  clk_div_100ms/counter_reg[19]/C
  -------------------------------------------------------------------    -------------------
    SLICE_X2Y20          FDRE (Prop_fdre_C_Q)         0.259     4.944 r  clk_div_100ms/counter_reg[19]/Q
                         net (fo=2, routed)           0.657     5.601    clk_div_100ms/counter_reg_n_0_[19]
    SLICE_X4Y20          LUT4 (Prop_lut4_I2_O)        0.043     5.644 f  clk_div_100ms/counter[23]_i_3/O
                         net (fo=1, routed)           0.536     6.180    clk_div_100ms/counter[23]_i_3_n_0
    SLICE_X3Y18          LUT6 (Prop_lut6_I0_O)        0.043     6.223 r  clk_div_100ms/counter[23]_i_2/O
                         net (fo=24, routed)          0.600     6.823    clk_div_100ms/clk_100ms_0
    SLICE_X2Y21          FDRE                                         r  clk_div_100ms/counter_reg[22]/R
  -------------------------------------------------------------------    -------------------

                         (clock clk rise edge)       10.000    10.000 r  
    AC18                                              0.000    10.000 r  clk (IN)
                         net (fo=0)                   0.000    10.000    clk
    AC18                 IBUF (Prop_ibuf_I_O)         0.533    10.533 r  clk_IBUF_inst/O
                         net (fo=1, routed)           2.159    12.692    clk_IBUF
    BUFGCTRL_X0Y0        BUFG (Prop_bufg_I_O)         0.083    12.775 r  clk_IBUF_BUFG_inst/O
                         net (fo=63, routed)          1.535    14.310    clk_div_100ms/clk_IBUF_BUFG
    SLICE_X2Y21          FDRE                                         r  clk_div_100ms/counter_reg[22]/C
                         clock pessimism              0.351    14.661    
                         clock uncertainty           -0.035    14.626    
    SLICE_X2Y21          FDRE (Setup_fdre_C_R)       -0.281    14.345    clk_div_100ms/counter_reg[22]
  -------------------------------------------------------------------
                         required time                         14.345    
                         arrival time                          -6.823    
  -------------------------------------------------------------------
                         slack                                  7.521    

Slack (MET) :             7.521ns  (required time - arrival time)
  Source:                 clk_div_100ms/counter_reg[19]/C
                            (rising edge-triggered cell FDRE clocked by clk  {rise@0.000ns fall@5.000ns period=10.000ns})
  Destination:            clk_div_100ms/counter_reg[23]/R
                            (rising edge-triggered cell FDRE clocked by clk  {rise@0.000ns fall@5.000ns period=10.000ns})
  Path Group:             clk
  Path Type:              Setup (Max at Slow Process Corner)
  Requirement:            10.000ns  (clk rise@10.000ns - clk rise@0.000ns)
  Data Path Delay:        2.138ns  (logic 0.345ns (16.135%)  route 1.793ns (83.865%))
  Logic Levels:           2  (LUT4=1 LUT6=1)
  Clock Path Skew:        -0.024ns (DCD - SCD + CPR)
    Destination Clock Delay (DCD):    4.310ns = ( 14.310 - 10.000 ) 
    Source Clock Delay      (SCD):    4.685ns
    Clock Pessimism Removal (CPR):    0.351ns
  Clock Uncertainty:      0.035ns  ((TSJ^2 + TIJ^2)^1/2 + DJ) / 2 + PE
    Total System Jitter     (TSJ):    0.071ns
    Total Input Jitter      (TIJ):    0.000ns
    Discrete Jitter          (DJ):    0.000ns
    Phase Error              (PE):    0.000ns

    Location             Delay type                Incr(ns)  Path(ns)    Netlist Resource(s)
  -------------------------------------------------------------------    -------------------
                         (clock clk rise edge)        0.000     0.000 r  
    AC18                                              0.000     0.000 r  clk (IN)
                         net (fo=0)                   0.000     0.000    clk
    AC18                 IBUF (Prop_ibuf_I_O)         0.639     0.639 r  clk_IBUF_inst/O
                         net (fo=1, routed)           2.283     2.922    clk_IBUF
    BUFGCTRL_X0Y0        BUFG (Prop_bufg_I_O)         0.093     3.015 r  clk_IBUF_BUFG_inst/O
                         net (fo=63, routed)          1.670     4.685    clk_div_100ms/clk_IBUF_BUFG
    SLICE_X2Y20          FDRE                                         r  clk_div_100ms/counter_reg[19]/C
  -------------------------------------------------------------------    -------------------
    SLICE_X2Y20          FDRE (Prop_fdre_C_Q)         0.259     4.944 r  clk_div_100ms/counter_reg[19]/Q
                         net (fo=2, routed)           0.657     5.601    clk_div_100ms/counter_reg_n_0_[19]
    SLICE_X4Y20          LUT4 (Prop_lut4_I2_O)        0.043     5.644 f  clk_div_100ms/counter[23]_i_3/O
                         net (fo=1, routed)           0.536     6.180    clk_div_100ms/counter[23]_i_3_n_0
    SLICE_X3Y18          LUT6 (Prop_lut6_I0_O)        0.043     6.223 r  clk_div_100ms/counter[23]_i_2/O
                         net (fo=24, routed)          0.600     6.823    clk_div_100ms/clk_100ms_0
    SLICE_X2Y21          FDRE                                         r  clk_div_100ms/counter_reg[23]/R
  -------------------------------------------------------------------    -------------------

                         (clock clk rise edge)       10.000    10.000 r  
    AC18                                              0.000    10.000 r  clk (IN)
                         net (fo=0)                   0.000    10.000    clk
    AC18                 IBUF (Prop_ibuf_I_O)         0.533    10.533 r  clk_IBUF_inst/O
                         net (fo=1, routed)           2.159    12.692    clk_IBUF
    BUFGCTRL_X0Y0        BUFG (Prop_bufg_I_O)         0.083    12.775 r  clk_IBUF_BUFG_inst/O
                         net (fo=63, routed)          1.535    14.310    clk_div_100ms/clk_IBUF_BUFG
    SLICE_X2Y21          FDRE                                         r  clk_div_100ms/counter_reg[23]/C
                         clock pessimism              0.351    14.661    
                         clock uncertainty           -0.035    14.626    
    SLICE_X2Y21          FDRE (Setup_fdre_C_R)       -0.281    14.345    clk_div_100ms/counter_reg[23]
  -------------------------------------------------------------------
                         required time                         14.345    
                         arrival time                          -6.823    
  -------------------------------------------------------------------
                         slack                                  7.521    

Slack (MET) :             7.525ns  (required time - arrival time)
  Source:                 clk_div_100ms/counter_reg[19]/C
                            (rising edge-triggered cell FDRE clocked by clk  {rise@0.000ns fall@5.000ns period=10.000ns})
  Destination:            clk_div_100ms/counter_reg[13]/R
                            (rising edge-triggered cell FDRE clocked by clk  {rise@0.000ns fall@5.000ns period=10.000ns})
  Path Group:             clk
  Path Type:              Setup (Max at Slow Process Corner)
  Requirement:            10.000ns  (clk rise@10.000ns - clk rise@0.000ns)
  Data Path Delay:        2.137ns  (logic 0.345ns (16.142%)  route 1.792ns (83.858%))
  Logic Levels:           2  (LUT4=1 LUT6=1)
  Clock Path Skew:        -0.021ns (DCD - SCD + CPR)
    Destination Clock Delay (DCD):    4.313ns = ( 14.313 - 10.000 ) 
    Source Clock Delay      (SCD):    4.685ns
    Clock Pessimism Removal (CPR):    0.351ns
  Clock Uncertainty:      0.035ns  ((TSJ^2 + TIJ^2)^1/2 + DJ) / 2 + PE
    Total System Jitter     (TSJ):    0.071ns
    Total Input Jitter      (TIJ):    0.000ns
    Discrete Jitter          (DJ):    0.000ns
    Phase Error              (PE):    0.000ns

    Location             Delay type                Incr(ns)  Path(ns)    Netlist Resource(s)
  -------------------------------------------------------------------    -------------------
                         (clock clk rise edge)        0.000     0.000 r  
    AC18                                              0.000     0.000 r  clk (IN)
                         net (fo=0)                   0.000     0.000    clk
    AC18                 IBUF (Prop_ibuf_I_O)         0.639     0.639 r  clk_IBUF_inst/O
                         net (fo=1, routed)           2.283     2.922    clk_IBUF
    BUFGCTRL_X0Y0        BUFG (Prop_bufg_I_O)         0.093     3.015 r  clk_IBUF_BUFG_inst/O
                         net (fo=63, routed)          1.670     4.685    clk_div_100ms/clk_IBUF_BUFG
    SLICE_X2Y20          FDRE                                         r  clk_div_100ms/counter_reg[19]/C
  -------------------------------------------------------------------    -------------------
    SLICE_X2Y20          FDRE (Prop_fdre_C_Q)         0.259     4.944 r  clk_div_100ms/counter_reg[19]/Q
                         net (fo=2, routed)           0.657     5.601    clk_div_100ms/counter_reg_n_0_[19]
    SLICE_X4Y20          LUT4 (Prop_lut4_I2_O)        0.043     5.644 f  clk_div_100ms/counter[23]_i_3/O
                         net (fo=1, routed)           0.536     6.180    clk_div_100ms/counter[23]_i_3_n_0
    SLICE_X3Y18          LUT6 (Prop_lut6_I0_O)        0.043     6.223 r  clk_div_100ms/counter[23]_i_2/O
                         net (fo=24, routed)          0.599     6.822    clk_div_100ms/clk_100ms_0
    SLICE_X2Y19          FDRE                                         r  clk_div_100ms/counter_reg[13]/R
  -------------------------------------------------------------------    -------------------

                         (clock clk rise edge)       10.000    10.000 r  
    AC18                                              0.000    10.000 r  clk (IN)
                         net (fo=0)                   0.000    10.000    clk
    AC18                 IBUF (Prop_ibuf_I_O)         0.533    10.533 r  clk_IBUF_inst/O
                         net (fo=1, routed)           2.159    12.692    clk_IBUF
    BUFGCTRL_X0Y0        BUFG (Prop_bufg_I_O)         0.083    12.775 r  clk_IBUF_BUFG_inst/O
                         net (fo=63, routed)          1.538    14.313    clk_div_100ms/clk_IBUF_BUFG
    SLICE_X2Y19          FDRE                                         r  clk_div_100ms/counter_reg[13]/C
                         clock pessimism              0.351    14.664    
                         clock uncertainty           -0.035    14.629    
    SLICE_X2Y19          FDRE (Setup_fdre_C_R)       -0.281    14.348    clk_div_100ms/counter_reg[13]
  -------------------------------------------------------------------
                         required time                         14.348    
                         arrival time                          -6.822    
  -------------------------------------------------------------------
                         slack                                  7.525    

Slack (MET) :             7.525ns  (required time - arrival time)
  Source:                 clk_div_100ms/counter_reg[19]/C
                            (rising edge-triggered cell FDRE clocked by clk  {rise@0.000ns fall@5.000ns period=10.000ns})
  Destination:            clk_div_100ms/counter_reg[14]/R
                            (rising edge-triggered cell FDRE clocked by clk  {rise@0.000ns fall@5.000ns period=10.000ns})
  Path Group:             clk
  Path Type:              Setup (Max at Slow Process Corner)
  Requirement:            10.000ns  (clk rise@10.000ns - clk rise@0.000ns)
  Data Path Delay:        2.137ns  (logic 0.345ns (16.142%)  route 1.792ns (83.858%))
  Logic Levels:           2  (LUT4=1 LUT6=1)
  Clock Path Skew:        -0.021ns (DCD - SCD + CPR)
    Destination Clock Delay (DCD):    4.313ns = ( 14.313 - 10.000 ) 
    Source Clock Delay      (SCD):    4.685ns
    Clock Pessimism Removal (CPR):    0.351ns
  Clock Uncertainty:      0.035ns  ((TSJ^2 + TIJ^2)^1/2 + DJ) / 2 + PE
    Total System Jitter     (TSJ):    0.071ns
    Total Input Jitter      (TIJ):    0.000ns
    Discrete Jitter          (DJ):    0.000ns
    Phase Error              (PE):    0.000ns

    Location             Delay type                Incr(ns)  Path(ns)    Netlist Resource(s)
  -------------------------------------------------------------------    -------------------
                         (clock clk rise edge)        0.000     0.000 r  
    AC18                                              0.000     0.000 r  clk (IN)
                         net (fo=0)                   0.000     0.000    clk
    AC18                 IBUF (Prop_ibuf_I_O)         0.639     0.639 r  clk_IBUF_inst/O
                         net (fo=1, routed)           2.283     2.922    clk_IBUF
    BUFGCTRL_X0Y0        BUFG (Prop_bufg_I_O)         0.093     3.015 r  clk_IBUF_BUFG_inst/O
                         net (fo=63, routed)          1.670     4.685    clk_div_100ms/clk_IBUF_BUFG
    SLICE_X2Y20          FDRE                                         r  clk_div_100ms/counter_reg[19]/C
  -------------------------------------------------------------------    -------------------
    SLICE_X2Y20          FDRE (Prop_fdre_C_Q)         0.259     4.944 r  clk_div_100ms/counter_reg[19]/Q
                         net (fo=2, routed)           0.657     5.601    clk_div_100ms/counter_reg_n_0_[19]
    SLICE_X4Y20          LUT4 (Prop_lut4_I2_O)        0.043     5.644 f  clk_div_100ms/counter[23]_i_3/O
                         net (fo=1, routed)           0.536     6.180    clk_div_100ms/counter[23]_i_3_n_0
    SLICE_X3Y18          LUT6 (Prop_lut6_I0_O)        0.043     6.223 r  clk_div_100ms/counter[23]_i_2/O
                         net (fo=24, routed)          0.599     6.822    clk_div_100ms/clk_100ms_0
    SLICE_X2Y19          FDRE                                         r  clk_div_100ms/counter_reg[14]/R
  -------------------------------------------------------------------    -------------------

                         (clock clk rise edge)       10.000    10.000 r  
    AC18                                              0.000    10.000 r  clk (IN)
                         net (fo=0)                   0.000    10.000    clk
    AC18                 IBUF (Prop_ibuf_I_O)         0.533    10.533 r  clk_IBUF_inst/O
                         net (fo=1, routed)           2.159    12.692    clk_IBUF
    BUFGCTRL_X0Y0        BUFG (Prop_bufg_I_O)         0.083    12.775 r  clk_IBUF_BUFG_inst/O
                         net (fo=63, routed)          1.538    14.313    clk_div_100ms/clk_IBUF_BUFG
    SLICE_X2Y19          FDRE                                         r  clk_div_100ms/counter_reg[14]/C
                         clock pessimism              0.351    14.664    
                         clock uncertainty           -0.035    14.629    
    SLICE_X2Y19          FDRE (Setup_fdre_C_R)       -0.281    14.348    clk_div_100ms/counter_reg[14]
  -------------------------------------------------------------------
                         required time                         14.348    
                         arrival time                          -6.822    
  -------------------------------------------------------------------
                         slack                                  7.525    

Slack (MET) :             7.525ns  (required time - arrival time)
  Source:                 clk_div_100ms/counter_reg[19]/C
                            (rising edge-triggered cell FDRE clocked by clk  {rise@0.000ns fall@5.000ns period=10.000ns})
  Destination:            clk_div_100ms/counter_reg[15]/R
                            (rising edge-triggered cell FDRE clocked by clk  {rise@0.000ns fall@5.000ns period=10.000ns})
  Path Group:             clk
  Path Type:              Setup (Max at Slow Process Corner)
  Requirement:            10.000ns  (clk rise@10.000ns - clk rise@0.000ns)
  Data Path Delay:        2.137ns  (logic 0.345ns (16.142%)  route 1.792ns (83.858%))
  Logic Levels:           2  (LUT4=1 LUT6=1)
  Clock Path Skew:        -0.021ns (DCD - SCD + CPR)
    Destination Clock Delay (DCD):    4.313ns = ( 14.313 - 10.000 ) 
    Source Clock Delay      (SCD):    4.685ns
    Clock Pessimism Removal (CPR):    0.351ns
  Clock Uncertainty:      0.035ns  ((TSJ^2 + TIJ^2)^1/2 + DJ) / 2 + PE
    Total System Jitter     (TSJ):    0.071ns
    Total Input Jitter      (TIJ):    0.000ns
    Discrete Jitter          (DJ):    0.000ns
    Phase Error              (PE):    0.000ns

    Location             Delay type                Incr(ns)  Path(ns)    Netlist Resource(s)
  -------------------------------------------------------------------    -------------------
                         (clock clk rise edge)        0.000     0.000 r  
    AC18                                              0.000     0.000 r  clk (IN)
                         net (fo=0)                   0.000     0.000    clk
    AC18                 IBUF (Prop_ibuf_I_O)         0.639     0.639 r  clk_IBUF_inst/O
                         net (fo=1, routed)           2.283     2.922    clk_IBUF
    BUFGCTRL_X0Y0        BUFG (Prop_bufg_I_O)         0.093     3.015 r  clk_IBUF_BUFG_inst/O
                         net (fo=63, routed)          1.670     4.685    clk_div_100ms/clk_IBUF_BUFG
    SLICE_X2Y20          FDRE                                         r  clk_div_100ms/counter_reg[19]/C
  -------------------------------------------------------------------    -------------------
    SLICE_X2Y20          FDRE (Prop_fdre_C_Q)         0.259     4.944 r  clk_div_100ms/counter_reg[19]/Q
                         net (fo=2, routed)           0.657     5.601    clk_div_100ms/counter_reg_n_0_[19]
    SLICE_X4Y20          LUT4 (Prop_lut4_I2_O)        0.043     5.644 f  clk_div_100ms/counter[23]_i_3/O
                         net (fo=1, routed)           0.536     6.180    clk_div_100ms/counter[23]_i_3_n_0
    SLICE_X3Y18          LUT6 (Prop_lut6_I0_O)        0.043     6.223 r  clk_div_100ms/counter[23]_i_2/O
                         net (fo=24, routed)          0.599     6.822    clk_div_100ms/clk_100ms_0
    SLICE_X2Y19          FDRE                                         r  clk_div_100ms/counter_reg[15]/R
  -------------------------------------------------------------------    -------------------

                         (clock clk rise edge)       10.000    10.000 r  
    AC18                                              0.000    10.000 r  clk (IN)
                         net (fo=0)                   0.000    10.000    clk
    AC18                 IBUF (Prop_ibuf_I_O)         0.533    10.533 r  clk_IBUF_inst/O
                         net (fo=1, routed)           2.159    12.692    clk_IBUF
    BUFGCTRL_X0Y0        BUFG (Prop_bufg_I_O)         0.083    12.775 r  clk_IBUF_BUFG_inst/O
                         net (fo=63, routed)          1.538    14.313    clk_div_100ms/clk_IBUF_BUFG
    SLICE_X2Y19          FDRE                                         r  clk_div_100ms/counter_reg[15]/C
                         clock pessimism              0.351    14.664    
                         clock uncertainty           -0.035    14.629    
    SLICE_X2Y19          FDRE (Setup_fdre_C_R)       -0.281    14.348    clk_div_100ms/counter_reg[15]
  -------------------------------------------------------------------
                         required time                         14.348    
                         arrival time                          -6.822    
  -------------------------------------------------------------------
                         slack                                  7.525    

Slack (MET) :             7.525ns  (required time - arrival time)
  Source:                 clk_div_100ms/counter_reg[19]/C
                            (rising edge-triggered cell FDRE clocked by clk  {rise@0.000ns fall@5.000ns period=10.000ns})
  Destination:            clk_div_100ms/counter_reg[16]/R
                            (rising edge-triggered cell FDRE clocked by clk  {rise@0.000ns fall@5.000ns period=10.000ns})
  Path Group:             clk
  Path Type:              Setup (Max at Slow Process Corner)
  Requirement:            10.000ns  (clk rise@10.000ns - clk rise@0.000ns)
  Data Path Delay:        2.137ns  (logic 0.345ns (16.142%)  route 1.792ns (83.858%))
  Logic Levels:           2  (LUT4=1 LUT6=1)
  Clock Path Skew:        -0.021ns (DCD - SCD + CPR)
    Destination Clock Delay (DCD):    4.313ns = ( 14.313 - 10.000 ) 
    Source Clock Delay      (SCD):    4.685ns
    Clock Pessimism Removal (CPR):    0.351ns
  Clock Uncertainty:      0.035ns  ((TSJ^2 + TIJ^2)^1/2 + DJ) / 2 + PE
    Total System Jitter     (TSJ):    0.071ns
    Total Input Jitter      (TIJ):    0.000ns
    Discrete Jitter          (DJ):    0.000ns
    Phase Error              (PE):    0.000ns

    Location             Delay type                Incr(ns)  Path(ns)    Netlist Resource(s)
  -------------------------------------------------------------------    -------------------
                         (clock clk rise edge)        0.000     0.000 r  
    AC18                                              0.000     0.000 r  clk (IN)
                         net (fo=0)                   0.000     0.000    clk
    AC18                 IBUF (Prop_ibuf_I_O)         0.639     0.639 r  clk_IBUF_inst/O
                         net (fo=1, routed)           2.283     2.922    clk_IBUF
    BUFGCTRL_X0Y0        BUFG (Prop_bufg_I_O)         0.093     3.015 r  clk_IBUF_BUFG_inst/O
                         net (fo=63, routed)          1.670     4.685    clk_div_100ms/clk_IBUF_BUFG
    SLICE_X2Y20          FDRE                                         r  clk_div_100ms/counter_reg[19]/C
  -------------------------------------------------------------------    -------------------
    SLICE_X2Y20          FDRE (Prop_fdre_C_Q)         0.259     4.944 r  clk_div_100ms/counter_reg[19]/Q
                         net (fo=2, routed)           0.657     5.601    clk_div_100ms/counter_reg_n_0_[19]
    SLICE_X4Y20          LUT4 (Prop_lut4_I2_O)        0.043     5.644 f  clk_div_100ms/counter[23]_i_3/O
                         net (fo=1, routed)           0.536     6.180    clk_div_100ms/counter[23]_i_3_n_0
    SLICE_X3Y18          LUT6 (Prop_lut6_I0_O)        0.043     6.223 r  clk_div_100ms/counter[23]_i_2/O
                         net (fo=24, routed)          0.599     6.822    clk_div_100ms/clk_100ms_0
    SLICE_X2Y19          FDRE                                         r  clk_div_100ms/counter_reg[16]/R
  -------------------------------------------------------------------    -------------------

                         (clock clk rise edge)       10.000    10.000 r  
    AC18                                              0.000    10.000 r  clk (IN)
                         net (fo=0)                   0.000    10.000    clk
    AC18                 IBUF (Prop_ibuf_I_O)         0.533    10.533 r  clk_IBUF_inst/O
                         net (fo=1, routed)           2.159    12.692    clk_IBUF
    BUFGCTRL_X0Y0        BUFG (Prop_bufg_I_O)         0.083    12.775 r  clk_IBUF_BUFG_inst/O
                         net (fo=63, routed)          1.538    14.313    clk_div_100ms/clk_IBUF_BUFG
    SLICE_X2Y19          FDRE                                         r  clk_div_100ms/counter_reg[16]/C
                         clock pessimism              0.351    14.664    
                         clock uncertainty           -0.035    14.629    
    SLICE_X2Y19          FDRE (Setup_fdre_C_R)       -0.281    14.348    clk_div_100ms/counter_reg[16]
  -------------------------------------------------------------------
                         required time                         14.348    
                         arrival time                          -6.822    
  -------------------------------------------------------------------
                         slack                                  7.525    

Slack (MET) :             7.613ns  (required time - arrival time)
  Source:                 clk_div_10ms/counter_reg[16]/C
                            (rising edge-triggered cell FDRE clocked by clk  {rise@0.000ns fall@5.000ns period=10.000ns})
  Destination:            clk_div_10ms/counter_reg[5]/R
                            (rising edge-triggered cell FDRE clocked by clk  {rise@0.000ns fall@5.000ns period=10.000ns})
  Path Group:             clk
  Path Type:              Setup (Max at Slow Process Corner)
  Requirement:            10.000ns  (clk rise@10.000ns - clk rise@0.000ns)
  Data Path Delay:        2.027ns  (logic 0.457ns (22.547%)  route 1.570ns (77.453%))
  Logic Levels:           3  (LUT4=1 LUT5=1 LUT6=1)
  Clock Path Skew:        -0.021ns (DCD - SCD + CPR)
    Destination Clock Delay (DCD):    4.313ns = ( 14.313 - 10.000 ) 
    Source Clock Delay      (SCD):    4.686ns
    Clock Pessimism Removal (CPR):    0.352ns
  Clock Uncertainty:      0.035ns  ((TSJ^2 + TIJ^2)^1/2 + DJ) / 2 + PE
    Total System Jitter     (TSJ):    0.071ns
    Total Input Jitter      (TIJ):    0.000ns
    Discrete Jitter          (DJ):    0.000ns
    Phase Error              (PE):    0.000ns

    Location             Delay type                Incr(ns)  Path(ns)    Netlist Resource(s)
  -------------------------------------------------------------------    -------------------
                         (clock clk rise edge)        0.000     0.000 r  
    AC18                                              0.000     0.000 r  clk (IN)
                         net (fo=0)                   0.000     0.000    clk
    AC18                 IBUF (Prop_ibuf_I_O)         0.639     0.639 r  clk_IBUF_inst/O
                         net (fo=1, routed)           2.283     2.922    clk_IBUF
    BUFGCTRL_X0Y0        BUFG (Prop_bufg_I_O)         0.093     3.015 r  clk_IBUF_BUFG_inst/O
                         net (fo=63, routed)          1.671     4.686    clk_div_10ms/clk_IBUF_BUFG
    SLICE_X7Y18          FDRE                                         r  clk_div_10ms/counter_reg[16]/C
  -------------------------------------------------------------------    -------------------
    SLICE_X7Y18          FDRE (Prop_fdre_C_Q)         0.223     4.909 r  clk_div_10ms/counter_reg[16]/Q
                         net (fo=2, routed)           0.459     5.369    clk_div_10ms/counter[16]
    SLICE_X6Y19          LUT4 (Prop_lut4_I1_O)        0.043     5.412 f  clk_div_10ms/clk_10ms_i_4/O
                         net (fo=2, routed)           0.363     5.774    clk_div_10ms/clk_10ms_i_4_n_0
    SLICE_X6Y18          LUT5 (Prop_lut5_I4_O)        0.053     5.827 f  clk_div_10ms/counter[19]_i_3/O
                         net (fo=1, routed)           0.256     6.083    clk_div_10ms/counter[19]_i_3_n_0
    SLICE_X6Y16          LUT6 (Prop_lut6_I1_O)        0.138     6.221 r  clk_div_10ms/counter[19]_i_1/O
                         net (fo=19, routed)          0.492     6.713    clk_div_10ms/clk_10ms_0
    SLICE_X7Y16          FDRE                                         r  clk_div_10ms/counter_reg[5]/R
  -------------------------------------------------------------------    -------------------

                         (clock clk rise edge)       10.000    10.000 r  
    AC18                                              0.000    10.000 r  clk (IN)
                         net (fo=0)                   0.000    10.000    clk
    AC18                 IBUF (Prop_ibuf_I_O)         0.533    10.533 r  clk_IBUF_inst/O
                         net (fo=1, routed)           2.159    12.692    clk_IBUF
    BUFGCTRL_X0Y0        BUFG (Prop_bufg_I_O)         0.083    12.775 r  clk_IBUF_BUFG_inst/O
                         net (fo=63, routed)          1.538    14.313    clk_div_10ms/clk_IBUF_BUFG
    SLICE_X7Y16          FDRE                                         r  clk_div_10ms/counter_reg[5]/C
                         clock pessimism              0.352    14.665    
                         clock uncertainty           -0.035    14.630    
    SLICE_X7Y16          FDRE (Setup_fdre_C_R)       -0.304    14.326    clk_div_10ms/counter_reg[5]
  -------------------------------------------------------------------
                         required time                         14.326    
                         arrival time                          -6.713    
  -------------------------------------------------------------------
                         slack                                  7.613    

Slack (MET) :             7.613ns  (required time - arrival time)
  Source:                 clk_div_10ms/counter_reg[16]/C
                            (rising edge-triggered cell FDRE clocked by clk  {rise@0.000ns fall@5.000ns period=10.000ns})
  Destination:            clk_div_10ms/counter_reg[6]/R
                            (rising edge-triggered cell FDRE clocked by clk  {rise@0.000ns fall@5.000ns period=10.000ns})
  Path Group:             clk
  Path Type:              Setup (Max at Slow Process Corner)
  Requirement:            10.000ns  (clk rise@10.000ns - clk rise@0.000ns)
  Data Path Delay:        2.027ns  (logic 0.457ns (22.547%)  route 1.570ns (77.453%))
  Logic Levels:           3  (LUT4=1 LUT5=1 LUT6=1)
  Clock Path Skew:        -0.021ns (DCD - SCD + CPR)
    Destination Clock Delay (DCD):    4.313ns = ( 14.313 - 10.000 ) 
    Source Clock Delay      (SCD):    4.686ns
    Clock Pessimism Removal (CPR):    0.352ns
  Clock Uncertainty:      0.035ns  ((TSJ^2 + TIJ^2)^1/2 + DJ) / 2 + PE
    Total System Jitter     (TSJ):    0.071ns
    Total Input Jitter      (TIJ):    0.000ns
    Discrete Jitter          (DJ):    0.000ns
    Phase Error              (PE):    0.000ns

    Location             Delay type                Incr(ns)  Path(ns)    Netlist Resource(s)
  -------------------------------------------------------------------    -------------------
                         (clock clk rise edge)        0.000     0.000 r  
    AC18                                              0.000     0.000 r  clk (IN)
                         net (fo=0)                   0.000     0.000    clk
    AC18                 IBUF (Prop_ibuf_I_O)         0.639     0.639 r  clk_IBUF_inst/O
                         net (fo=1, routed)           2.283     2.922    clk_IBUF
    BUFGCTRL_X0Y0        BUFG (Prop_bufg_I_O)         0.093     3.015 r  clk_IBUF_BUFG_inst/O
                         net (fo=63, routed)          1.671     4.686    clk_div_10ms/clk_IBUF_BUFG
    SLICE_X7Y18          FDRE                                         r  clk_div_10ms/counter_reg[16]/C
  -------------------------------------------------------------------    -------------------
    SLICE_X7Y18          FDRE (Prop_fdre_C_Q)         0.223     4.909 r  clk_div_10ms/counter_reg[16]/Q
                         net (fo=2, routed)           0.459     5.369    clk_div_10ms/counter[16]
    SLICE_X6Y19          LUT4 (Prop_lut4_I1_O)        0.043     5.412 f  clk_div_10ms/clk_10ms_i_4/O
                         net (fo=2, routed)           0.363     5.774    clk_div_10ms/clk_10ms_i_4_n_0
    SLICE_X6Y18          LUT5 (Prop_lut5_I4_O)        0.053     5.827 f  clk_div_10ms/counter[19]_i_3/O
                         net (fo=1, routed)           0.256     6.083    clk_div_10ms/counter[19]_i_3_n_0
    SLICE_X6Y16          LUT6 (Prop_lut6_I1_O)        0.138     6.221 r  clk_div_10ms/counter[19]_i_1/O
                         net (fo=19, routed)          0.492     6.713    clk_div_10ms/clk_10ms_0
    SLICE_X7Y16          FDRE                                         r  clk_div_10ms/counter_reg[6]/R
  -------------------------------------------------------------------    -------------------

                         (clock clk rise edge)       10.000    10.000 r  
    AC18                                              0.000    10.000 r  clk (IN)
                         net (fo=0)                   0.000    10.000    clk
    AC18                 IBUF (Prop_ibuf_I_O)         0.533    10.533 r  clk_IBUF_inst/O
                         net (fo=1, routed)           2.159    12.692    clk_IBUF
    BUFGCTRL_X0Y0        BUFG (Prop_bufg_I_O)         0.083    12.775 r  clk_IBUF_BUFG_inst/O
                         net (fo=63, routed)          1.538    14.313    clk_div_10ms/clk_IBUF_BUFG
    SLICE_X7Y16          FDRE                                         r  clk_div_10ms/counter_reg[6]/C
                         clock pessimism              0.352    14.665    
                         clock uncertainty           -0.035    14.630    
    SLICE_X7Y16          FDRE (Setup_fdre_C_R)       -0.304    14.326    clk_div_10ms/counter_reg[6]
  -------------------------------------------------------------------
                         required time                         14.326    
                         arrival time                          -6.713    
  -------------------------------------------------------------------
                         slack                                  7.613    

Slack (MET) :             7.613ns  (required time - arrival time)
  Source:                 clk_div_10ms/counter_reg[16]/C
                            (rising edge-triggered cell FDRE clocked by clk  {rise@0.000ns fall@5.000ns period=10.000ns})
  Destination:            clk_div_10ms/counter_reg[7]/R
                            (rising edge-triggered cell FDRE clocked by clk  {rise@0.000ns fall@5.000ns period=10.000ns})
  Path Group:             clk
  Path Type:              Setup (Max at Slow Process Corner)
  Requirement:            10.000ns  (clk rise@10.000ns - clk rise@0.000ns)
  Data Path Delay:        2.027ns  (logic 0.457ns (22.547%)  route 1.570ns (77.453%))
  Logic Levels:           3  (LUT4=1 LUT5=1 LUT6=1)
  Clock Path Skew:        -0.021ns (DCD - SCD + CPR)
    Destination Clock Delay (DCD):    4.313ns = ( 14.313 - 10.000 ) 
    Source Clock Delay      (SCD):    4.686ns
    Clock Pessimism Removal (CPR):    0.352ns
  Clock Uncertainty:      0.035ns  ((TSJ^2 + TIJ^2)^1/2 + DJ) / 2 + PE
    Total System Jitter     (TSJ):    0.071ns
    Total Input Jitter      (TIJ):    0.000ns
    Discrete Jitter          (DJ):    0.000ns
    Phase Error              (PE):    0.000ns

    Location             Delay type                Incr(ns)  Path(ns)    Netlist Resource(s)
  -------------------------------------------------------------------    -------------------
                         (clock clk rise edge)        0.000     0.000 r  
    AC18                                              0.000     0.000 r  clk (IN)
                         net (fo=0)                   0.000     0.000    clk
    AC18                 IBUF (Prop_ibuf_I_O)         0.639     0.639 r  clk_IBUF_inst/O
                         net (fo=1, routed)           2.283     2.922    clk_IBUF
    BUFGCTRL_X0Y0        BUFG (Prop_bufg_I_O)         0.093     3.015 r  clk_IBUF_BUFG_inst/O
                         net (fo=63, routed)          1.671     4.686    clk_div_10ms/clk_IBUF_BUFG
    SLICE_X7Y18          FDRE                                         r  clk_div_10ms/counter_reg[16]/C
  -------------------------------------------------------------------    -------------------
    SLICE_X7Y18          FDRE (Prop_fdre_C_Q)         0.223     4.909 r  clk_div_10ms/counter_reg[16]/Q
                         net (fo=2, routed)           0.459     5.369    clk_div_10ms/counter[16]
    SLICE_X6Y19          LUT4 (Prop_lut4_I1_O)        0.043     5.412 f  clk_div_10ms/clk_10ms_i_4/O
                         net (fo=2, routed)           0.363     5.774    clk_div_10ms/clk_10ms_i_4_n_0
    SLICE_X6Y18          LUT5 (Prop_lut5_I4_O)        0.053     5.827 f  clk_div_10ms/counter[19]_i_3/O
                         net (fo=1, routed)           0.256     6.083    clk_div_10ms/counter[19]_i_3_n_0
    SLICE_X6Y16          LUT6 (Prop_lut6_I1_O)        0.138     6.221 r  clk_div_10ms/counter[19]_i_1/O
                         net (fo=19, routed)          0.492     6.713    clk_div_10ms/clk_10ms_0
    SLICE_X7Y16          FDRE                                         r  clk_div_10ms/counter_reg[7]/R
  -------------------------------------------------------------------    -------------------

                         (clock clk rise edge)       10.000    10.000 r  
    AC18                                              0.000    10.000 r  clk (IN)
                         net (fo=0)                   0.000    10.000    clk
    AC18                 IBUF (Prop_ibuf_I_O)         0.533    10.533 r  clk_IBUF_inst/O
                         net (fo=1, routed)           2.159    12.692    clk_IBUF
    BUFGCTRL_X0Y0        BUFG (Prop_bufg_I_O)         0.083    12.775 r  clk_IBUF_BUFG_inst/O
                         net (fo=63, routed)          1.538    14.313    clk_div_10ms/clk_IBUF_BUFG
    SLICE_X7Y16          FDRE                                         r  clk_div_10ms/counter_reg[7]/C
                         clock pessimism              0.352    14.665    
                         clock uncertainty           -0.035    14.630    
    SLICE_X7Y16          FDRE (Setup_fdre_C_R)       -0.304    14.326    clk_div_10ms/counter_reg[7]
  -------------------------------------------------------------------
                         required time                         14.326    
                         arrival time                          -6.713    
  -------------------------------------------------------------------
                         slack                                  7.613    





Min Delay Paths
--------------------------------------------------------------------------------------
Slack (MET) :             0.197ns  (arrival time - required time)
  Source:                 clk_div_100ms/counter_reg[0]/C
                            (rising edge-triggered cell FDRE clocked by clk  {rise@0.000ns fall@5.000ns period=10.000ns})
  Destination:            clk_div_100ms/counter_reg[0]/D
                            (rising edge-triggered cell FDRE clocked by clk  {rise@0.000ns fall@5.000ns period=10.000ns})
  Path Group:             clk
  Path Type:              Hold (Min at Fast Process Corner)
  Requirement:            0.000ns  (clk rise@0.000ns - clk rise@0.000ns)
  Data Path Delay:        0.267ns  (logic 0.129ns (48.240%)  route 0.138ns (51.760%))
  Logic Levels:           1  (LUT1=1)
  Clock Path Skew:        0.000ns (DCD - SCD - CPR)
    Destination Clock Delay (DCD):    2.435ns
    Source Clock Delay      (SCD):    1.958ns
    Clock Pessimism Removal (CPR):    0.477ns

    Location             Delay type                Incr(ns)  Path(ns)    Netlist Resource(s)
  -------------------------------------------------------------------    -------------------
                         (clock clk rise edge)        0.000     0.000 r  
    AC18                                              0.000     0.000 r  clk (IN)
                         net (fo=0)                   0.000     0.000    clk
    AC18                 IBUF (Prop_ibuf_I_O)         0.146     0.146 r  clk_IBUF_inst/O
                         net (fo=1, routed)           1.074     1.220    clk_IBUF
    BUFGCTRL_X0Y0        BUFG (Prop_bufg_I_O)         0.026     1.246 r  clk_IBUF_BUFG_inst/O
                         net (fo=63, routed)          0.712     1.958    clk_div_100ms/clk_IBUF_BUFG
    SLICE_X3Y16          FDRE                                         r  clk_div_100ms/counter_reg[0]/C
  -------------------------------------------------------------------    -------------------
    SLICE_X3Y16          FDRE (Prop_fdre_C_Q)         0.100     2.058 f  clk_div_100ms/counter_reg[0]/Q
                         net (fo=3, routed)           0.138     2.196    clk_div_100ms/counter_reg_n_0_[0]
    SLICE_X3Y16          LUT1 (Prop_lut1_I0_O)        0.029     2.225 r  clk_div_100ms/counter[0]_i_1__0/O
                         net (fo=1, routed)           0.000     2.225    clk_div_100ms/counter[0]
    SLICE_X3Y16          FDRE                                         r  clk_div_100ms/counter_reg[0]/D
  -------------------------------------------------------------------    -------------------

                         (clock clk rise edge)        0.000     0.000 r  
    AC18                                              0.000     0.000 r  clk (IN)
                         net (fo=0)                   0.000     0.000    clk
    AC18                 IBUF (Prop_ibuf_I_O)         0.312     0.312 r  clk_IBUF_inst/O
                         net (fo=1, routed)           1.143     1.455    clk_IBUF
    BUFGCTRL_X0Y0        BUFG (Prop_bufg_I_O)         0.030     1.485 r  clk_IBUF_BUFG_inst/O
                         net (fo=63, routed)          0.950     2.435    clk_div_100ms/clk_IBUF_BUFG
    SLICE_X3Y16          FDRE                                         r  clk_div_100ms/counter_reg[0]/C
                         clock pessimism             -0.477     1.958    
    SLICE_X3Y16          FDRE (Hold_fdre_C_D)         0.070     2.028    clk_div_100ms/counter_reg[0]
  -------------------------------------------------------------------
                         required time                         -2.028    
                         arrival time                           2.225    
  -------------------------------------------------------------------
                         slack                                  0.197    

Slack (MET) :             0.198ns  (arrival time - required time)
  Source:                 clk_div_100ms/clk_100ms_reg/C
                            (rising edge-triggered cell FDRE clocked by clk  {rise@0.000ns fall@5.000ns period=10.000ns})
  Destination:            clk_div_100ms/clk_100ms_reg/D
                            (rising edge-triggered cell FDRE clocked by clk  {rise@0.000ns fall@5.000ns period=10.000ns})
  Path Group:             clk
  Path Type:              Hold (Min at Fast Process Corner)
  Requirement:            0.000ns  (clk rise@0.000ns - clk rise@0.000ns)
  Data Path Delay:        0.285ns  (logic 0.146ns (51.313%)  route 0.139ns (48.687%))
  Logic Levels:           1  (LUT2=1)
  Clock Path Skew:        0.000ns (DCD - SCD - CPR)
    Destination Clock Delay (DCD):    2.432ns
    Source Clock Delay      (SCD):    1.955ns
    Clock Pessimism Removal (CPR):    0.477ns

    Location             Delay type                Incr(ns)  Path(ns)    Netlist Resource(s)
  -------------------------------------------------------------------    -------------------
                         (clock clk rise edge)        0.000     0.000 r  
    AC18                                              0.000     0.000 r  clk (IN)
                         net (fo=0)                   0.000     0.000    clk
    AC18                 IBUF (Prop_ibuf_I_O)         0.146     0.146 r  clk_IBUF_inst/O
                         net (fo=1, routed)           1.074     1.220    clk_IBUF
    BUFGCTRL_X0Y0        BUFG (Prop_bufg_I_O)         0.026     1.246 r  clk_IBUF_BUFG_inst/O
                         net (fo=63, routed)          0.709     1.955    clk_div_100ms/clk_IBUF_BUFG
    SLICE_X6Y18          FDRE                                         r  clk_div_100ms/clk_100ms_reg/C
  -------------------------------------------------------------------    -------------------
    SLICE_X6Y18          FDRE (Prop_fdre_C_Q)         0.118     2.073 r  clk_div_100ms/clk_100ms_reg/Q
                         net (fo=2, routed)           0.139     2.211    clk_div_100ms/clk_100ms
    SLICE_X6Y18          LUT2 (Prop_lut2_I1_O)        0.028     2.239 r  clk_div_100ms/clk_100ms_i_1/O
                         net (fo=1, routed)           0.000     2.239    clk_div_100ms/clk_100ms_i_1_n_0
    SLICE_X6Y18          FDRE                                         r  clk_div_100ms/clk_100ms_reg/D
  -------------------------------------------------------------------    -------------------

                         (clock clk rise edge)        0.000     0.000 r  
    AC18                                              0.000     0.000 r  clk (IN)
                         net (fo=0)                   0.000     0.000    clk
    AC18                 IBUF (Prop_ibuf_I_O)         0.312     0.312 r  clk_IBUF_inst/O
                         net (fo=1, routed)           1.143     1.455    clk_IBUF
    BUFGCTRL_X0Y0        BUFG (Prop_bufg_I_O)         0.030     1.485 r  clk_IBUF_BUFG_inst/O
                         net (fo=63, routed)          0.947     2.432    clk_div_100ms/clk_IBUF_BUFG
    SLICE_X6Y18          FDRE                                         r  clk_div_100ms/clk_100ms_reg/C
                         clock pessimism             -0.477     1.955    
    SLICE_X6Y18          FDRE (Hold_fdre_C_D)         0.087     2.042    clk_div_100ms/clk_100ms_reg
  -------------------------------------------------------------------
                         required time                         -2.042    
                         arrival time                           2.239    
  -------------------------------------------------------------------
                         slack                                  0.198    

Slack (MET) :             0.200ns  (arrival time - required time)
  Source:                 display_inst/scan_cnt_reg[11]/C
                            (rising edge-triggered cell FDRE clocked by clk  {rise@0.000ns fall@5.000ns period=10.000ns})
  Destination:            display_inst/scan_cnt_reg[11]/D
                            (rising edge-triggered cell FDRE clocked by clk  {rise@0.000ns fall@5.000ns period=10.000ns})
  Path Group:             clk
  Path Type:              Hold (Min at Fast Process Corner)
  Requirement:            0.000ns  (clk rise@0.000ns - clk rise@0.000ns)
  Data Path Delay:        0.271ns  (logic 0.177ns (65.390%)  route 0.094ns (34.610%))
  Logic Levels:           1  (CARRY4=1)
  Clock Path Skew:        0.000ns (DCD - SCD - CPR)
    Destination Clock Delay (DCD):    2.431ns
    Source Clock Delay      (SCD):    1.954ns
    Clock Pessimism Removal (CPR):    0.477ns

    Location             Delay type                Incr(ns)  Path(ns)    Netlist Resource(s)
  -------------------------------------------------------------------    -------------------
                         (clock clk rise edge)        0.000     0.000 r  
    AC18                                              0.000     0.000 r  clk (IN)
                         net (fo=0)                   0.000     0.000    clk
    AC18                 IBUF (Prop_ibuf_I_O)         0.146     0.146 r  clk_IBUF_inst/O
                         net (fo=1, routed)           1.074     1.220    clk_IBUF
    BUFGCTRL_X0Y0        BUFG (Prop_bufg_I_O)         0.026     1.246 r  clk_IBUF_BUFG_inst/O
                         net (fo=63, routed)          0.708     1.954    display_inst/clk_IBUF_BUFG
    SLICE_X1Y20          FDRE                                         r  display_inst/scan_cnt_reg[11]/C
  -------------------------------------------------------------------    -------------------
    SLICE_X1Y20          FDRE (Prop_fdre_C_Q)         0.100     2.054 r  display_inst/scan_cnt_reg[11]/Q
                         net (fo=1, routed)           0.094     2.147    display_inst/scan_cnt_reg_n_0_[11]
    SLICE_X1Y20          CARRY4 (Prop_carry4_S[3]_O[3])
                                                      0.077     2.224 r  display_inst/scan_cnt_reg[8]_i_1/O[3]
                         net (fo=1, routed)           0.000     2.224    display_inst/scan_cnt_reg[8]_i_1_n_4
    SLICE_X1Y20          FDRE                                         r  display_inst/scan_cnt_reg[11]/D
  -------------------------------------------------------------------    -------------------

                         (clock clk rise edge)        0.000     0.000 r  
    AC18                                              0.000     0.000 r  clk (IN)
                         net (fo=0)                   0.000     0.000    clk
    AC18                 IBUF (Prop_ibuf_I_O)         0.312     0.312 r  clk_IBUF_inst/O
                         net (fo=1, routed)           1.143     1.455    clk_IBUF
    BUFGCTRL_X0Y0        BUFG (Prop_bufg_I_O)         0.030     1.485 r  clk_IBUF_BUFG_inst/O
                         net (fo=63, routed)          0.946     2.431    display_inst/clk_IBUF_BUFG
    SLICE_X1Y20          FDRE                                         r  display_inst/scan_cnt_reg[11]/C
                         clock pessimism             -0.477     1.954    
    SLICE_X1Y20          FDRE (Hold_fdre_C_D)         0.071     2.025    display_inst/scan_cnt_reg[11]
  -------------------------------------------------------------------
                         required time                         -2.025    
                         arrival time                           2.224    
  -------------------------------------------------------------------
                         slack                                  0.200    

Slack (MET) :             0.200ns  (arrival time - required time)
  Source:                 display_inst/scan_cnt_reg[3]/C
                            (rising edge-triggered cell FDRE clocked by clk  {rise@0.000ns fall@5.000ns period=10.000ns})
  Destination:            display_inst/scan_cnt_reg[3]/D
                            (rising edge-triggered cell FDRE clocked by clk  {rise@0.000ns fall@5.000ns period=10.000ns})
  Path Group:             clk
  Path Type:              Hold (Min at Fast Process Corner)
  Requirement:            0.000ns  (clk rise@0.000ns - clk rise@0.000ns)
  Data Path Delay:        0.271ns  (logic 0.177ns (65.390%)  route 0.094ns (34.610%))
  Logic Levels:           1  (CARRY4=1)
  Clock Path Skew:        0.000ns (DCD - SCD - CPR)
    Destination Clock Delay (DCD):    2.433ns
    Source Clock Delay      (SCD):    1.956ns
    Clock Pessimism Removal (CPR):    0.477ns

    Location             Delay type                Incr(ns)  Path(ns)    Netlist Resource(s)
  -------------------------------------------------------------------    -------------------
                         (clock clk rise edge)        0.000     0.000 r  
    AC18                                              0.000     0.000 r  clk (IN)
                         net (fo=0)                   0.000     0.000    clk
    AC18                 IBUF (Prop_ibuf_I_O)         0.146     0.146 r  clk_IBUF_inst/O
                         net (fo=1, routed)           1.074     1.220    clk_IBUF
    BUFGCTRL_X0Y0        BUFG (Prop_bufg_I_O)         0.026     1.246 r  clk_IBUF_BUFG_inst/O
                         net (fo=63, routed)          0.710     1.956    display_inst/clk_IBUF_BUFG
    SLICE_X1Y18          FDRE                                         r  display_inst/scan_cnt_reg[3]/C
  -------------------------------------------------------------------    -------------------
    SLICE_X1Y18          FDRE (Prop_fdre_C_Q)         0.100     2.056 r  display_inst/scan_cnt_reg[3]/Q
                         net (fo=1, routed)           0.094     2.149    display_inst/scan_cnt_reg_n_0_[3]
    SLICE_X1Y18          CARRY4 (Prop_carry4_S[3]_O[3])
                                                      0.077     2.226 r  display_inst/scan_cnt_reg[0]_i_1/O[3]
                         net (fo=1, routed)           0.000     2.226    display_inst/scan_cnt_reg[0]_i_1_n_4
    SLICE_X1Y18          FDRE                                         r  display_inst/scan_cnt_reg[3]/D
  -------------------------------------------------------------------    -------------------

                         (clock clk rise edge)        0.000     0.000 r  
    AC18                                              0.000     0.000 r  clk (IN)
                         net (fo=0)                   0.000     0.000    clk
    AC18                 IBUF (Prop_ibuf_I_O)         0.312     0.312 r  clk_IBUF_inst/O
                         net (fo=1, routed)           1.143     1.455    clk_IBUF
    BUFGCTRL_X0Y0        BUFG (Prop_bufg_I_O)         0.030     1.485 r  clk_IBUF_BUFG_inst/O
                         net (fo=63, routed)          0.948     2.433    display_inst/clk_IBUF_BUFG
    SLICE_X1Y18          FDRE                                         r  display_inst/scan_cnt_reg[3]/C
                         clock pessimism             -0.477     1.956    
    SLICE_X1Y18          FDRE (Hold_fdre_C_D)         0.071     2.027    display_inst/scan_cnt_reg[3]
  -------------------------------------------------------------------
                         required time                         -2.027    
                         arrival time                           2.226    
  -------------------------------------------------------------------
                         slack                                  0.200    

Slack (MET) :             0.200ns  (arrival time - required time)
  Source:                 display_inst/scan_cnt_reg[7]/C
                            (rising edge-triggered cell FDRE clocked by clk  {rise@0.000ns fall@5.000ns period=10.000ns})
  Destination:            display_inst/scan_cnt_reg[7]/D
                            (rising edge-triggered cell FDRE clocked by clk  {rise@0.000ns fall@5.000ns period=10.000ns})
  Path Group:             clk
  Path Type:              Hold (Min at Fast Process Corner)
  Requirement:            0.000ns  (clk rise@0.000ns - clk rise@0.000ns)
  Data Path Delay:        0.271ns  (logic 0.177ns (65.390%)  route 0.094ns (34.610%))
  Logic Levels:           1  (CARRY4=1)
  Clock Path Skew:        0.000ns (DCD - SCD - CPR)
    Destination Clock Delay (DCD):    2.432ns
    Source Clock Delay      (SCD):    1.955ns
    Clock Pessimism Removal (CPR):    0.477ns

    Location             Delay type                Incr(ns)  Path(ns)    Netlist Resource(s)
  -------------------------------------------------------------------    -------------------
                         (clock clk rise edge)        0.000     0.000 r  
    AC18                                              0.000     0.000 r  clk (IN)
                         net (fo=0)                   0.000     0.000    clk
    AC18                 IBUF (Prop_ibuf_I_O)         0.146     0.146 r  clk_IBUF_inst/O
                         net (fo=1, routed)           1.074     1.220    clk_IBUF
    BUFGCTRL_X0Y0        BUFG (Prop_bufg_I_O)         0.026     1.246 r  clk_IBUF_BUFG_inst/O
                         net (fo=63, routed)          0.709     1.955    display_inst/clk_IBUF_BUFG
    SLICE_X1Y19          FDRE                                         r  display_inst/scan_cnt_reg[7]/C
  -------------------------------------------------------------------    -------------------
    SLICE_X1Y19          FDRE (Prop_fdre_C_Q)         0.100     2.055 r  display_inst/scan_cnt_reg[7]/Q
                         net (fo=1, routed)           0.094     2.148    display_inst/scan_cnt_reg_n_0_[7]
    SLICE_X1Y19          CARRY4 (Prop_carry4_S[3]_O[3])
                                                      0.077     2.225 r  display_inst/scan_cnt_reg[4]_i_1/O[3]
                         net (fo=1, routed)           0.000     2.225    display_inst/scan_cnt_reg[4]_i_1_n_4
    SLICE_X1Y19          FDRE                                         r  display_inst/scan_cnt_reg[7]/D
  -------------------------------------------------------------------    -------------------

                         (clock clk rise edge)        0.000     0.000 r  
    AC18                                              0.000     0.000 r  clk (IN)
                         net (fo=0)                   0.000     0.000    clk
    AC18                 IBUF (Prop_ibuf_I_O)         0.312     0.312 r  clk_IBUF_inst/O
                         net (fo=1, routed)           1.143     1.455    clk_IBUF
    BUFGCTRL_X0Y0        BUFG (Prop_bufg_I_O)         0.030     1.485 r  clk_IBUF_BUFG_inst/O
                         net (fo=63, routed)          0.947     2.432    display_inst/clk_IBUF_BUFG
    SLICE_X1Y19          FDRE                                         r  display_inst/scan_cnt_reg[7]/C
                         clock pessimism             -0.477     1.955    
    SLICE_X1Y19          FDRE (Hold_fdre_C_D)         0.071     2.026    display_inst/scan_cnt_reg[7]
  -------------------------------------------------------------------
                         required time                         -2.026    
                         arrival time                           2.225    
  -------------------------------------------------------------------
                         slack                                  0.200    

Slack (MET) :             0.202ns  (arrival time - required time)
  Source:                 clk_div_10ms/counter_reg[13]/C
                            (rising edge-triggered cell FDRE clocked by clk  {rise@0.000ns fall@5.000ns period=10.000ns})
  Destination:            clk_div_10ms/clk_10ms_reg/D
                            (rising edge-triggered cell FDRE clocked by clk  {rise@0.000ns fall@5.000ns period=10.000ns})
  Path Group:             clk
  Path Type:              Hold (Min at Fast Process Corner)
  Requirement:            0.000ns  (clk rise@0.000ns - clk rise@0.000ns)
  Data Path Delay:        0.300ns  (logic 0.156ns (52.076%)  route 0.144ns (47.924%))
  Logic Levels:           2  (LUT4=1 LUT6=1)
  Clock Path Skew:        0.011ns (DCD - SCD - CPR)
    Destination Clock Delay (DCD):    2.432ns
    Source Clock Delay      (SCD):    1.955ns
    Clock Pessimism Removal (CPR):    0.466ns

    Location             Delay type                Incr(ns)  Path(ns)    Netlist Resource(s)
  -------------------------------------------------------------------    -------------------
                         (clock clk rise edge)        0.000     0.000 r  
    AC18                                              0.000     0.000 r  clk (IN)
                         net (fo=0)                   0.000     0.000    clk
    AC18                 IBUF (Prop_ibuf_I_O)         0.146     0.146 r  clk_IBUF_inst/O
                         net (fo=1, routed)           1.074     1.220    clk_IBUF
    BUFGCTRL_X0Y0        BUFG (Prop_bufg_I_O)         0.026     1.246 r  clk_IBUF_BUFG_inst/O
                         net (fo=63, routed)          0.709     1.955    clk_div_10ms/clk_IBUF_BUFG
    SLICE_X7Y18          FDRE                                         r  clk_div_10ms/counter_reg[13]/C
  -------------------------------------------------------------------    -------------------
    SLICE_X7Y18          FDRE (Prop_fdre_C_Q)         0.100     2.055 f  clk_div_10ms/counter_reg[13]/Q
                         net (fo=3, routed)           0.090     2.145    clk_div_10ms/counter[13]
    SLICE_X6Y18          LUT4 (Prop_lut4_I0_O)        0.028     2.173 r  clk_div_10ms/clk_10ms_i_5/O
                         net (fo=1, routed)           0.053     2.226    clk_div_10ms/clk_10ms_i_5_n_0
    SLICE_X6Y18          LUT6 (Prop_lut6_I3_O)        0.028     2.254 r  clk_div_10ms/clk_10ms_i_1/O
                         net (fo=1, routed)           0.000     2.254    clk_div_10ms/clk_10ms_i_1_n_0
    SLICE_X6Y18          FDRE                                         r  clk_div_10ms/clk_10ms_reg/D
  -------------------------------------------------------------------    -------------------

                         (clock clk rise edge)        0.000     0.000 r  
    AC18                                              0.000     0.000 r  clk (IN)
                         net (fo=0)                   0.000     0.000    clk
    AC18                 IBUF (Prop_ibuf_I_O)         0.312     0.312 r  clk_IBUF_inst/O
                         net (fo=1, routed)           1.143     1.455    clk_IBUF
    BUFGCTRL_X0Y0        BUFG (Prop_bufg_I_O)         0.030     1.485 r  clk_IBUF_BUFG_inst/O
                         net (fo=63, routed)          0.947     2.432    clk_div_10ms/clk_IBUF_BUFG
    SLICE_X6Y18          FDRE                                         r  clk_div_10ms/clk_10ms_reg/C
                         clock pessimism             -0.466     1.966    
    SLICE_X6Y18          FDRE (Hold_fdre_C_D)         0.087     2.053    clk_div_10ms/clk_10ms_reg
  -------------------------------------------------------------------
                         required time                         -2.053    
                         arrival time                           2.254    
  -------------------------------------------------------------------
                         slack                                  0.202    

Slack (MET) :             0.206ns  (arrival time - required time)
  Source:                 display_inst/scan_cnt_reg[12]/C
                            (rising edge-triggered cell FDRE clocked by clk  {rise@0.000ns fall@5.000ns period=10.000ns})
  Destination:            display_inst/scan_cnt_reg[12]/D
                            (rising edge-triggered cell FDRE clocked by clk  {rise@0.000ns fall@5.000ns period=10.000ns})
  Path Group:             clk
  Path Type:              Hold (Min at Fast Process Corner)
  Requirement:            0.000ns  (clk rise@0.000ns - clk rise@0.000ns)
  Data Path Delay:        0.277ns  (logic 0.183ns (66.140%)  route 0.094ns (33.860%))
  Logic Levels:           1  (CARRY4=1)
  Clock Path Skew:        0.000ns (DCD - SCD - CPR)
    Destination Clock Delay (DCD):    2.430ns
    Source Clock Delay      (SCD):    1.953ns
    Clock Pessimism Removal (CPR):    0.477ns

    Location             Delay type                Incr(ns)  Path(ns)    Netlist Resource(s)
  -------------------------------------------------------------------    -------------------
                         (clock clk rise edge)        0.000     0.000 r  
    AC18                                              0.000     0.000 r  clk (IN)
                         net (fo=0)                   0.000     0.000    clk
    AC18                 IBUF (Prop_ibuf_I_O)         0.146     0.146 r  clk_IBUF_inst/O
                         net (fo=1, routed)           1.074     1.220    clk_IBUF
    BUFGCTRL_X0Y0        BUFG (Prop_bufg_I_O)         0.026     1.246 r  clk_IBUF_BUFG_inst/O
                         net (fo=63, routed)          0.707     1.953    display_inst/clk_IBUF_BUFG
    SLICE_X1Y21          FDRE                                         r  display_inst/scan_cnt_reg[12]/C
  -------------------------------------------------------------------    -------------------
    SLICE_X1Y21          FDRE (Prop_fdre_C_Q)         0.100     2.053 r  display_inst/scan_cnt_reg[12]/Q
                         net (fo=1, routed)           0.094     2.146    display_inst/scan_cnt_reg_n_0_[12]
    SLICE_X1Y21          CARRY4 (Prop_carry4_S[0]_O[0])
                                                      0.083     2.229 r  display_inst/scan_cnt_reg[12]_i_1/O[0]
                         net (fo=1, routed)           0.000     2.229    display_inst/scan_cnt_reg[12]_i_1_n_7
    SLICE_X1Y21          FDRE                                         r  display_inst/scan_cnt_reg[12]/D
  -------------------------------------------------------------------    -------------------

                         (clock clk rise edge)        0.000     0.000 r  
    AC18                                              0.000     0.000 r  clk (IN)
                         net (fo=0)                   0.000     0.000    clk
    AC18                 IBUF (Prop_ibuf_I_O)         0.312     0.312 r  clk_IBUF_inst/O
                         net (fo=1, routed)           1.143     1.455    clk_IBUF
    BUFGCTRL_X0Y0        BUFG (Prop_bufg_I_O)         0.030     1.485 r  clk_IBUF_BUFG_inst/O
                         net (fo=63, routed)          0.945     2.430    display_inst/clk_IBUF_BUFG
    SLICE_X1Y21          FDRE                                         r  display_inst/scan_cnt_reg[12]/C
                         clock pessimism             -0.477     1.953    
    SLICE_X1Y21          FDRE (Hold_fdre_C_D)         0.071     2.024    display_inst/scan_cnt_reg[12]
  -------------------------------------------------------------------
                         required time                         -2.024    
                         arrival time                           2.229    
  -------------------------------------------------------------------
                         slack                                  0.206    

Slack (MET) :             0.206ns  (arrival time - required time)
  Source:                 display_inst/scan_cnt_reg[4]/C
                            (rising edge-triggered cell FDRE clocked by clk  {rise@0.000ns fall@5.000ns period=10.000ns})
  Destination:            display_inst/scan_cnt_reg[4]/D
                            (rising edge-triggered cell FDRE clocked by clk  {rise@0.000ns fall@5.000ns period=10.000ns})
  Path Group:             clk
  Path Type:              Hold (Min at Fast Process Corner)
  Requirement:            0.000ns  (clk rise@0.000ns - clk rise@0.000ns)
  Data Path Delay:        0.277ns  (logic 0.183ns (66.140%)  route 0.094ns (33.860%))
  Logic Levels:           1  (CARRY4=1)
  Clock Path Skew:        0.000ns (DCD - SCD - CPR)
    Destination Clock Delay (DCD):    2.432ns
    Source Clock Delay      (SCD):    1.955ns
    Clock Pessimism Removal (CPR):    0.477ns

    Location             Delay type                Incr(ns)  Path(ns)    Netlist Resource(s)
  -------------------------------------------------------------------    -------------------
                         (clock clk rise edge)        0.000     0.000 r  
    AC18                                              0.000     0.000 r  clk (IN)
                         net (fo=0)                   0.000     0.000    clk
    AC18                 IBUF (Prop_ibuf_I_O)         0.146     0.146 r  clk_IBUF_inst/O
                         net (fo=1, routed)           1.074     1.220    clk_IBUF
    BUFGCTRL_X0Y0        BUFG (Prop_bufg_I_O)         0.026     1.246 r  clk_IBUF_BUFG_inst/O
                         net (fo=63, routed)          0.709     1.955    display_inst/clk_IBUF_BUFG
    SLICE_X1Y19          FDRE                                         r  display_inst/scan_cnt_reg[4]/C
  -------------------------------------------------------------------    -------------------
    SLICE_X1Y19          FDRE (Prop_fdre_C_Q)         0.100     2.055 r  display_inst/scan_cnt_reg[4]/Q
                         net (fo=1, routed)           0.094     2.148    display_inst/scan_cnt_reg_n_0_[4]
    SLICE_X1Y19          CARRY4 (Prop_carry4_S[0]_O[0])
                                                      0.083     2.231 r  display_inst/scan_cnt_reg[4]_i_1/O[0]
                         net (fo=1, routed)           0.000     2.231    display_inst/scan_cnt_reg[4]_i_1_n_7
    SLICE_X1Y19          FDRE                                         r  display_inst/scan_cnt_reg[4]/D
  -------------------------------------------------------------------    -------------------

                         (clock clk rise edge)        0.000     0.000 r  
    AC18                                              0.000     0.000 r  clk (IN)
                         net (fo=0)                   0.000     0.000    clk
    AC18                 IBUF (Prop_ibuf_I_O)         0.312     0.312 r  clk_IBUF_inst/O
                         net (fo=1, routed)           1.143     1.455    clk_IBUF
    BUFGCTRL_X0Y0        BUFG (Prop_bufg_I_O)         0.030     1.485 r  clk_IBUF_BUFG_inst/O
                         net (fo=63, routed)          0.947     2.432    display_inst/clk_IBUF_BUFG
    SLICE_X1Y19          FDRE                                         r  display_inst/scan_cnt_reg[4]/C
                         clock pessimism             -0.477     1.955    
    SLICE_X1Y19          FDRE (Hold_fdre_C_D)         0.071     2.026    display_inst/scan_cnt_reg[4]
  -------------------------------------------------------------------
                         required time                         -2.026    
                         arrival time                           2.231    
  -------------------------------------------------------------------
                         slack                                  0.206    

Slack (MET) :             0.206ns  (arrival time - required time)
  Source:                 display_inst/scan_cnt_reg[8]/C
                            (rising edge-triggered cell FDRE clocked by clk  {rise@0.000ns fall@5.000ns period=10.000ns})
  Destination:            display_inst/scan_cnt_reg[8]/D
                            (rising edge-triggered cell FDRE clocked by clk  {rise@0.000ns fall@5.000ns period=10.000ns})
  Path Group:             clk
  Path Type:              Hold (Min at Fast Process Corner)
  Requirement:            0.000ns  (clk rise@0.000ns - clk rise@0.000ns)
  Data Path Delay:        0.277ns  (logic 0.183ns (66.140%)  route 0.094ns (33.860%))
  Logic Levels:           1  (CARRY4=1)
  Clock Path Skew:        0.000ns (DCD - SCD - CPR)
    Destination Clock Delay (DCD):    2.431ns
    Source Clock Delay      (SCD):    1.954ns
    Clock Pessimism Removal (CPR):    0.477ns

    Location             Delay type                Incr(ns)  Path(ns)    Netlist Resource(s)
  -------------------------------------------------------------------    -------------------
                         (clock clk rise edge)        0.000     0.000 r  
    AC18                                              0.000     0.000 r  clk (IN)
                         net (fo=0)                   0.000     0.000    clk
    AC18                 IBUF (Prop_ibuf_I_O)         0.146     0.146 r  clk_IBUF_inst/O
                         net (fo=1, routed)           1.074     1.220    clk_IBUF
    BUFGCTRL_X0Y0        BUFG (Prop_bufg_I_O)         0.026     1.246 r  clk_IBUF_BUFG_inst/O
                         net (fo=63, routed)          0.708     1.954    display_inst/clk_IBUF_BUFG
    SLICE_X1Y20          FDRE                                         r  display_inst/scan_cnt_reg[8]/C
  -------------------------------------------------------------------    -------------------
    SLICE_X1Y20          FDRE (Prop_fdre_C_Q)         0.100     2.054 r  display_inst/scan_cnt_reg[8]/Q
                         net (fo=1, routed)           0.094     2.147    display_inst/scan_cnt_reg_n_0_[8]
    SLICE_X1Y20          CARRY4 (Prop_carry4_S[0]_O[0])
                                                      0.083     2.230 r  display_inst/scan_cnt_reg[8]_i_1/O[0]
                         net (fo=1, routed)           0.000     2.230    display_inst/scan_cnt_reg[8]_i_1_n_7
    SLICE_X1Y20          FDRE                                         r  display_inst/scan_cnt_reg[8]/D
  -------------------------------------------------------------------    -------------------

                         (clock clk rise edge)        0.000     0.000 r  
    AC18                                              0.000     0.000 r  clk (IN)
                         net (fo=0)                   0.000     0.000    clk
    AC18                 IBUF (Prop_ibuf_I_O)         0.312     0.312 r  clk_IBUF_inst/O
                         net (fo=1, routed)           1.143     1.455    clk_IBUF
    BUFGCTRL_X0Y0        BUFG (Prop_bufg_I_O)         0.030     1.485 r  clk_IBUF_BUFG_inst/O
                         net (fo=63, routed)          0.946     2.431    display_inst/clk_IBUF_BUFG
    SLICE_X1Y20          FDRE                                         r  display_inst/scan_cnt_reg[8]/C
                         clock pessimism             -0.477     1.954    
    SLICE_X1Y20          FDRE (Hold_fdre_C_D)         0.071     2.025    display_inst/scan_cnt_reg[8]
  -------------------------------------------------------------------
                         required time                         -2.025    
                         arrival time                           2.230    
  -------------------------------------------------------------------
                         slack                                  0.206    

Slack (MET) :             0.207ns  (arrival time - required time)
  Source:                 clk_div_10ms/counter_reg[4]/C
                            (rising edge-triggered cell FDRE clocked by clk  {rise@0.000ns fall@5.000ns period=10.000ns})
  Destination:            clk_div_10ms/counter_reg[4]/D
                            (rising edge-triggered cell FDRE clocked by clk  {rise@0.000ns fall@5.000ns period=10.000ns})
  Path Group:             clk
  Path Type:              Hold (Min at Fast Process Corner)
  Requirement:            0.000ns  (clk rise@0.000ns - clk rise@0.000ns)
  Data Path Delay:        0.278ns  (logic 0.177ns (63.604%)  route 0.101ns (36.396%))
  Logic Levels:           1  (CARRY4=1)
  Clock Path Skew:        0.000ns (DCD - SCD - CPR)
    Destination Clock Delay (DCD):    2.435ns
    Source Clock Delay      (SCD):    1.958ns
    Clock Pessimism Removal (CPR):    0.477ns

    Location             Delay type                Incr(ns)  Path(ns)    Netlist Resource(s)
  -------------------------------------------------------------------    -------------------
                         (clock clk rise edge)        0.000     0.000 r  
    AC18                                              0.000     0.000 r  clk (IN)
                         net (fo=0)                   0.000     0.000    clk
    AC18                 IBUF (Prop_ibuf_I_O)         0.146     0.146 r  clk_IBUF_inst/O
                         net (fo=1, routed)           1.074     1.220    clk_IBUF
    BUFGCTRL_X0Y0        BUFG (Prop_bufg_I_O)         0.026     1.246 r  clk_IBUF_BUFG_inst/O
                         net (fo=63, routed)          0.712     1.958    clk_div_10ms/clk_IBUF_BUFG
    SLICE_X7Y15          FDRE                                         r  clk_div_10ms/counter_reg[4]/C
  -------------------------------------------------------------------    -------------------
    SLICE_X7Y15          FDRE (Prop_fdre_C_Q)         0.100     2.058 r  clk_div_10ms/counter_reg[4]/Q
                         net (fo=3, routed)           0.101     2.159    clk_div_10ms/counter[4]
    SLICE_X7Y15          CARRY4 (Prop_carry4_S[3]_O[3])
                                                      0.077     2.236 r  clk_div_10ms/counter0_carry/O[3]
                         net (fo=1, routed)           0.000     2.236    clk_div_10ms/data0[4]
    SLICE_X7Y15          FDRE                                         r  clk_div_10ms/counter_reg[4]/D
  -------------------------------------------------------------------    -------------------

                         (clock clk rise edge)        0.000     0.000 r  
    AC18                                              0.000     0.000 r  clk (IN)
                         net (fo=0)                   0.000     0.000    clk
    AC18                 IBUF (Prop_ibuf_I_O)         0.312     0.312 r  clk_IBUF_inst/O
                         net (fo=1, routed)           1.143     1.455    clk_IBUF
    BUFGCTRL_X0Y0        BUFG (Prop_bufg_I_O)         0.030     1.485 r  clk_IBUF_BUFG_inst/O
                         net (fo=63, routed)          0.950     2.435    clk_div_10ms/clk_IBUF_BUFG
    SLICE_X7Y15          FDRE                                         r  clk_div_10ms/counter_reg[4]/C
                         clock pessimism             -0.477     1.958    
    SLICE_X7Y15          FDRE (Hold_fdre_C_D)         0.071     2.029    clk_div_10ms/counter_reg[4]
  -------------------------------------------------------------------
                         required time                         -2.029    
                         arrival time                           2.236    
  -------------------------------------------------------------------
                         slack                                  0.207    





Pulse Width Checks
--------------------------------------------------------------------------------------
Clock Name:         clk
Waveform(ns):       { 0.000 5.000 }
Period(ns):         10.000
Sources:            { clk }

Check Type        Corner  Lib Pin  Reference Pin  Required(ns)  Actual(ns)  Slack(ns)  Location       Pin
Min Period        n/a     BUFG/I   n/a            1.408         10.000      8.591      BUFGCTRL_X0Y0  clk_IBUF_BUFG_inst/I
Min Period        n/a     FDRE/C   n/a            0.700         10.000      9.300      SLICE_X6Y18    clk_div_100ms/clk_100ms_reg/C
Min Period        n/a     FDRE/C   n/a            0.700         10.000      9.300      SLICE_X3Y16    clk_div_100ms/counter_reg[0]/C
Min Period        n/a     FDRE/C   n/a            0.700         10.000      9.300      SLICE_X2Y18    clk_div_100ms/counter_reg[10]/C
Min Period        n/a     FDRE/C   n/a            0.700         10.000      9.300      SLICE_X2Y18    clk_div_100ms/counter_reg[11]/C
Min Period        n/a     FDRE/C   n/a            0.700         10.000      9.300      SLICE_X2Y18    clk_div_100ms/counter_reg[12]/C
Min Period        n/a     FDRE/C   n/a            0.700         10.000      9.300      SLICE_X2Y19    clk_div_100ms/counter_reg[13]/C
Min Period        n/a     FDRE/C   n/a            0.700         10.000      9.300      SLICE_X2Y19    clk_div_100ms/counter_reg[14]/C
Min Period        n/a     FDRE/C   n/a            0.700         10.000      9.300      SLICE_X2Y19    clk_div_100ms/counter_reg[15]/C
Min Period        n/a     FDRE/C   n/a            0.700         10.000      9.300      SLICE_X2Y19    clk_div_100ms/counter_reg[16]/C
Low Pulse Width   Slow    FDRE/C   n/a            0.350         5.000       4.650      SLICE_X3Y16    clk_div_100ms/counter_reg[0]/C
Low Pulse Width   Slow    FDRE/C   n/a            0.350         5.000       4.650      SLICE_X2Y16    clk_div_100ms/counter_reg[1]/C
Low Pulse Width   Slow    FDRE/C   n/a            0.350         5.000       4.650      SLICE_X2Y16    clk_div_100ms/counter_reg[2]/C
Low Pulse Width   Slow    FDRE/C   n/a            0.350         5.000       4.650      SLICE_X2Y16    clk_div_100ms/counter_reg[3]/C
Low Pulse Width   Slow    FDRE/C   n/a            0.350         5.000       4.650      SLICE_X2Y16    clk_div_100ms/counter_reg[4]/C
Low Pulse Width   Slow    FDRE/C   n/a            0.350         5.000       4.650      SLICE_X2Y17    clk_div_100ms/counter_reg[5]/C
Low Pulse Width   Slow    FDRE/C   n/a            0.350         5.000       4.650      SLICE_X2Y17    clk_div_100ms/counter_reg[6]/C
Low Pulse Width   Slow    FDRE/C   n/a            0.350         5.000       4.650      SLICE_X2Y17    clk_div_100ms/counter_reg[7]/C
Low Pulse Width   Slow    FDRE/C   n/a            0.350         5.000       4.650      SLICE_X2Y17    clk_div_100ms/counter_reg[8]/C
Low Pulse Width   Slow    FDRE/C   n/a            0.350         5.000       4.650      SLICE_X7Y15    clk_div_10ms/counter_reg[1]/C
High Pulse Width  Fast    FDRE/C   n/a            0.350         5.000       4.650      SLICE_X6Y18    clk_div_100ms/clk_100ms_reg/C
High Pulse Width  Fast    FDRE/C   n/a            0.350         5.000       4.650      SLICE_X3Y16    clk_div_100ms/counter_reg[0]/C
High Pulse Width  Fast    FDRE/C   n/a            0.350         5.000       4.650      SLICE_X2Y18    clk_div_100ms/counter_reg[10]/C
High Pulse Width  Fast    FDRE/C   n/a            0.350         5.000       4.650      SLICE_X2Y18    clk_div_100ms/counter_reg[11]/C
High Pulse Width  Fast    FDRE/C   n/a            0.350         5.000       4.650      SLICE_X2Y18    clk_div_100ms/counter_reg[12]/C
High Pulse Width  Fast    FDRE/C   n/a            0.350         5.000       4.650      SLICE_X2Y19    clk_div_100ms/counter_reg[13]/C
High Pulse Width  Fast    FDRE/C   n/a            0.350         5.000       4.650      SLICE_X2Y19    clk_div_100ms/counter_reg[14]/C
High Pulse Width  Fast    FDRE/C   n/a            0.350         5.000       4.650      SLICE_X2Y19    clk_div_100ms/counter_reg[15]/C
High Pulse Width  Fast    FDRE/C   n/a            0.350         5.000       4.650      SLICE_X2Y19    clk_div_100ms/counter_reg[16]/C
High Pulse Width  Fast    FDRE/C   n/a            0.350         5.000       4.650      SLICE_X2Y16    clk_div_100ms/counter_reg[1]/C



