Copyright 1986-2020 Xilinx, Inc. All Rights Reserved.
--------------------------------------------------------------------------------------------------------------------------------------------------------------------------------
| Tool Version : Vivado v.2020.2 (win64) Build 3064766 Wed Nov 18 09:12:45 MST 2020
| Date         : Thu May 21 14:31:48 2026
| Host         : Littlebanbrick running 64-bit major release  (build 9200)
| Command      : report_timing_summary -max_paths 10 -file Top_timing_summary_routed.rpt -pb Top_timing_summary_routed.pb -rpx Top_timing_summary_routed.rpx -warn_on_violation
| Design       : Top
| Device       : 7k160t-ffg676
| Speed File   : -2L  PRODUCTION 1.12 2017-02-17
--------------------------------------------------------------------------------------------------------------------------------------------------------------------------------

Timing Summary Report

------------------------------------------------------------------------------------------------
| Timer Settings
| --------------
------------------------------------------------------------------------------------------------

  Enable Multi Corner Analysis               :  Yes
  Enable Pessimism Removal                   :  Yes
  Pessimism Removal Resolution               :  Nearest Common Node
  Enable Input Delay Default Clock           :  No
  Enable Preset / Clear Arcs                 :  No
  Disable Flight Delays                      :  No
  Ignore I/O Paths                           :  No
  Timing Early Launch at Borrowing Latches   :  No
  Borrow Time for Max Delay Exceptions       :  Yes
  Merge Timing Exceptions                    :  Yes

  Corner  Analyze    Analyze    
  Name    Max Paths  Min Paths  
  ------  ---------  ---------  
  Slow    Yes        Yes        
  Fast    Yes        Yes        



check_timing report

Table of Contents
-----------------
1. checking no_clock (36)
2. checking constant_clock (0)
3. checking pulse_width_clock (0)
4. checking unconstrained_internal_endpoints (36)
5. checking no_input_delay (10)
6. checking no_output_delay (11)
7. checking multiple_clock (0)
8. checking generated_clocks (0)
9. checking loops (0)
10. checking partial_input_delay (0)
11. checking partial_output_delay (0)
12. checking latch_loops (0)

1. checking no_clock (36)
-------------------------
 There are 24 register/latch pins with no clock driven by root clock pin: m0/div_res_reg[17]/Q (HIGH)

 There are 4 register/latch pins with no clock driven by root clock pin: m1/pbreg_reg/Q (HIGH)

 There are 4 register/latch pins with no clock driven by root clock pin: m2/pbreg_reg/Q (HIGH)

 There are 4 register/latch pins with no clock driven by root clock pin: m3/pbreg_reg/Q (HIGH)


2. checking constant_clock (0)
------------------------------
 There are 0 register/latch pins with constant_clock.


3. checking pulse_width_clock (0)
---------------------------------
 There are 0 register/latch pins which need pulse_width check


4. checking unconstrained_internal_endpoints (36)
-------------------------------------------------
 There are 36 pins that are not constrained for maximum delay. (HIGH)

 There are 0 pins that are not constrained for maximum delay due to constant clock.


5. checking no_input_delay (10)
-------------------------------
 There are 10 input ports with no input delay specified. (HIGH)

 There are 0 input ports with no input delay but user has a false path constraint.


6. checking no_output_delay (11)
--------------------------------
 There are 11 ports with no output delay specified. (HIGH)

 There are 0 ports with no output delay but user has a false path constraint

 There are 0 ports with no output delay but with a timing clock defined on it or propagating through it


7. checking multiple_clock (0)
------------------------------
 There are 0 register/latch pins with multiple clocks.


8. checking generated_clocks (0)
--------------------------------
 There are 0 generated clocks that are not connected to a clock source.


9. checking loops (0)
---------------------
 There are 0 combinational loops in the design.


10. checking partial_input_delay (0)
------------------------------------
 There are 0 input ports with partial input delay specified.


11. checking partial_output_delay (0)
-------------------------------------
 There are 0 ports with partial output delay specified.


12. checking latch_loops (0)
----------------------------
 There are 0 combinational latch loops in the design through latch input



------------------------------------------------------------------------------------------------
| Design Timing Summary
| ---------------------
------------------------------------------------------------------------------------------------

    WNS(ns)      TNS(ns)  TNS Failing Endpoints  TNS Total Endpoints      WHS(ns)      THS(ns)  THS Failing Endpoints  THS Total Endpoints     WPWS(ns)     TPWS(ns)  TPWS Failing Endpoints  TPWS Total Endpoints  
    -------      -------  ---------------------  -------------------      -------      -------  ---------------------  -------------------     --------     --------  ----------------------  --------------------  
      7.442        0.000                      0                   19        0.218        0.000                      0                   19        4.650        0.000                       0                    20  


All user specified timing constraints are met.


------------------------------------------------------------------------------------------------
| Clock Summary
| -------------
------------------------------------------------------------------------------------------------

Clock  Waveform(ns)       Period(ns)      Frequency(MHz)
-----  ------------       ----------      --------------
clk    {0.000 5.000}      10.000          100.000         


------------------------------------------------------------------------------------------------
| Intra Clock Table
| -----------------
------------------------------------------------------------------------------------------------

Clock             WNS(ns)      TNS(ns)  TNS Failing Endpoints  TNS Total Endpoints      WHS(ns)      THS(ns)  THS Failing Endpoints  THS Total Endpoints     WPWS(ns)     TPWS(ns)  TPWS Failing Endpoints  TPWS Total Endpoints  
-----             -------      -------  ---------------------  -------------------      -------      -------  ---------------------  -------------------     --------     --------  ----------------------  --------------------  
clk                 7.442        0.000                      0                   19        0.218        0.000                      0                   19        4.650        0.000                       0                    20  


------------------------------------------------------------------------------------------------
| Inter Clock Table
| -----------------
------------------------------------------------------------------------------------------------

From Clock    To Clock          WNS(ns)      TNS(ns)  TNS Failing Endpoints  TNS Total Endpoints      WHS(ns)      THS(ns)  THS Failing Endpoints  THS Total Endpoints  
----------    --------          -------      -------  ---------------------  -------------------      -------      -------  ---------------------  -------------------  


------------------------------------------------------------------------------------------------
| Other Path Groups Table
| -----------------------
------------------------------------------------------------------------------------------------

Path Group    From Clock    To Clock          WNS(ns)      TNS(ns)  TNS Failing Endpoints  TNS Total Endpoints      WHS(ns)      THS(ns)  THS Failing Endpoints  THS Total Endpoints  
----------    ----------    --------          -------      -------  ---------------------  -------------------      -------      -------  ---------------------  -------------------  


------------------------------------------------------------------------------------------------
| Timing Details
| --------------
------------------------------------------------------------------------------------------------


---------------------------------------------------------------------------------------------------
From Clock:  clk
  To Clock:  clk

Setup :            0  Failing Endpoints,  Worst Slack        7.442ns,  Total Violation        0.000ns
Hold  :            0  Failing Endpoints,  Worst Slack        0.218ns,  Total Violation        0.000ns
PW    :            0  Failing Endpoints,  Worst Slack        4.650ns,  Total Violation        0.000ns
---------------------------------------------------------------------------------------------------


Max Delay Paths
--------------------------------------------------------------------------------------
Slack (MET) :             7.442ns  (required time - arrival time)
  Source:                 m0/div_res_reg[17]/C
                            (rising edge-triggered cell FDRE clocked by clk  {rise@0.000ns fall@5.000ns period=10.000ns})
  Destination:            m0/div_res_reg[18]/D
                            (rising edge-triggered cell FDRE clocked by clk  {rise@0.000ns fall@5.000ns period=10.000ns})
  Path Group:             clk
  Path Type:              Setup (Max at Slow Process Corner)
  Requirement:            10.000ns  (clk rise@10.000ns - clk rise@0.000ns)
  Data Path Delay:        2.572ns  (logic 0.641ns (24.926%)  route 1.931ns (75.074%))
  Logic Levels:           2  (BUFG=1 CARRY4=1)
  Clock Path Skew:        0.000ns (DCD - SCD + CPR)
    Destination Clock Delay (DCD):    3.866ns = ( 13.866 - 10.000 ) 
    Source Clock Delay      (SCD):    4.237ns
    Clock Pessimism Removal (CPR):    0.371ns
  Clock Uncertainty:      0.035ns  ((TSJ^2 + TIJ^2)^1/2 + DJ) / 2 + PE
    Total System Jitter     (TSJ):    0.071ns
    Total Input Jitter      (TIJ):    0.000ns
    Discrete Jitter          (DJ):    0.000ns
    Phase Error              (PE):    0.000ns

    Location             Delay type                Incr(ns)  Path(ns)    Netlist Resource(s)
  -------------------------------------------------------------------    -------------------
                         (clock clk rise edge)        0.000     0.000 r  
    AC18                                              0.000     0.000 r  clk (IN)
                         net (fo=0)                   0.000     0.000    clk
    AC18                 IBUF (Prop_ibuf_I_O)         0.639     0.639 r  clk_IBUF_inst/O
                         net (fo=1, routed)           2.283     2.922    clk_IBUF
    BUFGCTRL_X0Y1        BUFG (Prop_bufg_I_O)         0.093     3.015 r  clk_IBUF_BUFG_inst/O
                         net (fo=19, routed)          1.222     4.237    m0/clk
    SLICE_X56Y149        FDRE                                         r  m0/div_res_reg[17]/C
  -------------------------------------------------------------------    -------------------
    SLICE_X56Y149        FDRE (Prop_fdre_C_Q)         0.223     4.460 r  m0/div_res_reg[17]/Q
                         net (fo=9, routed)           0.606     5.066    m0_n_0
    BUFGCTRL_X0Y0        BUFG (Prop_bufg_I_O)         0.093     5.159 r  pbshift_reg[6]_i_1/O
                         net (fo=25, routed)          1.324     6.484    m0/div_res_reg[18]_0
    SLICE_X56Y149        CARRY4 (Prop_carry4_S[1]_O[2])
                                                      0.325     6.809 r  m0/div_res_reg[16]_i_1/O[2]
                         net (fo=1, routed)           0.000     6.809    m0/div_res_reg[16]_i_1_n_5
    SLICE_X56Y149        FDRE                                         r  m0/div_res_reg[18]/D
  -------------------------------------------------------------------    -------------------

                         (clock clk rise edge)       10.000    10.000 r  
    AC18                                              0.000    10.000 r  clk (IN)
                         net (fo=0)                   0.000    10.000    clk
    AC18                 IBUF (Prop_ibuf_I_O)         0.533    10.533 r  clk_IBUF_inst/O
                         net (fo=1, routed)           2.159    12.692    clk_IBUF
    BUFGCTRL_X0Y1        BUFG (Prop_bufg_I_O)         0.083    12.775 r  clk_IBUF_BUFG_inst/O
                         net (fo=19, routed)          1.091    13.866    m0/clk
    SLICE_X56Y149        FDRE                                         r  m0/div_res_reg[18]/C
                         clock pessimism              0.371    14.237    
                         clock uncertainty           -0.035    14.202    
    SLICE_X56Y149        FDRE (Setup_fdre_C_D)        0.049    14.251    m0/div_res_reg[18]
  -------------------------------------------------------------------
                         required time                         14.251    
                         arrival time                          -6.809    
  -------------------------------------------------------------------
                         slack                                  7.442    

Slack (MET) :             7.615ns  (required time - arrival time)
  Source:                 m0/div_res_reg[17]/C
                            (rising edge-triggered cell FDRE clocked by clk  {rise@0.000ns fall@5.000ns period=10.000ns})
  Destination:            m0/div_res_reg[17]/D
                            (rising edge-triggered cell FDRE clocked by clk  {rise@0.000ns fall@5.000ns period=10.000ns})
  Path Group:             clk
  Path Type:              Setup (Max at Slow Process Corner)
  Requirement:            10.000ns  (clk rise@10.000ns - clk rise@0.000ns)
  Data Path Delay:        2.399ns  (logic 0.468ns (19.511%)  route 1.931ns (80.489%))
  Logic Levels:           2  (BUFG=1 CARRY4=1)
  Clock Path Skew:        0.000ns (DCD - SCD + CPR)
    Destination Clock Delay (DCD):    3.866ns = ( 13.866 - 10.000 ) 
    Source Clock Delay      (SCD):    4.237ns
    Clock Pessimism Removal (CPR):    0.371ns
  Clock Uncertainty:      0.035ns  ((TSJ^2 + TIJ^2)^1/2 + DJ) / 2 + PE
    Total System Jitter     (TSJ):    0.071ns
    Total Input Jitter      (TIJ):    0.000ns
    Discrete Jitter          (DJ):    0.000ns
    Phase Error              (PE):    0.000ns

    Location             Delay type                Incr(ns)  Path(ns)    Netlist Resource(s)
  -------------------------------------------------------------------    -------------------
                         (clock clk rise edge)        0.000     0.000 r  
    AC18                                              0.000     0.000 r  clk (IN)
                         net (fo=0)                   0.000     0.000    clk
    AC18                 IBUF (Prop_ibuf_I_O)         0.639     0.639 r  clk_IBUF_inst/O
                         net (fo=1, routed)           2.283     2.922    clk_IBUF
    BUFGCTRL_X0Y1        BUFG (Prop_bufg_I_O)         0.093     3.015 r  clk_IBUF_BUFG_inst/O
                         net (fo=19, routed)          1.222     4.237    m0/clk
    SLICE_X56Y149        FDRE                                         r  m0/div_res_reg[17]/C
  -------------------------------------------------------------------    -------------------
    SLICE_X56Y149        FDRE (Prop_fdre_C_Q)         0.223     4.460 r  m0/div_res_reg[17]/Q
                         net (fo=9, routed)           0.606     5.066    m0_n_0
    BUFGCTRL_X0Y0        BUFG (Prop_bufg_I_O)         0.093     5.159 r  pbshift_reg[6]_i_1/O
                         net (fo=25, routed)          1.324     6.484    m0/div_res_reg[18]_0
    SLICE_X56Y149        CARRY4 (Prop_carry4_S[1]_O[1])
                                                      0.152     6.636 r  m0/div_res_reg[16]_i_1/O[1]
                         net (fo=1, routed)           0.000     6.636    m0/div_res_reg[16]_i_1_n_6
    SLICE_X56Y149        FDRE                                         r  m0/div_res_reg[17]/D
  -------------------------------------------------------------------    -------------------

                         (clock clk rise edge)       10.000    10.000 r  
    AC18                                              0.000    10.000 r  clk (IN)
                         net (fo=0)                   0.000    10.000    clk
    AC18                 IBUF (Prop_ibuf_I_O)         0.533    10.533 r  clk_IBUF_inst/O
                         net (fo=1, routed)           2.159    12.692    clk_IBUF
    BUFGCTRL_X0Y1        BUFG (Prop_bufg_I_O)         0.083    12.775 r  clk_IBUF_BUFG_inst/O
                         net (fo=19, routed)          1.091    13.866    m0/clk
    SLICE_X56Y149        FDRE                                         r  m0/div_res_reg[17]/C
                         clock pessimism              0.371    14.237    
                         clock uncertainty           -0.035    14.202    
    SLICE_X56Y149        FDRE (Setup_fdre_C_D)        0.049    14.251    m0/div_res_reg[17]
  -------------------------------------------------------------------
                         required time                         14.251    
                         arrival time                          -6.636    
  -------------------------------------------------------------------
                         slack                                  7.615    

Slack (MET) :             8.856ns  (required time - arrival time)
  Source:                 m0/div_res_reg[1]/C
                            (rising edge-triggered cell FDRE clocked by clk  {rise@0.000ns fall@5.000ns period=10.000ns})
  Destination:            m0/div_res_reg[13]/D
                            (rising edge-triggered cell FDRE clocked by clk  {rise@0.000ns fall@5.000ns period=10.000ns})
  Path Group:             clk
  Path Type:              Setup (Max at Slow Process Corner)
  Requirement:            10.000ns  (clk rise@10.000ns - clk rise@0.000ns)
  Data Path Delay:        1.132ns  (logic 0.805ns (71.086%)  route 0.327ns (28.914%))
  Logic Levels:           4  (CARRY4=4)
  Clock Path Skew:        -0.025ns (DCD - SCD + CPR)
    Destination Clock Delay (DCD):    3.866ns = ( 13.866 - 10.000 ) 
    Source Clock Delay      (SCD):    4.237ns
    Clock Pessimism Removal (CPR):    0.346ns
  Clock Uncertainty:      0.035ns  ((TSJ^2 + TIJ^2)^1/2 + DJ) / 2 + PE
    Total System Jitter     (TSJ):    0.071ns
    Total Input Jitter      (TIJ):    0.000ns
    Discrete Jitter          (DJ):    0.000ns
    Phase Error              (PE):    0.000ns

    Location             Delay type                Incr(ns)  Path(ns)    Netlist Resource(s)
  -------------------------------------------------------------------    -------------------
                         (clock clk rise edge)        0.000     0.000 r  
    AC18                                              0.000     0.000 r  clk (IN)
                         net (fo=0)                   0.000     0.000    clk
    AC18                 IBUF (Prop_ibuf_I_O)         0.639     0.639 r  clk_IBUF_inst/O
                         net (fo=1, routed)           2.283     2.922    clk_IBUF
    BUFGCTRL_X0Y1        BUFG (Prop_bufg_I_O)         0.093     3.015 r  clk_IBUF_BUFG_inst/O
                         net (fo=19, routed)          1.222     4.237    m0/clk
    SLICE_X56Y145        FDRE                                         r  m0/div_res_reg[1]/C
  -------------------------------------------------------------------    -------------------
    SLICE_X56Y145        FDRE (Prop_fdre_C_Q)         0.223     4.460 r  m0/div_res_reg[1]/Q
                         net (fo=1, routed)           0.327     4.788    m0/div_res_reg_n_0_[1]
    SLICE_X56Y145        CARRY4 (Prop_carry4_S[1]_CO[3])
                                                      0.310     5.098 r  m0/div_res_reg[0]_i_1/CO[3]
                         net (fo=1, routed)           0.000     5.098    m0/div_res_reg[0]_i_1_n_0
    SLICE_X56Y146        CARRY4 (Prop_carry4_CI_CO[3])
                                                      0.053     5.151 r  m0/div_res_reg[4]_i_1/CO[3]
                         net (fo=1, routed)           0.000     5.151    m0/div_res_reg[4]_i_1_n_0
    SLICE_X56Y147        CARRY4 (Prop_carry4_CI_CO[3])
                                                      0.053     5.204 r  m0/div_res_reg[8]_i_1/CO[3]
                         net (fo=1, routed)           0.000     5.204    m0/div_res_reg[8]_i_1_n_0
    SLICE_X56Y148        CARRY4 (Prop_carry4_CI_O[1])
                                                      0.166     5.370 r  m0/div_res_reg[12]_i_1/O[1]
                         net (fo=1, routed)           0.000     5.370    m0/div_res_reg[12]_i_1_n_6
    SLICE_X56Y148        FDRE                                         r  m0/div_res_reg[13]/D
  -------------------------------------------------------------------    -------------------

                         (clock clk rise edge)       10.000    10.000 r  
    AC18                                              0.000    10.000 r  clk (IN)
                         net (fo=0)                   0.000    10.000    clk
    AC18                 IBUF (Prop_ibuf_I_O)         0.533    10.533 r  clk_IBUF_inst/O
                         net (fo=1, routed)           2.159    12.692    clk_IBUF
    BUFGCTRL_X0Y1        BUFG (Prop_bufg_I_O)         0.083    12.775 r  clk_IBUF_BUFG_inst/O
                         net (fo=19, routed)          1.091    13.866    m0/clk
    SLICE_X56Y148        FDRE                                         r  m0/div_res_reg[13]/C
                         clock pessimism              0.346    14.212    
                         clock uncertainty           -0.035    14.177    
    SLICE_X56Y148        FDRE (Setup_fdre_C_D)        0.049    14.226    m0/div_res_reg[13]
  -------------------------------------------------------------------
                         required time                         14.226    
                         arrival time                          -5.370    
  -------------------------------------------------------------------
                         slack                                  8.856    

Slack (MET) :             8.858ns  (required time - arrival time)
  Source:                 m0/div_res_reg[1]/C
                            (rising edge-triggered cell FDRE clocked by clk  {rise@0.000ns fall@5.000ns period=10.000ns})
  Destination:            m0/div_res_reg[16]/D
                            (rising edge-triggered cell FDRE clocked by clk  {rise@0.000ns fall@5.000ns period=10.000ns})
  Path Group:             clk
  Path Type:              Setup (Max at Slow Process Corner)
  Requirement:            10.000ns  (clk rise@10.000ns - clk rise@0.000ns)
  Data Path Delay:        1.130ns  (logic 0.803ns (71.035%)  route 0.327ns (28.965%))
  Logic Levels:           5  (CARRY4=5)
  Clock Path Skew:        -0.025ns (DCD - SCD + CPR)
    Destination Clock Delay (DCD):    3.866ns = ( 13.866 - 10.000 ) 
    Source Clock Delay      (SCD):    4.237ns
    Clock Pessimism Removal (CPR):    0.346ns
  Clock Uncertainty:      0.035ns  ((TSJ^2 + TIJ^2)^1/2 + DJ) / 2 + PE
    Total System Jitter     (TSJ):    0.071ns
    Total Input Jitter      (TIJ):    0.000ns
    Discrete Jitter          (DJ):    0.000ns
    Phase Error              (PE):    0.000ns

    Location             Delay type                Incr(ns)  Path(ns)    Netlist Resource(s)
  -------------------------------------------------------------------    -------------------
                         (clock clk rise edge)        0.000     0.000 r  
    AC18                                              0.000     0.000 r  clk (IN)
                         net (fo=0)                   0.000     0.000    clk
    AC18                 IBUF (Prop_ibuf_I_O)         0.639     0.639 r  clk_IBUF_inst/O
                         net (fo=1, routed)           2.283     2.922    clk_IBUF
    BUFGCTRL_X0Y1        BUFG (Prop_bufg_I_O)         0.093     3.015 r  clk_IBUF_BUFG_inst/O
                         net (fo=19, routed)          1.222     4.237    m0/clk
    SLICE_X56Y145        FDRE                                         r  m0/div_res_reg[1]/C
  -------------------------------------------------------------------    -------------------
    SLICE_X56Y145        FDRE (Prop_fdre_C_Q)         0.223     4.460 r  m0/div_res_reg[1]/Q
                         net (fo=1, routed)           0.327     4.788    m0/div_res_reg_n_0_[1]
    SLICE_X56Y145        CARRY4 (Prop_carry4_S[1]_CO[3])
                                                      0.310     5.098 r  m0/div_res_reg[0]_i_1/CO[3]
                         net (fo=1, routed)           0.000     5.098    m0/div_res_reg[0]_i_1_n_0
    SLICE_X56Y146        CARRY4 (Prop_carry4_CI_CO[3])
                                                      0.053     5.151 r  m0/div_res_reg[4]_i_1/CO[3]
                         net (fo=1, routed)           0.000     5.151    m0/div_res_reg[4]_i_1_n_0
    SLICE_X56Y147        CARRY4 (Prop_carry4_CI_CO[3])
                                                      0.053     5.204 r  m0/div_res_reg[8]_i_1/CO[3]
                         net (fo=1, routed)           0.000     5.204    m0/div_res_reg[8]_i_1_n_0
    SLICE_X56Y148        CARRY4 (Prop_carry4_CI_CO[3])
                                                      0.053     5.257 r  m0/div_res_reg[12]_i_1/CO[3]
                         net (fo=1, routed)           0.000     5.257    m0/div_res_reg[12]_i_1_n_0
    SLICE_X56Y149        CARRY4 (Prop_carry4_CI_O[0])
                                                      0.111     5.368 r  m0/div_res_reg[16]_i_1/O[0]
                         net (fo=1, routed)           0.000     5.368    m0/div_res_reg[16]_i_1_n_7
    SLICE_X56Y149        FDRE                                         r  m0/div_res_reg[16]/D
  -------------------------------------------------------------------    -------------------

                         (clock clk rise edge)       10.000    10.000 r  
    AC18                                              0.000    10.000 r  clk (IN)
                         net (fo=0)                   0.000    10.000    clk
    AC18                 IBUF (Prop_ibuf_I_O)         0.533    10.533 r  clk_IBUF_inst/O
                         net (fo=1, routed)           2.159    12.692    clk_IBUF
    BUFGCTRL_X0Y1        BUFG (Prop_bufg_I_O)         0.083    12.775 r  clk_IBUF_BUFG_inst/O
                         net (fo=19, routed)          1.091    13.866    m0/clk
    SLICE_X56Y149        FDRE                                         r  m0/div_res_reg[16]/C
                         clock pessimism              0.346    14.212    
                         clock uncertainty           -0.035    14.177    
    SLICE_X56Y149        FDRE (Setup_fdre_C_D)        0.049    14.226    m0/div_res_reg[16]
  -------------------------------------------------------------------
                         required time                         14.226    
                         arrival time                          -5.368    
  -------------------------------------------------------------------
                         slack                                  8.858    

Slack (MET) :             8.873ns  (required time - arrival time)
  Source:                 m0/div_res_reg[1]/C
                            (rising edge-triggered cell FDRE clocked by clk  {rise@0.000ns fall@5.000ns period=10.000ns})
  Destination:            m0/div_res_reg[15]/D
                            (rising edge-triggered cell FDRE clocked by clk  {rise@0.000ns fall@5.000ns period=10.000ns})
  Path Group:             clk
  Path Type:              Setup (Max at Slow Process Corner)
  Requirement:            10.000ns  (clk rise@10.000ns - clk rise@0.000ns)
  Data Path Delay:        1.115ns  (logic 0.788ns (70.646%)  route 0.327ns (29.354%))
  Logic Levels:           4  (CARRY4=4)
  Clock Path Skew:        -0.025ns (DCD - SCD + CPR)
    Destination Clock Delay (DCD):    3.866ns = ( 13.866 - 10.000 ) 
    Source Clock Delay      (SCD):    4.237ns
    Clock Pessimism Removal (CPR):    0.346ns
  Clock Uncertainty:      0.035ns  ((TSJ^2 + TIJ^2)^1/2 + DJ) / 2 + PE
    Total System Jitter     (TSJ):    0.071ns
    Total Input Jitter      (TIJ):    0.000ns
    Discrete Jitter          (DJ):    0.000ns
    Phase Error              (PE):    0.000ns

    Location             Delay type                Incr(ns)  Path(ns)    Netlist Resource(s)
  -------------------------------------------------------------------    -------------------
                         (clock clk rise edge)        0.000     0.000 r  
    AC18                                              0.000     0.000 r  clk (IN)
                         net (fo=0)                   0.000     0.000    clk
    AC18                 IBUF (Prop_ibuf_I_O)         0.639     0.639 r  clk_IBUF_inst/O
                         net (fo=1, routed)           2.283     2.922    clk_IBUF
    BUFGCTRL_X0Y1        BUFG (Prop_bufg_I_O)         0.093     3.015 r  clk_IBUF_BUFG_inst/O
                         net (fo=19, routed)          1.222     4.237    m0/clk
    SLICE_X56Y145        FDRE                                         r  m0/div_res_reg[1]/C
  -------------------------------------------------------------------    -------------------
    SLICE_X56Y145        FDRE (Prop_fdre_C_Q)         0.223     4.460 r  m0/div_res_reg[1]/Q
                         net (fo=1, routed)           0.327     4.788    m0/div_res_reg_n_0_[1]
    SLICE_X56Y145        CARRY4 (Prop_carry4_S[1]_CO[3])
                                                      0.310     5.098 r  m0/div_res_reg[0]_i_1/CO[3]
                         net (fo=1, routed)           0.000     5.098    m0/div_res_reg[0]_i_1_n_0
    SLICE_X56Y146        CARRY4 (Prop_carry4_CI_CO[3])
                                                      0.053     5.151 r  m0/div_res_reg[4]_i_1/CO[3]
                         net (fo=1, routed)           0.000     5.151    m0/div_res_reg[4]_i_1_n_0
    SLICE_X56Y147        CARRY4 (Prop_carry4_CI_CO[3])
                                                      0.053     5.204 r  m0/div_res_reg[8]_i_1/CO[3]
                         net (fo=1, routed)           0.000     5.204    m0/div_res_reg[8]_i_1_n_0
    SLICE_X56Y148        CARRY4 (Prop_carry4_CI_O[3])
                                                      0.149     5.353 r  m0/div_res_reg[12]_i_1/O[3]
                         net (fo=1, routed)           0.000     5.353    m0/div_res_reg[12]_i_1_n_4
    SLICE_X56Y148        FDRE                                         r  m0/div_res_reg[15]/D
  -------------------------------------------------------------------    -------------------

                         (clock clk rise edge)       10.000    10.000 r  
    AC18                                              0.000    10.000 r  clk (IN)
                         net (fo=0)                   0.000    10.000    clk
    AC18                 IBUF (Prop_ibuf_I_O)         0.533    10.533 r  clk_IBUF_inst/O
                         net (fo=1, routed)           2.159    12.692    clk_IBUF
    BUFGCTRL_X0Y1        BUFG (Prop_bufg_I_O)         0.083    12.775 r  clk_IBUF_BUFG_inst/O
                         net (fo=19, routed)          1.091    13.866    m0/clk
    SLICE_X56Y148        FDRE                                         r  m0/div_res_reg[15]/C
                         clock pessimism              0.346    14.212    
                         clock uncertainty           -0.035    14.177    
    SLICE_X56Y148        FDRE (Setup_fdre_C_D)        0.049    14.226    m0/div_res_reg[15]
  -------------------------------------------------------------------
                         required time                         14.226    
                         arrival time                          -5.353    
  -------------------------------------------------------------------
                         slack                                  8.873    

Slack (MET) :             8.909ns  (required time - arrival time)
  Source:                 m0/div_res_reg[1]/C
                            (rising edge-triggered cell FDRE clocked by clk  {rise@0.000ns fall@5.000ns period=10.000ns})
  Destination:            m0/div_res_reg[9]/D
                            (rising edge-triggered cell FDRE clocked by clk  {rise@0.000ns fall@5.000ns period=10.000ns})
  Path Group:             clk
  Path Type:              Setup (Max at Slow Process Corner)
  Requirement:            10.000ns  (clk rise@10.000ns - clk rise@0.000ns)
  Data Path Delay:        1.079ns  (logic 0.752ns (69.667%)  route 0.327ns (30.333%))
  Logic Levels:           3  (CARRY4=3)
  Clock Path Skew:        -0.025ns (DCD - SCD + CPR)
    Destination Clock Delay (DCD):    3.866ns = ( 13.866 - 10.000 ) 
    Source Clock Delay      (SCD):    4.237ns
    Clock Pessimism Removal (CPR):    0.346ns
  Clock Uncertainty:      0.035ns  ((TSJ^2 + TIJ^2)^1/2 + DJ) / 2 + PE
    Total System Jitter     (TSJ):    0.071ns
    Total Input Jitter      (TIJ):    0.000ns
    Discrete Jitter          (DJ):    0.000ns
    Phase Error              (PE):    0.000ns

    Location             Delay type                Incr(ns)  Path(ns)    Netlist Resource(s)
  -------------------------------------------------------------------    -------------------
                         (clock clk rise edge)        0.000     0.000 r  
    AC18                                              0.000     0.000 r  clk (IN)
                         net (fo=0)                   0.000     0.000    clk
    AC18                 IBUF (Prop_ibuf_I_O)         0.639     0.639 r  clk_IBUF_inst/O
                         net (fo=1, routed)           2.283     2.922    clk_IBUF
    BUFGCTRL_X0Y1        BUFG (Prop_bufg_I_O)         0.093     3.015 r  clk_IBUF_BUFG_inst/O
                         net (fo=19, routed)          1.222     4.237    m0/clk
    SLICE_X56Y145        FDRE                                         r  m0/div_res_reg[1]/C
  -------------------------------------------------------------------    -------------------
    SLICE_X56Y145        FDRE (Prop_fdre_C_Q)         0.223     4.460 r  m0/div_res_reg[1]/Q
                         net (fo=1, routed)           0.327     4.788    m0/div_res_reg_n_0_[1]
    SLICE_X56Y145        CARRY4 (Prop_carry4_S[1]_CO[3])
                                                      0.310     5.098 r  m0/div_res_reg[0]_i_1/CO[3]
                         net (fo=1, routed)           0.000     5.098    m0/div_res_reg[0]_i_1_n_0
    SLICE_X56Y146        CARRY4 (Prop_carry4_CI_CO[3])
                                                      0.053     5.151 r  m0/div_res_reg[4]_i_1/CO[3]
                         net (fo=1, routed)           0.000     5.151    m0/div_res_reg[4]_i_1_n_0
    SLICE_X56Y147        CARRY4 (Prop_carry4_CI_O[1])
                                                      0.166     5.317 r  m0/div_res_reg[8]_i_1/O[1]
                         net (fo=1, routed)           0.000     5.317    m0/div_res_reg[8]_i_1_n_6
    SLICE_X56Y147        FDRE                                         r  m0/div_res_reg[9]/D
  -------------------------------------------------------------------    -------------------

                         (clock clk rise edge)       10.000    10.000 r  
    AC18                                              0.000    10.000 r  clk (IN)
                         net (fo=0)                   0.000    10.000    clk
    AC18                 IBUF (Prop_ibuf_I_O)         0.533    10.533 r  clk_IBUF_inst/O
                         net (fo=1, routed)           2.159    12.692    clk_IBUF
    BUFGCTRL_X0Y1        BUFG (Prop_bufg_I_O)         0.083    12.775 r  clk_IBUF_BUFG_inst/O
                         net (fo=19, routed)          1.091    13.866    m0/clk
    SLICE_X56Y147        FDRE                                         r  m0/div_res_reg[9]/C
                         clock pessimism              0.346    14.212    
                         clock uncertainty           -0.035    14.177    
    SLICE_X56Y147        FDRE (Setup_fdre_C_D)        0.049    14.226    m0/div_res_reg[9]
  -------------------------------------------------------------------
                         required time                         14.226    
                         arrival time                          -5.317    
  -------------------------------------------------------------------
                         slack                                  8.909    

Slack (MET) :             8.911ns  (required time - arrival time)
  Source:                 m0/div_res_reg[1]/C
                            (rising edge-triggered cell FDRE clocked by clk  {rise@0.000ns fall@5.000ns period=10.000ns})
  Destination:            m0/div_res_reg[12]/D
                            (rising edge-triggered cell FDRE clocked by clk  {rise@0.000ns fall@5.000ns period=10.000ns})
  Path Group:             clk
  Path Type:              Setup (Max at Slow Process Corner)
  Requirement:            10.000ns  (clk rise@10.000ns - clk rise@0.000ns)
  Data Path Delay:        1.077ns  (logic 0.750ns (69.610%)  route 0.327ns (30.390%))
  Logic Levels:           4  (CARRY4=4)
  Clock Path Skew:        -0.025ns (DCD - SCD + CPR)
    Destination Clock Delay (DCD):    3.866ns = ( 13.866 - 10.000 ) 
    Source Clock Delay      (SCD):    4.237ns
    Clock Pessimism Removal (CPR):    0.346ns
  Clock Uncertainty:      0.035ns  ((TSJ^2 + TIJ^2)^1/2 + DJ) / 2 + PE
    Total System Jitter     (TSJ):    0.071ns
    Total Input Jitter      (TIJ):    0.000ns
    Discrete Jitter          (DJ):    0.000ns
    Phase Error              (PE):    0.000ns

    Location             Delay type                Incr(ns)  Path(ns)    Netlist Resource(s)
  -------------------------------------------------------------------    -------------------
                         (clock clk rise edge)        0.000     0.000 r  
    AC18                                              0.000     0.000 r  clk (IN)
                         net (fo=0)                   0.000     0.000    clk
    AC18                 IBUF (Prop_ibuf_I_O)         0.639     0.639 r  clk_IBUF_inst/O
                         net (fo=1, routed)           2.283     2.922    clk_IBUF
    BUFGCTRL_X0Y1        BUFG (Prop_bufg_I_O)         0.093     3.015 r  clk_IBUF_BUFG_inst/O
                         net (fo=19, routed)          1.222     4.237    m0/clk
    SLICE_X56Y145        FDRE                                         r  m0/div_res_reg[1]/C
  -------------------------------------------------------------------    -------------------
    SLICE_X56Y145        FDRE (Prop_fdre_C_Q)         0.223     4.460 r  m0/div_res_reg[1]/Q
                         net (fo=1, routed)           0.327     4.788    m0/div_res_reg_n_0_[1]
    SLICE_X56Y145        CARRY4 (Prop_carry4_S[1]_CO[3])
                                                      0.310     5.098 r  m0/div_res_reg[0]_i_1/CO[3]
                         net (fo=1, routed)           0.000     5.098    m0/div_res_reg[0]_i_1_n_0
    SLICE_X56Y146        CARRY4 (Prop_carry4_CI_CO[3])
                                                      0.053     5.151 r  m0/div_res_reg[4]_i_1/CO[3]
                         net (fo=1, routed)           0.000     5.151    m0/div_res_reg[4]_i_1_n_0
    SLICE_X56Y147        CARRY4 (Prop_carry4_CI_CO[3])
                                                      0.053     5.204 r  m0/div_res_reg[8]_i_1/CO[3]
                         net (fo=1, routed)           0.000     5.204    m0/div_res_reg[8]_i_1_n_0
    SLICE_X56Y148        CARRY4 (Prop_carry4_CI_O[0])
                                                      0.111     5.315 r  m0/div_res_reg[12]_i_1/O[0]
                         net (fo=1, routed)           0.000     5.315    m0/div_res_reg[12]_i_1_n_7
    SLICE_X56Y148        FDRE                                         r  m0/div_res_reg[12]/D
  -------------------------------------------------------------------    -------------------

                         (clock clk rise edge)       10.000    10.000 r  
    AC18                                              0.000    10.000 r  clk (IN)
                         net (fo=0)                   0.000    10.000    clk
    AC18                 IBUF (Prop_ibuf_I_O)         0.533    10.533 r  clk_IBUF_inst/O
                         net (fo=1, routed)           2.159    12.692    clk_IBUF
    BUFGCTRL_X0Y1        BUFG (Prop_bufg_I_O)         0.083    12.775 r  clk_IBUF_BUFG_inst/O
                         net (fo=19, routed)          1.091    13.866    m0/clk
    SLICE_X56Y148        FDRE                                         r  m0/div_res_reg[12]/C
                         clock pessimism              0.346    14.212    
                         clock uncertainty           -0.035    14.177    
    SLICE_X56Y148        FDRE (Setup_fdre_C_D)        0.049    14.226    m0/div_res_reg[12]
  -------------------------------------------------------------------
                         required time                         14.226    
                         arrival time                          -5.315    
  -------------------------------------------------------------------
                         slack                                  8.911    

Slack (MET) :             8.911ns  (required time - arrival time)
  Source:                 m0/div_res_reg[1]/C
                            (rising edge-triggered cell FDRE clocked by clk  {rise@0.000ns fall@5.000ns period=10.000ns})
  Destination:            m0/div_res_reg[14]/D
                            (rising edge-triggered cell FDRE clocked by clk  {rise@0.000ns fall@5.000ns period=10.000ns})
  Path Group:             clk
  Path Type:              Setup (Max at Slow Process Corner)
  Requirement:            10.000ns  (clk rise@10.000ns - clk rise@0.000ns)
  Data Path Delay:        1.077ns  (logic 0.750ns (69.610%)  route 0.327ns (30.390%))
  Logic Levels:           4  (CARRY4=4)
  Clock Path Skew:        -0.025ns (DCD - SCD + CPR)
    Destination Clock Delay (DCD):    3.866ns = ( 13.866 - 10.000 ) 
    Source Clock Delay      (SCD):    4.237ns
    Clock Pessimism Removal (CPR):    0.346ns
  Clock Uncertainty:      0.035ns  ((TSJ^2 + TIJ^2)^1/2 + DJ) / 2 + PE
    Total System Jitter     (TSJ):    0.071ns
    Total Input Jitter      (TIJ):    0.000ns
    Discrete Jitter          (DJ):    0.000ns
    Phase Error              (PE):    0.000ns

    Location             Delay type                Incr(ns)  Path(ns)    Netlist Resource(s)
  -------------------------------------------------------------------    -------------------
                         (clock clk rise edge)        0.000     0.000 r  
    AC18                                              0.000     0.000 r  clk (IN)
                         net (fo=0)                   0.000     0.000    clk
    AC18                 IBUF (Prop_ibuf_I_O)         0.639     0.639 r  clk_IBUF_inst/O
                         net (fo=1, routed)           2.283     2.922    clk_IBUF
    BUFGCTRL_X0Y1        BUFG (Prop_bufg_I_O)         0.093     3.015 r  clk_IBUF_BUFG_inst/O
                         net (fo=19, routed)          1.222     4.237    m0/clk
    SLICE_X56Y145        FDRE                                         r  m0/div_res_reg[1]/C
  -------------------------------------------------------------------    -------------------
    SLICE_X56Y145        FDRE (Prop_fdre_C_Q)         0.223     4.460 r  m0/div_res_reg[1]/Q
                         net (fo=1, routed)           0.327     4.788    m0/div_res_reg_n_0_[1]
    SLICE_X56Y145        CARRY4 (Prop_carry4_S[1]_CO[3])
                                                      0.310     5.098 r  m0/div_res_reg[0]_i_1/CO[3]
                         net (fo=1, routed)           0.000     5.098    m0/div_res_reg[0]_i_1_n_0
    SLICE_X56Y146        CARRY4 (Prop_carry4_CI_CO[3])
                                                      0.053     5.151 r  m0/div_res_reg[4]_i_1/CO[3]
                         net (fo=1, routed)           0.000     5.151    m0/div_res_reg[4]_i_1_n_0
    SLICE_X56Y147        CARRY4 (Prop_carry4_CI_CO[3])
                                                      0.053     5.204 r  m0/div_res_reg[8]_i_1/CO[3]
                         net (fo=1, routed)           0.000     5.204    m0/div_res_reg[8]_i_1_n_0
    SLICE_X56Y148        CARRY4 (Prop_carry4_CI_O[2])
                                                      0.111     5.315 r  m0/div_res_reg[12]_i_1/O[2]
                         net (fo=1, routed)           0.000     5.315    m0/div_res_reg[12]_i_1_n_5
    SLICE_X56Y148        FDRE                                         r  m0/div_res_reg[14]/D
  -------------------------------------------------------------------    -------------------

                         (clock clk rise edge)       10.000    10.000 r  
    AC18                                              0.000    10.000 r  clk (IN)
                         net (fo=0)                   0.000    10.000    clk
    AC18                 IBUF (Prop_ibuf_I_O)         0.533    10.533 r  clk_IBUF_inst/O
                         net (fo=1, routed)           2.159    12.692    clk_IBUF
    BUFGCTRL_X0Y1        BUFG (Prop_bufg_I_O)         0.083    12.775 r  clk_IBUF_BUFG_inst/O
                         net (fo=19, routed)          1.091    13.866    m0/clk
    SLICE_X56Y148        FDRE                                         r  m0/div_res_reg[14]/C
                         clock pessimism              0.346    14.212    
                         clock uncertainty           -0.035    14.177    
    SLICE_X56Y148        FDRE (Setup_fdre_C_D)        0.049    14.226    m0/div_res_reg[14]
  -------------------------------------------------------------------
                         required time                         14.226    
                         arrival time                          -5.315    
  -------------------------------------------------------------------
                         slack                                  8.911    

Slack (MET) :             8.926ns  (required time - arrival time)
  Source:                 m0/div_res_reg[1]/C
                            (rising edge-triggered cell FDRE clocked by clk  {rise@0.000ns fall@5.000ns period=10.000ns})
  Destination:            m0/div_res_reg[11]/D
                            (rising edge-triggered cell FDRE clocked by clk  {rise@0.000ns fall@5.000ns period=10.000ns})
  Path Group:             clk
  Path Type:              Setup (Max at Slow Process Corner)
  Requirement:            10.000ns  (clk rise@10.000ns - clk rise@0.000ns)
  Data Path Delay:        1.062ns  (logic 0.735ns (69.181%)  route 0.327ns (30.819%))
  Logic Levels:           3  (CARRY4=3)
  Clock Path Skew:        -0.025ns (DCD - SCD + CPR)
    Destination Clock Delay (DCD):    3.866ns = ( 13.866 - 10.000 ) 
    Source Clock Delay      (SCD):    4.237ns
    Clock Pessimism Removal (CPR):    0.346ns
  Clock Uncertainty:      0.035ns  ((TSJ^2 + TIJ^2)^1/2 + DJ) / 2 + PE
    Total System Jitter     (TSJ):    0.071ns
    Total Input Jitter      (TIJ):    0.000ns
    Discrete Jitter          (DJ):    0.000ns
    Phase Error              (PE):    0.000ns

    Location             Delay type                Incr(ns)  Path(ns)    Netlist Resource(s)
  -------------------------------------------------------------------    -------------------
                         (clock clk rise edge)        0.000     0.000 r  
    AC18                                              0.000     0.000 r  clk (IN)
                         net (fo=0)                   0.000     0.000    clk
    AC18                 IBUF (Prop_ibuf_I_O)         0.639     0.639 r  clk_IBUF_inst/O
                         net (fo=1, routed)           2.283     2.922    clk_IBUF
    BUFGCTRL_X0Y1        BUFG (Prop_bufg_I_O)         0.093     3.015 r  clk_IBUF_BUFG_inst/O
                         net (fo=19, routed)          1.222     4.237    m0/clk
    SLICE_X56Y145        FDRE                                         r  m0/div_res_reg[1]/C
  -------------------------------------------------------------------    -------------------
    SLICE_X56Y145        FDRE (Prop_fdre_C_Q)         0.223     4.460 r  m0/div_res_reg[1]/Q
                         net (fo=1, routed)           0.327     4.788    m0/div_res_reg_n_0_[1]
    SLICE_X56Y145        CARRY4 (Prop_carry4_S[1]_CO[3])
                                                      0.310     5.098 r  m0/div_res_reg[0]_i_1/CO[3]
                         net (fo=1, routed)           0.000     5.098    m0/div_res_reg[0]_i_1_n_0
    SLICE_X56Y146        CARRY4 (Prop_carry4_CI_CO[3])
                                                      0.053     5.151 r  m0/div_res_reg[4]_i_1/CO[3]
                         net (fo=1, routed)           0.000     5.151    m0/div_res_reg[4]_i_1_n_0
    SLICE_X56Y147        CARRY4 (Prop_carry4_CI_O[3])
                                                      0.149     5.300 r  m0/div_res_reg[8]_i_1/O[3]
                         net (fo=1, routed)           0.000     5.300    m0/div_res_reg[8]_i_1_n_4
    SLICE_X56Y147        FDRE                                         r  m0/div_res_reg[11]/D
  -------------------------------------------------------------------    -------------------

                         (clock clk rise edge)       10.000    10.000 r  
    AC18                                              0.000    10.000 r  clk (IN)
                         net (fo=0)                   0.000    10.000    clk
    AC18                 IBUF (Prop_ibuf_I_O)         0.533    10.533 r  clk_IBUF_inst/O
                         net (fo=1, routed)           2.159    12.692    clk_IBUF
    BUFGCTRL_X0Y1        BUFG (Prop_bufg_I_O)         0.083    12.775 r  clk_IBUF_BUFG_inst/O
                         net (fo=19, routed)          1.091    13.866    m0/clk
    SLICE_X56Y147        FDRE                                         r  m0/div_res_reg[11]/C
                         clock pessimism              0.346    14.212    
                         clock uncertainty           -0.035    14.177    
    SLICE_X56Y147        FDRE (Setup_fdre_C_D)        0.049    14.226    m0/div_res_reg[11]
  -------------------------------------------------------------------
                         required time                         14.226    
                         arrival time                          -5.300    
  -------------------------------------------------------------------
                         slack                                  8.926    

Slack (MET) :             8.962ns  (required time - arrival time)
  Source:                 m0/div_res_reg[1]/C
                            (rising edge-triggered cell FDRE clocked by clk  {rise@0.000ns fall@5.000ns period=10.000ns})
  Destination:            m0/div_res_reg[5]/D
                            (rising edge-triggered cell FDRE clocked by clk  {rise@0.000ns fall@5.000ns period=10.000ns})
  Path Group:             clk
  Path Type:              Setup (Max at Slow Process Corner)
  Requirement:            10.000ns  (clk rise@10.000ns - clk rise@0.000ns)
  Data Path Delay:        1.026ns  (logic 0.699ns (68.100%)  route 0.327ns (31.900%))
  Logic Levels:           2  (CARRY4=2)
  Clock Path Skew:        -0.025ns (DCD - SCD + CPR)
    Destination Clock Delay (DCD):    3.866ns = ( 13.866 - 10.000 ) 
    Source Clock Delay      (SCD):    4.237ns
    Clock Pessimism Removal (CPR):    0.346ns
  Clock Uncertainty:      0.035ns  ((TSJ^2 + TIJ^2)^1/2 + DJ) / 2 + PE
    Total System Jitter     (TSJ):    0.071ns
    Total Input Jitter      (TIJ):    0.000ns
    Discrete Jitter          (DJ):    0.000ns
    Phase Error              (PE):    0.000ns

    Location             Delay type                Incr(ns)  Path(ns)    Netlist Resource(s)
  -------------------------------------------------------------------    -------------------
                         (clock clk rise edge)        0.000     0.000 r  
    AC18                                              0.000     0.000 r  clk (IN)
                         net (fo=0)                   0.000     0.000    clk
    AC18                 IBUF (Prop_ibuf_I_O)         0.639     0.639 r  clk_IBUF_inst/O
                         net (fo=1, routed)           2.283     2.922    clk_IBUF
    BUFGCTRL_X0Y1        BUFG (Prop_bufg_I_O)         0.093     3.015 r  clk_IBUF_BUFG_inst/O
                         net (fo=19, routed)          1.222     4.237    m0/clk
    SLICE_X56Y145        FDRE                                         r  m0/div_res_reg[1]/C
  -------------------------------------------------------------------    -------------------
    SLICE_X56Y145        FDRE (Prop_fdre_C_Q)         0.223     4.460 r  m0/div_res_reg[1]/Q
                         net (fo=1, routed)           0.327     4.788    m0/div_res_reg_n_0_[1]
    SLICE_X56Y145        CARRY4 (Prop_carry4_S[1]_CO[3])
                                                      0.310     5.098 r  m0/div_res_reg[0]_i_1/CO[3]
                         net (fo=1, routed)           0.000     5.098    m0/div_res_reg[0]_i_1_n_0
    SLICE_X56Y146        CARRY4 (Prop_carry4_CI_O[1])
                                                      0.166     5.264 r  m0/div_res_reg[4]_i_1/O[1]
                         net (fo=1, routed)           0.000     5.264    m0/div_res_reg[4]_i_1_n_6
    SLICE_X56Y146        FDRE                                         r  m0/div_res_reg[5]/D
  -------------------------------------------------------------------    -------------------

                         (clock clk rise edge)       10.000    10.000 r  
    AC18                                              0.000    10.000 r  clk (IN)
                         net (fo=0)                   0.000    10.000    clk
    AC18                 IBUF (Prop_ibuf_I_O)         0.533    10.533 r  clk_IBUF_inst/O
                         net (fo=1, routed)           2.159    12.692    clk_IBUF
    BUFGCTRL_X0Y1        BUFG (Prop_bufg_I_O)         0.083    12.775 r  clk_IBUF_BUFG_inst/O
                         net (fo=19, routed)          1.091    13.866    m0/clk
    SLICE_X56Y146        FDRE                                         r  m0/div_res_reg[5]/C
                         clock pessimism              0.346    14.212    
                         clock uncertainty           -0.035    14.177    
    SLICE_X56Y146        FDRE (Setup_fdre_C_D)        0.049    14.226    m0/div_res_reg[5]
  -------------------------------------------------------------------
                         required time                         14.226    
                         arrival time                          -5.264    
  -------------------------------------------------------------------
                         slack                                  8.962    





Min Delay Paths
--------------------------------------------------------------------------------------
Slack (MET) :             0.218ns  (arrival time - required time)
  Source:                 m0/div_res_reg[10]/C
                            (rising edge-triggered cell FDRE clocked by clk  {rise@0.000ns fall@5.000ns period=10.000ns})
  Destination:            m0/div_res_reg[10]/D
                            (rising edge-triggered cell FDRE clocked by clk  {rise@0.000ns fall@5.000ns period=10.000ns})
  Path Group:             clk
  Path Type:              Hold (Min at Fast Process Corner)
  Requirement:            0.000ns  (clk rise@0.000ns - clk rise@0.000ns)
  Data Path Delay:        0.289ns  (logic 0.179ns (61.839%)  route 0.110ns (38.161%))
  Logic Levels:           1  (CARRY4=1)
  Clock Path Skew:        0.000ns (DCD - SCD - CPR)
    Destination Clock Delay (DCD):    2.226ns
    Source Clock Delay      (SCD):    1.788ns
    Clock Pessimism Removal (CPR):    0.438ns

    Location             Delay type                Incr(ns)  Path(ns)    Netlist Resource(s)
  -------------------------------------------------------------------    -------------------
                         (clock clk rise edge)        0.000     0.000 r  
    AC18                                              0.000     0.000 r  clk (IN)
                         net (fo=0)                   0.000     0.000    clk
    AC18                 IBUF (Prop_ibuf_I_O)         0.146     0.146 r  clk_IBUF_inst/O
                         net (fo=1, routed)           1.074     1.220    clk_IBUF
    BUFGCTRL_X0Y1        BUFG (Prop_bufg_I_O)         0.026     1.246 r  clk_IBUF_BUFG_inst/O
                         net (fo=19, routed)          0.542     1.788    m0/clk
    SLICE_X56Y147        FDRE                                         r  m0/div_res_reg[10]/C
  -------------------------------------------------------------------    -------------------
    SLICE_X56Y147        FDRE (Prop_fdre_C_Q)         0.100     1.888 r  m0/div_res_reg[10]/Q
                         net (fo=1, routed)           0.110     1.998    m0/div_res_reg_n_0_[10]
    SLICE_X56Y147        CARRY4 (Prop_carry4_S[2]_O[2])
                                                      0.079     2.077 r  m0/div_res_reg[8]_i_1/O[2]
                         net (fo=1, routed)           0.000     2.077    m0/div_res_reg[8]_i_1_n_5
    SLICE_X56Y147        FDRE                                         r  m0/div_res_reg[10]/D
  -------------------------------------------------------------------    -------------------

                         (clock clk rise edge)        0.000     0.000 r  
    AC18                                              0.000     0.000 r  clk (IN)
                         net (fo=0)                   0.000     0.000    clk
    AC18                 IBUF (Prop_ibuf_I_O)         0.312     0.312 r  clk_IBUF_inst/O
                         net (fo=1, routed)           1.143     1.455    clk_IBUF
    BUFGCTRL_X0Y1        BUFG (Prop_bufg_I_O)         0.030     1.485 r  clk_IBUF_BUFG_inst/O
                         net (fo=19, routed)          0.741     2.226    m0/clk
    SLICE_X56Y147        FDRE                                         r  m0/div_res_reg[10]/C
                         clock pessimism             -0.438     1.788    
    SLICE_X56Y147        FDRE (Hold_fdre_C_D)         0.071     1.859    m0/div_res_reg[10]
  -------------------------------------------------------------------
                         required time                         -1.859    
                         arrival time                           2.077    
  -------------------------------------------------------------------
                         slack                                  0.218    

Slack (MET) :             0.218ns  (arrival time - required time)
  Source:                 m0/div_res_reg[14]/C
                            (rising edge-triggered cell FDRE clocked by clk  {rise@0.000ns fall@5.000ns period=10.000ns})
  Destination:            m0/div_res_reg[14]/D
                            (rising edge-triggered cell FDRE clocked by clk  {rise@0.000ns fall@5.000ns period=10.000ns})
  Path Group:             clk
  Path Type:              Hold (Min at Fast Process Corner)
  Requirement:            0.000ns  (clk rise@0.000ns - clk rise@0.000ns)
  Data Path Delay:        0.289ns  (logic 0.179ns (61.839%)  route 0.110ns (38.161%))
  Logic Levels:           1  (CARRY4=1)
  Clock Path Skew:        0.000ns (DCD - SCD - CPR)
    Destination Clock Delay (DCD):    2.226ns
    Source Clock Delay      (SCD):    1.788ns
    Clock Pessimism Removal (CPR):    0.438ns

    Location             Delay type                Incr(ns)  Path(ns)    Netlist Resource(s)
  -------------------------------------------------------------------    -------------------
                         (clock clk rise edge)        0.000     0.000 r  
    AC18                                              0.000     0.000 r  clk (IN)
                         net (fo=0)                   0.000     0.000    clk
    AC18                 IBUF (Prop_ibuf_I_O)         0.146     0.146 r  clk_IBUF_inst/O
                         net (fo=1, routed)           1.074     1.220    clk_IBUF
    BUFGCTRL_X0Y1        BUFG (Prop_bufg_I_O)         0.026     1.246 r  clk_IBUF_BUFG_inst/O
                         net (fo=19, routed)          0.542     1.788    m0/clk
    SLICE_X56Y148        FDRE                                         r  m0/div_res_reg[14]/C
  -------------------------------------------------------------------    -------------------
    SLICE_X56Y148        FDRE (Prop_fdre_C_Q)         0.100     1.888 r  m0/div_res_reg[14]/Q
                         net (fo=1, routed)           0.110     1.998    m0/div_res_reg_n_0_[14]
    SLICE_X56Y148        CARRY4 (Prop_carry4_S[2]_O[2])
                                                      0.079     2.077 r  m0/div_res_reg[12]_i_1/O[2]
                         net (fo=1, routed)           0.000     2.077    m0/div_res_reg[12]_i_1_n_5
    SLICE_X56Y148        FDRE                                         r  m0/div_res_reg[14]/D
  -------------------------------------------------------------------    -------------------

                         (clock clk rise edge)        0.000     0.000 r  
    AC18                                              0.000     0.000 r  clk (IN)
                         net (fo=0)                   0.000     0.000    clk
    AC18                 IBUF (Prop_ibuf_I_O)         0.312     0.312 r  clk_IBUF_inst/O
                         net (fo=1, routed)           1.143     1.455    clk_IBUF
    BUFGCTRL_X0Y1        BUFG (Prop_bufg_I_O)         0.030     1.485 r  clk_IBUF_BUFG_inst/O
                         net (fo=19, routed)          0.741     2.226    m0/clk
    SLICE_X56Y148        FDRE                                         r  m0/div_res_reg[14]/C
                         clock pessimism             -0.438     1.788    
    SLICE_X56Y148        FDRE (Hold_fdre_C_D)         0.071     1.859    m0/div_res_reg[14]
  -------------------------------------------------------------------
                         required time                         -1.859    
                         arrival time                           2.077    
  -------------------------------------------------------------------
                         slack                                  0.218    

Slack (MET) :             0.218ns  (arrival time - required time)
  Source:                 m0/div_res_reg[2]/C
                            (rising edge-triggered cell FDRE clocked by clk  {rise@0.000ns fall@5.000ns period=10.000ns})
  Destination:            m0/div_res_reg[2]/D
                            (rising edge-triggered cell FDRE clocked by clk  {rise@0.000ns fall@5.000ns period=10.000ns})
  Path Group:             clk
  Path Type:              Hold (Min at Fast Process Corner)
  Requirement:            0.000ns  (clk rise@0.000ns - clk rise@0.000ns)
  Data Path Delay:        0.289ns  (logic 0.179ns (61.839%)  route 0.110ns (38.161%))
  Logic Levels:           1  (CARRY4=1)
  Clock Path Skew:        0.000ns (DCD - SCD - CPR)
    Destination Clock Delay (DCD):    2.225ns
    Source Clock Delay      (SCD):    1.787ns
    Clock Pessimism Removal (CPR):    0.438ns

    Location             Delay type                Incr(ns)  Path(ns)    Netlist Resource(s)
  -------------------------------------------------------------------    -------------------
                         (clock clk rise edge)        0.000     0.000 r  
    AC18                                              0.000     0.000 r  clk (IN)
                         net (fo=0)                   0.000     0.000    clk
    AC18                 IBUF (Prop_ibuf_I_O)         0.146     0.146 r  clk_IBUF_inst/O
                         net (fo=1, routed)           1.074     1.220    clk_IBUF
    BUFGCTRL_X0Y1        BUFG (Prop_bufg_I_O)         0.026     1.246 r  clk_IBUF_BUFG_inst/O
                         net (fo=19, routed)          0.541     1.787    m0/clk
    SLICE_X56Y145        FDRE                                         r  m0/div_res_reg[2]/C
  -------------------------------------------------------------------    -------------------
    SLICE_X56Y145        FDRE (Prop_fdre_C_Q)         0.100     1.887 r  m0/div_res_reg[2]/Q
                         net (fo=1, routed)           0.110     1.997    m0/div_res_reg_n_0_[2]
    SLICE_X56Y145        CARRY4 (Prop_carry4_S[2]_O[2])
                                                      0.079     2.076 r  m0/div_res_reg[0]_i_1/O[2]
                         net (fo=1, routed)           0.000     2.076    m0/div_res_reg[0]_i_1_n_5
    SLICE_X56Y145        FDRE                                         r  m0/div_res_reg[2]/D
  -------------------------------------------------------------------    -------------------

                         (clock clk rise edge)        0.000     0.000 r  
    AC18                                              0.000     0.000 r  clk (IN)
                         net (fo=0)                   0.000     0.000    clk
    AC18                 IBUF (Prop_ibuf_I_O)         0.312     0.312 r  clk_IBUF_inst/O
                         net (fo=1, routed)           1.143     1.455    clk_IBUF
    BUFGCTRL_X0Y1        BUFG (Prop_bufg_I_O)         0.030     1.485 r  clk_IBUF_BUFG_inst/O
                         net (fo=19, routed)          0.740     2.225    m0/clk
    SLICE_X56Y145        FDRE                                         r  m0/div_res_reg[2]/C
                         clock pessimism             -0.438     1.787    
    SLICE_X56Y145        FDRE (Hold_fdre_C_D)         0.071     1.858    m0/div_res_reg[2]
  -------------------------------------------------------------------
                         required time                         -1.858    
                         arrival time                           2.076    
  -------------------------------------------------------------------
                         slack                                  0.218    

Slack (MET) :             0.218ns  (arrival time - required time)
  Source:                 m0/div_res_reg[6]/C
                            (rising edge-triggered cell FDRE clocked by clk  {rise@0.000ns fall@5.000ns period=10.000ns})
  Destination:            m0/div_res_reg[6]/D
                            (rising edge-triggered cell FDRE clocked by clk  {rise@0.000ns fall@5.000ns period=10.000ns})
  Path Group:             clk
  Path Type:              Hold (Min at Fast Process Corner)
  Requirement:            0.000ns  (clk rise@0.000ns - clk rise@0.000ns)
  Data Path Delay:        0.289ns  (logic 0.179ns (61.839%)  route 0.110ns (38.161%))
  Logic Levels:           1  (CARRY4=1)
  Clock Path Skew:        0.000ns (DCD - SCD - CPR)
    Destination Clock Delay (DCD):    2.225ns
    Source Clock Delay      (SCD):    1.787ns
    Clock Pessimism Removal (CPR):    0.438ns

    Location             Delay type                Incr(ns)  Path(ns)    Netlist Resource(s)
  -------------------------------------------------------------------    -------------------
                         (clock clk rise edge)        0.000     0.000 r  
    AC18                                              0.000     0.000 r  clk (IN)
                         net (fo=0)                   0.000     0.000    clk
    AC18                 IBUF (Prop_ibuf_I_O)         0.146     0.146 r  clk_IBUF_inst/O
                         net (fo=1, routed)           1.074     1.220    clk_IBUF
    BUFGCTRL_X0Y1        BUFG (Prop_bufg_I_O)         0.026     1.246 r  clk_IBUF_BUFG_inst/O
                         net (fo=19, routed)          0.541     1.787    m0/clk
    SLICE_X56Y146        FDRE                                         r  m0/div_res_reg[6]/C
  -------------------------------------------------------------------    -------------------
    SLICE_X56Y146        FDRE (Prop_fdre_C_Q)         0.100     1.887 r  m0/div_res_reg[6]/Q
                         net (fo=1, routed)           0.110     1.997    m0/div_res_reg_n_0_[6]
    SLICE_X56Y146        CARRY4 (Prop_carry4_S[2]_O[2])
                                                      0.079     2.076 r  m0/div_res_reg[4]_i_1/O[2]
                         net (fo=1, routed)           0.000     2.076    m0/div_res_reg[4]_i_1_n_5
    SLICE_X56Y146        FDRE                                         r  m0/div_res_reg[6]/D
  -------------------------------------------------------------------    -------------------

                         (clock clk rise edge)        0.000     0.000 r  
    AC18                                              0.000     0.000 r  clk (IN)
                         net (fo=0)                   0.000     0.000    clk
    AC18                 IBUF (Prop_ibuf_I_O)         0.312     0.312 r  clk_IBUF_inst/O
                         net (fo=1, routed)           1.143     1.455    clk_IBUF
    BUFGCTRL_X0Y1        BUFG (Prop_bufg_I_O)         0.030     1.485 r  clk_IBUF_BUFG_inst/O
                         net (fo=19, routed)          0.740     2.225    m0/clk
    SLICE_X56Y146        FDRE                                         r  m0/div_res_reg[6]/C
                         clock pessimism             -0.438     1.787    
    SLICE_X56Y146        FDRE (Hold_fdre_C_D)         0.071     1.858    m0/div_res_reg[6]
  -------------------------------------------------------------------
                         required time                         -1.858    
                         arrival time                           2.076    
  -------------------------------------------------------------------
                         slack                                  0.218    

Slack (MET) :             0.227ns  (arrival time - required time)
  Source:                 m0/div_res_reg[18]/C
                            (rising edge-triggered cell FDRE clocked by clk  {rise@0.000ns fall@5.000ns period=10.000ns})
  Destination:            m0/div_res_reg[18]/D
                            (rising edge-triggered cell FDRE clocked by clk  {rise@0.000ns fall@5.000ns period=10.000ns})
  Path Group:             clk
  Path Type:              Hold (Min at Fast Process Corner)
  Requirement:            0.000ns  (clk rise@0.000ns - clk rise@0.000ns)
  Data Path Delay:        0.298ns  (logic 0.179ns (60.143%)  route 0.119ns (39.857%))
  Logic Levels:           1  (CARRY4=1)
  Clock Path Skew:        0.000ns (DCD - SCD - CPR)
    Destination Clock Delay (DCD):    2.226ns
    Source Clock Delay      (SCD):    1.788ns
    Clock Pessimism Removal (CPR):    0.438ns

    Location             Delay type                Incr(ns)  Path(ns)    Netlist Resource(s)
  -------------------------------------------------------------------    -------------------
                         (clock clk rise edge)        0.000     0.000 r  
    AC18                                              0.000     0.000 r  clk (IN)
                         net (fo=0)                   0.000     0.000    clk
    AC18                 IBUF (Prop_ibuf_I_O)         0.146     0.146 r  clk_IBUF_inst/O
                         net (fo=1, routed)           1.074     1.220    clk_IBUF
    BUFGCTRL_X0Y1        BUFG (Prop_bufg_I_O)         0.026     1.246 r  clk_IBUF_BUFG_inst/O
                         net (fo=19, routed)          0.542     1.788    m0/clk
    SLICE_X56Y149        FDRE                                         r  m0/div_res_reg[18]/C
  -------------------------------------------------------------------    -------------------
    SLICE_X56Y149        FDRE (Prop_fdre_C_Q)         0.100     1.888 r  m0/div_res_reg[18]/Q
                         net (fo=9, routed)           0.119     2.006    m0/m8/s_logisimBus22__0[18]
    SLICE_X56Y149        CARRY4 (Prop_carry4_S[2]_O[2])
                                                      0.079     2.085 r  m0/div_res_reg[16]_i_1/O[2]
                         net (fo=1, routed)           0.000     2.085    m0/div_res_reg[16]_i_1_n_5
    SLICE_X56Y149        FDRE                                         r  m0/div_res_reg[18]/D
  -------------------------------------------------------------------    -------------------

                         (clock clk rise edge)        0.000     0.000 r  
    AC18                                              0.000     0.000 r  clk (IN)
                         net (fo=0)                   0.000     0.000    clk
    AC18                 IBUF (Prop_ibuf_I_O)         0.312     0.312 r  clk_IBUF_inst/O
                         net (fo=1, routed)           1.143     1.455    clk_IBUF
    BUFGCTRL_X0Y1        BUFG (Prop_bufg_I_O)         0.030     1.485 r  clk_IBUF_BUFG_inst/O
                         net (fo=19, routed)          0.741     2.226    m0/clk
    SLICE_X56Y149        FDRE                                         r  m0/div_res_reg[18]/C
                         clock pessimism             -0.438     1.788    
    SLICE_X56Y149        FDRE (Hold_fdre_C_D)         0.071     1.859    m0/div_res_reg[18]
  -------------------------------------------------------------------
                         required time                         -1.859    
                         arrival time                           2.085    
  -------------------------------------------------------------------
                         slack                                  0.227    

Slack (MET) :             0.242ns  (arrival time - required time)
  Source:                 m0/div_res_reg[10]/C
                            (rising edge-triggered cell FDRE clocked by clk  {rise@0.000ns fall@5.000ns period=10.000ns})
  Destination:            m0/div_res_reg[11]/D
                            (rising edge-triggered cell FDRE clocked by clk  {rise@0.000ns fall@5.000ns period=10.000ns})
  Path Group:             clk
  Path Type:              Hold (Min at Fast Process Corner)
  Requirement:            0.000ns  (clk rise@0.000ns - clk rise@0.000ns)
  Data Path Delay:        0.313ns  (logic 0.203ns (64.761%)  route 0.110ns (35.239%))
  Logic Levels:           1  (CARRY4=1)
  Clock Path Skew:        0.000ns (DCD - SCD - CPR)
    Destination Clock Delay (DCD):    2.226ns
    Source Clock Delay      (SCD):    1.788ns
    Clock Pessimism Removal (CPR):    0.438ns

    Location             Delay type                Incr(ns)  Path(ns)    Netlist Resource(s)
  -------------------------------------------------------------------    -------------------
                         (clock clk rise edge)        0.000     0.000 r  
    AC18                                              0.000     0.000 r  clk (IN)
                         net (fo=0)                   0.000     0.000    clk
    AC18                 IBUF (Prop_ibuf_I_O)         0.146     0.146 r  clk_IBUF_inst/O
                         net (fo=1, routed)           1.074     1.220    clk_IBUF
    BUFGCTRL_X0Y1        BUFG (Prop_bufg_I_O)         0.026     1.246 r  clk_IBUF_BUFG_inst/O
                         net (fo=19, routed)          0.542     1.788    m0/clk
    SLICE_X56Y147        FDRE                                         r  m0/div_res_reg[10]/C
  -------------------------------------------------------------------    -------------------
    SLICE_X56Y147        FDRE (Prop_fdre_C_Q)         0.100     1.888 r  m0/div_res_reg[10]/Q
                         net (fo=1, routed)           0.110     1.998    m0/div_res_reg_n_0_[10]
    SLICE_X56Y147        CARRY4 (Prop_carry4_S[2]_O[3])
                                                      0.103     2.101 r  m0/div_res_reg[8]_i_1/O[3]
                         net (fo=1, routed)           0.000     2.101    m0/div_res_reg[8]_i_1_n_4
    SLICE_X56Y147        FDRE                                         r  m0/div_res_reg[11]/D
  -------------------------------------------------------------------    -------------------

                         (clock clk rise edge)        0.000     0.000 r  
    AC18                                              0.000     0.000 r  clk (IN)
                         net (fo=0)                   0.000     0.000    clk
    AC18                 IBUF (Prop_ibuf_I_O)         0.312     0.312 r  clk_IBUF_inst/O
                         net (fo=1, routed)           1.143     1.455    clk_IBUF
    BUFGCTRL_X0Y1        BUFG (Prop_bufg_I_O)         0.030     1.485 r  clk_IBUF_BUFG_inst/O
                         net (fo=19, routed)          0.741     2.226    m0/clk
    SLICE_X56Y147        FDRE                                         r  m0/div_res_reg[11]/C
                         clock pessimism             -0.438     1.788    
    SLICE_X56Y147        FDRE (Hold_fdre_C_D)         0.071     1.859    m0/div_res_reg[11]
  -------------------------------------------------------------------
                         required time                         -1.859    
                         arrival time                           2.101    
  -------------------------------------------------------------------
                         slack                                  0.242    

Slack (MET) :             0.242ns  (arrival time - required time)
  Source:                 m0/div_res_reg[14]/C
                            (rising edge-triggered cell FDRE clocked by clk  {rise@0.000ns fall@5.000ns period=10.000ns})
  Destination:            m0/div_res_reg[15]/D
                            (rising edge-triggered cell FDRE clocked by clk  {rise@0.000ns fall@5.000ns period=10.000ns})
  Path Group:             clk
  Path Type:              Hold (Min at Fast Process Corner)
  Requirement:            0.000ns  (clk rise@0.000ns - clk rise@0.000ns)
  Data Path Delay:        0.313ns  (logic 0.203ns (64.761%)  route 0.110ns (35.239%))
  Logic Levels:           1  (CARRY4=1)
  Clock Path Skew:        0.000ns (DCD - SCD - CPR)
    Destination Clock Delay (DCD):    2.226ns
    Source Clock Delay      (SCD):    1.788ns
    Clock Pessimism Removal (CPR):    0.438ns

    Location             Delay type                Incr(ns)  Path(ns)    Netlist Resource(s)
  -------------------------------------------------------------------    -------------------
                         (clock clk rise edge)        0.000     0.000 r  
    AC18                                              0.000     0.000 r  clk (IN)
                         net (fo=0)                   0.000     0.000    clk
    AC18                 IBUF (Prop_ibuf_I_O)         0.146     0.146 r  clk_IBUF_inst/O
                         net (fo=1, routed)           1.074     1.220    clk_IBUF
    BUFGCTRL_X0Y1        BUFG (Prop_bufg_I_O)         0.026     1.246 r  clk_IBUF_BUFG_inst/O
                         net (fo=19, routed)          0.542     1.788    m0/clk
    SLICE_X56Y148        FDRE                                         r  m0/div_res_reg[14]/C
  -------------------------------------------------------------------    -------------------
    SLICE_X56Y148        FDRE (Prop_fdre_C_Q)         0.100     1.888 r  m0/div_res_reg[14]/Q
                         net (fo=1, routed)           0.110     1.998    m0/div_res_reg_n_0_[14]
    SLICE_X56Y148        CARRY4 (Prop_carry4_S[2]_O[3])
                                                      0.103     2.101 r  m0/div_res_reg[12]_i_1/O[3]
                         net (fo=1, routed)           0.000     2.101    m0/div_res_reg[12]_i_1_n_4
    SLICE_X56Y148        FDRE                                         r  m0/div_res_reg[15]/D
  -------------------------------------------------------------------    -------------------

                         (clock clk rise edge)        0.000     0.000 r  
    AC18                                              0.000     0.000 r  clk (IN)
                         net (fo=0)                   0.000     0.000    clk
    AC18                 IBUF (Prop_ibuf_I_O)         0.312     0.312 r  clk_IBUF_inst/O
                         net (fo=1, routed)           1.143     1.455    clk_IBUF
    BUFGCTRL_X0Y1        BUFG (Prop_bufg_I_O)         0.030     1.485 r  clk_IBUF_BUFG_inst/O
                         net (fo=19, routed)          0.741     2.226    m0/clk
    SLICE_X56Y148        FDRE                                         r  m0/div_res_reg[15]/C
                         clock pessimism             -0.438     1.788    
    SLICE_X56Y148        FDRE (Hold_fdre_C_D)         0.071     1.859    m0/div_res_reg[15]
  -------------------------------------------------------------------
                         required time                         -1.859    
                         arrival time                           2.101    
  -------------------------------------------------------------------
                         slack                                  0.242    

Slack (MET) :             0.242ns  (arrival time - required time)
  Source:                 m0/div_res_reg[2]/C
                            (rising edge-triggered cell FDRE clocked by clk  {rise@0.000ns fall@5.000ns period=10.000ns})
  Destination:            m0/div_res_reg[3]/D
                            (rising edge-triggered cell FDRE clocked by clk  {rise@0.000ns fall@5.000ns period=10.000ns})
  Path Group:             clk
  Path Type:              Hold (Min at Fast Process Corner)
  Requirement:            0.000ns  (clk rise@0.000ns - clk rise@0.000ns)
  Data Path Delay:        0.313ns  (logic 0.203ns (64.761%)  route 0.110ns (35.239%))
  Logic Levels:           1  (CARRY4=1)
  Clock Path Skew:        0.000ns (DCD - SCD - CPR)
    Destination Clock Delay (DCD):    2.225ns
    Source Clock Delay      (SCD):    1.787ns
    Clock Pessimism Removal (CPR):    0.438ns

    Location             Delay type                Incr(ns)  Path(ns)    Netlist Resource(s)
  -------------------------------------------------------------------    -------------------
                         (clock clk rise edge)        0.000     0.000 r  
    AC18                                              0.000     0.000 r  clk (IN)
                         net (fo=0)                   0.000     0.000    clk
    AC18                 IBUF (Prop_ibuf_I_O)         0.146     0.146 r  clk_IBUF_inst/O
                         net (fo=1, routed)           1.074     1.220    clk_IBUF
    BUFGCTRL_X0Y1        BUFG (Prop_bufg_I_O)         0.026     1.246 r  clk_IBUF_BUFG_inst/O
                         net (fo=19, routed)          0.541     1.787    m0/clk
    SLICE_X56Y145        FDRE                                         r  m0/div_res_reg[2]/C
  -------------------------------------------------------------------    -------------------
    SLICE_X56Y145        FDRE (Prop_fdre_C_Q)         0.100     1.887 r  m0/div_res_reg[2]/Q
                         net (fo=1, routed)           0.110     1.997    m0/div_res_reg_n_0_[2]
    SLICE_X56Y145        CARRY4 (Prop_carry4_S[2]_O[3])
                                                      0.103     2.100 r  m0/div_res_reg[0]_i_1/O[3]
                         net (fo=1, routed)           0.000     2.100    m0/div_res_reg[0]_i_1_n_4
    SLICE_X56Y145        FDRE                                         r  m0/div_res_reg[3]/D
  -------------------------------------------------------------------    -------------------

                         (clock clk rise edge)        0.000     0.000 r  
    AC18                                              0.000     0.000 r  clk (IN)
                         net (fo=0)                   0.000     0.000    clk
    AC18                 IBUF (Prop_ibuf_I_O)         0.312     0.312 r  clk_IBUF_inst/O
                         net (fo=1, routed)           1.143     1.455    clk_IBUF
    BUFGCTRL_X0Y1        BUFG (Prop_bufg_I_O)         0.030     1.485 r  clk_IBUF_BUFG_inst/O
                         net (fo=19, routed)          0.740     2.225    m0/clk
    SLICE_X56Y145        FDRE                                         r  m0/div_res_reg[3]/C
                         clock pessimism             -0.438     1.787    
    SLICE_X56Y145        FDRE (Hold_fdre_C_D)         0.071     1.858    m0/div_res_reg[3]
  -------------------------------------------------------------------
                         required time                         -1.858    
                         arrival time                           2.100    
  -------------------------------------------------------------------
                         slack                                  0.242    

Slack (MET) :             0.242ns  (arrival time - required time)
  Source:                 m0/div_res_reg[6]/C
                            (rising edge-triggered cell FDRE clocked by clk  {rise@0.000ns fall@5.000ns period=10.000ns})
  Destination:            m0/div_res_reg[7]/D
                            (rising edge-triggered cell FDRE clocked by clk  {rise@0.000ns fall@5.000ns period=10.000ns})
  Path Group:             clk
  Path Type:              Hold (Min at Fast Process Corner)
  Requirement:            0.000ns  (clk rise@0.000ns - clk rise@0.000ns)
  Data Path Delay:        0.313ns  (logic 0.203ns (64.761%)  route 0.110ns (35.239%))
  Logic Levels:           1  (CARRY4=1)
  Clock Path Skew:        0.000ns (DCD - SCD - CPR)
    Destination Clock Delay (DCD):    2.225ns
    Source Clock Delay      (SCD):    1.787ns
    Clock Pessimism Removal (CPR):    0.438ns

    Location             Delay type                Incr(ns)  Path(ns)    Netlist Resource(s)
  -------------------------------------------------------------------    -------------------
                         (clock clk rise edge)        0.000     0.000 r  
    AC18                                              0.000     0.000 r  clk (IN)
                         net (fo=0)                   0.000     0.000    clk
    AC18                 IBUF (Prop_ibuf_I_O)         0.146     0.146 r  clk_IBUF_inst/O
                         net (fo=1, routed)           1.074     1.220    clk_IBUF
    BUFGCTRL_X0Y1        BUFG (Prop_bufg_I_O)         0.026     1.246 r  clk_IBUF_BUFG_inst/O
                         net (fo=19, routed)          0.541     1.787    m0/clk
    SLICE_X56Y146        FDRE                                         r  m0/div_res_reg[6]/C
  -------------------------------------------------------------------    -------------------
    SLICE_X56Y146        FDRE (Prop_fdre_C_Q)         0.100     1.887 r  m0/div_res_reg[6]/Q
                         net (fo=1, routed)           0.110     1.997    m0/div_res_reg_n_0_[6]
    SLICE_X56Y146        CARRY4 (Prop_carry4_S[2]_O[3])
                                                      0.103     2.100 r  m0/div_res_reg[4]_i_1/O[3]
                         net (fo=1, routed)           0.000     2.100    m0/div_res_reg[4]_i_1_n_4
    SLICE_X56Y146        FDRE                                         r  m0/div_res_reg[7]/D
  -------------------------------------------------------------------    -------------------

                         (clock clk rise edge)        0.000     0.000 r  
    AC18                                              0.000     0.000 r  clk (IN)
                         net (fo=0)                   0.000     0.000    clk
    AC18                 IBUF (Prop_ibuf_I_O)         0.312     0.312 r  clk_IBUF_inst/O
                         net (fo=1, routed)           1.143     1.455    clk_IBUF
    BUFGCTRL_X0Y1        BUFG (Prop_bufg_I_O)         0.030     1.485 r  clk_IBUF_BUFG_inst/O
                         net (fo=19, routed)          0.740     2.225    m0/clk
    SLICE_X56Y146        FDRE                                         r  m0/div_res_reg[7]/C
                         clock pessimism             -0.438     1.787    
    SLICE_X56Y146        FDRE (Hold_fdre_C_D)         0.071     1.858    m0/div_res_reg[7]
  -------------------------------------------------------------------
                         required time                         -1.858    
                         arrival time                           2.100    
  -------------------------------------------------------------------
                         slack                                  0.242    

Slack (MET) :             0.247ns  (arrival time - required time)
  Source:                 m0/div_res_reg[0]/C
                            (rising edge-triggered cell FDRE clocked by clk  {rise@0.000ns fall@5.000ns period=10.000ns})
  Destination:            m0/div_res_reg[0]/D
                            (rising edge-triggered cell FDRE clocked by clk  {rise@0.000ns fall@5.000ns period=10.000ns})
  Path Group:             clk
  Path Type:              Hold (Min at Fast Process Corner)
  Requirement:            0.000ns  (clk rise@0.000ns - clk rise@0.000ns)
  Data Path Delay:        0.318ns  (logic 0.183ns (57.554%)  route 0.135ns (42.446%))
  Logic Levels:           2  (CARRY4=1 LUT1=1)
  Clock Path Skew:        0.000ns (DCD - SCD - CPR)
    Destination Clock Delay (DCD):    2.225ns
    Source Clock Delay      (SCD):    1.787ns
    Clock Pessimism Removal (CPR):    0.438ns

    Location             Delay type                Incr(ns)  Path(ns)    Netlist Resource(s)
  -------------------------------------------------------------------    -------------------
                         (clock clk rise edge)        0.000     0.000 r  
    AC18                                              0.000     0.000 r  clk (IN)
                         net (fo=0)                   0.000     0.000    clk
    AC18                 IBUF (Prop_ibuf_I_O)         0.146     0.146 r  clk_IBUF_inst/O
                         net (fo=1, routed)           1.074     1.220    clk_IBUF
    BUFGCTRL_X0Y1        BUFG (Prop_bufg_I_O)         0.026     1.246 r  clk_IBUF_BUFG_inst/O
                         net (fo=19, routed)          0.541     1.787    m0/clk
    SLICE_X56Y145        FDRE                                         r  m0/div_res_reg[0]/C
  -------------------------------------------------------------------    -------------------
    SLICE_X56Y145        FDRE (Prop_fdre_C_Q)         0.100     1.887 f  m0/div_res_reg[0]/Q
                         net (fo=1, routed)           0.135     2.022    m0/div_res_reg_n_0_[0]
    SLICE_X56Y145        LUT1 (Prop_lut1_I0_O)        0.028     2.050 r  m0/div_res[0]_i_2/O
                         net (fo=1, routed)           0.000     2.050    m0/div_res[0]_i_2_n_0
    SLICE_X56Y145        CARRY4 (Prop_carry4_S[0]_O[0])
                                                      0.055     2.105 r  m0/div_res_reg[0]_i_1/O[0]
                         net (fo=1, routed)           0.000     2.105    m0/div_res_reg[0]_i_1_n_7
    SLICE_X56Y145        FDRE                                         r  m0/div_res_reg[0]/D
  -------------------------------------------------------------------    -------------------

                         (clock clk rise edge)        0.000     0.000 r  
    AC18                                              0.000     0.000 r  clk (IN)
                         net (fo=0)                   0.000     0.000    clk
    AC18                 IBUF (Prop_ibuf_I_O)         0.312     0.312 r  clk_IBUF_inst/O
                         net (fo=1, routed)           1.143     1.455    clk_IBUF
    BUFGCTRL_X0Y1        BUFG (Prop_bufg_I_O)         0.030     1.485 r  clk_IBUF_BUFG_inst/O
                         net (fo=19, routed)          0.740     2.225    m0/clk
    SLICE_X56Y145        FDRE                                         r  m0/div_res_reg[0]/C
                         clock pessimism             -0.438     1.787    
    SLICE_X56Y145        FDRE (Hold_fdre_C_D)         0.071     1.858    m0/div_res_reg[0]
  -------------------------------------------------------------------
                         required time                         -1.858    
                         arrival time                           2.105    
  -------------------------------------------------------------------
                         slack                                  0.247    





Pulse Width Checks
--------------------------------------------------------------------------------------
Clock Name:         clk
Waveform(ns):       { 0.000 5.000 }
Period(ns):         10.000
Sources:            { clk }

Check Type        Corner  Lib Pin  Reference Pin  Required(ns)  Actual(ns)  Slack(ns)  Location       Pin
Min Period        n/a     BUFG/I   n/a            1.408         10.000      8.591      BUFGCTRL_X0Y1  clk_IBUF_BUFG_inst/I
Min Period        n/a     FDRE/C   n/a            0.700         10.000      9.300      SLICE_X56Y145  m0/div_res_reg[0]/C
Min Period        n/a     FDRE/C   n/a            0.700         10.000      9.300      SLICE_X56Y147  m0/div_res_reg[10]/C
Min Period        n/a     FDRE/C   n/a            0.700         10.000      9.300      SLICE_X56Y147  m0/div_res_reg[11]/C
Min Period        n/a     FDRE/C   n/a            0.700         10.000      9.300      SLICE_X56Y148  m0/div_res_reg[12]/C
Min Period        n/a     FDRE/C   n/a            0.700         10.000      9.300      SLICE_X56Y148  m0/div_res_reg[13]/C
Min Period        n/a     FDRE/C   n/a            0.700         10.000      9.300      SLICE_X56Y148  m0/div_res_reg[14]/C
Min Period        n/a     FDRE/C   n/a            0.700         10.000      9.300      SLICE_X56Y148  m0/div_res_reg[15]/C
Min Period        n/a     FDRE/C   n/a            0.700         10.000      9.300      SLICE_X56Y149  m0/div_res_reg[16]/C
Min Period        n/a     FDRE/C   n/a            0.700         10.000      9.300      SLICE_X56Y149  m0/div_res_reg[17]/C
Low Pulse Width   Slow    FDRE/C   n/a            0.350         5.000       4.650      SLICE_X56Y145  m0/div_res_reg[0]/C
Low Pulse Width   Slow    FDRE/C   n/a            0.350         5.000       4.650      SLICE_X56Y147  m0/div_res_reg[10]/C
Low Pulse Width   Slow    FDRE/C   n/a            0.350         5.000       4.650      SLICE_X56Y147  m0/div_res_reg[11]/C
Low Pulse Width   Slow    FDRE/C   n/a            0.350         5.000       4.650      SLICE_X56Y148  m0/div_res_reg[12]/C
Low Pulse Width   Slow    FDRE/C   n/a            0.350         5.000       4.650      SLICE_X56Y148  m0/div_res_reg[13]/C
Low Pulse Width   Slow    FDRE/C   n/a            0.350         5.000       4.650      SLICE_X56Y148  m0/div_res_reg[14]/C
Low Pulse Width   Slow    FDRE/C   n/a            0.350         5.000       4.650      SLICE_X56Y148  m0/div_res_reg[15]/C
Low Pulse Width   Slow    FDRE/C   n/a            0.350         5.000       4.650      SLICE_X56Y149  m0/div_res_reg[16]/C
Low Pulse Width   Slow    FDRE/C   n/a            0.350         5.000       4.650      SLICE_X56Y149  m0/div_res_reg[17]/C
Low Pulse Width   Slow    FDRE/C   n/a            0.350         5.000       4.650      SLICE_X56Y149  m0/div_res_reg[18]/C
High Pulse Width  Fast    FDRE/C   n/a            0.350         5.000       4.650      SLICE_X56Y145  m0/div_res_reg[0]/C
High Pulse Width  Fast    FDRE/C   n/a            0.350         5.000       4.650      SLICE_X56Y147  m0/div_res_reg[10]/C
High Pulse Width  Fast    FDRE/C   n/a            0.350         5.000       4.650      SLICE_X56Y147  m0/div_res_reg[11]/C
High Pulse Width  Fast    FDRE/C   n/a            0.350         5.000       4.650      SLICE_X56Y148  m0/div_res_reg[12]/C
High Pulse Width  Fast    FDRE/C   n/a            0.350         5.000       4.650      SLICE_X56Y148  m0/div_res_reg[13]/C
High Pulse Width  Fast    FDRE/C   n/a            0.350         5.000       4.650      SLICE_X56Y148  m0/div_res_reg[14]/C
High Pulse Width  Fast    FDRE/C   n/a            0.350         5.000       4.650      SLICE_X56Y148  m0/div_res_reg[15]/C
High Pulse Width  Fast    FDRE/C   n/a            0.350         5.000       4.650      SLICE_X56Y149  m0/div_res_reg[16]/C
High Pulse Width  Fast    FDRE/C   n/a            0.350         5.000       4.650      SLICE_X56Y149  m0/div_res_reg[17]/C
High Pulse Width  Fast    FDRE/C   n/a            0.350         5.000       4.650      SLICE_X56Y149  m0/div_res_reg[18]/C



