
*** Running vivado
    with args -log Top.vds -m64 -product Vivado -mode batch -messageDb vivado.pb -notrace -source Top.tcl



****** Vivado v2020.2 (64-bit)
  **** SW Build 3064766 on Wed Nov 18 09:12:45 MST 2020
  **** IP Build 3064653 on Wed Nov 18 14:17:31 MST 2020
    ** Copyright 1986-2020 Xilinx, Inc. All Rights Reserved.

source Top.tcl -notrace
Command: synth_design -top Top -part xc7k160tffg676-2L
Starting synth_design
Attempting to get a license for feature 'Synthesis' and/or device 'xc7k160t'
INFO: [Common 17-349] Got license for feature 'Synthesis' and/or device 'xc7k160t'
INFO: [Device 21-403] Loading part xc7k160tffg676-2L
INFO: [Synth 8-7079] Multithreading enabled for synth_design using a maximum of 2 processes.
INFO: [Synth 8-7078] Launching helper process for spawning children vivado processes
INFO: [Synth 8-7075] Helper process launched with PID 23548
---------------------------------------------------------------------------------
Starting RTL Elaboration : Time (s): cpu = 00:00:02 ; elapsed = 00:00:02 . Memory (MB): peak = 1101.535 ; gain = 0.000
---------------------------------------------------------------------------------
INFO: [Synth 8-6157] synthesizing module 'Top' [C:/Users/Littlebanbrick/Desktop/DLD/Experiments/Lab_B/Register/Register.srcs/sources_1/new/Top.v:1]
INFO: [Synth 8-6157] synthesizing module 'clkdiv' [C:/Users/Littlebanbrick/Desktop/DLD/Experiments/Lab_A/DisplayNumber/DisplayNumber/verilog/circuit/clkdiv.v:1]
INFO: [Synth 8-6155] done synthesizing module 'clkdiv' (1#1) [C:/Users/Littlebanbrick/Desktop/DLD/Experiments/Lab_A/DisplayNumber/DisplayNumber/verilog/circuit/clkdiv.v:1]
INFO: [Synth 8-6157] synthesizing module 'pbdebounce' [C:/Users/Littlebanbrick/Desktop/DLD/Experiments/Lab_B/Register/Register.srcs/sources_1/new/pbdebounce.v:1]
INFO: [Synth 8-6155] done synthesizing module 'pbdebounce' (2#1) [C:/Users/Littlebanbrick/Desktop/DLD/Experiments/Lab_B/Register/Register.srcs/sources_1/new/pbdebounce.v:1]
INFO: [Synth 8-6157] synthesizing module 'AddSub4b' [C:/Users/Littlebanbrick/Desktop/DLD/Experiments/8th_experiment/AddSub4b/AddSub4b/verilog/circuit/AddSub4b.v:9]
INFO: [Synth 8-6157] synthesizing module 'XOR_GATE_ONEHOT' [C:/Users/Littlebanbrick/Desktop/DLD/Experiments/8th_experiment/AddSub4b/AddSub4b/verilog/gates/XOR_GATE_ONEHOT.v:9]
	Parameter BubblesMask bound to: 65'b00000000000000000000000000000000000000000000000000000000000000000 
INFO: [Synth 8-6155] done synthesizing module 'XOR_GATE_ONEHOT' (3#1) [C:/Users/Littlebanbrick/Desktop/DLD/Experiments/8th_experiment/AddSub4b/AddSub4b/verilog/gates/XOR_GATE_ONEHOT.v:9]
INFO: [Synth 8-6157] synthesizing module 'Adder1b' [C:/Users/Littlebanbrick/Desktop/DLD/Experiments/8th_experiment/AddSub4b/AddSub4b/verilog/circuit/Adder1b.v:9]
INFO: [Synth 8-6157] synthesizing module 'AND_GATE' [C:/Users/Littlebanbrick/Desktop/DLD/Experiments/Lab_A/DisplayNumber/DisplayNumber/verilog/gates/AND_GATE.v:9]
	Parameter BubblesMask bound to: 65'b00000000000000000000000000000000000000000000000000000000000000000 
INFO: [Synth 8-6155] done synthesizing module 'AND_GATE' (4#1) [C:/Users/Littlebanbrick/Desktop/DLD/Experiments/Lab_A/DisplayNumber/DisplayNumber/verilog/gates/AND_GATE.v:9]
INFO: [Synth 8-6157] synthesizing module 'XOR_GATE_3_INPUTS_ONEHOT' [C:/Users/Littlebanbrick/Desktop/DLD/Experiments/8th_experiment/AddSub4b/AddSub4b/verilog/gates/XOR_GATE_3_INPUTS_ONEHOT.v:9]
	Parameter BubblesMask bound to: 65'b00000000000000000000000000000000000000000000000000000000000000000 
INFO: [Synth 8-6155] done synthesizing module 'XOR_GATE_3_INPUTS_ONEHOT' (5#1) [C:/Users/Littlebanbrick/Desktop/DLD/Experiments/8th_experiment/AddSub4b/AddSub4b/verilog/gates/XOR_GATE_3_INPUTS_ONEHOT.v:9]
INFO: [Synth 8-6155] done synthesizing module 'Adder1b' (6#1) [C:/Users/Littlebanbrick/Desktop/DLD/Experiments/8th_experiment/AddSub4b/AddSub4b/verilog/circuit/Adder1b.v:9]
INFO: [Synth 8-6155] done synthesizing module 'AddSub4b' (7#1) [C:/Users/Littlebanbrick/Desktop/DLD/Experiments/8th_experiment/AddSub4b/AddSub4b/verilog/circuit/AddSub4b.v:9]
WARNING: [Synth 8-7071] port 'Cout' of module 'AddSub4b' is unconnected for instance 'm4' [C:/Users/Littlebanbrick/Desktop/DLD/Experiments/Lab_B/Register/Register.srcs/sources_1/new/Top.v:41]
WARNING: [Synth 8-7023] instance 'm4' of module 'AddSub4b' has 5 connections declared, but only 4 given [C:/Users/Littlebanbrick/Desktop/DLD/Experiments/Lab_B/Register/Register.srcs/sources_1/new/Top.v:41]
WARNING: [Synth 8-7071] port 'Cout' of module 'AddSub4b' is unconnected for instance 'm5' [C:/Users/Littlebanbrick/Desktop/DLD/Experiments/Lab_B/Register/Register.srcs/sources_1/new/Top.v:42]
WARNING: [Synth 8-7023] instance 'm5' of module 'AddSub4b' has 5 connections declared, but only 4 given [C:/Users/Littlebanbrick/Desktop/DLD/Experiments/Lab_B/Register/Register.srcs/sources_1/new/Top.v:42]
INFO: [Synth 8-6157] synthesizing module 'Mux4to1b4' [C:/Users/Littlebanbrick/Desktop/DLD/Experiments/Lab_A/DisplayNumber/DisplayNumber/verilog/circuit/Mux4to1b4.v:9]
INFO: [Synth 8-6157] synthesizing module 'OR_GATE_4_INPUTS' [C:/Users/Littlebanbrick/Desktop/DLD/Experiments/Lab_A/DisplayNumber/DisplayNumber/verilog/gates/OR_GATE_4_INPUTS.v:9]
	Parameter BubblesMask bound to: 65'b00000000000000000000000000000000000000000000000000000000000000000 
INFO: [Synth 8-6155] done synthesizing module 'OR_GATE_4_INPUTS' (8#1) [C:/Users/Littlebanbrick/Desktop/DLD/Experiments/Lab_A/DisplayNumber/DisplayNumber/verilog/gates/OR_GATE_4_INPUTS.v:9]
INFO: [Synth 8-6155] done synthesizing module 'Mux4to1b4' (9#1) [C:/Users/Littlebanbrick/Desktop/DLD/Experiments/Lab_A/DisplayNumber/DisplayNumber/verilog/circuit/Mux4to1b4.v:9]
INFO: [Synth 8-6157] synthesizing module 'ALU' [C:/Users/Littlebanbrick/Desktop/DLD/Experiments/8th_experiment/ALU/ALU/verilog/circuit/ALU.v:9]
INFO: [Synth 8-6157] synthesizing module 'And2b4' [C:/Users/Littlebanbrick/Desktop/DLD/Experiments/8th_experiment/ALU/ALU/verilog/circuit/And2b4.v:9]
INFO: [Synth 8-6155] done synthesizing module 'And2b4' (10#1) [C:/Users/Littlebanbrick/Desktop/DLD/Experiments/8th_experiment/ALU/ALU/verilog/circuit/And2b4.v:9]
INFO: [Synth 8-6157] synthesizing module 'Or2b4' [C:/Users/Littlebanbrick/Desktop/DLD/Experiments/8th_experiment/ALU/ALU/verilog/circuit/Or2b4.v:9]
INFO: [Synth 8-6157] synthesizing module 'OR_GATE' [C:/Users/Littlebanbrick/Desktop/DLD/Experiments/Lab_A/DisplayNumber/DisplayNumber/verilog/gates/OR_GATE.v:9]
	Parameter BubblesMask bound to: 65'b00000000000000000000000000000000000000000000000000000000000000000 
INFO: [Synth 8-6155] done synthesizing module 'OR_GATE' (11#1) [C:/Users/Littlebanbrick/Desktop/DLD/Experiments/Lab_A/DisplayNumber/DisplayNumber/verilog/gates/OR_GATE.v:9]
INFO: [Synth 8-6155] done synthesizing module 'Or2b4' (12#1) [C:/Users/Littlebanbrick/Desktop/DLD/Experiments/8th_experiment/ALU/ALU/verilog/circuit/Or2b4.v:9]
INFO: [Synth 8-6157] synthesizing module 'Mux4to1' [C:/Users/Littlebanbrick/Desktop/DLD/Experiments/Lab_A/DisplayNumber/DisplayNumber/verilog/circuit/Mux4to1.v:9]
INFO: [Synth 8-6155] done synthesizing module 'Mux4to1' (13#1) [C:/Users/Littlebanbrick/Desktop/DLD/Experiments/Lab_A/DisplayNumber/DisplayNumber/verilog/circuit/Mux4to1.v:9]
INFO: [Synth 8-6155] done synthesizing module 'ALU' (14#1) [C:/Users/Littlebanbrick/Desktop/DLD/Experiments/8th_experiment/ALU/ALU/verilog/circuit/ALU.v:9]
INFO: [Synth 8-6157] synthesizing module 'DisplayNumber' [C:/Users/Littlebanbrick/Desktop/DLD/Experiments/Lab_A/DisplayNumber/DisplayNumber/verilog/circuit/DisplayNumber.v:9]
INFO: [Synth 8-6157] synthesizing module 'MyMC14495' [C:/Users/Littlebanbrick/Desktop/DLD/Experiments/Lab_A/DisplayNumber/DisplayNumber/verilog/circuit/MyMC14495.v:9]
INFO: [Synth 8-6157] synthesizing module 'AND_GATE_3_INPUTS' [C:/Users/Littlebanbrick/Desktop/DLD/Experiments/Lab_A/DisplayNumber/DisplayNumber/verilog/gates/AND_GATE_3_INPUTS.v:9]
	Parameter BubblesMask bound to: 65'b00000000000000000000000000000000000000000000000000000000000000000 
INFO: [Synth 8-6155] done synthesizing module 'AND_GATE_3_INPUTS' (15#1) [C:/Users/Littlebanbrick/Desktop/DLD/Experiments/Lab_A/DisplayNumber/DisplayNumber/verilog/gates/AND_GATE_3_INPUTS.v:9]
INFO: [Synth 8-6157] synthesizing module 'AND_GATE_4_INPUTS' [C:/Users/Littlebanbrick/Desktop/DLD/Experiments/Lab_A/DisplayNumber/DisplayNumber/verilog/gates/AND_GATE_4_INPUTS.v:9]
	Parameter BubblesMask bound to: 65'b00000000000000000000000000000000000000000000000000000000000000000 
INFO: [Synth 8-6155] done synthesizing module 'AND_GATE_4_INPUTS' (16#1) [C:/Users/Littlebanbrick/Desktop/DLD/Experiments/Lab_A/DisplayNumber/DisplayNumber/verilog/gates/AND_GATE_4_INPUTS.v:9]
INFO: [Synth 8-6157] synthesizing module 'OR_GATE_3_INPUTS' [C:/Users/Littlebanbrick/Desktop/DLD/Experiments/Lab_A/DisplayNumber/DisplayNumber/verilog/gates/OR_GATE_3_INPUTS.v:9]
	Parameter BubblesMask bound to: 65'b00000000000000000000000000000000000000000000000000000000000000000 
INFO: [Synth 8-6155] done synthesizing module 'OR_GATE_3_INPUTS' (17#1) [C:/Users/Littlebanbrick/Desktop/DLD/Experiments/Lab_A/DisplayNumber/DisplayNumber/verilog/gates/OR_GATE_3_INPUTS.v:9]
INFO: [Synth 8-6155] done synthesizing module 'MyMC14495' (18#1) [C:/Users/Littlebanbrick/Desktop/DLD/Experiments/Lab_A/DisplayNumber/DisplayNumber/verilog/circuit/MyMC14495.v:9]
INFO: [Synth 8-6157] synthesizing module 'DisplaySync' [C:/Users/Littlebanbrick/Desktop/DLD/Experiments/Lab_A/DisplayNumber/DisplayNumber/verilog/circuit/DisplaySync.v:9]
INFO: [Synth 8-6155] done synthesizing module 'DisplaySync' (19#1) [C:/Users/Littlebanbrick/Desktop/DLD/Experiments/Lab_A/DisplayNumber/DisplayNumber/verilog/circuit/DisplaySync.v:9]
INFO: [Synth 8-6155] done synthesizing module 'DisplayNumber' (20#1) [C:/Users/Littlebanbrick/Desktop/DLD/Experiments/Lab_A/DisplayNumber/DisplayNumber/verilog/circuit/DisplayNumber.v:9]
INFO: [Synth 8-6155] done synthesizing module 'Top' (21#1) [C:/Users/Littlebanbrick/Desktop/DLD/Experiments/Lab_B/Register/Register.srcs/sources_1/new/Top.v:1]
---------------------------------------------------------------------------------
Finished RTL Elaboration : Time (s): cpu = 00:00:02 ; elapsed = 00:00:02 . Memory (MB): peak = 1101.535 ; gain = 0.000
---------------------------------------------------------------------------------
---------------------------------------------------------------------------------
Start Handling Custom Attributes
---------------------------------------------------------------------------------
---------------------------------------------------------------------------------
Finished Handling Custom Attributes : Time (s): cpu = 00:00:02 ; elapsed = 00:00:03 . Memory (MB): peak = 1101.535 ; gain = 0.000
---------------------------------------------------------------------------------
---------------------------------------------------------------------------------
Finished RTL Optimization Phase 1 : Time (s): cpu = 00:00:02 ; elapsed = 00:00:03 . Memory (MB): peak = 1101.535 ; gain = 0.000
---------------------------------------------------------------------------------
Netlist sorting complete. Time (s): cpu = 00:00:00 ; elapsed = 00:00:00.002 . Memory (MB): peak = 1101.535 ; gain = 0.000
INFO: [Project 1-570] Preparing netlist for logic optimization

Processing XDC Constraints
Initializing timing engine
Parsing XDC File [C:/Users/Littlebanbrick/Desktop/DLD/Experiments/Lab_B/Register/Register.srcs/constrs_1/new/constraints_labB.xdc]
Finished Parsing XDC File [C:/Users/Littlebanbrick/Desktop/DLD/Experiments/Lab_B/Register/Register.srcs/constrs_1/new/constraints_labB.xdc]
INFO: [Project 1-236] Implementation specific constraints were found while reading constraint file [C:/Users/Littlebanbrick/Desktop/DLD/Experiments/Lab_B/Register/Register.srcs/constrs_1/new/constraints_labB.xdc]. These constraints will be ignored for synthesis but will be used in implementation. Impacted constraints are listed in the file [.Xil/Top_propImpl.xdc].
Resolution: To avoid this warning, move constraints listed in [.Xil/Top_propImpl.xdc] to another XDC file and exclude this new file from synthesis with the used_in_synthesis property (File Properties dialog in GUI) and re-run elaboration/synthesis.
Completed Processing XDC Constraints

Netlist sorting complete. Time (s): cpu = 00:00:00 ; elapsed = 00:00:00 . Memory (MB): peak = 1168.668 ; gain = 0.000
INFO: [Project 1-111] Unisim Transformation Summary:
No Unisim elements were transformed.

Constraint Validation Runtime : Time (s): cpu = 00:00:00 ; elapsed = 00:00:00.003 . Memory (MB): peak = 1168.668 ; gain = 0.000
---------------------------------------------------------------------------------
Finished Constraint Validation : Time (s): cpu = 00:00:05 ; elapsed = 00:00:06 . Memory (MB): peak = 1168.668 ; gain = 67.133
---------------------------------------------------------------------------------
---------------------------------------------------------------------------------
Start Loading Part and Timing Information
---------------------------------------------------------------------------------
Loading part: xc7k160tffg676-2L
---------------------------------------------------------------------------------
Finished Loading Part and Timing Information : Time (s): cpu = 00:00:05 ; elapsed = 00:00:06 . Memory (MB): peak = 1168.668 ; gain = 67.133
---------------------------------------------------------------------------------
---------------------------------------------------------------------------------
Start Applying 'set_property' XDC Constraints
---------------------------------------------------------------------------------
---------------------------------------------------------------------------------
Finished applying 'set_property' XDC Constraints : Time (s): cpu = 00:00:05 ; elapsed = 00:00:06 . Memory (MB): peak = 1168.668 ; gain = 67.133
---------------------------------------------------------------------------------
---------------------------------------------------------------------------------
Finished RTL Optimization Phase 2 : Time (s): cpu = 00:00:05 ; elapsed = 00:00:06 . Memory (MB): peak = 1168.668 ; gain = 67.133
---------------------------------------------------------------------------------
INFO: [Synth 8-223] decloning instance 'm8/MyMC14495_inst/GATES_34' (AND_GATE_3_INPUTS) to 'm8/MyMC14495_inst/GATES_38'
INFO: [Synth 8-223] decloning instance 'm8/MyMC14495_inst/GATES_2' (AND_GATE_4_INPUTS) to 'm8/MyMC14495_inst/GATES_24'
INFO: [Synth 8-223] decloning instance 'm8/MyMC14495_inst/GATES_3' (AND_GATE_4_INPUTS) to 'm8/MyMC14495_inst/GATES_25'
INFO: [Synth 8-223] decloning instance 'm8/MyMC14495_inst/GATES_18' (AND_GATE_4_INPUTS) to 'm8/MyMC14495_inst/GATES_29'
---------------------------------------------------------------------------------
Start RTL Component Statistics 
---------------------------------------------------------------------------------
Detailed RTL Component Info : 
+---Registers : 
	                8 Bit    Registers := 3     
	                4 Bit    Registers := 3     
	                1 Bit    Registers := 3     
+---Muxes : 
	   2 Input    4 Bit        Muxes := 3     
	   2 Input    1 Bit        Muxes := 6     
---------------------------------------------------------------------------------
Finished RTL Component Statistics 
---------------------------------------------------------------------------------
---------------------------------------------------------------------------------
Start Part Resource Summary
---------------------------------------------------------------------------------
Part Resources:
DSPs: 600 (col length:100)
BRAMs: 650 (col length: RAMB18 100 RAMB36 50)
---------------------------------------------------------------------------------
Finished Part Resource Summary
---------------------------------------------------------------------------------
---------------------------------------------------------------------------------
Start Cross Boundary and Area Optimization
---------------------------------------------------------------------------------
---------------------------------------------------------------------------------
Finished Cross Boundary and Area Optimization : Time (s): cpu = 00:00:06 ; elapsed = 00:00:07 . Memory (MB): peak = 1168.668 ; gain = 67.133
---------------------------------------------------------------------------------
---------------------------------------------------------------------------------
Start Applying XDC Timing Constraints
---------------------------------------------------------------------------------
---------------------------------------------------------------------------------
Finished Applying XDC Timing Constraints : Time (s): cpu = 00:00:09 ; elapsed = 00:00:10 . Memory (MB): peak = 1168.668 ; gain = 67.133
---------------------------------------------------------------------------------
---------------------------------------------------------------------------------
Start Timing Optimization
---------------------------------------------------------------------------------
---------------------------------------------------------------------------------
Finished Timing Optimization : Time (s): cpu = 00:00:10 ; elapsed = 00:00:11 . Memory (MB): peak = 1186.953 ; gain = 85.418
---------------------------------------------------------------------------------
---------------------------------------------------------------------------------
Start Technology Mapping
---------------------------------------------------------------------------------
---------------------------------------------------------------------------------
Finished Technology Mapping : Time (s): cpu = 00:00:10 ; elapsed = 00:00:11 . Memory (MB): peak = 1187.566 ; gain = 86.031
---------------------------------------------------------------------------------
---------------------------------------------------------------------------------
Start IO Insertion
---------------------------------------------------------------------------------
---------------------------------------------------------------------------------
Start Flattening Before IO Insertion
---------------------------------------------------------------------------------
---------------------------------------------------------------------------------
Finished Flattening Before IO Insertion
---------------------------------------------------------------------------------
---------------------------------------------------------------------------------
Start Final Netlist Cleanup
---------------------------------------------------------------------------------
---------------------------------------------------------------------------------
Finished Final Netlist Cleanup
---------------------------------------------------------------------------------
---------------------------------------------------------------------------------
Finished IO Insertion : Time (s): cpu = 00:00:11 ; elapsed = 00:00:12 . Memory (MB): peak = 1194.352 ; gain = 92.816
---------------------------------------------------------------------------------
---------------------------------------------------------------------------------
Start Renaming Generated Instances
---------------------------------------------------------------------------------
---------------------------------------------------------------------------------
Finished Renaming Generated Instances : Time (s): cpu = 00:00:11 ; elapsed = 00:00:12 . Memory (MB): peak = 1194.352 ; gain = 92.816
---------------------------------------------------------------------------------
---------------------------------------------------------------------------------
Start Rebuilding User Hierarchy
---------------------------------------------------------------------------------
---------------------------------------------------------------------------------
Finished Rebuilding User Hierarchy : Time (s): cpu = 00:00:11 ; elapsed = 00:00:12 . Memory (MB): peak = 1194.352 ; gain = 92.816
---------------------------------------------------------------------------------
---------------------------------------------------------------------------------
Start Renaming Generated Ports
---------------------------------------------------------------------------------
---------------------------------------------------------------------------------
Finished Renaming Generated Ports : Time (s): cpu = 00:00:11 ; elapsed = 00:00:12 . Memory (MB): peak = 1194.352 ; gain = 92.816
---------------------------------------------------------------------------------
---------------------------------------------------------------------------------
Start Handling Custom Attributes
---------------------------------------------------------------------------------
---------------------------------------------------------------------------------
Finished Handling Custom Attributes : Time (s): cpu = 00:00:11 ; elapsed = 00:00:12 . Memory (MB): peak = 1194.352 ; gain = 92.816
---------------------------------------------------------------------------------
---------------------------------------------------------------------------------
Start Renaming Generated Nets
---------------------------------------------------------------------------------
---------------------------------------------------------------------------------
Finished Renaming Generated Nets : Time (s): cpu = 00:00:11 ; elapsed = 00:00:12 . Memory (MB): peak = 1194.352 ; gain = 92.816
---------------------------------------------------------------------------------
---------------------------------------------------------------------------------
Start Writing Synthesis Report
---------------------------------------------------------------------------------

Report BlackBoxes: 
+-+--------------+----------+
| |BlackBox name |Instances |
+-+--------------+----------+
+-+--------------+----------+

Report Cell Usage: 
+------+-------+------+
|      |Cell   |Count |
+------+-------+------+
|1     |BUFG   |     2|
|2     |CARRY4 |     5|
|3     |LUT1   |     1|
|4     |LUT2   |     5|
|5     |LUT3   |     6|
|6     |LUT4   |    15|
|7     |LUT5   |     8|
|8     |LUT6   |    23|
|9     |FDRE   |    55|
|10    |IBUF   |    11|
|11    |OBUF   |    13|
+------+-------+------+
---------------------------------------------------------------------------------
Finished Writing Synthesis Report : Time (s): cpu = 00:00:11 ; elapsed = 00:00:12 . Memory (MB): peak = 1194.352 ; gain = 92.816
---------------------------------------------------------------------------------
Synthesis finished with 0 errors, 0 critical warnings and 0 warnings.
Synthesis Optimization Runtime : Time (s): cpu = 00:00:08 ; elapsed = 00:00:11 . Memory (MB): peak = 1194.352 ; gain = 25.684
Synthesis Optimization Complete : Time (s): cpu = 00:00:11 ; elapsed = 00:00:12 . Memory (MB): peak = 1194.352 ; gain = 92.816
INFO: [Project 1-571] Translating synthesized netlist
Netlist sorting complete. Time (s): cpu = 00:00:00 ; elapsed = 00:00:00 . Memory (MB): peak = 1206.406 ; gain = 0.000
INFO: [Netlist 29-17] Analyzing 5 Unisim elements for replacement
INFO: [Netlist 29-28] Unisim Transformation completed in 0 CPU seconds
INFO: [Project 1-570] Preparing netlist for logic optimization
INFO: [Opt 31-138] Pushed 0 inverter(s) to 0 load pin(s).
Netlist sorting complete. Time (s): cpu = 00:00:00 ; elapsed = 00:00:00 . Memory (MB): peak = 1206.406 ; gain = 0.000
INFO: [Project 1-111] Unisim Transformation Summary:
No Unisim elements were transformed.

INFO: [Common 17-83] Releasing license: Synthesis
61 Infos, 4 Warnings, 0 Critical Warnings and 0 Errors encountered.
synth_design completed successfully
synth_design: Time (s): cpu = 00:00:13 ; elapsed = 00:00:17 . Memory (MB): peak = 1206.406 ; gain = 104.871
INFO: [Common 17-1381] The checkpoint 'C:/Users/Littlebanbrick/Desktop/DLD/Experiments/Lab_B/Register/Register.runs/synth_1/Top.dcp' has been generated.
INFO: [runtcl-4] Executing : report_utilization -file Top_utilization_synth.rpt -pb Top_utilization_synth.pb
INFO: [Common 17-206] Exiting Vivado at Thu May 21 14:31:15 2026...
