Vivado Simulator 2020.2
Copyright 1986-1999, 2001-2020 Xilinx, Inc. All Rights Reserved.
Running: D:/Xilinx/Vivado/2020.2/bin/unwrapped/win64.o/xelab.exe -wto 828a9aa81c8e4e4eb74e0966a5e3af74 --incr --debug typical --relax --mt 2 -L xil_defaultlib -L unisims_ver -L unimacro_ver -L secureip --snapshot Mux4to1b4_tb_behav xil_defaultlib.Mux4to1b4_tb xil_defaultlib.glbl -log elaborate.log 
Using 2 slave threads.
Starting static elaboration
Pass Through NonSizing Optimizer
Completed static elaboration
Starting simulation data flow analysis
WARNING: [XSIM 43-4099] "C:/Users/Littlebanbrick/Desktop/DLD/Experiments/7th_experiment/Mux4to1b4/main/verilog/circuit/main.v" Line 9. Module Mux4to1b4 doesn't have a timescale but at least one module in design has a timescale.
WARNING: [XSIM 43-4099] "C:/Users/Littlebanbrick/Desktop/DLD/Experiments/7th_experiment/Mux4to1b4/main/verilog/gates/AND_GATE.v" Line 9. Module AND_GATE(BubblesMask=65'b0) doesn't have a timescale but at least one module in design has a timescale.
WARNING: [XSIM 43-4099] "C:/Users/Littlebanbrick/Desktop/DLD/Experiments/7th_experiment/Mux4to1b4/main/verilog/gates/AND_GATE.v" Line 9. Module AND_GATE(BubblesMask=65'b0) doesn't have a timescale but at least one module in design has a timescale.
WARNING: [XSIM 43-4099] "C:/Users/Littlebanbrick/Desktop/DLD/Experiments/7th_experiment/Mux4to1b4/main/verilog/gates/AND_GATE.v" Line 9. Module AND_GATE(BubblesMask=65'b0) doesn't have a timescale but at least one module in design has a timescale.
WARNING: [XSIM 43-4099] "C:/Users/Littlebanbrick/Desktop/DLD/Experiments/7th_experiment/Mux4to1b4/main/verilog/gates/AND_GATE.v" Line 9. Module AND_GATE(BubblesMask=65'b0) doesn't have a timescale but at least one module in design has a timescale.
WARNING: [XSIM 43-4099] "C:/Users/Littlebanbrick/Desktop/DLD/Experiments/7th_experiment/Mux4to1b4/main/verilog/gates/AND_GATE.v" Line 9. Module AND_GATE(BubblesMask=65'b0) doesn't have a timescale but at least one module in design has a timescale.
WARNING: [XSIM 43-4099] "C:/Users/Littlebanbrick/Desktop/DLD/Experiments/7th_experiment/Mux4to1b4/main/verilog/gates/AND_GATE.v" Line 9. Module AND_GATE(BubblesMask=65'b0) doesn't have a timescale but at least one module in design has a timescale.
WARNING: [XSIM 43-4099] "C:/Users/Littlebanbrick/Desktop/DLD/Experiments/7th_experiment/Mux4to1b4/main/verilog/gates/AND_GATE.v" Line 9. Module AND_GATE(BubblesMask=65'b0) doesn't have a timescale but at least one module in design has a timescale.
WARNING: [XSIM 43-4099] "C:/Users/Littlebanbrick/Desktop/DLD/Experiments/7th_experiment/Mux4to1b4/main/verilog/gates/AND_GATE.v" Line 9. Module AND_GATE(BubblesMask=65'b0) doesn't have a timescale but at least one module in design has a timescale.
WARNING: [XSIM 43-4099] "C:/Users/Littlebanbrick/Desktop/DLD/Experiments/7th_experiment/Mux4to1b4/main/verilog/gates/AND_GATE.v" Line 9. Module AND_GATE(BubblesMask=65'b0) doesn't have a timescale but at least one module in design has a timescale.
WARNING: [XSIM 43-4099] "C:/Users/Littlebanbrick/Desktop/DLD/Experiments/7th_experiment/Mux4to1b4/main/verilog/gates/AND_GATE.v" Line 9. Module AND_GATE(BubblesMask=65'b0) doesn't have a timescale but at least one module in design has a timescale.
WARNING: [XSIM 43-4099] "C:/Users/Littlebanbrick/Desktop/DLD/Experiments/7th_experiment/Mux4to1b4/main/verilog/gates/AND_GATE.v" Line 9. Module AND_GATE(BubblesMask=65'b0) doesn't have a timescale but at least one module in design has a timescale.
WARNING: [XSIM 43-4099] "C:/Users/Littlebanbrick/Desktop/DLD/Experiments/7th_experiment/Mux4to1b4/main/verilog/gates/AND_GATE.v" Line 9. Module AND_GATE(BubblesMask=65'b0) doesn't have a timescale but at least one module in design has a timescale.
WARNING: [XSIM 43-4099] "C:/Users/Littlebanbrick/Desktop/DLD/Experiments/7th_experiment/Mux4to1b4/main/verilog/gates/AND_GATE.v" Line 9. Module AND_GATE(BubblesMask=65'b0) doesn't have a timescale but at least one module in design has a timescale.
WARNING: [XSIM 43-4099] "C:/Users/Littlebanbrick/Desktop/DLD/Experiments/7th_experiment/Mux4to1b4/main/verilog/gates/AND_GATE.v" Line 9. Module AND_GATE(BubblesMask=65'b0) doesn't have a timescale but at least one module in design has a timescale.
WARNING: [XSIM 43-4099] "C:/Users/Littlebanbrick/Desktop/DLD/Experiments/7th_experiment/Mux4to1b4/main/verilog/gates/AND_GATE.v" Line 9. Module AND_GATE(BubblesMask=65'b0) doesn't have a timescale but at least one module in design has a timescale.
WARNING: [XSIM 43-4099] "C:/Users/Littlebanbrick/Desktop/DLD/Experiments/7th_experiment/Mux4to1b4/main/verilog/gates/AND_GATE.v" Line 9. Module AND_GATE(BubblesMask=65'b0) doesn't have a timescale but at least one module in design has a timescale.
WARNING: [XSIM 43-4099] "C:/Users/Littlebanbrick/Desktop/DLD/Experiments/7th_experiment/Mux4to1b4/main/verilog/gates/AND_GATE.v" Line 9. Module AND_GATE(BubblesMask=65'b0) doesn't have a timescale but at least one module in design has a timescale.
WARNING: [XSIM 43-4099] "C:/Users/Littlebanbrick/Desktop/DLD/Experiments/7th_experiment/Mux4to1b4/main/verilog/gates/AND_GATE.v" Line 9. Module AND_GATE(BubblesMask=65'b0) doesn't have a timescale but at least one module in design has a timescale.
WARNING: [XSIM 43-4099] "C:/Users/Littlebanbrick/Desktop/DLD/Experiments/7th_experiment/Mux4to1b4/main/verilog/gates/AND_GATE.v" Line 9. Module AND_GATE(BubblesMask=65'b0) doesn't have a timescale but at least one module in design has a timescale.
WARNING: [XSIM 43-4099] "C:/Users/Littlebanbrick/Desktop/DLD/Experiments/7th_experiment/Mux4to1b4/main/verilog/gates/AND_GATE.v" Line 9. Module AND_GATE(BubblesMask=65'b0) doesn't have a timescale but at least one module in design has a timescale.
WARNING: [XSIM 43-4099] "C:/Users/Littlebanbrick/Desktop/DLD/Experiments/7th_experiment/Mux4to1b4/main/verilog/gates/OR_GATE_4_INPUTS.v" Line 9. Module OR_GATE_4_INPUTS(BubblesMask=65'b0) doesn't have a timescale but at least one module in design has a timescale.
WARNING: [XSIM 43-4099] "C:/Users/Littlebanbrick/Desktop/DLD/Experiments/7th_experiment/Mux4to1b4/main/verilog/gates/OR_GATE_4_INPUTS.v" Line 9. Module OR_GATE_4_INPUTS(BubblesMask=65'b0) doesn't have a timescale but at least one module in design has a timescale.
WARNING: [XSIM 43-4099] "C:/Users/Littlebanbrick/Desktop/DLD/Experiments/7th_experiment/Mux4to1b4/main/verilog/gates/OR_GATE_4_INPUTS.v" Line 9. Module OR_GATE_4_INPUTS(BubblesMask=65'b0) doesn't have a timescale but at least one module in design has a timescale.
WARNING: [XSIM 43-4099] "C:/Users/Littlebanbrick/Desktop/DLD/Experiments/7th_experiment/Mux4to1b4/main/verilog/gates/OR_GATE_4_INPUTS.v" Line 9. Module OR_GATE_4_INPUTS(BubblesMask=65'b0) doesn't have a timescale but at least one module in design has a timescale.
WARNING: [XSIM 43-4099] "C:/Users/Littlebanbrick/Desktop/DLD/Experiments/7th_experiment/Mux4to1b4/main/verilog/circuit/main.v" Line 9. Module Mux4to1b4 doesn't have a timescale but at least one module in design has a timescale.
WARNING: [XSIM 43-4099] "C:/Users/Littlebanbrick/Desktop/DLD/Experiments/7th_experiment/Mux4to1b4/main/verilog/gates/AND_GATE.v" Line 9. Module AND_GATE(BubblesMask=65'b0) doesn't have a timescale but at least one module in design has a timescale.
WARNING: [XSIM 43-4099] "C:/Users/Littlebanbrick/Desktop/DLD/Experiments/7th_experiment/Mux4to1b4/main/verilog/gates/AND_GATE.v" Line 9. Module AND_GATE(BubblesMask=65'b0) doesn't have a timescale but at least one module in design has a timescale.
WARNING: [XSIM 43-4099] "C:/Users/Littlebanbrick/Desktop/DLD/Experiments/7th_experiment/Mux4to1b4/main/verilog/gates/AND_GATE.v" Line 9. Module AND_GATE(BubblesMask=65'b0) doesn't have a timescale but at least one module in design has a timescale.
WARNING: [XSIM 43-4099] "C:/Users/Littlebanbrick/Desktop/DLD/Experiments/7th_experiment/Mux4to1b4/main/verilog/gates/AND_GATE.v" Line 9. Module AND_GATE(BubblesMask=65'b0) doesn't have a timescale but at least one module in design has a timescale.
WARNING: [XSIM 43-4099] "C:/Users/Littlebanbrick/Desktop/DLD/Experiments/7th_experiment/Mux4to1b4/main/verilog/gates/AND_GATE.v" Line 9. Module AND_GATE(BubblesMask=65'b0) doesn't have a timescale but at least one module in design has a timescale.
WARNING: [XSIM 43-4099] "C:/Users/Littlebanbrick/Desktop/DLD/Experiments/7th_experiment/Mux4to1b4/main/verilog/gates/AND_GATE.v" Line 9. Module AND_GATE(BubblesMask=65'b0) doesn't have a timescale but at least one module in design has a timescale.
WARNING: [XSIM 43-4099] "C:/Users/Littlebanbrick/Desktop/DLD/Experiments/7th_experiment/Mux4to1b4/main/verilog/gates/AND_GATE.v" Line 9. Module AND_GATE(BubblesMask=65'b0) doesn't have a timescale but at least one module in design has a timescale.
WARNING: [XSIM 43-4099] "C:/Users/Littlebanbrick/Desktop/DLD/Experiments/7th_experiment/Mux4to1b4/main/verilog/gates/AND_GATE.v" Line 9. Module AND_GATE(BubblesMask=65'b0) doesn't have a timescale but at least one module in design has a timescale.
WARNING: [XSIM 43-4099] "C:/Users/Littlebanbrick/Desktop/DLD/Experiments/7th_experiment/Mux4to1b4/main/verilog/gates/AND_GATE.v" Line 9. Module AND_GATE(BubblesMask=65'b0) doesn't have a timescale but at least one module in design has a timescale.
WARNING: [XSIM 43-4099] "C:/Users/Littlebanbrick/Desktop/DLD/Experiments/7th_experiment/Mux4to1b4/main/verilog/gates/AND_GATE.v" Line 9. Module AND_GATE(BubblesMask=65'b0) doesn't have a timescale but at least one module in design has a timescale.
WARNING: [XSIM 43-4099] "C:/Users/Littlebanbrick/Desktop/DLD/Experiments/7th_experiment/Mux4to1b4/main/verilog/gates/AND_GATE.v" Line 9. Module AND_GATE(BubblesMask=65'b0) doesn't have a timescale but at least one module in design has a timescale.
WARNING: [XSIM 43-4099] "C:/Users/Littlebanbrick/Desktop/DLD/Experiments/7th_experiment/Mux4to1b4/main/verilog/gates/AND_GATE.v" Line 9. Module AND_GATE(BubblesMask=65'b0) doesn't have a timescale but at least one module in design has a timescale.
WARNING: [XSIM 43-4099] "C:/Users/Littlebanbrick/Desktop/DLD/Experiments/7th_experiment/Mux4to1b4/main/verilog/gates/AND_GATE.v" Line 9. Module AND_GATE(BubblesMask=65'b0) doesn't have a timescale but at least one module in design has a timescale.
WARNING: [XSIM 43-4099] "C:/Users/Littlebanbrick/Desktop/DLD/Experiments/7th_experiment/Mux4to1b4/main/verilog/gates/AND_GATE.v" Line 9. Module AND_GATE(BubblesMask=65'b0) doesn't have a timescale but at least one module in design has a timescale.
WARNING: [XSIM 43-4099] "C:/Users/Littlebanbrick/Desktop/DLD/Experiments/7th_experiment/Mux4to1b4/main/verilog/gates/AND_GATE.v" Line 9. Module AND_GATE(BubblesMask=65'b0) doesn't have a timescale but at least one module in design has a timescale.
WARNING: [XSIM 43-4099] "C:/Users/Littlebanbrick/Desktop/DLD/Experiments/7th_experiment/Mux4to1b4/main/verilog/gates/AND_GATE.v" Line 9. Module AND_GATE(BubblesMask=65'b0) doesn't have a timescale but at least one module in design has a timescale.
WARNING: [XSIM 43-4099] "C:/Users/Littlebanbrick/Desktop/DLD/Experiments/7th_experiment/Mux4to1b4/main/verilog/gates/AND_GATE.v" Line 9. Module AND_GATE(BubblesMask=65'b0) doesn't have a timescale but at least one module in design has a timescale.
WARNING: [XSIM 43-4099] "C:/Users/Littlebanbrick/Desktop/DLD/Experiments/7th_experiment/Mux4to1b4/main/verilog/gates/AND_GATE.v" Line 9. Module AND_GATE(BubblesMask=65'b0) doesn't have a timescale but at least one module in design has a timescale.
WARNING: [XSIM 43-4099] "C:/Users/Littlebanbrick/Desktop/DLD/Experiments/7th_experiment/Mux4to1b4/main/verilog/gates/AND_GATE.v" Line 9. Module AND_GATE(BubblesMask=65'b0) doesn't have a timescale but at least one module in design has a timescale.
WARNING: [XSIM 43-4099] "C:/Users/Littlebanbrick/Desktop/DLD/Experiments/7th_experiment/Mux4to1b4/main/verilog/gates/AND_GATE.v" Line 9. Module AND_GATE(BubblesMask=65'b0) doesn't have a timescale but at least one module in design has a timescale.
WARNING: [XSIM 43-4099] "C:/Users/Littlebanbrick/Desktop/DLD/Experiments/7th_experiment/Mux4to1b4/main/verilog/gates/OR_GATE_4_INPUTS.v" Line 9. Module OR_GATE_4_INPUTS(BubblesMask=65'b0) doesn't have a timescale but at least one module in design has a timescale.
WARNING: [XSIM 43-4099] "C:/Users/Littlebanbrick/Desktop/DLD/Experiments/7th_experiment/Mux4to1b4/main/verilog/gates/OR_GATE_4_INPUTS.v" Line 9. Module OR_GATE_4_INPUTS(BubblesMask=65'b0) doesn't have a timescale but at least one module in design has a timescale.
WARNING: [XSIM 43-4099] "C:/Users/Littlebanbrick/Desktop/DLD/Experiments/7th_experiment/Mux4to1b4/main/verilog/gates/OR_GATE_4_INPUTS.v" Line 9. Module OR_GATE_4_INPUTS(BubblesMask=65'b0) doesn't have a timescale but at least one module in design has a timescale.
WARNING: [XSIM 43-4099] "C:/Users/Littlebanbrick/Desktop/DLD/Experiments/7th_experiment/Mux4to1b4/main/verilog/gates/OR_GATE_4_INPUTS.v" Line 9. Module OR_GATE_4_INPUTS(BubblesMask=65'b0) doesn't have a timescale but at least one module in design has a timescale.
Completed simulation data flow analysis
Time Resolution for simulation is 1ps
Compiling module xil_defaultlib.AND_GATE(BubblesMask=65'b0)
Compiling module xil_defaultlib.OR_GATE_4_INPUTS(BubblesMask=65'...
Compiling module xil_defaultlib.Mux4to1b4
Compiling module xil_defaultlib.Mux4to1b4_tb
Compiling module xil_defaultlib.glbl
Built simulation snapshot Mux4to1b4_tb_behav
